
  CDN: trunk Relative path: CocoaPods-version.yml exists! Returning local because checking is only perfomed in repo update
 -> UIModule  UIModule (1.0.0) - Analyzing on iOS 11.0 platform.
  Preparing

Analyzing dependencies

Inspecting targets to integrate
  Using `ARCHS` setting to build architectures of target `Pods-App`: (``)

Fetching external sources
-> Fetching podspec for `UIModule` from `/Users/edz/Desktop/XEngineModule/UIModule`

Resolving dependencies of 
  CDN: trunk Relative path: CocoaPods-version.yml exists! Returning local because checking is only perfomed in repo update
  CDN: trunk Relative path: all_pods_versions_7_6_7.txt exists! Returning local because checking is only perfomed in repo update
  CDN: trunk Relative path: Specs/7/6/7/XEngineSDK/1.0.0/XEngineSDK.podspec.json exists! Returning local because checking is only perfomed in repo update
  CDN: trunk Relative path: all_pods_versions_4_9_c.txt exists! Returning local because checking is only perfomed in repo update
  CDN: trunk Relative path: Specs/4/9/c/LSRFramework/1.1.1/LSRFramework.podspec.json exists! Returning local because checking is only perfomed in repo update
  CDN: trunk Relative path: Specs/7/6/7/XEngineSDK/1.0.0/XEngineSDK.podspec.json exists! Returning local because checking is only perfomed in repo update
  CDN: trunk Relative path: all_pods_versions_a_7_5.txt exists! Returning local because checking is only perfomed in repo update
  CDN: trunk Relative path: Specs/a/7/5/AFNetworking/4.0.1/AFNetworking.podspec.json exists! Returning local because checking is only perfomed in repo update
  CDN: trunk Relative path: all_pods_versions_2_1_2.txt exists! Returning local because checking is only perfomed in repo update
  CDN: trunk Relative path: Specs/2/1/2/SSZipArchive/2.2.3/SSZipArchive.podspec.json exists! Returning local because checking is only perfomed in repo update
  CDN: trunk Relative path: all_pods_versions_c_8_4.txt exists! Returning local because checking is only perfomed in repo update
  CDN: trunk Relative path: Specs/c/8/4/JSONModel/1.8.0/JSONModel.podspec.json exists! Returning local because checking is only perfomed in repo update
  CDN: trunk Relative path: Specs/4/9/c/LSRFramework/1.1.1/LSRFramework.podspec.json exists! Returning local because checking is only perfomed in repo update
  CDN: trunk Relative path: all_pods_versions_c_8_7.txt exists! Returning local because checking is only perfomed in repo update
  CDN: trunk Relative path: Specs/c/8/7/MBProgressHUD/1.2.0/MBProgressHUD.podspec.json exists! Returning local because checking is only perfomed in repo update
  CDN: trunk Relative path: all_pods_versions_a_a_4.txt exists! Returning local because checking is only perfomed in repo update
  CDN: trunk Relative path: Specs/a/a/4/Masonry/1.1.0/Masonry.podspec.json exists! Returning local because checking is only perfomed in repo update
  CDN: trunk Relative path: Specs/c/8/7/MBProgressHUD/1.2.0/MBProgressHUD.podspec.json exists! Returning local because checking is only perfomed in repo update
  CDN: trunk Relative path: Specs/c/8/7/MBProgressHUD/1.1.0/MBProgressHUD.podspec.json exists! Returning local because checking is only perfomed in repo update
  CDN: trunk Relative path: Specs/c/8/7/MBProgressHUD/1.0.0/MBProgressHUD.podspec.json exists! Returning local because checking is only perfomed in repo update
  CDN: trunk Relative path: Specs/c/8/7/MBProgressHUD/0.9.2/MBProgressHUD.podspec.json exists! Returning local because checking is only perfomed in repo update
  CDN: trunk Relative path: Specs/c/8/7/MBProgressHUD/0.9.1/MBProgressHUD.podspec.json exists! Returning local because checking is only perfomed in repo update
  CDN: trunk Relative path: Specs/c/8/7/MBProgressHUD/0.9/MBProgressHUD.podspec.json exists! Returning local because checking is only perfomed in repo update
  CDN: trunk Relative path: Specs/c/8/7/MBProgressHUD/0.8/MBProgressHUD.podspec.json exists! Returning local because checking is only perfomed in repo update
  CDN: trunk Relative path: Specs/c/8/7/MBProgressHUD/0.7/MBProgressHUD.podspec.json exists! Returning local because checking is only perfomed in repo update
  CDN: trunk Relative path: Specs/c/8/7/MBProgressHUD/0.6/MBProgressHUD.podspec.json exists! Returning local because checking is only perfomed in repo update
  CDN: trunk Relative path: Specs/c/8/7/MBProgressHUD/0.5/MBProgressHUD.podspec.json exists! Returning local because checking is only perfomed in repo update
  CDN: trunk Relative path: Specs/c/8/4/JSONModel/1.8.0/JSONModel.podspec.json exists! Returning local because checking is only perfomed in repo update
  CDN: trunk Relative path: Specs/c/8/4/JSONModel/1.7.0/JSONModel.podspec.json exists! Returning local because checking is only perfomed in repo update
  CDN: trunk Relative path: Specs/c/8/4/JSONModel/1.6.0/JSONModel.podspec.json exists! Returning local because checking is only perfomed in repo update
  CDN: trunk Relative path: Specs/c/8/4/JSONModel/1.5.1/JSONModel.podspec.json exists! Returning local because checking is only perfomed in repo update
  CDN: trunk Relative path: Specs/c/8/4/JSONModel/1.5.0/JSONModel.podspec.json exists! Returning local because checking is only perfomed in repo update
  CDN: trunk Relative path: Specs/c/8/4/JSONModel/1.4.2/JSONModel.podspec.json exists! Returning local because checking is only perfomed in repo update
  CDN: trunk Relative path: Specs/c/8/4/JSONModel/1.4.1/JSONModel.podspec.json exists! Returning local because checking is only perfomed in repo update
  CDN: trunk Relative path: Specs/c/8/4/JSONModel/1.4.0/JSONModel.podspec.json exists! Returning local because checking is only perfomed in repo update
  CDN: trunk Relative path: Specs/c/8/4/JSONModel/1.3.0/JSONModel.podspec.json exists! Returning local because checking is only perfomed in repo update
  CDN: trunk Relative path: Specs/c/8/4/JSONModel/1.2.0/JSONModel.podspec.json exists! Returning local because checking is only perfomed in repo update
  CDN: trunk Relative path: Specs/c/8/4/JSONModel/1.1.2/JSONModel.podspec.json exists! Returning local because checking is only perfomed in repo update
  CDN: trunk Relative path: Specs/c/8/4/JSONModel/1.1.0/JSONModel.podspec.json exists! Returning local because checking is only perfomed in repo update
  CDN: trunk Relative path: Specs/c/8/4/JSONModel/1.0.2/JSONModel.podspec.json exists! Returning local because checking is only perfomed in repo update
  CDN: trunk Relative path: Specs/c/8/4/JSONModel/1.0.1/JSONModel.podspec.json exists! Returning local because checking is only perfomed in repo update
  CDN: trunk Relative path: Specs/c/8/4/JSONModel/1.0.0/JSONModel.podspec.json exists! Returning local because checking is only perfomed in repo update
  CDN: trunk Relative path: Specs/c/8/4/JSONModel/0.13.0/JSONModel.podspec.json exists! Returning local because checking is only perfomed in repo update
  CDN: trunk Relative path: Specs/c/8/4/JSONModel/0.12.0/JSONModel.podspec.json exists! Returning local because checking is only perfomed in repo update
  CDN: trunk Relative path: Specs/c/8/4/JSONModel/0.11.0/JSONModel.podspec.json exists! Returning local because checking is only perfomed in repo update
  CDN: trunk Relative path: Specs/c/8/4/JSONModel/0.10.0/JSONModel.podspec.json exists! Returning local because checking is only perfomed in repo update
  CDN: trunk Relative path: Specs/c/8/4/JSONModel/0.9.3/JSONModel.podspec.json exists! Returning local because checking is only perfomed in repo update
  CDN: trunk Relative path: Specs/c/8/4/JSONModel/0.9.2/JSONModel.podspec.json exists! Returning local because checking is only perfomed in repo update
  CDN: trunk Relative path: Specs/c/8/4/JSONModel/0.9.1/JSONModel.podspec.json exists! Returning local because checking is only perfomed in repo update
  CDN: trunk Relative path: Specs/c/8/4/JSONModel/0.9.0/JSONModel.podspec.json exists! Returning local because checking is only perfomed in repo update
  CDN: trunk Relative path: Specs/c/8/4/JSONModel/0.8.4/JSONModel.podspec.json exists! Returning local because checking is only perfomed in repo update
  CDN: trunk Relative path: Specs/c/8/4/JSONModel/0.8.2/JSONModel.podspec.json exists! Returning local because checking is only perfomed in repo update
  CDN: trunk Relative path: Specs/c/8/4/JSONModel/0.8.1/JSONModel.podspec.json exists! Returning local because checking is only perfomed in repo update
  CDN: trunk Relative path: Specs/a/a/4/Masonry/1.1.0/Masonry.podspec.json exists! Returning local because checking is only perfomed in repo update
  CDN: trunk Relative path: Specs/a/a/4/Masonry/1.0.2/Masonry.podspec.json exists! Returning local because checking is only perfomed in repo update
  CDN: trunk Relative path: Specs/a/a/4/Masonry/1.0.1/Masonry.podspec.json exists! Returning local because checking is only perfomed in repo update
  CDN: trunk Relative path: Specs/a/a/4/Masonry/1.0.0/Masonry.podspec.json exists! Returning local because checking is only perfomed in repo update
  CDN: trunk Relative path: Specs/a/a/4/Masonry/0.6.4/Masonry.podspec.json exists! Returning local because checking is only perfomed in repo update
  CDN: trunk Relative path: Specs/a/a/4/Masonry/0.6.3/Masonry.podspec.json exists! Returning local because checking is only perfomed in repo update
  CDN: trunk Relative path: Specs/a/a/4/Masonry/0.6.2/Masonry.podspec.json exists! Returning local because checking is only perfomed in repo update
  CDN: trunk Relative path: Specs/a/a/4/Masonry/0.6.1/Masonry.podspec.json exists! Returning local because checking is only perfomed in repo update
  CDN: trunk Relative path: Specs/a/a/4/Masonry/0.6.0/Masonry.podspec.json exists! Returning local because checking is only perfomed in repo update
  CDN: trunk Relative path: Specs/a/a/4/Masonry/0.5.3/Masonry.podspec.json exists! Returning local because checking is only perfomed in repo update
  CDN: trunk Relative path: Specs/a/a/4/Masonry/0.5.2/Masonry.podspec.json exists! Returning local because checking is only perfomed in repo update
  CDN: trunk Relative path: Specs/a/a/4/Masonry/0.5.1/Masonry.podspec.json exists! Returning local because checking is only perfomed in repo update
  CDN: trunk Relative path: Specs/a/a/4/Masonry/0.5.0/Masonry.podspec.json exists! Returning local because checking is only perfomed in repo update
  CDN: trunk Relative path: Specs/a/a/4/Masonry/0.4.0/Masonry.podspec.json exists! Returning local because checking is only perfomed in repo update
  CDN: trunk Relative path: Specs/a/a/4/Masonry/0.3.2/Masonry.podspec.json exists! Returning local because checking is only perfomed in repo update
  CDN: trunk Relative path: Specs/a/a/4/Masonry/0.3.1/Masonry.podspec.json exists! Returning local because checking is only perfomed in repo update
  CDN: trunk Relative path: Specs/a/a/4/Masonry/0.3.0/Masonry.podspec.json exists! Returning local because checking is only perfomed in repo update
  CDN: trunk Relative path: Specs/a/a/4/Masonry/0.2.4/Masonry.podspec.json exists! Returning local because checking is only perfomed in repo update
  CDN: trunk Relative path: Specs/a/a/4/Masonry/0.2.3/Masonry.podspec.json exists! Returning local because checking is only perfomed in repo update
  CDN: trunk Relative path: Specs/a/a/4/Masonry/0.2.2/Masonry.podspec.json exists! Returning local because checking is only perfomed in repo update
  CDN: trunk Relative path: Specs/a/a/4/Masonry/0.2.1/Masonry.podspec.json exists! Returning local because checking is only perfomed in repo update
  CDN: trunk Relative path: Specs/a/a/4/Masonry/0.2.0/Masonry.podspec.json exists! Returning local because checking is only perfomed in repo update
  CDN: trunk Relative path: Specs/a/a/4/Masonry/0.1.6/Masonry.podspec.json exists! Returning local because checking is only perfomed in repo update
  CDN: trunk Relative path: Specs/a/a/4/Masonry/0.1.5/Masonry.podspec.json exists! Returning local because checking is only perfomed in repo update
  CDN: trunk Relative path: Specs/a/a/4/Masonry/0.1.0/Masonry.podspec.json exists! Returning local because checking is only perfomed in repo update
  CDN: trunk Relative path: Specs/a/a/4/Masonry/0.0.3/Masonry.podspec.json exists! Returning local because checking is only perfomed in repo update
  CDN: trunk Relative path: Specs/a/a/4/Masonry/0.0.2/Masonry.podspec.json exists! Returning local because checking is only perfomed in repo update
  CDN: trunk Relative path: Specs/2/1/2/SSZipArchive/2.2.3/SSZipArchive.podspec.json exists! Returning local because checking is only perfomed in repo update
  CDN: trunk Relative path: Specs/2/1/2/SSZipArchive/2.2.2/SSZipArchive.podspec.json exists! Returning local because checking is only perfomed in repo update
  CDN: trunk Relative path: Specs/2/1/2/SSZipArchive/2.2.1/SSZipArchive.podspec.json exists! Returning local because checking is only perfomed in repo update
  CDN: trunk Relative path: Specs/2/1/2/SSZipArchive/2.2.0/SSZipArchive.podspec.json exists! Returning local because checking is only perfomed in repo update
  CDN: trunk Relative path: Specs/2/1/2/SSZipArchive/2.1.5/SSZipArchive.podspec.json exists! Returning local because checking is only perfomed in repo update
  CDN: trunk Relative path: Specs/2/1/2/SSZipArchive/2.1.4/SSZipArchive.podspec.json exists! Returning local because checking is only perfomed in repo update
  CDN: trunk Relative path: Specs/2/1/2/SSZipArchive/2.1.3/SSZipArchive.podspec.json exists! Returning local because checking is only perfomed in repo update
  CDN: trunk Relative path: Specs/2/1/2/SSZipArchive/2.1.2/SSZipArchive.podspec.json exists! Returning local because checking is only perfomed in repo update
  CDN: trunk Relative path: Specs/2/1/2/SSZipArchive/2.1.1/SSZipArchive.podspec.json exists! Returning local because checking is only perfomed in repo update
  CDN: trunk Relative path: Specs/2/1/2/SSZipArchive/2.1.0/SSZipArchive.podspec.json exists! Returning local because checking is only perfomed in repo update
  CDN: trunk Relative path: Specs/2/1/2/SSZipArchive/2.0.8/SSZipArchive.podspec.json exists! Returning local because checking is only perfomed in repo update
  CDN: trunk Relative path: Specs/2/1/2/SSZipArchive/2.0.7/SSZipArchive.podspec.json exists! Returning local because checking is only perfomed in repo update
  CDN: trunk Relative path: Specs/2/1/2/SSZipArchive/2.0.6/SSZipArchive.podspec.json exists! Returning local because checking is only perfomed in repo update
  CDN: trunk Relative path: Specs/2/1/2/SSZipArchive/2.0.5/SSZipArchive.podspec.json exists! Returning local because checking is only perfomed in repo update
  CDN: trunk Relative path: Specs/2/1/2/SSZipArchive/2.0.4/SSZipArchive.podspec.json exists! Returning local because checking is only perfomed in repo update
  CDN: trunk Relative path: Specs/2/1/2/SSZipArchive/2.0.3/SSZipArchive.podspec.json exists! Returning local because checking is only perfomed in repo update
  CDN: trunk Relative path: Specs/2/1/2/SSZipArchive/2.0.2/SSZipArchive.podspec.json exists! Returning local because checking is only perfomed in repo update
  CDN: trunk Relative path: Specs/2/1/2/SSZipArchive/2.0.1/SSZipArchive.podspec.json exists! Returning local because checking is only perfomed in repo update
  CDN: trunk Relative path: Specs/2/1/2/SSZipArchive/2.0.0/SSZipArchive.podspec.json exists! Returning local because checking is only perfomed in repo update
  CDN: trunk Relative path: Specs/2/1/2/SSZipArchive/1.8.1/SSZipArchive.podspec.json exists! Returning local because checking is only perfomed in repo update
  CDN: trunk Relative path: Specs/2/1/2/SSZipArchive/1.8/SSZipArchive.podspec.json exists! Returning local because checking is only perfomed in repo update
  CDN: trunk Relative path: Specs/2/1/2/SSZipArchive/1.7/SSZipArchive.podspec.json exists! Returning local because checking is only perfomed in repo update
  CDN: trunk Relative path: Specs/2/1/2/SSZipArchive/1.6.2/SSZipArchive.podspec.json exists! Returning local because checking is only perfomed in repo update
  CDN: trunk Relative path: Specs/2/1/2/SSZipArchive/1.6.1/SSZipArchive.podspec.json exists! Returning local because checking is only perfomed in repo update
  CDN: trunk Relative path: Specs/2/1/2/SSZipArchive/1.6/SSZipArchive.podspec.json exists! Returning local because checking is only perfomed in repo update
  CDN: trunk Relative path: Specs/2/1/2/SSZipArchive/1.5/SSZipArchive.podspec.json exists! Returning local because checking is only perfomed in repo update
  CDN: trunk Relative path: Specs/2/1/2/SSZipArchive/1.4/SSZipArchive.podspec.json exists! Returning local because checking is only perfomed in repo update
  CDN: trunk Relative path: Specs/2/1/2/SSZipArchive/1.3/SSZipArchive.podspec.json exists! Returning local because checking is only perfomed in repo update
  CDN: trunk Relative path: Specs/2/1/2/SSZipArchive/1.2/SSZipArchive.podspec.json exists! Returning local because checking is only perfomed in repo update
  CDN: trunk Relative path: Specs/2/1/2/SSZipArchive/1.1/SSZipArchive.podspec.json exists! Returning local because checking is only perfomed in repo update
  CDN: trunk Relative path: Specs/2/1/2/SSZipArchive/1.0.1/SSZipArchive.podspec.json exists! Returning local because checking is only perfomed in repo update
  CDN: trunk Relative path: Specs/2/1/2/SSZipArchive/0.4.0/SSZipArchive.podspec.json exists! Returning local because checking is only perfomed in repo update
  CDN: trunk Relative path: Specs/2/1/2/SSZipArchive/0.3.3/SSZipArchive.podspec.json exists! Returning local because checking is only perfomed in repo update
  CDN: trunk Relative path: Specs/2/1/2/SSZipArchive/0.3.2/SSZipArchive.podspec.json exists! Returning local because checking is only perfomed in repo update
  CDN: trunk Relative path: Specs/2/1/2/SSZipArchive/0.3.1/SSZipArchive.podspec.json exists! Returning local because checking is only perfomed in repo update
  CDN: trunk Relative path: Specs/2/1/2/SSZipArchive/0.3.0/SSZipArchive.podspec.json exists! Returning local because checking is only perfomed in repo update
  CDN: trunk Relative path: Specs/2/1/2/SSZipArchive/0.2.5/SSZipArchive.podspec.json exists! Returning local because checking is only perfomed in repo update
  CDN: trunk Relative path: Specs/2/1/2/SSZipArchive/0.2.4/SSZipArchive.podspec.json exists! Returning local because checking is only perfomed in repo update
  CDN: trunk Relative path: Specs/2/1/2/SSZipArchive/0.2.3/SSZipArchive.podspec.json exists! Returning local because checking is only perfomed in repo update
  CDN: trunk Relative path: Specs/2/1/2/SSZipArchive/0.2.2/SSZipArchive.podspec.json exists! Returning local because checking is only perfomed in repo update
  CDN: trunk Relative path: Specs/2/1/2/SSZipArchive/0.2.1/SSZipArchive.podspec.json exists! Returning local because checking is only perfomed in repo update
  CDN: trunk Relative path: Specs/2/1/2/SSZipArchive/0.2.0/SSZipArchive.podspec.json exists! Returning local because checking is only perfomed in repo update
  CDN: trunk Relative path: Specs/2/1/2/SSZipArchive/0.1.2/SSZipArchive.podspec.json exists! Returning local because checking is only perfomed in repo update
  CDN: trunk Relative path: Specs/2/1/2/SSZipArchive/0.1.1/SSZipArchive.podspec.json exists! Returning local because checking is only perfomed in repo update
  CDN: trunk Relative path: Specs/2/1/2/SSZipArchive/0.1.0/SSZipArchive.podspec.json exists! Returning local because checking is only perfomed in repo update
  CDN: trunk Relative path: Specs/a/7/5/AFNetworking/4.0.1/AFNetworking.podspec.json exists! Returning local because checking is only perfomed in repo update
  CDN: trunk Relative path: Specs/a/7/5/AFNetworking/4.0.0/AFNetworking.podspec.json exists! Returning local because checking is only perfomed in repo update
  CDN: trunk Relative path: Specs/a/7/5/AFNetworking/3.2.1/AFNetworking.podspec.json exists! Returning local because checking is only perfomed in repo update
  CDN: trunk Relative path: Specs/a/7/5/AFNetworking/3.2.0/AFNetworking.podspec.json exists! Returning local because checking is only perfomed in repo update
  CDN: trunk Relative path: Specs/a/7/5/AFNetworking/3.1.0/AFNetworking.podspec.json exists! Returning local because checking is only perfomed in repo update
  CDN: trunk Relative path: Specs/a/7/5/AFNetworking/3.0.4/AFNetworking.podspec.json exists! Returning local because checking is only perfomed in repo update
  CDN: trunk Relative path: Specs/a/7/5/AFNetworking/3.0.3/AFNetworking.podspec.json exists! Returning local because checking is only perfomed in repo update
  CDN: trunk Relative path: Specs/a/7/5/AFNetworking/3.0.2/AFNetworking.podspec.json exists! Returning local because checking is only perfomed in repo update
  CDN: trunk Relative path: Specs/a/7/5/AFNetworking/3.0.1/AFNetworking.podspec.json exists! Returning local because checking is only perfomed in repo update
  CDN: trunk Relative path: Specs/a/7/5/AFNetworking/3.0.0/AFNetworking.podspec.json exists! Returning local because checking is only perfomed in repo update
  CDN: trunk Relative path: Specs/a/7/5/AFNetworking/3.0.0-beta.3/AFNetworking.podspec.json exists! Returning local because checking is only perfomed in repo update
  CDN: trunk Relative path: Specs/a/7/5/AFNetworking/3.0.0-beta.2/AFNetworking.podspec.json exists! Returning local because checking is only perfomed in repo update
  CDN: trunk Relative path: Specs/a/7/5/AFNetworking/3.0.0-beta.1/AFNetworking.podspec.json exists! Returning local because checking is only perfomed in repo update
  CDN: trunk Relative path: Specs/a/7/5/AFNetworking/2.7.0/AFNetworking.podspec.json exists! Returning local because checking is only perfomed in repo update
  CDN: trunk Relative path: Specs/a/7/5/AFNetworking/2.6.3/AFNetworking.podspec.json exists! Returning local because checking is only perfomed in repo update
  CDN: trunk Relative path: Specs/a/7/5/AFNetworking/2.6.2/AFNetworking.podspec.json exists! Returning local because checking is only perfomed in repo update
  CDN: trunk Relative path: Specs/a/7/5/AFNetworking/2.6.1/AFNetworking.podspec.json exists! Returning local because checking is only perfomed in repo update
  CDN: trunk Relative path: Specs/a/7/5/AFNetworking/2.6.0/AFNetworking.podspec.json exists! Returning local because checking is only perfomed in repo update
  CDN: trunk Relative path: Specs/a/7/5/AFNetworking/2.5.4/AFNetworking.podspec.json exists! Returning local because checking is only perfomed in repo update
  CDN: trunk Relative path: Specs/a/7/5/AFNetworking/2.5.3/AFNetworking.podspec.json exists! Returning local because checking is only perfomed in repo update
  CDN: trunk Relative path: Specs/a/7/5/AFNetworking/2.5.2/AFNetworking.podspec.json exists! Returning local because checking is only perfomed in repo update
  CDN: trunk Relative path: Specs/a/7/5/AFNetworking/2.5.1/AFNetworking.podspec.json exists! Returning local because checking is only perfomed in repo update
  CDN: trunk Relative path: Specs/a/7/5/AFNetworking/2.5.0/AFNetworking.podspec.json exists! Returning local because checking is only perfomed in repo update
  CDN: trunk Relative path: Specs/a/7/5/AFNetworking/2.4.1/AFNetworking.podspec.json exists! Returning local because checking is only perfomed in repo update
  CDN: trunk Relative path: Specs/a/7/5/AFNetworking/2.4.0/AFNetworking.podspec.json exists! Returning local because checking is only perfomed in repo update
  CDN: trunk Relative path: Specs/a/7/5/AFNetworking/2.3.1/AFNetworking.podspec.json exists! Returning local because checking is only perfomed in repo update
  CDN: trunk Relative path: Specs/a/7/5/AFNetworking/2.3.0/AFNetworking.podspec.json exists! Returning local because checking is only perfomed in repo update
  CDN: trunk Relative path: Specs/a/7/5/AFNetworking/2.2.4/AFNetworking.podspec.json exists! Returning local because checking is only perfomed in repo update
  CDN: trunk Relative path: Specs/a/7/5/AFNetworking/2.2.3/AFNetworking.podspec.json exists! Returning local because checking is only perfomed in repo update
  CDN: trunk Relative path: Specs/a/7/5/AFNetworking/2.2.2/AFNetworking.podspec.json exists! Returning local because checking is only perfomed in repo update
  CDN: trunk Relative path: Specs/a/7/5/AFNetworking/2.2.1/AFNetworking.podspec.json exists! Returning local because checking is only perfomed in repo update
  CDN: trunk Relative path: Specs/a/7/5/AFNetworking/2.2.0/AFNetworking.podspec.json exists! Returning local because checking is only perfomed in repo update
  CDN: trunk Relative path: Specs/a/7/5/AFNetworking/2.1.0/AFNetworking.podspec.json exists! Returning local because checking is only perfomed in repo update
  CDN: trunk Relative path: Specs/a/7/5/AFNetworking/2.0.3/AFNetworking.podspec.json exists! Returning local because checking is only perfomed in repo update
  CDN: trunk Relative path: Specs/a/7/5/AFNetworking/2.0.2/AFNetworking.podspec.json exists! Returning local because checking is only perfomed in repo update
  CDN: trunk Relative path: Specs/a/7/5/AFNetworking/2.0.1/AFNetworking.podspec.json exists! Returning local because checking is only perfomed in repo update
  CDN: trunk Relative path: Specs/a/7/5/AFNetworking/2.0.0/AFNetworking.podspec.json exists! Returning local because checking is only perfomed in repo update
  CDN: trunk Relative path: Specs/a/7/5/AFNetworking/2.0.0-RC3/AFNetworking.podspec.json exists! Returning local because checking is only perfomed in repo update
  CDN: trunk Relative path: Specs/a/7/5/AFNetworking/2.0.0-RC2/AFNetworking.podspec.json exists! Returning local because checking is only perfomed in repo update
  CDN: trunk Relative path: Specs/a/7/5/AFNetworking/2.0.0-RC1/AFNetworking.podspec.json exists! Returning local because checking is only perfomed in repo update
  CDN: trunk Relative path: Specs/a/7/5/AFNetworking/1.3.4/AFNetworking.podspec.json exists! Returning local because checking is only perfomed in repo update
  CDN: trunk Relative path: Specs/a/7/5/AFNetworking/1.3.3/AFNetworking.podspec.json exists! Returning local because checking is only perfomed in repo update
  CDN: trunk Relative path: Specs/a/7/5/AFNetworking/1.3.2/AFNetworking.podspec.json exists! Returning local because checking is only perfomed in repo update
  CDN: trunk Relative path: Specs/a/7/5/AFNetworking/1.3.1/AFNetworking.podspec.json exists! Returning local because checking is only perfomed in repo update
  CDN: trunk Relative path: Specs/a/7/5/AFNetworking/1.3.0/AFNetworking.podspec.json exists! Returning local because checking is only perfomed in repo update
  CDN: trunk Relative path: Specs/a/7/5/AFNetworking/1.2.1/AFNetworking.podspec.json exists! Returning local because checking is only perfomed in repo update
  CDN: trunk Relative path: Specs/a/7/5/AFNetworking/1.2.0/AFNetworking.podspec.json exists! Returning local because checking is only perfomed in repo update
  CDN: trunk Relative path: Specs/a/7/5/AFNetworking/1.1.0/AFNetworking.podspec.json exists! Returning local because checking is only perfomed in repo update
  CDN: trunk Relative path: Specs/a/7/5/AFNetworking/1.0.1/AFNetworking.podspec.json exists! Returning local because checking is only perfomed in repo update
  CDN: trunk Relative path: Specs/a/7/5/AFNetworking/1.0/AFNetworking.podspec.json exists! Returning local because checking is only perfomed in repo update
  CDN: trunk Relative path: Specs/a/7/5/AFNetworking/1.0RC3/AFNetworking.podspec.json exists! Returning local because checking is only perfomed in repo update
  CDN: trunk Relative path: Specs/a/7/5/AFNetworking/1.0RC2/AFNetworking.podspec.json exists! Returning local because checking is only perfomed in repo update
  CDN: trunk Relative path: Specs/a/7/5/AFNetworking/1.0RC1/AFNetworking.podspec.json exists! Returning local because checking is only perfomed in repo update
  CDN: trunk Relative path: Specs/a/7/5/AFNetworking/0.10.1/AFNetworking.podspec.json exists! Returning local because checking is only perfomed in repo update
  CDN: trunk Relative path: Specs/a/7/5/AFNetworking/0.10.0/AFNetworking.podspec.json exists! Returning local because checking is only perfomed in repo update
  CDN: trunk Relative path: Specs/a/7/5/AFNetworking/0.9.2/AFNetworking.podspec.json exists! Returning local because checking is only perfomed in repo update
  CDN: trunk Relative path: Specs/a/7/5/AFNetworking/0.9.1/AFNetworking.podspec.json exists! Returning local because checking is only perfomed in repo update
  CDN: trunk Relative path: Specs/a/7/5/AFNetworking/0.9.0/AFNetworking.podspec.json exists! Returning local because checking is only perfomed in repo update
  CDN: trunk Relative path: Specs/a/7/5/AFNetworking/0.7.0/AFNetworking.podspec.json exists! Returning local because checking is only perfomed in repo update
  CDN: trunk Relative path: Specs/a/7/5/AFNetworking/0.5.1/AFNetworking.podspec.json exists! Returning local because checking is only perfomed in repo update
  CDN: trunk Relative path: Specs/a/7/5/AFNetworking/4.0.1/AFNetworking.podspec.json exists! Returning local because checking is only perfomed in repo update
  CDN: trunk Relative path: Specs/a/7/5/AFNetworking/4.0.1/AFNetworking.podspec.json exists! Returning local because checking is only perfomed in repo update
  CDN: trunk Relative path: Specs/a/7/5/AFNetworking/4.0.1/AFNetworking.podspec.json exists! Returning local because checking is only perfomed in repo update
  CDN: trunk Relative path: Specs/a/7/5/AFNetworking/4.0.1/AFNetworking.podspec.json exists! Returning local because checking is only perfomed in repo update
  CDN: trunk Relative path: Specs/a/7/5/AFNetworking/4.0.1/AFNetworking.podspec.json exists! Returning local because checking is only perfomed in repo update

Comparing resolved specification to the sandbox manifest
  A AFNetworking
  A JSONModel
  A LSRFramework
  A MBProgressHUD
  A Masonry
  A SSZipArchive
  A UIModule
  A XEngineSDK

Downloading dependencies

-> Installing AFNetworking (4.0.1)
  > Copying AFNetworking from `/Users/edz/Library/Caches/CocoaPods/Pods/Release/AFNetworking/4.0.1-7864c` to `../../../../../private/var/folders/4h/hxvz7hb959j4pw0pvbq686x00000gn/T/CocoaPods-Lint-20200722-25225-196xw43-UIModule/Pods/AFNetworking`

-> Installing JSONModel (1.8.0)
  > Copying JSONModel from `/Users/edz/Library/Caches/CocoaPods/Pods/Release/JSONModel/1.8.0-02ab7` to `../../../../../private/var/folders/4h/hxvz7hb959j4pw0pvbq686x00000gn/T/CocoaPods-Lint-20200722-25225-196xw43-UIModule/Pods/JSONModel`

-> Installing LSRFramework (1.1.1)
  > Copying LSRFramework from `/Users/edz/Library/Caches/CocoaPods/Pods/Release/LSRFramework/1.1.1-05785` to `../../../../../private/var/folders/4h/hxvz7hb959j4pw0pvbq686x00000gn/T/CocoaPods-Lint-20200722-25225-196xw43-UIModule/Pods/LSRFramework`

-> Installing MBProgressHUD (1.2.0)
  > Copying MBProgressHUD from `/Users/edz/Library/Caches/CocoaPods/Pods/Release/MBProgressHUD/1.2.0-3ee5e` to `../../../../../private/var/folders/4h/hxvz7hb959j4pw0pvbq686x00000gn/T/CocoaPods-Lint-20200722-25225-196xw43-UIModule/Pods/MBProgressHUD`

-> Installing Masonry (1.1.0)
  > Copying Masonry from `/Users/edz/Library/Caches/CocoaPods/Pods/Release/Masonry/1.1.0-678fa` to `../../../../../private/var/folders/4h/hxvz7hb959j4pw0pvbq686x00000gn/T/CocoaPods-Lint-20200722-25225-196xw43-UIModule/Pods/Masonry`

-> Installing SSZipArchive (2.2.3)
  > Copying SSZipArchive from `/Users/edz/Library/Caches/CocoaPods/Pods/Release/SSZipArchive/2.2.3-62d49` to `../../../../../private/var/folders/4h/hxvz7hb959j4pw0pvbq686x00000gn/T/CocoaPods-Lint-20200722-25225-196xw43-UIModule/Pods/SSZipArchive`

-> Installing UIModule (1.0.0)

-> Installing XEngineSDK (1.0.0)
  > Copying XEngineSDK from `/Users/edz/Library/Caches/CocoaPods/Pods/Release/XEngineSDK/1.0.0-e8ad8` to `../../../../../private/var/folders/4h/hxvz7hb959j4pw0pvbq686x00000gn/T/CocoaPods-Lint-20200722-25225-196xw43-UIModule/Pods/XEngineSDK`
  - Running pre install hooks
  - Writing Lockfile in `../../../../../var/folders/4h/hxvz7hb959j4pw0pvbq686x00000gn/T/CocoaPods-Lint-20200722-25225-196xw43-UIModule/Podfile.lock`
  - Writing Manifest in `../../../../../private/var/folders/4h/hxvz7hb959j4pw0pvbq686x00000gn/T/CocoaPods-Lint-20200722-25225-196xw43-UIModule/Pods/Manifest.lock`

Generating Pods project
  - Creating Pods project
  - Installing files into Pods project
    - Adding source files
    - Adding frameworks
    - Adding libraries
    - Adding resources
    - Adding development pod helper files
    - Linking headers
  - Installing Pod Targets
    - Installing target `AFNetworking` iOS 9.0
      - Generating module map file at `../../../../../private/var/folders/4h/hxvz7hb959j4pw0pvbq686x00000gn/T/CocoaPods-Lint-20200722-25225-196xw43-UIModule/Pods/Target Support Files/AFNetworking/AFNetworking.modulemap`
      - Generating umbrella header at `../../../../../private/var/folders/4h/hxvz7hb959j4pw0pvbq686x00000gn/T/CocoaPods-Lint-20200722-25225-196xw43-UIModule/Pods/Target Support Files/AFNetworking/AFNetworking-umbrella.h`
      - Generating Info.plist file at `../../../../../private/var/folders/4h/hxvz7hb959j4pw0pvbq686x00000gn/T/CocoaPods-Lint-20200722-25225-196xw43-UIModule/Pods/Target Support Files/AFNetworking/AFNetworking-Info.plist`
      - Generating dummy source at `../../../../../private/var/folders/4h/hxvz7hb959j4pw0pvbq686x00000gn/T/CocoaPods-Lint-20200722-25225-196xw43-UIModule/Pods/Target Support Files/AFNetworking/AFNetworking-dummy.m`
    - Installing target `JSONModel` iOS 8.0
      - Generating module map file at `../../../../../private/var/folders/4h/hxvz7hb959j4pw0pvbq686x00000gn/T/CocoaPods-Lint-20200722-25225-196xw43-UIModule/Pods/Target Support Files/JSONModel/JSONModel.modulemap`
      - Generating umbrella header at `../../../../../private/var/folders/4h/hxvz7hb959j4pw0pvbq686x00000gn/T/CocoaPods-Lint-20200722-25225-196xw43-UIModule/Pods/Target Support Files/JSONModel/JSONModel-umbrella.h`
      - Generating Info.plist file at `../../../../../private/var/folders/4h/hxvz7hb959j4pw0pvbq686x00000gn/T/CocoaPods-Lint-20200722-25225-196xw43-UIModule/Pods/Target Support Files/JSONModel/JSONModel-Info.plist`
      - Generating dummy source at `../../../../../private/var/folders/4h/hxvz7hb959j4pw0pvbq686x00000gn/T/CocoaPods-Lint-20200722-25225-196xw43-UIModule/Pods/Target Support Files/JSONModel/JSONModel-dummy.m`
    - Installing target `LSRFramework` iOS 11.0
      - Generating module map file at `../../../../../private/var/folders/4h/hxvz7hb959j4pw0pvbq686x00000gn/T/CocoaPods-Lint-20200722-25225-196xw43-UIModule/Pods/Target Support Files/LSRFramework/LSRFramework.modulemap`
      - Generating umbrella header at `../../../../../private/var/folders/4h/hxvz7hb959j4pw0pvbq686x00000gn/T/CocoaPods-Lint-20200722-25225-196xw43-UIModule/Pods/Target Support Files/LSRFramework/LSRFramework-umbrella.h`
      - Generating Info.plist file at `../../../../../private/var/folders/4h/hxvz7hb959j4pw0pvbq686x00000gn/T/CocoaPods-Lint-20200722-25225-196xw43-UIModule/Pods/Target Support Files/LSRFramework/LSRFramework-Info.plist`
      - Generating dummy source at `../../../../../private/var/folders/4h/hxvz7hb959j4pw0pvbq686x00000gn/T/CocoaPods-Lint-20200722-25225-196xw43-UIModule/Pods/Target Support Files/LSRFramework/LSRFramework-dummy.m`
    - Installing target `MBProgressHUD` iOS 8.0
      - Generating module map file at `../../../../../private/var/folders/4h/hxvz7hb959j4pw0pvbq686x00000gn/T/CocoaPods-Lint-20200722-25225-196xw43-UIModule/Pods/Target Support Files/MBProgressHUD/MBProgressHUD.modulemap`
      - Generating umbrella header at `../../../../../private/var/folders/4h/hxvz7hb959j4pw0pvbq686x00000gn/T/CocoaPods-Lint-20200722-25225-196xw43-UIModule/Pods/Target Support Files/MBProgressHUD/MBProgressHUD-umbrella.h`
      - Generating Info.plist file at `../../../../../private/var/folders/4h/hxvz7hb959j4pw0pvbq686x00000gn/T/CocoaPods-Lint-20200722-25225-196xw43-UIModule/Pods/Target Support Files/MBProgressHUD/MBProgressHUD-Info.plist`
      - Generating dummy source at `../../../../../private/var/folders/4h/hxvz7hb959j4pw0pvbq686x00000gn/T/CocoaPods-Lint-20200722-25225-196xw43-UIModule/Pods/Target Support Files/MBProgressHUD/MBProgressHUD-dummy.m`
    - Installing target `Masonry` iOS 8.0
      - Generating module map file at `../../../../../private/var/folders/4h/hxvz7hb959j4pw0pvbq686x00000gn/T/CocoaPods-Lint-20200722-25225-196xw43-UIModule/Pods/Target Support Files/Masonry/Masonry.modulemap`
      - Generating umbrella header at `../../../../../private/var/folders/4h/hxvz7hb959j4pw0pvbq686x00000gn/T/CocoaPods-Lint-20200722-25225-196xw43-UIModule/Pods/Target Support Files/Masonry/Masonry-umbrella.h`
      - Generating Info.plist file at `../../../../../private/var/folders/4h/hxvz7hb959j4pw0pvbq686x00000gn/T/CocoaPods-Lint-20200722-25225-196xw43-UIModule/Pods/Target Support Files/Masonry/Masonry-Info.plist`
      - Generating dummy source at `../../../../../private/var/folders/4h/hxvz7hb959j4pw0pvbq686x00000gn/T/CocoaPods-Lint-20200722-25225-196xw43-UIModule/Pods/Target Support Files/Masonry/Masonry-dummy.m`
    - Installing target `SSZipArchive` iOS 9.0
      - Generating module map file at `../../../../../private/var/folders/4h/hxvz7hb959j4pw0pvbq686x00000gn/T/CocoaPods-Lint-20200722-25225-196xw43-UIModule/Pods/Target Support Files/SSZipArchive/SSZipArchive.modulemap`
      - Generating umbrella header at `../../../../../private/var/folders/4h/hxvz7hb959j4pw0pvbq686x00000gn/T/CocoaPods-Lint-20200722-25225-196xw43-UIModule/Pods/Target Support Files/SSZipArchive/SSZipArchive-umbrella.h`
      - Generating Info.plist file at `../../../../../private/var/folders/4h/hxvz7hb959j4pw0pvbq686x00000gn/T/CocoaPods-Lint-20200722-25225-196xw43-UIModule/Pods/Target Support Files/SSZipArchive/SSZipArchive-Info.plist`
      - Generating dummy source at `../../../../../private/var/folders/4h/hxvz7hb959j4pw0pvbq686x00000gn/T/CocoaPods-Lint-20200722-25225-196xw43-UIModule/Pods/Target Support Files/SSZipArchive/SSZipArchive-dummy.m`
    - Installing target `UIModule` iOS 11.0
      - Generating module map file at `../../../../../private/var/folders/4h/hxvz7hb959j4pw0pvbq686x00000gn/T/CocoaPods-Lint-20200722-25225-196xw43-UIModule/Pods/Target Support Files/UIModule/UIModule.modulemap`
      - Generating umbrella header at `../../../../../private/var/folders/4h/hxvz7hb959j4pw0pvbq686x00000gn/T/CocoaPods-Lint-20200722-25225-196xw43-UIModule/Pods/Target Support Files/UIModule/UIModule-umbrella.h`
      - Generating Info.plist file at `../../../../../private/var/folders/4h/hxvz7hb959j4pw0pvbq686x00000gn/T/CocoaPods-Lint-20200722-25225-196xw43-UIModule/Pods/Target Support Files/UIModule/UIModule-Info.plist`
      - Generating dummy source at `../../../../../private/var/folders/4h/hxvz7hb959j4pw0pvbq686x00000gn/T/CocoaPods-Lint-20200722-25225-196xw43-UIModule/Pods/Target Support Files/UIModule/UIModule-dummy.m`
    - Installing target `XEngineSDK` iOS 11.0
      - Generating module map file at `../../../../../private/var/folders/4h/hxvz7hb959j4pw0pvbq686x00000gn/T/CocoaPods-Lint-20200722-25225-196xw43-UIModule/Pods/Target Support Files/XEngineSDK/XEngineSDK.modulemap`
      - Generating umbrella header at `../../../../../private/var/folders/4h/hxvz7hb959j4pw0pvbq686x00000gn/T/CocoaPods-Lint-20200722-25225-196xw43-UIModule/Pods/Target Support Files/XEngineSDK/XEngineSDK-umbrella.h`
      - Generating Info.plist file at `../../../../../private/var/folders/4h/hxvz7hb959j4pw0pvbq686x00000gn/T/CocoaPods-Lint-20200722-25225-196xw43-UIModule/Pods/Target Support Files/XEngineSDK/XEngineSDK-Info.plist`
      - Generating dummy source at `../../../../../private/var/folders/4h/hxvz7hb959j4pw0pvbq686x00000gn/T/CocoaPods-Lint-20200722-25225-196xw43-UIModule/Pods/Target Support Files/XEngineSDK/XEngineSDK-dummy.m`
  - Installing Aggregate Targets
    - Installing target `Pods-App` iOS 11.0
      - Generating Info.plist file at `../../../../../private/var/folders/4h/hxvz7hb959j4pw0pvbq686x00000gn/T/CocoaPods-Lint-20200722-25225-196xw43-UIModule/Pods/Target Support Files/Pods-App/Pods-App-Info.plist`
      - Generating module map file at `../../../../../private/var/folders/4h/hxvz7hb959j4pw0pvbq686x00000gn/T/CocoaPods-Lint-20200722-25225-196xw43-UIModule/Pods/Target Support Files/Pods-App/Pods-App.modulemap`
      - Generating umbrella header at `../../../../../private/var/folders/4h/hxvz7hb959j4pw0pvbq686x00000gn/T/CocoaPods-Lint-20200722-25225-196xw43-UIModule/Pods/Target Support Files/Pods-App/Pods-App-umbrella.h`
      - Generating dummy source at `../../../../../private/var/folders/4h/hxvz7hb959j4pw0pvbq686x00000gn/T/CocoaPods-Lint-20200722-25225-196xw43-UIModule/Pods/Target Support Files/Pods-App/Pods-App-dummy.m`
  - Stabilizing target UUIDs
  - Running post install hooks
  - Writing Xcode project file to `../../../../../private/var/folders/4h/hxvz7hb959j4pw0pvbq686x00000gn/T/CocoaPods-Lint-20200722-25225-196xw43-UIModule/Pods/Pods.xcodeproj`
  Cleaning up sandbox directory

Integrating client project

[!] Please close any current Xcode sessions and use `App.xcworkspace` for this project from now on.

Integrating target `Pods-App` (`../../../../../var/folders/4h/hxvz7hb959j4pw0pvbq686x00000gn/T/CocoaPods-Lint-20200722-25225-196xw43-UIModule/App.xcodeproj` project)
  Adding Build Phase '[CP] Embed Pods Frameworks' to project.
  Adding Build Phase '[CP] Check Pods Manifest.lock' to project.

-> Pod installation complete! There is 1 dependency from the Podfile and 8 total pods installed.
  Building with `xcodebuild`.
    $ /usr/bin/xcodebuild clean build -workspace /var/folders/4h/hxvz7hb959j4pw0pvbq686x00000gn/T/CocoaPods-Lint-20200722-25225-196xw43-UIModule/App.xcworkspace -scheme App -configuration Release CODE_SIGN_IDENTITY=- -sdk iphonesimulator -destination id=A8C082ED-F334-487A-ABE6-101790CBCDD6
    Command line invocation:
        /Applications/Xcode.app/Contents/Developer/usr/bin/xcodebuild clean build -workspace /var/folders/4h/hxvz7hb959j4pw0pvbq686x00000gn/T/CocoaPods-Lint-20200722-25225-196xw43-UIModule/App.xcworkspace -scheme App -configuration Release CODE_SIGN_IDENTITY=- -sdk iphonesimulator -destination id=A8C082ED-F334-487A-ABE6-101790CBCDD6
    
    Build settings from command line:
        CODE_SIGN_IDENTITY = -
        SDKROOT = iphonesimulator13.5
    
    note: Using new build system
    note: Building targets in parallel
    
    ** CLEAN SUCCEEDED **
    
    note: Using new build system
    note: Building targets in parallel
    note: Planning build
    note: Constructing build description
    CreateBuildDirectory /Users/edz/Library/Developer/Xcode/DerivedData/App-bytlbhqqorqzqidyjovihkqwnkia/Build/Products (in target 'Masonry' from project 'Pods')
        cd /var/folders/4h/hxvz7hb959j4pw0pvbq686x00000gn/T/CocoaPods-Lint-20200722-25225-196xw43-UIModule/Pods
        builtin-create-build-directory /Users/edz/Library/Developer/Xcode/DerivedData/App-bytlbhqqorqzqidyjovihkqwnkia/Build/Products
    
    CreateBuildDirectory /Users/edz/Library/Developer/Xcode/DerivedData/App-bytlbhqqorqzqidyjovihkqwnkia/Build/Intermediates.noindex (in target 'Masonry' from project 'Pods')
        cd /var/folders/4h/hxvz7hb959j4pw0pvbq686x00000gn/T/CocoaPods-Lint-20200722-25225-196xw43-UIModule/Pods
        builtin-create-build-directory /Users/edz/Library/Developer/Xcode/DerivedData/App-bytlbhqqorqzqidyjovihkqwnkia/Build/Intermediates.noindex
    
    MkDir /Users/edz/Library/Developer/Xcode/DerivedData/App-bytlbhqqorqzqidyjovihkqwnkia/Build/Products/Release-iphonesimulator/SSZipArchive/SSZipArchive.framework/Headers (in target 'SSZipArchive' from project 'Pods')
        cd /var/folders/4h/hxvz7hb959j4pw0pvbq686x00000gn/T/CocoaPods-Lint-20200722-25225-196xw43-UIModule/Pods
        /bin/mkdir -p /Users/edz/Library/Developer/Xcode/DerivedData/App-bytlbhqqorqzqidyjovihkqwnkia/Build/Products/Release-iphonesimulator/SSZipArchive/SSZipArchive.framework/Headers
    
    MkDir /Users/edz/Library/Developer/Xcode/DerivedData/App-bytlbhqqorqzqidyjovihkqwnkia/Build/Products/Release-iphonesimulator/UIModule/UIModule.framework/Headers (in target 'UIModule' from project 'Pods')
        cd /var/folders/4h/hxvz7hb959j4pw0pvbq686x00000gn/T/CocoaPods-Lint-20200722-25225-196xw43-UIModule/Pods
        /bin/mkdir -p /Users/edz/Library/Developer/Xcode/DerivedData/App-bytlbhqqorqzqidyjovihkqwnkia/Build/Products/Release-iphonesimulator/UIModule/UIModule.framework/Headers
    
    MkDir /Users/edz/Library/Developer/Xcode/DerivedData/App-bytlbhqqorqzqidyjovihkqwnkia/Build/Products/Release-iphonesimulator/UIModule/UIModule.framework (in target 'UIModule' from project 'Pods')
        cd /var/folders/4h/hxvz7hb959j4pw0pvbq686x00000gn/T/CocoaPods-Lint-20200722-25225-196xw43-UIModule/Pods
        /bin/mkdir -p /Users/edz/Library/Developer/Xcode/DerivedData/App-bytlbhqqorqzqidyjovihkqwnkia/Build/Products/Release-iphonesimulator/UIModule/UIModule.framework
    
    MkDir /Users/edz/Library/Developer/Xcode/DerivedData/App-bytlbhqqorqzqidyjovihkqwnkia/Build/Products/Release-iphonesimulator/Pods_App.framework/Headers (in target 'Pods-App' from project 'Pods')
        cd /var/folders/4h/hxvz7hb959j4pw0pvbq686x00000gn/T/CocoaPods-Lint-20200722-25225-196xw43-UIModule/Pods
        /bin/mkdir -p /Users/edz/Library/Developer/Xcode/DerivedData/App-bytlbhqqorqzqidyjovihkqwnkia/Build/Products/Release-iphonesimulator/Pods_App.framework/Headers
    
    MkDir /Users/edz/Library/Developer/Xcode/DerivedData/App-bytlbhqqorqzqidyjovihkqwnkia/Build/Products/Release-iphonesimulator/SSZipArchive/SSZipArchive.framework (in target 'SSZipArchive' from project 'Pods')
        cd /var/folders/4h/hxvz7hb959j4pw0pvbq686x00000gn/T/CocoaPods-Lint-20200722-25225-196xw43-UIModule/Pods
        /bin/mkdir -p /Users/edz/Library/Developer/Xcode/DerivedData/App-bytlbhqqorqzqidyjovihkqwnkia/Build/Products/Release-iphonesimulator/SSZipArchive/SSZipArchive.framework
    
    MkDir /Users/edz/Library/Developer/Xcode/DerivedData/App-bytlbhqqorqzqidyjovihkqwnkia/Build/Products/Release-iphonesimulator/Pods_App.framework (in target 'Pods-App' from project 'Pods')
        cd /var/folders/4h/hxvz7hb959j4pw0pvbq686x00000gn/T/CocoaPods-Lint-20200722-25225-196xw43-UIModule/Pods
        /bin/mkdir -p /Users/edz/Library/Developer/Xcode/DerivedData/App-bytlbhqqorqzqidyjovihkqwnkia/Build/Products/Release-iphonesimulator/Pods_App.framework
    
    MkDir /Users/edz/Library/Developer/Xcode/DerivedData/App-bytlbhqqorqzqidyjovihkqwnkia/Build/Products/Release-iphonesimulator/XEngineSDK/XEngineSDK.framework (in target 'XEngineSDK' from project 'Pods')
        cd /var/folders/4h/hxvz7hb959j4pw0pvbq686x00000gn/T/CocoaPods-Lint-20200722-25225-196xw43-UIModule/Pods
        /bin/mkdir -p /Users/edz/Library/Developer/Xcode/DerivedData/App-bytlbhqqorqzqidyjovihkqwnkia/Build/Products/Release-iphonesimulator/XEngineSDK/XEngineSDK.framework
    
    MkDir /Users/edz/Library/Developer/Xcode/DerivedData/App-bytlbhqqorqzqidyjovihkqwnkia/Build/Products/Release-iphonesimulator/Masonry/Masonry.framework (in target 'Masonry' from project 'Pods')
        cd /var/folders/4h/hxvz7hb959j4pw0pvbq686x00000gn/T/CocoaPods-Lint-20200722-25225-196xw43-UIModule/Pods
        /bin/mkdir -p /Users/edz/Library/Developer/Xcode/DerivedData/App-bytlbhqqorqzqidyjovihkqwnkia/Build/Products/Release-iphonesimulator/Masonry/Masonry.framework
    
    MkDir /Users/edz/Library/Developer/Xcode/DerivedData/App-bytlbhqqorqzqidyjovihkqwnkia/Build/Products/Release-iphonesimulator/XEngineSDK/XEngineSDK.framework/Headers (in target 'XEngineSDK' from project 'Pods')
        cd /var/folders/4h/hxvz7hb959j4pw0pvbq686x00000gn/T/CocoaPods-Lint-20200722-25225-196xw43-UIModule/Pods
        /bin/mkdir -p /Users/edz/Library/Developer/Xcode/DerivedData/App-bytlbhqqorqzqidyjovihkqwnkia/Build/Products/Release-iphonesimulator/XEngineSDK/XEngineSDK.framework/Headers
    
    MkDir /Users/edz/Library/Developer/Xcode/DerivedData/App-bytlbhqqorqzqidyjovihkqwnkia/Build/Products/Release-iphonesimulator/Masonry/Masonry.framework/Headers (in target 'Masonry' from project 'Pods')
        cd /var/folders/4h/hxvz7hb959j4pw0pvbq686x00000gn/T/CocoaPods-Lint-20200722-25225-196xw43-UIModule/Pods
        /bin/mkdir -p /Users/edz/Library/Developer/Xcode/DerivedData/App-bytlbhqqorqzqidyjovihkqwnkia/Build/Products/Release-iphonesimulator/Masonry/Masonry.framework/Headers
    
    MkDir /Users/edz/Library/Developer/Xcode/DerivedData/App-bytlbhqqorqzqidyjovihkqwnkia/Build/Products/Release-iphonesimulator/MBProgressHUD/MBProgressHUD.framework (in target 'MBProgressHUD' from project 'Pods')
        cd /var/folders/4h/hxvz7hb959j4pw0pvbq686x00000gn/T/CocoaPods-Lint-20200722-25225-196xw43-UIModule/Pods
        /bin/mkdir -p /Users/edz/Library/Developer/Xcode/DerivedData/App-bytlbhqqorqzqidyjovihkqwnkia/Build/Products/Release-iphonesimulator/MBProgressHUD/MBProgressHUD.framework
    
    MkDir /Users/edz/Library/Developer/Xcode/DerivedData/App-bytlbhqqorqzqidyjovihkqwnkia/Build/Products/Release-iphonesimulator/MBProgressHUD/MBProgressHUD.framework/Headers (in target 'MBProgressHUD' from project 'Pods')
        cd /var/folders/4h/hxvz7hb959j4pw0pvbq686x00000gn/T/CocoaPods-Lint-20200722-25225-196xw43-UIModule/Pods
        /bin/mkdir -p /Users/edz/Library/Developer/Xcode/DerivedData/App-bytlbhqqorqzqidyjovihkqwnkia/Build/Products/Release-iphonesimulator/MBProgressHUD/MBProgressHUD.framework/Headers
    
    MkDir /Users/edz/Library/Developer/Xcode/DerivedData/App-bytlbhqqorqzqidyjovihkqwnkia/Build/Products/Release-iphonesimulator/LSRFramework/LSRFramework.framework (in target 'LSRFramework' from project 'Pods')
        cd /var/folders/4h/hxvz7hb959j4pw0pvbq686x00000gn/T/CocoaPods-Lint-20200722-25225-196xw43-UIModule/Pods
        /bin/mkdir -p /Users/edz/Library/Developer/Xcode/DerivedData/App-bytlbhqqorqzqidyjovihkqwnkia/Build/Products/Release-iphonesimulator/LSRFramework/LSRFramework.framework
    
    MkDir /Users/edz/Library/Developer/Xcode/DerivedData/App-bytlbhqqorqzqidyjovihkqwnkia/Build/Products/Release-iphonesimulator/LSRFramework/LSRFramework.framework/Headers (in target 'LSRFramework' from project 'Pods')
        cd /var/folders/4h/hxvz7hb959j4pw0pvbq686x00000gn/T/CocoaPods-Lint-20200722-25225-196xw43-UIModule/Pods
        /bin/mkdir -p /Users/edz/Library/Developer/Xcode/DerivedData/App-bytlbhqqorqzqidyjovihkqwnkia/Build/Products/Release-iphonesimulator/LSRFramework/LSRFramework.framework/Headers
    
    MkDir /Users/edz/Library/Developer/Xcode/DerivedData/App-bytlbhqqorqzqidyjovihkqwnkia/Build/Products/Release-iphonesimulator/JSONModel/JSONModel.framework (in target 'JSONModel' from project 'Pods')
        cd /var/folders/4h/hxvz7hb959j4pw0pvbq686x00000gn/T/CocoaPods-Lint-20200722-25225-196xw43-UIModule/Pods
        /bin/mkdir -p /Users/edz/Library/Developer/Xcode/DerivedData/App-bytlbhqqorqzqidyjovihkqwnkia/Build/Products/Release-iphonesimulator/JSONModel/JSONModel.framework
    
    MkDir /Users/edz/Library/Developer/Xcode/DerivedData/App-bytlbhqqorqzqidyjovihkqwnkia/Build/Products/Release-iphonesimulator/App.app/Frameworks (in target 'App' from project 'App')
        cd /var/folders/4h/hxvz7hb959j4pw0pvbq686x00000gn/T/CocoaPods-Lint-20200722-25225-196xw43-UIModule
        /bin/mkdir -p /Users/edz/Library/Developer/Xcode/DerivedData/App-bytlbhqqorqzqidyjovihkqwnkia/Build/Products/Release-iphonesimulator/App.app/Frameworks
    
    MkDir /Users/edz/Library/Developer/Xcode/DerivedData/App-bytlbhqqorqzqidyjovihkqwnkia/Build/Products/Release-iphonesimulator/App.app (in target 'App' from project 'App')
        cd /var/folders/4h/hxvz7hb959j4pw0pvbq686x00000gn/T/CocoaPods-Lint-20200722-25225-196xw43-UIModule
        /bin/mkdir -p /Users/edz/Library/Developer/Xcode/DerivedData/App-bytlbhqqorqzqidyjovihkqwnkia/Build/Products/Release-iphonesimulator/App.app
    
    MkDir /Users/edz/Library/Developer/Xcode/DerivedData/App-bytlbhqqorqzqidyjovihkqwnkia/Build/Products/Release-iphonesimulator/JSONModel/JSONModel.framework/Headers (in target 'JSONModel' from project 'Pods')
        cd /var/folders/4h/hxvz7hb959j4pw0pvbq686x00000gn/T/CocoaPods-Lint-20200722-25225-196xw43-UIModule/Pods
        /bin/mkdir -p /Users/edz/Library/Developer/Xcode/DerivedData/App-bytlbhqqorqzqidyjovihkqwnkia/Build/Products/Release-iphonesimulator/JSONModel/JSONModel.framework/Headers
    
    MkDir /Users/edz/Library/Developer/Xcode/DerivedData/App-bytlbhqqorqzqidyjovihkqwnkia/Build/Products/Release-iphonesimulator/AFNetworking/AFNetworking.framework/Headers (in target 'AFNetworking' from project 'Pods')
        cd /var/folders/4h/hxvz7hb959j4pw0pvbq686x00000gn/T/CocoaPods-Lint-20200722-25225-196xw43-UIModule/Pods
        /bin/mkdir -p /Users/edz/Library/Developer/Xcode/DerivedData/App-bytlbhqqorqzqidyjovihkqwnkia/Build/Products/Release-iphonesimulator/AFNetworking/AFNetworking.framework/Headers
    
    MkDir /Users/edz/Library/Developer/Xcode/DerivedData/App-bytlbhqqorqzqidyjovihkqwnkia/Build/Products/Release-iphonesimulator/AFNetworking/AFNetworking.framework (in target 'AFNetworking' from project 'Pods')
        cd /var/folders/4h/hxvz7hb959j4pw0pvbq686x00000gn/T/CocoaPods-Lint-20200722-25225-196xw43-UIModule/Pods
        /bin/mkdir -p /Users/edz/Library/Developer/Xcode/DerivedData/App-bytlbhqqorqzqidyjovihkqwnkia/Build/Products/Release-iphonesimulator/AFNetworking/AFNetworking.framework
    
    WriteAuxiliaryFile /Users/edz/Library/Developer/Xcode/DerivedData/App-bytlbhqqorqzqidyjovihkqwnkia/Build/Intermediates.noindex/Pods.build/Release-iphonesimulator/SSZipArchive.build/SSZipArchive-project-headers.hmap (in target 'SSZipArchive' from project 'Pods')
        cd /var/folders/4h/hxvz7hb959j4pw0pvbq686x00000gn/T/CocoaPods-Lint-20200722-25225-196xw43-UIModule/Pods
        write-file /Users/edz/Library/Developer/Xcode/DerivedData/App-bytlbhqqorqzqidyjovihkqwnkia/Build/Intermediates.noindex/Pods.build/Release-iphonesimulator/SSZipArchive.build/SSZipArchive-project-headers.hmap
    
    WriteAuxiliaryFile /Users/edz/Library/Developer/Xcode/DerivedData/App-bytlbhqqorqzqidyjovihkqwnkia/Build/Intermediates.noindex/Pods.build/Release-iphonesimulator/SSZipArchive.build/SSZipArchive-own-target-headers.hmap (in target 'SSZipArchive' from project 'Pods')
        cd /var/folders/4h/hxvz7hb959j4pw0pvbq686x00000gn/T/CocoaPods-Lint-20200722-25225-196xw43-UIModule/Pods
        write-file /Users/edz/Library/Developer/Xcode/DerivedData/App-bytlbhqqorqzqidyjovihkqwnkia/Build/Intermediates.noindex/Pods.build/Release-iphonesimulator/SSZipArchive.build/SSZipArchive-own-target-headers.hmap
    
    WriteAuxiliaryFile /Users/edz/Library/Developer/Xcode/DerivedData/App-bytlbhqqorqzqidyjovihkqwnkia/Build/Intermediates.noindex/Pods.build/Release-iphonesimulator/SSZipArchive.build/SSZipArchive.hmap (in target 'SSZipArchive' from project 'Pods')
        cd /var/folders/4h/hxvz7hb959j4pw0pvbq686x00000gn/T/CocoaPods-Lint-20200722-25225-196xw43-UIModule/Pods
        write-file /Users/edz/Library/Developer/Xcode/DerivedData/App-bytlbhqqorqzqidyjovihkqwnkia/Build/Intermediates.noindex/Pods.build/Release-iphonesimulator/SSZipArchive.build/SSZipArchive.hmap
    
    WriteAuxiliaryFile /Users/edz/Library/Developer/Xcode/DerivedData/App-bytlbhqqorqzqidyjovihkqwnkia/Build/Intermediates.noindex/Pods.build/Release-iphonesimulator/SSZipArchive.build/all-product-headers.yaml (in target 'SSZipArchive' from project 'Pods')
        cd /var/folders/4h/hxvz7hb959j4pw0pvbq686x00000gn/T/CocoaPods-Lint-20200722-25225-196xw43-UIModule/Pods
        write-file /Users/edz/Library/Developer/Xcode/DerivedData/App-bytlbhqqorqzqidyjovihkqwnkia/Build/Intermediates.noindex/Pods.build/Release-iphonesimulator/SSZipArchive.build/all-product-headers.yaml
    
    WriteAuxiliaryFile /Users/edz/Library/Developer/Xcode/DerivedData/App-bytlbhqqorqzqidyjovihkqwnkia/Build/Intermediates.noindex/Pods.build/Release-iphonesimulator/SSZipArchive.build/SSZipArchive-generated-files.hmap (in target 'SSZipArchive' from project 'Pods')
        cd /var/folders/4h/hxvz7hb959j4pw0pvbq686x00000gn/T/CocoaPods-Lint-20200722-25225-196xw43-UIModule/Pods
        write-file /Users/edz/Library/Developer/Xcode/DerivedData/App-bytlbhqqorqzqidyjovihkqwnkia/Build/Intermediates.noindex/Pods.build/Release-iphonesimulator/SSZipArchive.build/SSZipArchive-generated-files.hmap
    
    WriteAuxiliaryFile /Users/edz/Library/Developer/Xcode/DerivedData/App-bytlbhqqorqzqidyjovihkqwnkia/Build/Intermediates.noindex/Pods.build/Release-iphonesimulator/SSZipArchive.build/SSZipArchive-all-target-headers.hmap (in target 'SSZipArchive' from project 'Pods')
        cd /var/folders/4h/hxvz7hb959j4pw0pvbq686x00000gn/T/CocoaPods-Lint-20200722-25225-196xw43-UIModule/Pods
        write-file /Users/edz/Library/Developer/Xcode/DerivedData/App-bytlbhqqorqzqidyjovihkqwnkia/Build/Intermediates.noindex/Pods.build/Release-iphonesimulator/SSZipArchive.build/SSZipArchive-all-target-headers.hmap
    
    WriteAuxiliaryFile /Users/edz/Library/Developer/Xcode/DerivedData/App-bytlbhqqorqzqidyjovihkqwnkia/Build/Intermediates.noindex/Pods.build/Release-iphonesimulator/SSZipArchive.build/SSZipArchive-all-non-framework-target-headers.hmap (in target 'SSZipArchive' from project 'Pods')
        cd /var/folders/4h/hxvz7hb959j4pw0pvbq686x00000gn/T/CocoaPods-Lint-20200722-25225-196xw43-UIModule/Pods
        write-file /Users/edz/Library/Developer/Xcode/DerivedData/App-bytlbhqqorqzqidyjovihkqwnkia/Build/Intermediates.noindex/Pods.build/Release-iphonesimulator/SSZipArchive.build/SSZipArchive-all-non-framework-target-headers.hmap
    
    WriteAuxiliaryFile /Users/edz/Library/Developer/Xcode/DerivedData/App-bytlbhqqorqzqidyjovihkqwnkia/Build/Intermediates.noindex/Pods.build/Release-iphonesimulator/Masonry.build/all-product-headers.yaml (in target 'Masonry' from project 'Pods')
        cd /var/folders/4h/hxvz7hb959j4pw0pvbq686x00000gn/T/CocoaPods-Lint-20200722-25225-196xw43-UIModule/Pods
        write-file /Users/edz/Library/Developer/Xcode/DerivedData/App-bytlbhqqorqzqidyjovihkqwnkia/Build/Intermediates.noindex/Pods.build/Release-iphonesimulator/Masonry.build/all-product-headers.yaml
    
    WriteAuxiliaryFile /Users/edz/Library/Developer/Xcode/DerivedData/App-bytlbhqqorqzqidyjovihkqwnkia/Build/Intermediates.noindex/Pods.build/Release-iphonesimulator/Masonry.build/Masonry.hmap (in target 'Masonry' from project 'Pods')
        cd /var/folders/4h/hxvz7hb959j4pw0pvbq686x00000gn/T/CocoaPods-Lint-20200722-25225-196xw43-UIModule/Pods
        write-file /Users/edz/Library/Developer/Xcode/DerivedData/App-bytlbhqqorqzqidyjovihkqwnkia/Build/Intermediates.noindex/Pods.build/Release-iphonesimulator/Masonry.build/Masonry.hmap
    
    WriteAuxiliaryFile /Users/edz/Library/Developer/Xcode/DerivedData/App-bytlbhqqorqzqidyjovihkqwnkia/Build/Intermediates.noindex/Pods.build/Release-iphonesimulator/Masonry.build/Masonry-project-headers.hmap (in target 'Masonry' from project 'Pods')
        cd /var/folders/4h/hxvz7hb959j4pw0pvbq686x00000gn/T/CocoaPods-Lint-20200722-25225-196xw43-UIModule/Pods
        write-file /Users/edz/Library/Developer/Xcode/DerivedData/App-bytlbhqqorqzqidyjovihkqwnkia/Build/Intermediates.noindex/Pods.build/Release-iphonesimulator/Masonry.build/Masonry-project-headers.hmap
    
    WriteAuxiliaryFile /Users/edz/Library/Developer/Xcode/DerivedData/App-bytlbhqqorqzqidyjovihkqwnkia/Build/Intermediates.noindex/Pods.build/Release-iphonesimulator/Masonry.build/Masonry-own-target-headers.hmap (in target 'Masonry' from project 'Pods')
        cd /var/folders/4h/hxvz7hb959j4pw0pvbq686x00000gn/T/CocoaPods-Lint-20200722-25225-196xw43-UIModule/Pods
        write-file /Users/edz/Library/Developer/Xcode/DerivedData/App-bytlbhqqorqzqidyjovihkqwnkia/Build/Intermediates.noindex/Pods.build/Release-iphonesimulator/Masonry.build/Masonry-own-target-headers.hmap
    
    WriteAuxiliaryFile /Users/edz/Library/Developer/Xcode/DerivedData/App-bytlbhqqorqzqidyjovihkqwnkia/Build/Intermediates.noindex/Pods.build/Release-iphonesimulator/Masonry.build/Masonry-generated-files.hmap (in target 'Masonry' from project 'Pods')
        cd /var/folders/4h/hxvz7hb959j4pw0pvbq686x00000gn/T/CocoaPods-Lint-20200722-25225-196xw43-UIModule/Pods
        write-file /Users/edz/Library/Developer/Xcode/DerivedData/App-bytlbhqqorqzqidyjovihkqwnkia/Build/Intermediates.noindex/Pods.build/Release-iphonesimulator/Masonry.build/Masonry-generated-files.hmap
    
    WriteAuxiliaryFile /Users/edz/Library/Developer/Xcode/DerivedData/App-bytlbhqqorqzqidyjovihkqwnkia/Build/Intermediates.noindex/Pods.build/Release-iphonesimulator/Masonry.build/Masonry-all-target-headers.hmap (in target 'Masonry' from project 'Pods')
        cd /var/folders/4h/hxvz7hb959j4pw0pvbq686x00000gn/T/CocoaPods-Lint-20200722-25225-196xw43-UIModule/Pods
        write-file /Users/edz/Library/Developer/Xcode/DerivedData/App-bytlbhqqorqzqidyjovihkqwnkia/Build/Intermediates.noindex/Pods.build/Release-iphonesimulator/Masonry.build/Masonry-all-target-headers.hmap
    
    WriteAuxiliaryFile /Users/edz/Library/Developer/Xcode/DerivedData/App-bytlbhqqorqzqidyjovihkqwnkia/Build/Intermediates.noindex/Pods.build/Release-iphonesimulator/Masonry.build/Masonry-all-non-framework-target-headers.hmap (in target 'Masonry' from project 'Pods')
        cd /var/folders/4h/hxvz7hb959j4pw0pvbq686x00000gn/T/CocoaPods-Lint-20200722-25225-196xw43-UIModule/Pods
        write-file /Users/edz/Library/Developer/Xcode/DerivedData/App-bytlbhqqorqzqidyjovihkqwnkia/Build/Intermediates.noindex/Pods.build/Release-iphonesimulator/Masonry.build/Masonry-all-non-framework-target-headers.hmap
    
    WriteAuxiliaryFile /Users/edz/Library/Developer/Xcode/DerivedData/App-bytlbhqqorqzqidyjovihkqwnkia/Build/Intermediates.noindex/Pods.build/Release-iphonesimulator/MBProgressHUD.build/all-product-headers.yaml (in target 'MBProgressHUD' from project 'Pods')
        cd /var/folders/4h/hxvz7hb959j4pw0pvbq686x00000gn/T/CocoaPods-Lint-20200722-25225-196xw43-UIModule/Pods
        write-file /Users/edz/Library/Developer/Xcode/DerivedData/App-bytlbhqqorqzqidyjovihkqwnkia/Build/Intermediates.noindex/Pods.build/Release-iphonesimulator/MBProgressHUD.build/all-product-headers.yaml
    
    WriteAuxiliaryFile /Users/edz/Library/Developer/Xcode/DerivedData/App-bytlbhqqorqzqidyjovihkqwnkia/Build/Intermediates.noindex/Pods.build/Release-iphonesimulator/MBProgressHUD.build/MBProgressHUD.hmap (in target 'MBProgressHUD' from project 'Pods')
        cd /var/folders/4h/hxvz7hb959j4pw0pvbq686x00000gn/T/CocoaPods-Lint-20200722-25225-196xw43-UIModule/Pods
        write-file /Users/edz/Library/Developer/Xcode/DerivedData/App-bytlbhqqorqzqidyjovihkqwnkia/Build/Intermediates.noindex/Pods.build/Release-iphonesimulator/MBProgressHUD.build/MBProgressHUD.hmap
    
    WriteAuxiliaryFile /Users/edz/Library/Developer/Xcode/DerivedData/App-bytlbhqqorqzqidyjovihkqwnkia/Build/Intermediates.noindex/Pods.build/Release-iphonesimulator/MBProgressHUD.build/MBProgressHUD-project-headers.hmap (in target 'MBProgressHUD' from project 'Pods')
        cd /var/folders/4h/hxvz7hb959j4pw0pvbq686x00000gn/T/CocoaPods-Lint-20200722-25225-196xw43-UIModule/Pods
        write-file /Users/edz/Library/Developer/Xcode/DerivedData/App-bytlbhqqorqzqidyjovihkqwnkia/Build/Intermediates.noindex/Pods.build/Release-iphonesimulator/MBProgressHUD.build/MBProgressHUD-project-headers.hmap
    
    WriteAuxiliaryFile /Users/edz/Library/Developer/Xcode/DerivedData/App-bytlbhqqorqzqidyjovihkqwnkia/Build/Intermediates.noindex/Pods.build/Release-iphonesimulator/MBProgressHUD.build/MBProgressHUD-own-target-headers.hmap (in target 'MBProgressHUD' from project 'Pods')
        cd /var/folders/4h/hxvz7hb959j4pw0pvbq686x00000gn/T/CocoaPods-Lint-20200722-25225-196xw43-UIModule/Pods
        write-file /Users/edz/Library/Developer/Xcode/DerivedData/App-bytlbhqqorqzqidyjovihkqwnkia/Build/Intermediates.noindex/Pods.build/Release-iphonesimulator/MBProgressHUD.build/MBProgressHUD-own-target-headers.hmap
    
    WriteAuxiliaryFile /Users/edz/Library/Developer/Xcode/DerivedData/App-bytlbhqqorqzqidyjovihkqwnkia/Build/Intermediates.noindex/Pods.build/Release-iphonesimulator/MBProgressHUD.build/MBProgressHUD-generated-files.hmap (in target 'MBProgressHUD' from project 'Pods')
        cd /var/folders/4h/hxvz7hb959j4pw0pvbq686x00000gn/T/CocoaPods-Lint-20200722-25225-196xw43-UIModule/Pods
        write-file /Users/edz/Library/Developer/Xcode/DerivedData/App-bytlbhqqorqzqidyjovihkqwnkia/Build/Intermediates.noindex/Pods.build/Release-iphonesimulator/MBProgressHUD.build/MBProgressHUD-generated-files.hmap
    
    WriteAuxiliaryFile /Users/edz/Library/Developer/Xcode/DerivedData/App-bytlbhqqorqzqidyjovihkqwnkia/Build/Intermediates.noindex/Pods.build/Release-iphonesimulator/MBProgressHUD.build/MBProgressHUD-all-target-headers.hmap (in target 'MBProgressHUD' from project 'Pods')
        cd /var/folders/4h/hxvz7hb959j4pw0pvbq686x00000gn/T/CocoaPods-Lint-20200722-25225-196xw43-UIModule/Pods
        write-file /Users/edz/Library/Developer/Xcode/DerivedData/App-bytlbhqqorqzqidyjovihkqwnkia/Build/Intermediates.noindex/Pods.build/Release-iphonesimulator/MBProgressHUD.build/MBProgressHUD-all-target-headers.hmap
    
    WriteAuxiliaryFile /Users/edz/Library/Developer/Xcode/DerivedData/App-bytlbhqqorqzqidyjovihkqwnkia/Build/Intermediates.noindex/Pods.build/Release-iphonesimulator/MBProgressHUD.build/MBProgressHUD-all-non-framework-target-headers.hmap (in target 'MBProgressHUD' from project 'Pods')
        cd /var/folders/4h/hxvz7hb959j4pw0pvbq686x00000gn/T/CocoaPods-Lint-20200722-25225-196xw43-UIModule/Pods
        write-file /Users/edz/Library/Developer/Xcode/DerivedData/App-bytlbhqqorqzqidyjovihkqwnkia/Build/Intermediates.noindex/Pods.build/Release-iphonesimulator/MBProgressHUD.build/MBProgressHUD-all-non-framework-target-headers.hmap
    
    WriteAuxiliaryFile /Users/edz/Library/Developer/Xcode/DerivedData/App-bytlbhqqorqzqidyjovihkqwnkia/Build/Intermediates.noindex/Pods.build/Release-iphonesimulator/JSONModel.build/all-product-headers.yaml (in target 'JSONModel' from project 'Pods')
        cd /var/folders/4h/hxvz7hb959j4pw0pvbq686x00000gn/T/CocoaPods-Lint-20200722-25225-196xw43-UIModule/Pods
        write-file /Users/edz/Library/Developer/Xcode/DerivedData/App-bytlbhqqorqzqidyjovihkqwnkia/Build/Intermediates.noindex/Pods.build/Release-iphonesimulator/JSONModel.build/all-product-headers.yaml
    
    WriteAuxiliaryFile /Users/edz/Library/Developer/Xcode/DerivedData/App-bytlbhqqorqzqidyjovihkqwnkia/Build/Intermediates.noindex/Pods.build/Release-iphonesimulator/JSONModel.build/JSONModel.hmap (in target 'JSONModel' from project 'Pods')
        cd /var/folders/4h/hxvz7hb959j4pw0pvbq686x00000gn/T/CocoaPods-Lint-20200722-25225-196xw43-UIModule/Pods
        write-file /Users/edz/Library/Developer/Xcode/DerivedData/App-bytlbhqqorqzqidyjovihkqwnkia/Build/Intermediates.noindex/Pods.build/Release-iphonesimulator/JSONModel.build/JSONModel.hmap
    
    WriteAuxiliaryFile /Users/edz/Library/Developer/Xcode/DerivedData/App-bytlbhqqorqzqidyjovihkqwnkia/Build/Intermediates.noindex/Pods.build/Release-iphonesimulator/JSONModel.build/JSONModel-project-headers.hmap (in target 'JSONModel' from project 'Pods')
        cd /var/folders/4h/hxvz7hb959j4pw0pvbq686x00000gn/T/CocoaPods-Lint-20200722-25225-196xw43-UIModule/Pods
        write-file /Users/edz/Library/Developer/Xcode/DerivedData/App-bytlbhqqorqzqidyjovihkqwnkia/Build/Intermediates.noindex/Pods.build/Release-iphonesimulator/JSONModel.build/JSONModel-project-headers.hmap
    
    WriteAuxiliaryFile /Users/edz/Library/Developer/Xcode/DerivedData/App-bytlbhqqorqzqidyjovihkqwnkia/Build/Intermediates.noindex/Pods.build/Release-iphonesimulator/JSONModel.build/JSONModel-own-target-headers.hmap (in target 'JSONModel' from project 'Pods')
        cd /var/folders/4h/hxvz7hb959j4pw0pvbq686x00000gn/T/CocoaPods-Lint-20200722-25225-196xw43-UIModule/Pods
        write-file /Users/edz/Library/Developer/Xcode/DerivedData/App-bytlbhqqorqzqidyjovihkqwnkia/Build/Intermediates.noindex/Pods.build/Release-iphonesimulator/JSONModel.build/JSONModel-own-target-headers.hmap
    
    WriteAuxiliaryFile /Users/edz/Library/Developer/Xcode/DerivedData/App-bytlbhqqorqzqidyjovihkqwnkia/Build/Intermediates.noindex/Pods.build/Release-iphonesimulator/JSONModel.build/JSONModel-generated-files.hmap (in target 'JSONModel' from project 'Pods')
        cd /var/folders/4h/hxvz7hb959j4pw0pvbq686x00000gn/T/CocoaPods-Lint-20200722-25225-196xw43-UIModule/Pods
        write-file /Users/edz/Library/Developer/Xcode/DerivedData/App-bytlbhqqorqzqidyjovihkqwnkia/Build/Intermediates.noindex/Pods.build/Release-iphonesimulator/JSONModel.build/JSONModel-generated-files.hmap
    
    WriteAuxiliaryFile /Users/edz/Library/Developer/Xcode/DerivedData/App-bytlbhqqorqzqidyjovihkqwnkia/Build/Intermediates.noindex/Pods.build/Release-iphonesimulator/JSONModel.build/JSONModel-all-target-headers.hmap (in target 'JSONModel' from project 'Pods')
        cd /var/folders/4h/hxvz7hb959j4pw0pvbq686x00000gn/T/CocoaPods-Lint-20200722-25225-196xw43-UIModule/Pods
        write-file /Users/edz/Library/Developer/Xcode/DerivedData/App-bytlbhqqorqzqidyjovihkqwnkia/Build/Intermediates.noindex/Pods.build/Release-iphonesimulator/JSONModel.build/JSONModel-all-target-headers.hmap
    
    WriteAuxiliaryFile /Users/edz/Library/Developer/Xcode/DerivedData/App-bytlbhqqorqzqidyjovihkqwnkia/Build/Intermediates.noindex/Pods.build/Release-iphonesimulator/JSONModel.build/JSONModel-all-non-framework-target-headers.hmap (in target 'JSONModel' from project 'Pods')
        cd /var/folders/4h/hxvz7hb959j4pw0pvbq686x00000gn/T/CocoaPods-Lint-20200722-25225-196xw43-UIModule/Pods
        write-file /Users/edz/Library/Developer/Xcode/DerivedData/App-bytlbhqqorqzqidyjovihkqwnkia/Build/Intermediates.noindex/Pods.build/Release-iphonesimulator/JSONModel.build/JSONModel-all-non-framework-target-headers.hmap
    
    WriteAuxiliaryFile /Users/edz/Library/Developer/Xcode/DerivedData/App-bytlbhqqorqzqidyjovihkqwnkia/Build/Intermediates.noindex/Pods.build/Release-iphonesimulator/AFNetworking.build/all-product-headers.yaml (in target 'AFNetworking' from project 'Pods')
        cd /var/folders/4h/hxvz7hb959j4pw0pvbq686x00000gn/T/CocoaPods-Lint-20200722-25225-196xw43-UIModule/Pods
        write-file /Users/edz/Library/Developer/Xcode/DerivedData/App-bytlbhqqorqzqidyjovihkqwnkia/Build/Intermediates.noindex/Pods.build/Release-iphonesimulator/AFNetworking.build/all-product-headers.yaml
    
    WriteAuxiliaryFile /Users/edz/Library/Developer/Xcode/DerivedData/App-bytlbhqqorqzqidyjovihkqwnkia/Build/Intermediates.noindex/Pods.build/Release-iphonesimulator/AFNetworking.build/AFNetworking.hmap (in target 'AFNetworking' from project 'Pods')
        cd /var/folders/4h/hxvz7hb959j4pw0pvbq686x00000gn/T/CocoaPods-Lint-20200722-25225-196xw43-UIModule/Pods
        write-file /Users/edz/Library/Developer/Xcode/DerivedData/App-bytlbhqqorqzqidyjovihkqwnkia/Build/Intermediates.noindex/Pods.build/Release-iphonesimulator/AFNetworking.build/AFNetworking.hmap
    
    WriteAuxiliaryFile /Users/edz/Library/Developer/Xcode/DerivedData/App-bytlbhqqorqzqidyjovihkqwnkia/Build/Intermediates.noindex/Pods.build/Release-iphonesimulator/AFNetworking.build/AFNetworking-project-headers.hmap (in target 'AFNetworking' from project 'Pods')
        cd /var/folders/4h/hxvz7hb959j4pw0pvbq686x00000gn/T/CocoaPods-Lint-20200722-25225-196xw43-UIModule/Pods
        write-file /Users/edz/Library/Developer/Xcode/DerivedData/App-bytlbhqqorqzqidyjovihkqwnkia/Build/Intermediates.noindex/Pods.build/Release-iphonesimulator/AFNetworking.build/AFNetworking-project-headers.hmap
    
    WriteAuxiliaryFile /Users/edz/Library/Developer/Xcode/DerivedData/App-bytlbhqqorqzqidyjovihkqwnkia/Build/Intermediates.noindex/Pods.build/Release-iphonesimulator/AFNetworking.build/AFNetworking-own-target-headers.hmap (in target 'AFNetworking' from project 'Pods')
        cd /var/folders/4h/hxvz7hb959j4pw0pvbq686x00000gn/T/CocoaPods-Lint-20200722-25225-196xw43-UIModule/Pods
        write-file /Users/edz/Library/Developer/Xcode/DerivedData/App-bytlbhqqorqzqidyjovihkqwnkia/Build/Intermediates.noindex/Pods.build/Release-iphonesimulator/AFNetworking.build/AFNetworking-own-target-headers.hmap
    
    WriteAuxiliaryFile /Users/edz/Library/Developer/Xcode/DerivedData/App-bytlbhqqorqzqidyjovihkqwnkia/Build/Intermediates.noindex/Pods.build/Release-iphonesimulator/AFNetworking.build/AFNetworking-generated-files.hmap (in target 'AFNetworking' from project 'Pods')
        cd /var/folders/4h/hxvz7hb959j4pw0pvbq686x00000gn/T/CocoaPods-Lint-20200722-25225-196xw43-UIModule/Pods
        write-file /Users/edz/Library/Developer/Xcode/DerivedData/App-bytlbhqqorqzqidyjovihkqwnkia/Build/Intermediates.noindex/Pods.build/Release-iphonesimulator/AFNetworking.build/AFNetworking-generated-files.hmap
    
    WriteAuxiliaryFile /Users/edz/Library/Developer/Xcode/DerivedData/App-bytlbhqqorqzqidyjovihkqwnkia/Build/Intermediates.noindex/Pods.build/Release-iphonesimulator/AFNetworking.build/AFNetworking-all-target-headers.hmap (in target 'AFNetworking' from project 'Pods')
        cd /var/folders/4h/hxvz7hb959j4pw0pvbq686x00000gn/T/CocoaPods-Lint-20200722-25225-196xw43-UIModule/Pods
        write-file /Users/edz/Library/Developer/Xcode/DerivedData/App-bytlbhqqorqzqidyjovihkqwnkia/Build/Intermediates.noindex/Pods.build/Release-iphonesimulator/AFNetworking.build/AFNetworking-all-target-headers.hmap
    
    WriteAuxiliaryFile /Users/edz/Library/Developer/Xcode/DerivedData/App-bytlbhqqorqzqidyjovihkqwnkia/Build/Intermediates.noindex/Pods.build/Release-iphonesimulator/AFNetworking.build/AFNetworking-all-non-framework-target-headers.hmap (in target 'AFNetworking' from project 'Pods')
        cd /var/folders/4h/hxvz7hb959j4pw0pvbq686x00000gn/T/CocoaPods-Lint-20200722-25225-196xw43-UIModule/Pods
        write-file /Users/edz/Library/Developer/Xcode/DerivedData/App-bytlbhqqorqzqidyjovihkqwnkia/Build/Intermediates.noindex/Pods.build/Release-iphonesimulator/AFNetworking.build/AFNetworking-all-non-framework-target-headers.hmap
    
    WriteAuxiliaryFile /Users/edz/Library/Developer/Xcode/DerivedData/App-bytlbhqqorqzqidyjovihkqwnkia/Build/Intermediates.noindex/Pods.build/Release-iphonesimulator/SSZipArchive.build/module.modulemap (in target 'SSZipArchive' from project 'Pods')
        cd /var/folders/4h/hxvz7hb959j4pw0pvbq686x00000gn/T/CocoaPods-Lint-20200722-25225-196xw43-UIModule/Pods
        write-file /Users/edz/Library/Developer/Xcode/DerivedData/App-bytlbhqqorqzqidyjovihkqwnkia/Build/Intermediates.noindex/Pods.build/Release-iphonesimulator/SSZipArchive.build/module.modulemap
    
    ProcessInfoPlistFile /Users/edz/Library/Developer/Xcode/DerivedData/App-bytlbhqqorqzqidyjovihkqwnkia/Build/Products/Release-iphonesimulator/SSZipArchive/SSZipArchive.framework/Info.plist /var/folders/4h/hxvz7hb959j4pw0pvbq686x00000gn/T/CocoaPods-Lint-20200722-25225-196xw43-UIModule/Pods/Target\ Support\ Files/SSZipArchive/SSZipArchive-Info.plist (in target 'SSZipArchive' from project 'Pods')
        cd /var/folders/4h/hxvz7hb959j4pw0pvbq686x00000gn/T/CocoaPods-Lint-20200722-25225-196xw43-UIModule/Pods
        builtin-infoPlistUtility /var/folders/4h/hxvz7hb959j4pw0pvbq686x00000gn/T/CocoaPods-Lint-20200722-25225-196xw43-UIModule/Pods/Target\ Support\ Files/SSZipArchive/SSZipArchive-Info.plist -producttype com.apple.product-type.framework -expandbuildsettings -format binary -platform iphonesimulator -o /Users/edz/Library/Developer/Xcode/DerivedData/App-bytlbhqqorqzqidyjovihkqwnkia/Build/Products/Release-iphonesimulator/SSZipArchive/SSZipArchive.framework/Info.plist
    
    CpHeader /var/folders/4h/hxvz7hb959j4pw0pvbq686x00000gn/T/CocoaPods-Lint-20200722-25225-196xw43-UIModule/Pods/Target\ Support\ Files/SSZipArchive/SSZipArchive-umbrella.h /Users/edz/Library/Developer/Xcode/DerivedData/App-bytlbhqqorqzqidyjovihkqwnkia/Build/Products/Release-iphonesimulator/SSZipArchive/SSZipArchive.framework/Headers/SSZipArchive-umbrella.h (in target 'SSZipArchive' from project 'Pods')
        cd /var/folders/4h/hxvz7hb959j4pw0pvbq686x00000gn/T/CocoaPods-Lint-20200722-25225-196xw43-UIModule/Pods
        builtin-copy -exclude .DS_Store -exclude CVS -exclude .svn -exclude .git -exclude .hg -resolve-src-symlinks /var/folders/4h/hxvz7hb959j4pw0pvbq686x00000gn/T/CocoaPods-Lint-20200722-25225-196xw43-UIModule/Pods/Target\ Support\ Files/SSZipArchive/SSZipArchive-umbrella.h /Users/edz/Library/Developer/Xcode/DerivedData/App-bytlbhqqorqzqidyjovihkqwnkia/Build/Products/Release-iphonesimulator/SSZipArchive/SSZipArchive.framework/Headers
    
    CpHeader /var/folders/4h/hxvz7hb959j4pw0pvbq686x00000gn/T/CocoaPods-Lint-20200722-25225-196xw43-UIModule/Pods/SSZipArchive/SSZipArchive/ZipArchive.h /Users/edz/Library/Developer/Xcode/DerivedData/App-bytlbhqqorqzqidyjovihkqwnkia/Build/Products/Release-iphonesimulator/SSZipArchive/SSZipArchive.framework/Headers/ZipArchive.h (in target 'SSZipArchive' from project 'Pods')
        cd /var/folders/4h/hxvz7hb959j4pw0pvbq686x00000gn/T/CocoaPods-Lint-20200722-25225-196xw43-UIModule/Pods
        builtin-copy -exclude .DS_Store -exclude CVS -exclude .svn -exclude .git -exclude .hg -resolve-src-symlinks /var/folders/4h/hxvz7hb959j4pw0pvbq686x00000gn/T/CocoaPods-Lint-20200722-25225-196xw43-UIModule/Pods/SSZipArchive/SSZipArchive/ZipArchive.h /Users/edz/Library/Developer/Xcode/DerivedData/App-bytlbhqqorqzqidyjovihkqwnkia/Build/Products/Release-iphonesimulator/SSZipArchive/SSZipArchive.framework/Headers
    
    CpHeader /var/folders/4h/hxvz7hb959j4pw0pvbq686x00000gn/T/CocoaPods-Lint-20200722-25225-196xw43-UIModule/Pods/SSZipArchive/SSZipArchive/SSZipCommon.h /Users/edz/Library/Developer/Xcode/DerivedData/App-bytlbhqqorqzqidyjovihkqwnkia/Build/Products/Release-iphonesimulator/SSZipArchive/SSZipArchive.framework/Headers/SSZipCommon.h (in target 'SSZipArchive' from project 'Pods')
        cd /var/folders/4h/hxvz7hb959j4pw0pvbq686x00000gn/T/CocoaPods-Lint-20200722-25225-196xw43-UIModule/Pods
        builtin-copy -exclude .DS_Store -exclude CVS -exclude .svn -exclude .git -exclude .hg -resolve-src-symlinks /var/folders/4h/hxvz7hb959j4pw0pvbq686x00000gn/T/CocoaPods-Lint-20200722-25225-196xw43-UIModule/Pods/SSZipArchive/SSZipArchive/SSZipCommon.h /Users/edz/Library/Developer/Xcode/DerivedData/App-bytlbhqqorqzqidyjovihkqwnkia/Build/Products/Release-iphonesimulator/SSZipArchive/SSZipArchive.framework/Headers
    
    CpHeader /var/folders/4h/hxvz7hb959j4pw0pvbq686x00000gn/T/CocoaPods-Lint-20200722-25225-196xw43-UIModule/Pods/SSZipArchive/SSZipArchive/SSZipArchive.h /Users/edz/Library/Developer/Xcode/DerivedData/App-bytlbhqqorqzqidyjovihkqwnkia/Build/Products/Release-iphonesimulator/SSZipArchive/SSZipArchive.framework/Headers/SSZipArchive.h (in target 'SSZipArchive' from project 'Pods')
        cd /var/folders/4h/hxvz7hb959j4pw0pvbq686x00000gn/T/CocoaPods-Lint-20200722-25225-196xw43-UIModule/Pods
        builtin-copy -exclude .DS_Store -exclude CVS -exclude .svn -exclude .git -exclude .hg -resolve-src-symlinks /var/folders/4h/hxvz7hb959j4pw0pvbq686x00000gn/T/CocoaPods-Lint-20200722-25225-196xw43-UIModule/Pods/SSZipArchive/SSZipArchive/SSZipArchive.h /Users/edz/Library/Developer/Xcode/DerivedData/App-bytlbhqqorqzqidyjovihkqwnkia/Build/Products/Release-iphonesimulator/SSZipArchive/SSZipArchive.framework/Headers
    
    Ditto /Users/edz/Library/Developer/Xcode/DerivedData/App-bytlbhqqorqzqidyjovihkqwnkia/Build/Intermediates.noindex/Pods.build/Release-iphonesimulator/SSZipArchive.build/module.modulemap /Users/edz/Library/Developer/Xcode/DerivedData/App-bytlbhqqorqzqidyjovihkqwnkia/Build/Products/Release-iphonesimulator/SSZipArchive/SSZipArchive.framework/Modules/module.modulemap (in target 'SSZipArchive' from project 'Pods')
        cd /var/folders/4h/hxvz7hb959j4pw0pvbq686x00000gn/T/CocoaPods-Lint-20200722-25225-196xw43-UIModule/Pods
        builtin-copy -exclude .DS_Store -exclude CVS -exclude .svn -exclude .git -exclude .hg -resolve-src-symlinks /Users/edz/Library/Developer/Xcode/DerivedData/App-bytlbhqqorqzqidyjovihkqwnkia/Build/Intermediates.noindex/Pods.build/Release-iphonesimulator/SSZipArchive.build/module.modulemap /Users/edz/Library/Developer/Xcode/DerivedData/App-bytlbhqqorqzqidyjovihkqwnkia/Build/Products/Release-iphonesimulator/SSZipArchive/SSZipArchive.framework/Modules
    
    WriteAuxiliaryFile /Users/edz/Library/Developer/Xcode/DerivedData/App-bytlbhqqorqzqidyjovihkqwnkia/Build/Intermediates.noindex/Pods.build/Release-iphonesimulator/Masonry.build/module.modulemap (in target 'Masonry' from project 'Pods')
        cd /var/folders/4h/hxvz7hb959j4pw0pvbq686x00000gn/T/CocoaPods-Lint-20200722-25225-196xw43-UIModule/Pods
        write-file /Users/edz/Library/Developer/Xcode/DerivedData/App-bytlbhqqorqzqidyjovihkqwnkia/Build/Intermediates.noindex/Pods.build/Release-iphonesimulator/Masonry.build/module.modulemap
    
    ProcessInfoPlistFile /Users/edz/Library/Developer/Xcode/DerivedData/App-bytlbhqqorqzqidyjovihkqwnkia/Build/Products/Release-iphonesimulator/Masonry/Masonry.framework/Info.plist /var/folders/4h/hxvz7hb959j4pw0pvbq686x00000gn/T/CocoaPods-Lint-20200722-25225-196xw43-UIModule/Pods/Target\ Support\ Files/Masonry/Masonry-Info.plist (in target 'Masonry' from project 'Pods')
        cd /var/folders/4h/hxvz7hb959j4pw0pvbq686x00000gn/T/CocoaPods-Lint-20200722-25225-196xw43-UIModule/Pods
        builtin-infoPlistUtility /var/folders/4h/hxvz7hb959j4pw0pvbq686x00000gn/T/CocoaPods-Lint-20200722-25225-196xw43-UIModule/Pods/Target\ Support\ Files/Masonry/Masonry-Info.plist -producttype com.apple.product-type.framework -expandbuildsettings -format binary -platform iphonesimulator -o /Users/edz/Library/Developer/Xcode/DerivedData/App-bytlbhqqorqzqidyjovihkqwnkia/Build/Products/Release-iphonesimulator/Masonry/Masonry.framework/Info.plist
    
    CpHeader /var/folders/4h/hxvz7hb959j4pw0pvbq686x00000gn/T/CocoaPods-Lint-20200722-25225-196xw43-UIModule/Pods/Target\ Support\ Files/Masonry/Masonry-umbrella.h /Users/edz/Library/Developer/Xcode/DerivedData/App-bytlbhqqorqzqidyjovihkqwnkia/Build/Products/Release-iphonesimulator/Masonry/Masonry.framework/Headers/Masonry-umbrella.h (in target 'Masonry' from project 'Pods')
        cd /var/folders/4h/hxvz7hb959j4pw0pvbq686x00000gn/T/CocoaPods-Lint-20200722-25225-196xw43-UIModule/Pods
        builtin-copy -exclude .DS_Store -exclude CVS -exclude .svn -exclude .git -exclude .hg -resolve-src-symlinks /var/folders/4h/hxvz7hb959j4pw0pvbq686x00000gn/T/CocoaPods-Lint-20200722-25225-196xw43-UIModule/Pods/Target\ Support\ Files/Masonry/Masonry-umbrella.h /Users/edz/Library/Developer/Xcode/DerivedData/App-bytlbhqqorqzqidyjovihkqwnkia/Build/Products/Release-iphonesimulator/Masonry/Masonry.framework/Headers
    
    CpHeader /var/folders/4h/hxvz7hb959j4pw0pvbq686x00000gn/T/CocoaPods-Lint-20200722-25225-196xw43-UIModule/Pods/Masonry/Masonry/ViewController+MASAdditions.h /Users/edz/Library/Developer/Xcode/DerivedData/App-bytlbhqqorqzqidyjovihkqwnkia/Build/Products/Release-iphonesimulator/Masonry/Masonry.framework/Headers/ViewController+MASAdditions.h (in target 'Masonry' from project 'Pods')
        cd /var/folders/4h/hxvz7hb959j4pw0pvbq686x00000gn/T/CocoaPods-Lint-20200722-25225-196xw43-UIModule/Pods
        builtin-copy -exclude .DS_Store -exclude CVS -exclude .svn -exclude .git -exclude .hg -resolve-src-symlinks /var/folders/4h/hxvz7hb959j4pw0pvbq686x00000gn/T/CocoaPods-Lint-20200722-25225-196xw43-UIModule/Pods/Masonry/Masonry/ViewController+MASAdditions.h /Users/edz/Library/Developer/Xcode/DerivedData/App-bytlbhqqorqzqidyjovihkqwnkia/Build/Products/Release-iphonesimulator/Masonry/Masonry.framework/Headers
    
    CpHeader /var/folders/4h/hxvz7hb959j4pw0pvbq686x00000gn/T/CocoaPods-Lint-20200722-25225-196xw43-UIModule/Pods/Masonry/Masonry/View+MASShorthandAdditions.h /Users/edz/Library/Developer/Xcode/DerivedData/App-bytlbhqqorqzqidyjovihkqwnkia/Build/Products/Release-iphonesimulator/Masonry/Masonry.framework/Headers/View+MASShorthandAdditions.h (in target 'Masonry' from project 'Pods')
        cd /var/folders/4h/hxvz7hb959j4pw0pvbq686x00000gn/T/CocoaPods-Lint-20200722-25225-196xw43-UIModule/Pods
        builtin-copy -exclude .DS_Store -exclude CVS -exclude .svn -exclude .git -exclude .hg -resolve-src-symlinks /var/folders/4h/hxvz7hb959j4pw0pvbq686x00000gn/T/CocoaPods-Lint-20200722-25225-196xw43-UIModule/Pods/Masonry/Masonry/View+MASShorthandAdditions.h /Users/edz/Library/Developer/Xcode/DerivedData/App-bytlbhqqorqzqidyjovihkqwnkia/Build/Products/Release-iphonesimulator/Masonry/Masonry.framework/Headers
    
    Ditto /Users/edz/Library/Developer/Xcode/DerivedData/App-bytlbhqqorqzqidyjovihkqwnkia/Build/Intermediates.noindex/Pods.build/Release-iphonesimulator/Masonry.build/module.modulemap /Users/edz/Library/Developer/Xcode/DerivedData/App-bytlbhqqorqzqidyjovihkqwnkia/Build/Products/Release-iphonesimulator/Masonry/Masonry.framework/Modules/module.modulemap (in target 'Masonry' from project 'Pods')
        cd /var/folders/4h/hxvz7hb959j4pw0pvbq686x00000gn/T/CocoaPods-Lint-20200722-25225-196xw43-UIModule/Pods
        builtin-copy -exclude .DS_Store -exclude CVS -exclude .svn -exclude .git -exclude .hg -resolve-src-symlinks /Users/edz/Library/Developer/Xcode/DerivedData/App-bytlbhqqorqzqidyjovihkqwnkia/Build/Intermediates.noindex/Pods.build/Release-iphonesimulator/Masonry.build/module.modulemap /Users/edz/Library/Developer/Xcode/DerivedData/App-bytlbhqqorqzqidyjovihkqwnkia/Build/Products/Release-iphonesimulator/Masonry/Masonry.framework/Modules
    
    CpHeader /var/folders/4h/hxvz7hb959j4pw0pvbq686x00000gn/T/CocoaPods-Lint-20200722-25225-196xw43-UIModule/Pods/Masonry/Masonry/View+MASAdditions.h /Users/edz/Library/Developer/Xcode/DerivedData/App-bytlbhqqorqzqidyjovihkqwnkia/Build/Products/Release-iphonesimulator/Masonry/Masonry.framework/Headers/View+MASAdditions.h (in target 'Masonry' from project 'Pods')
        cd /var/folders/4h/hxvz7hb959j4pw0pvbq686x00000gn/T/CocoaPods-Lint-20200722-25225-196xw43-UIModule/Pods
        builtin-copy -exclude .DS_Store -exclude CVS -exclude .svn -exclude .git -exclude .hg -resolve-src-symlinks /var/folders/4h/hxvz7hb959j4pw0pvbq686x00000gn/T/CocoaPods-Lint-20200722-25225-196xw43-UIModule/Pods/Masonry/Masonry/View+MASAdditions.h /Users/edz/Library/Developer/Xcode/DerivedData/App-bytlbhqqorqzqidyjovihkqwnkia/Build/Products/Release-iphonesimulator/Masonry/Masonry.framework/Headers
    
    CpHeader /var/folders/4h/hxvz7hb959j4pw0pvbq686x00000gn/T/CocoaPods-Lint-20200722-25225-196xw43-UIModule/Pods/Masonry/Masonry/NSLayoutConstraint+MASDebugAdditions.h /Users/edz/Library/Developer/Xcode/DerivedData/App-bytlbhqqorqzqidyjovihkqwnkia/Build/Products/Release-iphonesimulator/Masonry/Masonry.framework/Headers/NSLayoutConstraint+MASDebugAdditions.h (in target 'Masonry' from project 'Pods')
        cd /var/folders/4h/hxvz7hb959j4pw0pvbq686x00000gn/T/CocoaPods-Lint-20200722-25225-196xw43-UIModule/Pods
        builtin-copy -exclude .DS_Store -exclude CVS -exclude .svn -exclude .git -exclude .hg -resolve-src-symlinks /var/folders/4h/hxvz7hb959j4pw0pvbq686x00000gn/T/CocoaPods-Lint-20200722-25225-196xw43-UIModule/Pods/Masonry/Masonry/NSLayoutConstraint+MASDebugAdditions.h /Users/edz/Library/Developer/Xcode/DerivedData/App-bytlbhqqorqzqidyjovihkqwnkia/Build/Products/Release-iphonesimulator/Masonry/Masonry.framework/Headers
    
    CpHeader /var/folders/4h/hxvz7hb959j4pw0pvbq686x00000gn/T/CocoaPods-Lint-20200722-25225-196xw43-UIModule/Pods/Masonry/Masonry/NSArray+MASShorthandAdditions.h /Users/edz/Library/Developer/Xcode/DerivedData/App-bytlbhqqorqzqidyjovihkqwnkia/Build/Products/Release-iphonesimulator/Masonry/Masonry.framework/Headers/NSArray+MASShorthandAdditions.h (in target 'Masonry' from project 'Pods')
        cd /var/folders/4h/hxvz7hb959j4pw0pvbq686x00000gn/T/CocoaPods-Lint-20200722-25225-196xw43-UIModule/Pods
        builtin-copy -exclude .DS_Store -exclude CVS -exclude .svn -exclude .git -exclude .hg -resolve-src-symlinks /var/folders/4h/hxvz7hb959j4pw0pvbq686x00000gn/T/CocoaPods-Lint-20200722-25225-196xw43-UIModule/Pods/Masonry/Masonry/NSArray+MASShorthandAdditions.h /Users/edz/Library/Developer/Xcode/DerivedData/App-bytlbhqqorqzqidyjovihkqwnkia/Build/Products/Release-iphonesimulator/Masonry/Masonry.framework/Headers
    
    CpHeader /var/folders/4h/hxvz7hb959j4pw0pvbq686x00000gn/T/CocoaPods-Lint-20200722-25225-196xw43-UIModule/Pods/Masonry/Masonry/NSArray+MASAdditions.h /Users/edz/Library/Developer/Xcode/DerivedData/App-bytlbhqqorqzqidyjovihkqwnkia/Build/Products/Release-iphonesimulator/Masonry/Masonry.framework/Headers/NSArray+MASAdditions.h (in target 'Masonry' from project 'Pods')
        cd /var/folders/4h/hxvz7hb959j4pw0pvbq686x00000gn/T/CocoaPods-Lint-20200722-25225-196xw43-UIModule/Pods
        builtin-copy -exclude .DS_Store -exclude CVS -exclude .svn -exclude .git -exclude .hg -resolve-src-symlinks /var/folders/4h/hxvz7hb959j4pw0pvbq686x00000gn/T/CocoaPods-Lint-20200722-25225-196xw43-UIModule/Pods/Masonry/Masonry/NSArray+MASAdditions.h /Users/edz/Library/Developer/Xcode/DerivedData/App-bytlbhqqorqzqidyjovihkqwnkia/Build/Products/Release-iphonesimulator/Masonry/Masonry.framework/Headers
    
    CpHeader /var/folders/4h/hxvz7hb959j4pw0pvbq686x00000gn/T/CocoaPods-Lint-20200722-25225-196xw43-UIModule/Pods/Masonry/Masonry/Masonry.h /Users/edz/Library/Developer/Xcode/DerivedData/App-bytlbhqqorqzqidyjovihkqwnkia/Build/Products/Release-iphonesimulator/Masonry/Masonry.framework/Headers/Masonry.h (in target 'Masonry' from project 'Pods')
        cd /var/folders/4h/hxvz7hb959j4pw0pvbq686x00000gn/T/CocoaPods-Lint-20200722-25225-196xw43-UIModule/Pods
        builtin-copy -exclude .DS_Store -exclude CVS -exclude .svn -exclude .git -exclude .hg -resolve-src-symlinks /var/folders/4h/hxvz7hb959j4pw0pvbq686x00000gn/T/CocoaPods-Lint-20200722-25225-196xw43-UIModule/Pods/Masonry/Masonry/Masonry.h /Users/edz/Library/Developer/Xcode/DerivedData/App-bytlbhqqorqzqidyjovihkqwnkia/Build/Products/Release-iphonesimulator/Masonry/Masonry.framework/Headers
    
    CpHeader /var/folders/4h/hxvz7hb959j4pw0pvbq686x00000gn/T/CocoaPods-Lint-20200722-25225-196xw43-UIModule/Pods/Masonry/Masonry/MASViewConstraint.h /Users/edz/Library/Developer/Xcode/DerivedData/App-bytlbhqqorqzqidyjovihkqwnkia/Build/Products/Release-iphonesimulator/Masonry/Masonry.framework/Headers/MASViewConstraint.h (in target 'Masonry' from project 'Pods')
        cd /var/folders/4h/hxvz7hb959j4pw0pvbq686x00000gn/T/CocoaPods-Lint-20200722-25225-196xw43-UIModule/Pods
        builtin-copy -exclude .DS_Store -exclude CVS -exclude .svn -exclude .git -exclude .hg -resolve-src-symlinks /var/folders/4h/hxvz7hb959j4pw0pvbq686x00000gn/T/CocoaPods-Lint-20200722-25225-196xw43-UIModule/Pods/Masonry/Masonry/MASViewConstraint.h /Users/edz/Library/Developer/Xcode/DerivedData/App-bytlbhqqorqzqidyjovihkqwnkia/Build/Products/Release-iphonesimulator/Masonry/Masonry.framework/Headers
    
    CpHeader /var/folders/4h/hxvz7hb959j4pw0pvbq686x00000gn/T/CocoaPods-Lint-20200722-25225-196xw43-UIModule/Pods/Masonry/Masonry/MASViewAttribute.h /Users/edz/Library/Developer/Xcode/DerivedData/App-bytlbhqqorqzqidyjovihkqwnkia/Build/Products/Release-iphonesimulator/Masonry/Masonry.framework/Headers/MASViewAttribute.h (in target 'Masonry' from project 'Pods')
        cd /var/folders/4h/hxvz7hb959j4pw0pvbq686x00000gn/T/CocoaPods-Lint-20200722-25225-196xw43-UIModule/Pods
        builtin-copy -exclude .DS_Store -exclude CVS -exclude .svn -exclude .git -exclude .hg -resolve-src-symlinks /var/folders/4h/hxvz7hb959j4pw0pvbq686x00000gn/T/CocoaPods-Lint-20200722-25225-196xw43-UIModule/Pods/Masonry/Masonry/MASViewAttribute.h /Users/edz/Library/Developer/Xcode/DerivedData/App-bytlbhqqorqzqidyjovihkqwnkia/Build/Products/Release-iphonesimulator/Masonry/Masonry.framework/Headers
    
    CpHeader /var/folders/4h/hxvz7hb959j4pw0pvbq686x00000gn/T/CocoaPods-Lint-20200722-25225-196xw43-UIModule/Pods/Masonry/Masonry/MASUtilities.h /Users/edz/Library/Developer/Xcode/DerivedData/App-bytlbhqqorqzqidyjovihkqwnkia/Build/Products/Release-iphonesimulator/Masonry/Masonry.framework/Headers/MASUtilities.h (in target 'Masonry' from project 'Pods')
        cd /var/folders/4h/hxvz7hb959j4pw0pvbq686x00000gn/T/CocoaPods-Lint-20200722-25225-196xw43-UIModule/Pods
        builtin-copy -exclude .DS_Store -exclude CVS -exclude .svn -exclude .git -exclude .hg -resolve-src-symlinks /var/folders/4h/hxvz7hb959j4pw0pvbq686x00000gn/T/CocoaPods-Lint-20200722-25225-196xw43-UIModule/Pods/Masonry/Masonry/MASUtilities.h /Users/edz/Library/Developer/Xcode/DerivedData/App-bytlbhqqorqzqidyjovihkqwnkia/Build/Products/Release-iphonesimulator/Masonry/Masonry.framework/Headers
    
    CpHeader /var/folders/4h/hxvz7hb959j4pw0pvbq686x00000gn/T/CocoaPods-Lint-20200722-25225-196xw43-UIModule/Pods/Masonry/Masonry/MASLayoutConstraint.h /Users/edz/Library/Developer/Xcode/DerivedData/App-bytlbhqqorqzqidyjovihkqwnkia/Build/Products/Release-iphonesimulator/Masonry/Masonry.framework/Headers/MASLayoutConstraint.h (in target 'Masonry' from project 'Pods')
        cd /var/folders/4h/hxvz7hb959j4pw0pvbq686x00000gn/T/CocoaPods-Lint-20200722-25225-196xw43-UIModule/Pods
        builtin-copy -exclude .DS_Store -exclude CVS -exclude .svn -exclude .git -exclude .hg -resolve-src-symlinks /var/folders/4h/hxvz7hb959j4pw0pvbq686x00000gn/T/CocoaPods-Lint-20200722-25225-196xw43-UIModule/Pods/Masonry/Masonry/MASLayoutConstraint.h /Users/edz/Library/Developer/Xcode/DerivedData/App-bytlbhqqorqzqidyjovihkqwnkia/Build/Products/Release-iphonesimulator/Masonry/Masonry.framework/Headers
    
    CpHeader /var/folders/4h/hxvz7hb959j4pw0pvbq686x00000gn/T/CocoaPods-Lint-20200722-25225-196xw43-UIModule/Pods/Masonry/Masonry/MASConstraintMaker.h /Users/edz/Library/Developer/Xcode/DerivedData/App-bytlbhqqorqzqidyjovihkqwnkia/Build/Products/Release-iphonesimulator/Masonry/Masonry.framework/Headers/MASConstraintMaker.h (in target 'Masonry' from project 'Pods')
        cd /var/folders/4h/hxvz7hb959j4pw0pvbq686x00000gn/T/CocoaPods-Lint-20200722-25225-196xw43-UIModule/Pods
        builtin-copy -exclude .DS_Store -exclude CVS -exclude .svn -exclude .git -exclude .hg -resolve-src-symlinks /var/folders/4h/hxvz7hb959j4pw0pvbq686x00000gn/T/CocoaPods-Lint-20200722-25225-196xw43-UIModule/Pods/Masonry/Masonry/MASConstraintMaker.h /Users/edz/Library/Developer/Xcode/DerivedData/App-bytlbhqqorqzqidyjovihkqwnkia/Build/Products/Release-iphonesimulator/Masonry/Masonry.framework/Headers
    
    CpHeader /var/folders/4h/hxvz7hb959j4pw0pvbq686x00000gn/T/CocoaPods-Lint-20200722-25225-196xw43-UIModule/Pods/Masonry/Masonry/MASConstraint.h /Users/edz/Library/Developer/Xcode/DerivedData/App-bytlbhqqorqzqidyjovihkqwnkia/Build/Products/Release-iphonesimulator/Masonry/Masonry.framework/Headers/MASConstraint.h (in target 'Masonry' from project 'Pods')
        cd /var/folders/4h/hxvz7hb959j4pw0pvbq686x00000gn/T/CocoaPods-Lint-20200722-25225-196xw43-UIModule/Pods
        builtin-copy -exclude .DS_Store -exclude CVS -exclude .svn -exclude .git -exclude .hg -resolve-src-symlinks /var/folders/4h/hxvz7hb959j4pw0pvbq686x00000gn/T/CocoaPods-Lint-20200722-25225-196xw43-UIModule/Pods/Masonry/Masonry/MASConstraint.h /Users/edz/Library/Developer/Xcode/DerivedData/App-bytlbhqqorqzqidyjovihkqwnkia/Build/Products/Release-iphonesimulator/Masonry/Masonry.framework/Headers
    
    CpHeader /var/folders/4h/hxvz7hb959j4pw0pvbq686x00000gn/T/CocoaPods-Lint-20200722-25225-196xw43-UIModule/Pods/Masonry/Masonry/MASConstraint+Private.h /Users/edz/Library/Developer/Xcode/DerivedData/App-bytlbhqqorqzqidyjovihkqwnkia/Build/Products/Release-iphonesimulator/Masonry/Masonry.framework/Headers/MASConstraint+Private.h (in target 'Masonry' from project 'Pods')
        cd /var/folders/4h/hxvz7hb959j4pw0pvbq686x00000gn/T/CocoaPods-Lint-20200722-25225-196xw43-UIModule/Pods
        builtin-copy -exclude .DS_Store -exclude CVS -exclude .svn -exclude .git -exclude .hg -resolve-src-symlinks /var/folders/4h/hxvz7hb959j4pw0pvbq686x00000gn/T/CocoaPods-Lint-20200722-25225-196xw43-UIModule/Pods/Masonry/Masonry/MASConstraint+Private.h /Users/edz/Library/Developer/Xcode/DerivedData/App-bytlbhqqorqzqidyjovihkqwnkia/Build/Products/Release-iphonesimulator/Masonry/Masonry.framework/Headers
    
    CpHeader /var/folders/4h/hxvz7hb959j4pw0pvbq686x00000gn/T/CocoaPods-Lint-20200722-25225-196xw43-UIModule/Pods/Masonry/Masonry/MASCompositeConstraint.h /Users/edz/Library/Developer/Xcode/DerivedData/App-bytlbhqqorqzqidyjovihkqwnkia/Build/Products/Release-iphonesimulator/Masonry/Masonry.framework/Headers/MASCompositeConstraint.h (in target 'Masonry' from project 'Pods')
        cd /var/folders/4h/hxvz7hb959j4pw0pvbq686x00000gn/T/CocoaPods-Lint-20200722-25225-196xw43-UIModule/Pods
        builtin-copy -exclude .DS_Store -exclude CVS -exclude .svn -exclude .git -exclude .hg -resolve-src-symlinks /var/folders/4h/hxvz7hb959j4pw0pvbq686x00000gn/T/CocoaPods-Lint-20200722-25225-196xw43-UIModule/Pods/Masonry/Masonry/MASCompositeConstraint.h /Users/edz/Library/Developer/Xcode/DerivedData/App-bytlbhqqorqzqidyjovihkqwnkia/Build/Products/Release-iphonesimulator/Masonry/Masonry.framework/Headers
    
    WriteAuxiliaryFile /Users/edz/Library/Developer/Xcode/DerivedData/App-bytlbhqqorqzqidyjovihkqwnkia/Build/Intermediates.noindex/Pods.build/Release-iphonesimulator/MBProgressHUD.build/module.modulemap (in target 'MBProgressHUD' from project 'Pods')
        cd /var/folders/4h/hxvz7hb959j4pw0pvbq686x00000gn/T/CocoaPods-Lint-20200722-25225-196xw43-UIModule/Pods
        write-file /Users/edz/Library/Developer/Xcode/DerivedData/App-bytlbhqqorqzqidyjovihkqwnkia/Build/Intermediates.noindex/Pods.build/Release-iphonesimulator/MBProgressHUD.build/module.modulemap
    
    ProcessInfoPlistFile /Users/edz/Library/Developer/Xcode/DerivedData/App-bytlbhqqorqzqidyjovihkqwnkia/Build/Products/Release-iphonesimulator/MBProgressHUD/MBProgressHUD.framework/Info.plist /var/folders/4h/hxvz7hb959j4pw0pvbq686x00000gn/T/CocoaPods-Lint-20200722-25225-196xw43-UIModule/Pods/Target\ Support\ Files/MBProgressHUD/MBProgressHUD-Info.plist (in target 'MBProgressHUD' from project 'Pods')
        cd /var/folders/4h/hxvz7hb959j4pw0pvbq686x00000gn/T/CocoaPods-Lint-20200722-25225-196xw43-UIModule/Pods
        builtin-infoPlistUtility /var/folders/4h/hxvz7hb959j4pw0pvbq686x00000gn/T/CocoaPods-Lint-20200722-25225-196xw43-UIModule/Pods/Target\ Support\ Files/MBProgressHUD/MBProgressHUD-Info.plist -producttype com.apple.product-type.framework -expandbuildsettings -format binary -platform iphonesimulator -o /Users/edz/Library/Developer/Xcode/DerivedData/App-bytlbhqqorqzqidyjovihkqwnkia/Build/Products/Release-iphonesimulator/MBProgressHUD/MBProgressHUD.framework/Info.plist
    
    CpHeader /var/folders/4h/hxvz7hb959j4pw0pvbq686x00000gn/T/CocoaPods-Lint-20200722-25225-196xw43-UIModule/Pods/Target\ Support\ Files/MBProgressHUD/MBProgressHUD-umbrella.h /Users/edz/Library/Developer/Xcode/DerivedData/App-bytlbhqqorqzqidyjovihkqwnkia/Build/Products/Release-iphonesimulator/MBProgressHUD/MBProgressHUD.framework/Headers/MBProgressHUD-umbrella.h (in target 'MBProgressHUD' from project 'Pods')
        cd /var/folders/4h/hxvz7hb959j4pw0pvbq686x00000gn/T/CocoaPods-Lint-20200722-25225-196xw43-UIModule/Pods
        builtin-copy -exclude .DS_Store -exclude CVS -exclude .svn -exclude .git -exclude .hg -resolve-src-symlinks /var/folders/4h/hxvz7hb959j4pw0pvbq686x00000gn/T/CocoaPods-Lint-20200722-25225-196xw43-UIModule/Pods/Target\ Support\ Files/MBProgressHUD/MBProgressHUD-umbrella.h /Users/edz/Library/Developer/Xcode/DerivedData/App-bytlbhqqorqzqidyjovihkqwnkia/Build/Products/Release-iphonesimulator/MBProgressHUD/MBProgressHUD.framework/Headers
    
    CpHeader /var/folders/4h/hxvz7hb959j4pw0pvbq686x00000gn/T/CocoaPods-Lint-20200722-25225-196xw43-UIModule/Pods/MBProgressHUD/MBProgressHUD.h /Users/edz/Library/Developer/Xcode/DerivedData/App-bytlbhqqorqzqidyjovihkqwnkia/Build/Products/Release-iphonesimulator/MBProgressHUD/MBProgressHUD.framework/Headers/MBProgressHUD.h (in target 'MBProgressHUD' from project 'Pods')
        cd /var/folders/4h/hxvz7hb959j4pw0pvbq686x00000gn/T/CocoaPods-Lint-20200722-25225-196xw43-UIModule/Pods
        builtin-copy -exclude .DS_Store -exclude CVS -exclude .svn -exclude .git -exclude .hg -resolve-src-symlinks /var/folders/4h/hxvz7hb959j4pw0pvbq686x00000gn/T/CocoaPods-Lint-20200722-25225-196xw43-UIModule/Pods/MBProgressHUD/MBProgressHUD.h /Users/edz/Library/Developer/Xcode/DerivedData/App-bytlbhqqorqzqidyjovihkqwnkia/Build/Products/Release-iphonesimulator/MBProgressHUD/MBProgressHUD.framework/Headers
    
    WriteAuxiliaryFile /Users/edz/Library/Developer/Xcode/DerivedData/App-bytlbhqqorqzqidyjovihkqwnkia/Build/Intermediates.noindex/Pods.build/Release-iphonesimulator/JSONModel.build/module.modulemap (in target 'JSONModel' from project 'Pods')
        cd /var/folders/4h/hxvz7hb959j4pw0pvbq686x00000gn/T/CocoaPods-Lint-20200722-25225-196xw43-UIModule/Pods
        write-file /Users/edz/Library/Developer/Xcode/DerivedData/App-bytlbhqqorqzqidyjovihkqwnkia/Build/Intermediates.noindex/Pods.build/Release-iphonesimulator/JSONModel.build/module.modulemap
    
    Ditto /Users/edz/Library/Developer/Xcode/DerivedData/App-bytlbhqqorqzqidyjovihkqwnkia/Build/Intermediates.noindex/Pods.build/Release-iphonesimulator/MBProgressHUD.build/module.modulemap /Users/edz/Library/Developer/Xcode/DerivedData/App-bytlbhqqorqzqidyjovihkqwnkia/Build/Products/Release-iphonesimulator/MBProgressHUD/MBProgressHUD.framework/Modules/module.modulemap (in target 'MBProgressHUD' from project 'Pods')
        cd /var/folders/4h/hxvz7hb959j4pw0pvbq686x00000gn/T/CocoaPods-Lint-20200722-25225-196xw43-UIModule/Pods
        builtin-copy -exclude .DS_Store -exclude CVS -exclude .svn -exclude .git -exclude .hg -resolve-src-symlinks /Users/edz/Library/Developer/Xcode/DerivedData/App-bytlbhqqorqzqidyjovihkqwnkia/Build/Intermediates.noindex/Pods.build/Release-iphonesimulator/MBProgressHUD.build/module.modulemap /Users/edz/Library/Developer/Xcode/DerivedData/App-bytlbhqqorqzqidyjovihkqwnkia/Build/Products/Release-iphonesimulator/MBProgressHUD/MBProgressHUD.framework/Modules
    
    ProcessInfoPlistFile /Users/edz/Library/Developer/Xcode/DerivedData/App-bytlbhqqorqzqidyjovihkqwnkia/Build/Products/Release-iphonesimulator/JSONModel/JSONModel.framework/Info.plist /var/folders/4h/hxvz7hb959j4pw0pvbq686x00000gn/T/CocoaPods-Lint-20200722-25225-196xw43-UIModule/Pods/Target\ Support\ Files/JSONModel/JSONModel-Info.plist (in target 'JSONModel' from project 'Pods')
        cd /var/folders/4h/hxvz7hb959j4pw0pvbq686x00000gn/T/CocoaPods-Lint-20200722-25225-196xw43-UIModule/Pods
        builtin-infoPlistUtility /var/folders/4h/hxvz7hb959j4pw0pvbq686x00000gn/T/CocoaPods-Lint-20200722-25225-196xw43-UIModule/Pods/Target\ Support\ Files/JSONModel/JSONModel-Info.plist -producttype com.apple.product-type.framework -expandbuildsettings -format binary -platform iphonesimulator -o /Users/edz/Library/Developer/Xcode/DerivedData/App-bytlbhqqorqzqidyjovihkqwnkia/Build/Products/Release-iphonesimulator/JSONModel/JSONModel.framework/Info.plist
    
    CpHeader /var/folders/4h/hxvz7hb959j4pw0pvbq686x00000gn/T/CocoaPods-Lint-20200722-25225-196xw43-UIModule/Pods/Target\ Support\ Files/JSONModel/JSONModel-umbrella.h /Users/edz/Library/Developer/Xcode/DerivedData/App-bytlbhqqorqzqidyjovihkqwnkia/Build/Products/Release-iphonesimulator/JSONModel/JSONModel.framework/Headers/JSONModel-umbrella.h (in target 'JSONModel' from project 'Pods')
        cd /var/folders/4h/hxvz7hb959j4pw0pvbq686x00000gn/T/CocoaPods-Lint-20200722-25225-196xw43-UIModule/Pods
        builtin-copy -exclude .DS_Store -exclude CVS -exclude .svn -exclude .git -exclude .hg -resolve-src-symlinks /var/folders/4h/hxvz7hb959j4pw0pvbq686x00000gn/T/CocoaPods-Lint-20200722-25225-196xw43-UIModule/Pods/Target\ Support\ Files/JSONModel/JSONModel-umbrella.h /Users/edz/Library/Developer/Xcode/DerivedData/App-bytlbhqqorqzqidyjovihkqwnkia/Build/Products/Release-iphonesimulator/JSONModel/JSONModel.framework/Headers
    
    CpHeader /var/folders/4h/hxvz7hb959j4pw0pvbq686x00000gn/T/CocoaPods-Lint-20200722-25225-196xw43-UIModule/Pods/JSONModel/JSONModel/JSONModelTransformations/JSONValueTransformer.h /Users/edz/Library/Developer/Xcode/DerivedData/App-bytlbhqqorqzqidyjovihkqwnkia/Build/Products/Release-iphonesimulator/JSONModel/JSONModel.framework/Headers/JSONValueTransformer.h (in target 'JSONModel' from project 'Pods')
        cd /var/folders/4h/hxvz7hb959j4pw0pvbq686x00000gn/T/CocoaPods-Lint-20200722-25225-196xw43-UIModule/Pods
        builtin-copy -exclude .DS_Store -exclude CVS -exclude .svn -exclude .git -exclude .hg -resolve-src-symlinks /var/folders/4h/hxvz7hb959j4pw0pvbq686x00000gn/T/CocoaPods-Lint-20200722-25225-196xw43-UIModule/Pods/JSONModel/JSONModel/JSONModelTransformations/JSONValueTransformer.h /Users/edz/Library/Developer/Xcode/DerivedData/App-bytlbhqqorqzqidyjovihkqwnkia/Build/Products/Release-iphonesimulator/JSONModel/JSONModel.framework/Headers
    
    Ditto /Users/edz/Library/Developer/Xcode/DerivedData/App-bytlbhqqorqzqidyjovihkqwnkia/Build/Intermediates.noindex/Pods.build/Release-iphonesimulator/JSONModel.build/module.modulemap /Users/edz/Library/Developer/Xcode/DerivedData/App-bytlbhqqorqzqidyjovihkqwnkia/Build/Products/Release-iphonesimulator/JSONModel/JSONModel.framework/Modules/module.modulemap (in target 'JSONModel' from project 'Pods')
        cd /var/folders/4h/hxvz7hb959j4pw0pvbq686x00000gn/T/CocoaPods-Lint-20200722-25225-196xw43-UIModule/Pods
        builtin-copy -exclude .DS_Store -exclude CVS -exclude .svn -exclude .git -exclude .hg -resolve-src-symlinks /Users/edz/Library/Developer/Xcode/DerivedData/App-bytlbhqqorqzqidyjovihkqwnkia/Build/Intermediates.noindex/Pods.build/Release-iphonesimulator/JSONModel.build/module.modulemap /Users/edz/Library/Developer/Xcode/DerivedData/App-bytlbhqqorqzqidyjovihkqwnkia/Build/Products/Release-iphonesimulator/JSONModel/JSONModel.framework/Modules
    
    CpHeader /var/folders/4h/hxvz7hb959j4pw0pvbq686x00000gn/T/CocoaPods-Lint-20200722-25225-196xw43-UIModule/Pods/JSONModel/JSONModel/JSONModelTransformations/JSONKeyMapper.h /Users/edz/Library/Developer/Xcode/DerivedData/App-bytlbhqqorqzqidyjovihkqwnkia/Build/Products/Release-iphonesimulator/JSONModel/JSONModel.framework/Headers/JSONKeyMapper.h (in target 'JSONModel' from project 'Pods')
        cd /var/folders/4h/hxvz7hb959j4pw0pvbq686x00000gn/T/CocoaPods-Lint-20200722-25225-196xw43-UIModule/Pods
        builtin-copy -exclude .DS_Store -exclude CVS -exclude .svn -exclude .git -exclude .hg -resolve-src-symlinks /var/folders/4h/hxvz7hb959j4pw0pvbq686x00000gn/T/CocoaPods-Lint-20200722-25225-196xw43-UIModule/Pods/JSONModel/JSONModel/JSONModelTransformations/JSONKeyMapper.h /Users/edz/Library/Developer/Xcode/DerivedData/App-bytlbhqqorqzqidyjovihkqwnkia/Build/Products/Release-iphonesimulator/JSONModel/JSONModel.framework/Headers
    
    CpHeader /var/folders/4h/hxvz7hb959j4pw0pvbq686x00000gn/T/CocoaPods-Lint-20200722-25225-196xw43-UIModule/Pods/JSONModel/JSONModel/JSONModelNetworking/JSONModel+networking.h /Users/edz/Library/Developer/Xcode/DerivedData/App-bytlbhqqorqzqidyjovihkqwnkia/Build/Products/Release-iphonesimulator/JSONModel/JSONModel.framework/Headers/JSONModel+networking.h (in target 'JSONModel' from project 'Pods')
        cd /var/folders/4h/hxvz7hb959j4pw0pvbq686x00000gn/T/CocoaPods-Lint-20200722-25225-196xw43-UIModule/Pods
        builtin-copy -exclude .DS_Store -exclude CVS -exclude .svn -exclude .git -exclude .hg -resolve-src-symlinks /var/folders/4h/hxvz7hb959j4pw0pvbq686x00000gn/T/CocoaPods-Lint-20200722-25225-196xw43-UIModule/Pods/JSONModel/JSONModel/JSONModelNetworking/JSONModel+networking.h /Users/edz/Library/Developer/Xcode/DerivedData/App-bytlbhqqorqzqidyjovihkqwnkia/Build/Products/Release-iphonesimulator/JSONModel/JSONModel.framework/Headers
    
    CpHeader /var/folders/4h/hxvz7hb959j4pw0pvbq686x00000gn/T/CocoaPods-Lint-20200722-25225-196xw43-UIModule/Pods/JSONModel/JSONModel/JSONModelNetworking/JSONHTTPClient.h /Users/edz/Library/Developer/Xcode/DerivedData/App-bytlbhqqorqzqidyjovihkqwnkia/Build/Products/Release-iphonesimulator/JSONModel/JSONModel.framework/Headers/JSONHTTPClient.h (in target 'JSONModel' from project 'Pods')
        cd /var/folders/4h/hxvz7hb959j4pw0pvbq686x00000gn/T/CocoaPods-Lint-20200722-25225-196xw43-UIModule/Pods
        builtin-copy -exclude .DS_Store -exclude CVS -exclude .svn -exclude .git -exclude .hg -resolve-src-symlinks /var/folders/4h/hxvz7hb959j4pw0pvbq686x00000gn/T/CocoaPods-Lint-20200722-25225-196xw43-UIModule/Pods/JSONModel/JSONModel/JSONModelNetworking/JSONHTTPClient.h /Users/edz/Library/Developer/Xcode/DerivedData/App-bytlbhqqorqzqidyjovihkqwnkia/Build/Products/Release-iphonesimulator/JSONModel/JSONModel.framework/Headers
    
    CpHeader /var/folders/4h/hxvz7hb959j4pw0pvbq686x00000gn/T/CocoaPods-Lint-20200722-25225-196xw43-UIModule/Pods/JSONModel/JSONModel/JSONModelNetworking/JSONAPI.h /Users/edz/Library/Developer/Xcode/DerivedData/App-bytlbhqqorqzqidyjovihkqwnkia/Build/Products/Release-iphonesimulator/JSONModel/JSONModel.framework/Headers/JSONAPI.h (in target 'JSONModel' from project 'Pods')
        cd /var/folders/4h/hxvz7hb959j4pw0pvbq686x00000gn/T/CocoaPods-Lint-20200722-25225-196xw43-UIModule/Pods
        builtin-copy -exclude .DS_Store -exclude CVS -exclude .svn -exclude .git -exclude .hg -resolve-src-symlinks /var/folders/4h/hxvz7hb959j4pw0pvbq686x00000gn/T/CocoaPods-Lint-20200722-25225-196xw43-UIModule/Pods/JSONModel/JSONModel/JSONModelNetworking/JSONAPI.h /Users/edz/Library/Developer/Xcode/DerivedData/App-bytlbhqqorqzqidyjovihkqwnkia/Build/Products/Release-iphonesimulator/JSONModel/JSONModel.framework/Headers
    
    CpHeader /var/folders/4h/hxvz7hb959j4pw0pvbq686x00000gn/T/CocoaPods-Lint-20200722-25225-196xw43-UIModule/Pods/JSONModel/JSONModel/JSONModelLib.h /Users/edz/Library/Developer/Xcode/DerivedData/App-bytlbhqqorqzqidyjovihkqwnkia/Build/Products/Release-iphonesimulator/JSONModel/JSONModel.framework/Headers/JSONModelLib.h (in target 'JSONModel' from project 'Pods')
        cd /var/folders/4h/hxvz7hb959j4pw0pvbq686x00000gn/T/CocoaPods-Lint-20200722-25225-196xw43-UIModule/Pods
        builtin-copy -exclude .DS_Store -exclude CVS -exclude .svn -exclude .git -exclude .hg -resolve-src-symlinks /var/folders/4h/hxvz7hb959j4pw0pvbq686x00000gn/T/CocoaPods-Lint-20200722-25225-196xw43-UIModule/Pods/JSONModel/JSONModel/JSONModelLib.h /Users/edz/Library/Developer/Xcode/DerivedData/App-bytlbhqqorqzqidyjovihkqwnkia/Build/Products/Release-iphonesimulator/JSONModel/JSONModel.framework/Headers
    
    CpHeader /var/folders/4h/hxvz7hb959j4pw0pvbq686x00000gn/T/CocoaPods-Lint-20200722-25225-196xw43-UIModule/Pods/JSONModel/JSONModel/JSONModel/JSONModelError.h /Users/edz/Library/Developer/Xcode/DerivedData/App-bytlbhqqorqzqidyjovihkqwnkia/Build/Products/Release-iphonesimulator/JSONModel/JSONModel.framework/Headers/JSONModelError.h (in target 'JSONModel' from project 'Pods')
        cd /var/folders/4h/hxvz7hb959j4pw0pvbq686x00000gn/T/CocoaPods-Lint-20200722-25225-196xw43-UIModule/Pods
        builtin-copy -exclude .DS_Store -exclude CVS -exclude .svn -exclude .git -exclude .hg -resolve-src-symlinks /var/folders/4h/hxvz7hb959j4pw0pvbq686x00000gn/T/CocoaPods-Lint-20200722-25225-196xw43-UIModule/Pods/JSONModel/JSONModel/JSONModel/JSONModelError.h /Users/edz/Library/Developer/Xcode/DerivedData/App-bytlbhqqorqzqidyjovihkqwnkia/Build/Products/Release-iphonesimulator/JSONModel/JSONModel.framework/Headers
    
    CpHeader /var/folders/4h/hxvz7hb959j4pw0pvbq686x00000gn/T/CocoaPods-Lint-20200722-25225-196xw43-UIModule/Pods/JSONModel/JSONModel/JSONModel/JSONModelClassProperty.h /Users/edz/Library/Developer/Xcode/DerivedData/App-bytlbhqqorqzqidyjovihkqwnkia/Build/Products/Release-iphonesimulator/JSONModel/JSONModel.framework/Headers/JSONModelClassProperty.h (in target 'JSONModel' from project 'Pods')
        cd /var/folders/4h/hxvz7hb959j4pw0pvbq686x00000gn/T/CocoaPods-Lint-20200722-25225-196xw43-UIModule/Pods
        builtin-copy -exclude .DS_Store -exclude CVS -exclude .svn -exclude .git -exclude .hg -resolve-src-symlinks /var/folders/4h/hxvz7hb959j4pw0pvbq686x00000gn/T/CocoaPods-Lint-20200722-25225-196xw43-UIModule/Pods/JSONModel/JSONModel/JSONModel/JSONModelClassProperty.h /Users/edz/Library/Developer/Xcode/DerivedData/App-bytlbhqqorqzqidyjovihkqwnkia/Build/Products/Release-iphonesimulator/JSONModel/JSONModel.framework/Headers
    
    CpHeader /var/folders/4h/hxvz7hb959j4pw0pvbq686x00000gn/T/CocoaPods-Lint-20200722-25225-196xw43-UIModule/Pods/JSONModel/JSONModel/JSONModel/JSONModel.h /Users/edz/Library/Developer/Xcode/DerivedData/App-bytlbhqqorqzqidyjovihkqwnkia/Build/Products/Release-iphonesimulator/JSONModel/JSONModel.framework/Headers/JSONModel.h (in target 'JSONModel' from project 'Pods')
        cd /var/folders/4h/hxvz7hb959j4pw0pvbq686x00000gn/T/CocoaPods-Lint-20200722-25225-196xw43-UIModule/Pods
        builtin-copy -exclude .DS_Store -exclude CVS -exclude .svn -exclude .git -exclude .hg -resolve-src-symlinks /var/folders/4h/hxvz7hb959j4pw0pvbq686x00000gn/T/CocoaPods-Lint-20200722-25225-196xw43-UIModule/Pods/JSONModel/JSONModel/JSONModel/JSONModel.h /Users/edz/Library/Developer/Xcode/DerivedData/App-bytlbhqqorqzqidyjovihkqwnkia/Build/Products/Release-iphonesimulator/JSONModel/JSONModel.framework/Headers
    
    WriteAuxiliaryFile /Users/edz/Library/Developer/Xcode/DerivedData/App-bytlbhqqorqzqidyjovihkqwnkia/Build/Intermediates.noindex/Pods.build/Release-iphonesimulator/SSZipArchive.build/DerivedSources/SSZipArchive_vers.c (in target 'SSZipArchive' from project 'Pods')
        cd /var/folders/4h/hxvz7hb959j4pw0pvbq686x00000gn/T/CocoaPods-Lint-20200722-25225-196xw43-UIModule/Pods
        write-file /Users/edz/Library/Developer/Xcode/DerivedData/App-bytlbhqqorqzqidyjovihkqwnkia/Build/Intermediates.noindex/Pods.build/Release-iphonesimulator/SSZipArchive.build/DerivedSources/SSZipArchive_vers.c
    
    WriteAuxiliaryFile /Users/edz/Library/Developer/Xcode/DerivedData/App-bytlbhqqorqzqidyjovihkqwnkia/Build/Intermediates.noindex/Pods.build/Release-iphonesimulator/SSZipArchive.build/Objects-normal/x86_64/SSZipArchive.LinkFileList (in target 'SSZipArchive' from project 'Pods')
        cd /var/folders/4h/hxvz7hb959j4pw0pvbq686x00000gn/T/CocoaPods-Lint-20200722-25225-196xw43-UIModule/Pods
        write-file /Users/edz/Library/Developer/Xcode/DerivedData/App-bytlbhqqorqzqidyjovihkqwnkia/Build/Intermediates.noindex/Pods.build/Release-iphonesimulator/SSZipArchive.build/Objects-normal/x86_64/SSZipArchive.LinkFileList
    
    CompileC /Users/edz/Library/Developer/Xcode/DerivedData/App-bytlbhqqorqzqidyjovihkqwnkia/Build/Intermediates.noindex/Pods.build/Release-iphonesimulator/SSZipArchive.build/Objects-normal/x86_64/mz_zip_rw.o /var/folders/4h/hxvz7hb959j4pw0pvbq686x00000gn/T/CocoaPods-Lint-20200722-25225-196xw43-UIModule/Pods/SSZipArchive/SSZipArchive/minizip/mz_zip_rw.c normal x86_64 c com.apple.compilers.llvm.clang.1_0.compiler (in target 'SSZipArchive' from project 'Pods')
        cd /var/folders/4h/hxvz7hb959j4pw0pvbq686x00000gn/T/CocoaPods-Lint-20200722-25225-196xw43-UIModule/Pods
        export LANG=en_US.US-ASCII
        /Applications/Xcode.app/Contents/Developer/Toolchains/XcodeDefault.xctoolchain/usr/bin/clang -x c -target x86_64-apple-ios9.0-simulator -fmessage-length=0 -fdiagnostics-show-note-include-stack -fmacro-backtrace-limit=0 -std=gnu11 -fmodules -gmodules -fmodules-cache-path=/Users/edz/Library/Developer/Xcode/DerivedData/ModuleCache.noindex -fmodules-prune-interval=86400 -fmodules-prune-after=345600 -fbuild-session-file=/Users/edz/Library/Developer/Xcode/DerivedData/ModuleCache.noindex/Session.modulevalidation -fmodules-validate-once-per-build-session -Wnon-modular-include-in-framework-module -Werror=non-modular-include-in-framework-module -fmodule-name=SSZipArchive -Wno-trigraphs -fpascal-strings -Os -fno-common -Wno-missing-field-initializers -Wno-missing-prototypes -Werror=return-type -Wdocumentation -Wunreachable-code -Werror=deprecated-objc-isa-usage -Werror=objc-root-class -Wno-missing-braces -Wparentheses -Wswitch -Wunused-function -Wno-unused-label -Wno-unused-parameter -Wunused-variable -Wunused-value -Wempty-body -Wuninitialized -Wconditional-uninitialized -Wno-unknown-pragmas -Wno-shadow -Wno-four-char-constants -Wno-conversion -Wconstant-conversion -Wint-conversion -Wbool-conversion -Wenum-conversion -Wno-float-conversion -Wnon-literal-null-conversion -Wobjc-literal-conversion -Wshorten-64-to-32 -Wpointer-sign -Wno-newline-eof -DPOD_CONFIGURATION_RELEASE=1 -DCOCOAPODS=1 -DHAVE_INTTYPES_H -DHAVE_PKCRYPT -DHAVE_STDINT_H -DHAVE_WZAES -DHAVE_ZLIB -isysroot /Applications/Xcode.app/Contents/Developer/Platforms/iPhoneSimulator.platform/Developer/SDKs/iPhoneSimulator13.5.sdk -fasm-blocks -fstrict-aliasing -Wdeprecated-declarations -g -Wno-sign-conversion -Winfinite-recursion -Wcomma -Wblock-capture-autoreleasing -Wstrict-prototypes -Wno-semicolon-before-method-body -Wunguarded-availability -iquote /Users/edz/Library/Developer/Xcode/DerivedData/App-bytlbhqqorqzqidyjovihkqwnkia/Build/Intermediates.noindex/Pods.build/Release-iphonesimulator/SSZipArchive.build/SSZipArchive-generated-files.hmap -I/Users/edz/Library/Developer/Xcode/DerivedData/App-bytlbhqqorqzqidyjovihkqwnkia/Build/Intermediates.noindex/Pods.build/Release-iphonesimulator/SSZipArchive.build/SSZipArchive-own-target-headers.hmap -I/Users/edz/Library/Developer/Xcode/DerivedData/App-bytlbhqqorqzqidyjovihkqwnkia/Build/Intermediates.noindex/Pods.build/Release-iphonesimulator/SSZipArchive.build/SSZipArchive-all-non-framework-target-headers.hmap -ivfsoverlay /Users/edz/Library/Developer/Xcode/DerivedData/App-bytlbhqqorqzqidyjovihkqwnkia/Build/Intermediates.noindex/Pods.build/Release-iphonesimulator/SSZipArchive.build/all-product-headers.yaml -iquote /Users/edz/Library/Developer/Xcode/DerivedData/App-bytlbhqqorqzqidyjovihkqwnkia/Build/Intermediates.noindex/Pods.build/Release-iphonesimulator/SSZipArchive.build/SSZipArchive-project-headers.hmap -I/Users/edz/Library/Developer/Xcode/DerivedData/App-bytlbhqqorqzqidyjovihkqwnkia/Build/Products/Release-iphonesimulator/SSZipArchive/include -I/Users/edz/Library/Developer/Xcode/DerivedData/App-bytlbhqqorqzqidyjovihkqwnkia/Build/Intermediates.noindex/Pods.build/Release-iphonesimulator/SSZipArchive.build/DerivedSources-normal/x86_64 -I/Users/edz/Library/Developer/Xcode/DerivedData/App-bytlbhqqorqzqidyjovihkqwnkia/Build/Intermediates.noindex/Pods.build/Release-iphonesimulator/SSZipArchive.build/DerivedSources/x86_64 -I/Users/edz/Library/Developer/Xcode/DerivedData/App-bytlbhqqorqzqidyjovihkqwnkia/Build/Intermediates.noindex/Pods.build/Release-iphonesimulator/SSZipArchive.build/DerivedSources -F/Users/edz/Library/Developer/Xcode/DerivedData/App-bytlbhqqorqzqidyjovihkqwnkia/Build/Products/Release-iphonesimulator/SSZipArchive -Wincomplete-umbrella -w -Xanalyzer -analyzer-disable-all-checks -include /var/folders/4h/hxvz7hb959j4pw0pvbq686x00000gn/T/CocoaPods-Lint-20200722-25225-196xw43-UIModule/Pods/Target\ Support\ Files/SSZipArchive/SSZipArchive-prefix.pch -MMD -MT dependencies -MF /Users/edz/Library/Developer/Xcode/DerivedData/App-bytlbhqqorqzqidyjovihkqwnkia/Build/Intermediates.noindex/Pods.build/Release-iphonesimulator/SSZipArchive.build/Objects-normal/x86_64/mz_zip_rw.d --serialize-diagnostics /Users/edz/Library/Developer/Xcode/DerivedData/App-bytlbhqqorqzqidyjovihkqwnkia/Build/Intermediates.noindex/Pods.build/Release-iphonesimulator/SSZipArchive.build/Objects-normal/x86_64/mz_zip_rw.dia -c /var/folders/4h/hxvz7hb959j4pw0pvbq686x00000gn/T/CocoaPods-Lint-20200722-25225-196xw43-UIModule/Pods/SSZipArchive/SSZipArchive/minizip/mz_zip_rw.c -o /Users/edz/Library/Developer/Xcode/DerivedData/App-bytlbhqqorqzqidyjovihkqwnkia/Build/Intermediates.noindex/Pods.build/Release-iphonesimulator/SSZipArchive.build/Objects-normal/x86_64/mz_zip_rw.o
    
    CompileC /Users/edz/Library/Developer/Xcode/DerivedData/App-bytlbhqqorqzqidyjovihkqwnkia/Build/Intermediates.noindex/Pods.build/Release-iphonesimulator/SSZipArchive.build/Objects-normal/x86_64/mz_zip.o /var/folders/4h/hxvz7hb959j4pw0pvbq686x00000gn/T/CocoaPods-Lint-20200722-25225-196xw43-UIModule/Pods/SSZipArchive/SSZipArchive/minizip/mz_zip.c normal x86_64 c com.apple.compilers.llvm.clang.1_0.compiler (in target 'SSZipArchive' from project 'Pods')
        cd /var/folders/4h/hxvz7hb959j4pw0pvbq686x00000gn/T/CocoaPods-Lint-20200722-25225-196xw43-UIModule/Pods
        export LANG=en_US.US-ASCII
        /Applications/Xcode.app/Contents/Developer/Toolchains/XcodeDefault.xctoolchain/usr/bin/clang -x c -target x86_64-apple-ios9.0-simulator -fmessage-length=0 -fdiagnostics-show-note-include-stack -fmacro-backtrace-limit=0 -std=gnu11 -fmodules -gmodules -fmodules-cache-path=/Users/edz/Library/Developer/Xcode/DerivedData/ModuleCache.noindex -fmodules-prune-interval=86400 -fmodules-prune-after=345600 -fbuild-session-file=/Users/edz/Library/Developer/Xcode/DerivedData/ModuleCache.noindex/Session.modulevalidation -fmodules-validate-once-per-build-session -Wnon-modular-include-in-framework-module -Werror=non-modular-include-in-framework-module -fmodule-name=SSZipArchive -Wno-trigraphs -fpascal-strings -Os -fno-common -Wno-missing-field-initializers -Wno-missing-prototypes -Werror=return-type -Wdocumentation -Wunreachable-code -Werror=deprecated-objc-isa-usage -Werror=objc-root-class -Wno-missing-braces -Wparentheses -Wswitch -Wunused-function -Wno-unused-label -Wno-unused-parameter -Wunused-variable -Wunused-value -Wempty-body -Wuninitialized -Wconditional-uninitialized -Wno-unknown-pragmas -Wno-shadow -Wno-four-char-constants -Wno-conversion -Wconstant-conversion -Wint-conversion -Wbool-conversion -Wenum-conversion -Wno-float-conversion -Wnon-literal-null-conversion -Wobjc-literal-conversion -Wshorten-64-to-32 -Wpointer-sign -Wno-newline-eof -DPOD_CONFIGURATION_RELEASE=1 -DCOCOAPODS=1 -DHAVE_INTTYPES_H -DHAVE_PKCRYPT -DHAVE_STDINT_H -DHAVE_WZAES -DHAVE_ZLIB -isysroot /Applications/Xcode.app/Contents/Developer/Platforms/iPhoneSimulator.platform/Developer/SDKs/iPhoneSimulator13.5.sdk -fasm-blocks -fstrict-aliasing -Wdeprecated-declarations -g -Wno-sign-conversion -Winfinite-recursion -Wcomma -Wblock-capture-autoreleasing -Wstrict-prototypes -Wno-semicolon-before-method-body -Wunguarded-availability -iquote /Users/edz/Library/Developer/Xcode/DerivedData/App-bytlbhqqorqzqidyjovihkqwnkia/Build/Intermediates.noindex/Pods.build/Release-iphonesimulator/SSZipArchive.build/SSZipArchive-generated-files.hmap -I/Users/edz/Library/Developer/Xcode/DerivedData/App-bytlbhqqorqzqidyjovihkqwnkia/Build/Intermediates.noindex/Pods.build/Release-iphonesimulator/SSZipArchive.build/SSZipArchive-own-target-headers.hmap -I/Users/edz/Library/Developer/Xcode/DerivedData/App-bytlbhqqorqzqidyjovihkqwnkia/Build/Intermediates.noindex/Pods.build/Release-iphonesimulator/SSZipArchive.build/SSZipArchive-all-non-framework-target-headers.hmap -ivfsoverlay /Users/edz/Library/Developer/Xcode/DerivedData/App-bytlbhqqorqzqidyjovihkqwnkia/Build/Intermediates.noindex/Pods.build/Release-iphonesimulator/SSZipArchive.build/all-product-headers.yaml -iquote /Users/edz/Library/Developer/Xcode/DerivedData/App-bytlbhqqorqzqidyjovihkqwnkia/Build/Intermediates.noindex/Pods.build/Release-iphonesimulator/SSZipArchive.build/SSZipArchive-project-headers.hmap -I/Users/edz/Library/Developer/Xcode/DerivedData/App-bytlbhqqorqzqidyjovihkqwnkia/Build/Products/Release-iphonesimulator/SSZipArchive/include -I/Users/edz/Library/Developer/Xcode/DerivedData/App-bytlbhqqorqzqidyjovihkqwnkia/Build/Intermediates.noindex/Pods.build/Release-iphonesimulator/SSZipArchive.build/DerivedSources-normal/x86_64 -I/Users/edz/Library/Developer/Xcode/DerivedData/App-bytlbhqqorqzqidyjovihkqwnkia/Build/Intermediates.noindex/Pods.build/Release-iphonesimulator/SSZipArchive.build/DerivedSources/x86_64 -I/Users/edz/Library/Developer/Xcode/DerivedData/App-bytlbhqqorqzqidyjovihkqwnkia/Build/Intermediates.noindex/Pods.build/Release-iphonesimulator/SSZipArchive.build/DerivedSources -F/Users/edz/Library/Developer/Xcode/DerivedData/App-bytlbhqqorqzqidyjovihkqwnkia/Build/Products/Release-iphonesimulator/SSZipArchive -Wincomplete-umbrella -w -Xanalyzer -analyzer-disable-all-checks -include /var/folders/4h/hxvz7hb959j4pw0pvbq686x00000gn/T/CocoaPods-Lint-20200722-25225-196xw43-UIModule/Pods/Target\ Support\ Files/SSZipArchive/SSZipArchive-prefix.pch -MMD -MT dependencies -MF /Users/edz/Library/Developer/Xcode/DerivedData/App-bytlbhqqorqzqidyjovihkqwnkia/Build/Intermediates.noindex/Pods.build/Release-iphonesimulator/SSZipArchive.build/Objects-normal/x86_64/mz_zip.d --serialize-diagnostics /Users/edz/Library/Developer/Xcode/DerivedData/App-bytlbhqqorqzqidyjovihkqwnkia/Build/Intermediates.noindex/Pods.build/Release-iphonesimulator/SSZipArchive.build/Objects-normal/x86_64/mz_zip.dia -c /var/folders/4h/hxvz7hb959j4pw0pvbq686x00000gn/T/CocoaPods-Lint-20200722-25225-196xw43-UIModule/Pods/SSZipArchive/SSZipArchive/minizip/mz_zip.c -o /Users/edz/Library/Developer/Xcode/DerivedData/App-bytlbhqqorqzqidyjovihkqwnkia/Build/Intermediates.noindex/Pods.build/Release-iphonesimulator/SSZipArchive.build/Objects-normal/x86_64/mz_zip.o
    
    CompileC /Users/edz/Library/Developer/Xcode/DerivedData/App-bytlbhqqorqzqidyjovihkqwnkia/Build/Intermediates.noindex/Pods.build/Release-iphonesimulator/SSZipArchive.build/Objects-normal/x86_64/mz_strm_zlib.o /var/folders/4h/hxvz7hb959j4pw0pvbq686x00000gn/T/CocoaPods-Lint-20200722-25225-196xw43-UIModule/Pods/SSZipArchive/SSZipArchive/minizip/mz_strm_zlib.c normal x86_64 c com.apple.compilers.llvm.clang.1_0.compiler (in target 'SSZipArchive' from project 'Pods')
        cd /var/folders/4h/hxvz7hb959j4pw0pvbq686x00000gn/T/CocoaPods-Lint-20200722-25225-196xw43-UIModule/Pods
        export LANG=en_US.US-ASCII
        /Applications/Xcode.app/Contents/Developer/Toolchains/XcodeDefault.xctoolchain/usr/bin/clang -x c -target x86_64-apple-ios9.0-simulator -fmessage-length=0 -fdiagnostics-show-note-include-stack -fmacro-backtrace-limit=0 -std=gnu11 -fmodules -gmodules -fmodules-cache-path=/Users/edz/Library/Developer/Xcode/DerivedData/ModuleCache.noindex -fmodules-prune-interval=86400 -fmodules-prune-after=345600 -fbuild-session-file=/Users/edz/Library/Developer/Xcode/DerivedData/ModuleCache.noindex/Session.modulevalidation -fmodules-validate-once-per-build-session -Wnon-modular-include-in-framework-module -Werror=non-modular-include-in-framework-module -fmodule-name=SSZipArchive -Wno-trigraphs -fpascal-strings -Os -fno-common -Wno-missing-field-initializers -Wno-missing-prototypes -Werror=return-type -Wdocumentation -Wunreachable-code -Werror=deprecated-objc-isa-usage -Werror=objc-root-class -Wno-missing-braces -Wparentheses -Wswitch -Wunused-function -Wno-unused-label -Wno-unused-parameter -Wunused-variable -Wunused-value -Wempty-body -Wuninitialized -Wconditional-uninitialized -Wno-unknown-pragmas -Wno-shadow -Wno-four-char-constants -Wno-conversion -Wconstant-conversion -Wint-conversion -Wbool-conversion -Wenum-conversion -Wno-float-conversion -Wnon-literal-null-conversion -Wobjc-literal-conversion -Wshorten-64-to-32 -Wpointer-sign -Wno-newline-eof -DPOD_CONFIGURATION_RELEASE=1 -DCOCOAPODS=1 -DHAVE_INTTYPES_H -DHAVE_PKCRYPT -DHAVE_STDINT_H -DHAVE_WZAES -DHAVE_ZLIB -isysroot /Applications/Xcode.app/Contents/Developer/Platforms/iPhoneSimulator.platform/Developer/SDKs/iPhoneSimulator13.5.sdk -fasm-blocks -fstrict-aliasing -Wdeprecated-declarations -g -Wno-sign-conversion -Winfinite-recursion -Wcomma -Wblock-capture-autoreleasing -Wstrict-prototypes -Wno-semicolon-before-method-body -Wunguarded-availability -iquote /Users/edz/Library/Developer/Xcode/DerivedData/App-bytlbhqqorqzqidyjovihkqwnkia/Build/Intermediates.noindex/Pods.build/Release-iphonesimulator/SSZipArchive.build/SSZipArchive-generated-files.hmap -I/Users/edz/Library/Developer/Xcode/DerivedData/App-bytlbhqqorqzqidyjovihkqwnkia/Build/Intermediates.noindex/Pods.build/Release-iphonesimulator/SSZipArchive.build/SSZipArchive-own-target-headers.hmap -I/Users/edz/Library/Developer/Xcode/DerivedData/App-bytlbhqqorqzqidyjovihkqwnkia/Build/Intermediates.noindex/Pods.build/Release-iphonesimulator/SSZipArchive.build/SSZipArchive-all-non-framework-target-headers.hmap -ivfsoverlay /Users/edz/Library/Developer/Xcode/DerivedData/App-bytlbhqqorqzqidyjovihkqwnkia/Build/Intermediates.noindex/Pods.build/Release-iphonesimulator/SSZipArchive.build/all-product-headers.yaml -iquote /Users/edz/Library/Developer/Xcode/DerivedData/App-bytlbhqqorqzqidyjovihkqwnkia/Build/Intermediates.noindex/Pods.build/Release-iphonesimulator/SSZipArchive.build/SSZipArchive-project-headers.hmap -I/Users/edz/Library/Developer/Xcode/DerivedData/App-bytlbhqqorqzqidyjovihkqwnkia/Build/Products/Release-iphonesimulator/SSZipArchive/include -I/Users/edz/Library/Developer/Xcode/DerivedData/App-bytlbhqqorqzqidyjovihkqwnkia/Build/Intermediates.noindex/Pods.build/Release-iphonesimulator/SSZipArchive.build/DerivedSources-normal/x86_64 -I/Users/edz/Library/Developer/Xcode/DerivedData/App-bytlbhqqorqzqidyjovihkqwnkia/Build/Intermediates.noindex/Pods.build/Release-iphonesimulator/SSZipArchive.build/DerivedSources/x86_64 -I/Users/edz/Library/Developer/Xcode/DerivedData/App-bytlbhqqorqzqidyjovihkqwnkia/Build/Intermediates.noindex/Pods.build/Release-iphonesimulator/SSZipArchive.build/DerivedSources -F/Users/edz/Library/Developer/Xcode/DerivedData/App-bytlbhqqorqzqidyjovihkqwnkia/Build/Products/Release-iphonesimulator/SSZipArchive -Wincomplete-umbrella -w -Xanalyzer -analyzer-disable-all-checks -include /var/folders/4h/hxvz7hb959j4pw0pvbq686x00000gn/T/CocoaPods-Lint-20200722-25225-196xw43-UIModule/Pods/Target\ Support\ Files/SSZipArchive/SSZipArchive-prefix.pch -MMD -MT dependencies -MF /Users/edz/Library/Developer/Xcode/DerivedData/App-bytlbhqqorqzqidyjovihkqwnkia/Build/Intermediates.noindex/Pods.build/Release-iphonesimulator/SSZipArchive.build/Objects-normal/x86_64/mz_strm_zlib.d --serialize-diagnostics /Users/edz/Library/Developer/Xcode/DerivedData/App-bytlbhqqorqzqidyjovihkqwnkia/Build/Intermediates.noindex/Pods.build/Release-iphonesimulator/SSZipArchive.build/Objects-normal/x86_64/mz_strm_zlib.dia -c /var/folders/4h/hxvz7hb959j4pw0pvbq686x00000gn/T/CocoaPods-Lint-20200722-25225-196xw43-UIModule/Pods/SSZipArchive/SSZipArchive/minizip/mz_strm_zlib.c -o /Users/edz/Library/Developer/Xcode/DerivedData/App-bytlbhqqorqzqidyjovihkqwnkia/Build/Intermediates.noindex/Pods.build/Release-iphonesimulator/SSZipArchive.build/Objects-normal/x86_64/mz_strm_zlib.o
    
    CompileC /Users/edz/Library/Developer/Xcode/DerivedData/App-bytlbhqqorqzqidyjovihkqwnkia/Build/Intermediates.noindex/Pods.build/Release-iphonesimulator/SSZipArchive.build/Objects-normal/x86_64/mz_strm_wzaes.o /var/folders/4h/hxvz7hb959j4pw0pvbq686x00000gn/T/CocoaPods-Lint-20200722-25225-196xw43-UIModule/Pods/SSZipArchive/SSZipArchive/minizip/mz_strm_wzaes.c normal x86_64 c com.apple.compilers.llvm.clang.1_0.compiler (in target 'SSZipArchive' from project 'Pods')
        cd /var/folders/4h/hxvz7hb959j4pw0pvbq686x00000gn/T/CocoaPods-Lint-20200722-25225-196xw43-UIModule/Pods
        export LANG=en_US.US-ASCII
        /Applications/Xcode.app/Contents/Developer/Toolchains/XcodeDefault.xctoolchain/usr/bin/clang -x c -target x86_64-apple-ios9.0-simulator -fmessage-length=0 -fdiagnostics-show-note-include-stack -fmacro-backtrace-limit=0 -std=gnu11 -fmodules -gmodules -fmodules-cache-path=/Users/edz/Library/Developer/Xcode/DerivedData/ModuleCache.noindex -fmodules-prune-interval=86400 -fmodules-prune-after=345600 -fbuild-session-file=/Users/edz/Library/Developer/Xcode/DerivedData/ModuleCache.noindex/Session.modulevalidation -fmodules-validate-once-per-build-session -Wnon-modular-include-in-framework-module -Werror=non-modular-include-in-framework-module -fmodule-name=SSZipArchive -Wno-trigraphs -fpascal-strings -Os -fno-common -Wno-missing-field-initializers -Wno-missing-prototypes -Werror=return-type -Wdocumentation -Wunreachable-code -Werror=deprecated-objc-isa-usage -Werror=objc-root-class -Wno-missing-braces -Wparentheses -Wswitch -Wunused-function -Wno-unused-label -Wno-unused-parameter -Wunused-variable -Wunused-value -Wempty-body -Wuninitialized -Wconditional-uninitialized -Wno-unknown-pragmas -Wno-shadow -Wno-four-char-constants -Wno-conversion -Wconstant-conversion -Wint-conversion -Wbool-conversion -Wenum-conversion -Wno-float-conversion -Wnon-literal-null-conversion -Wobjc-literal-conversion -Wshorten-64-to-32 -Wpointer-sign -Wno-newline-eof -DPOD_CONFIGURATION_RELEASE=1 -DCOCOAPODS=1 -DHAVE_INTTYPES_H -DHAVE_PKCRYPT -DHAVE_STDINT_H -DHAVE_WZAES -DHAVE_ZLIB -isysroot /Applications/Xcode.app/Contents/Developer/Platforms/iPhoneSimulator.platform/Developer/SDKs/iPhoneSimulator13.5.sdk -fasm-blocks -fstrict-aliasing -Wdeprecated-declarations -g -Wno-sign-conversion -Winfinite-recursion -Wcomma -Wblock-capture-autoreleasing -Wstrict-prototypes -Wno-semicolon-before-method-body -Wunguarded-availability -iquote /Users/edz/Library/Developer/Xcode/DerivedData/App-bytlbhqqorqzqidyjovihkqwnkia/Build/Intermediates.noindex/Pods.build/Release-iphonesimulator/SSZipArchive.build/SSZipArchive-generated-files.hmap -I/Users/edz/Library/Developer/Xcode/DerivedData/App-bytlbhqqorqzqidyjovihkqwnkia/Build/Intermediates.noindex/Pods.build/Release-iphonesimulator/SSZipArchive.build/SSZipArchive-own-target-headers.hmap -I/Users/edz/Library/Developer/Xcode/DerivedData/App-bytlbhqqorqzqidyjovihkqwnkia/Build/Intermediates.noindex/Pods.build/Release-iphonesimulator/SSZipArchive.build/SSZipArchive-all-non-framework-target-headers.hmap -ivfsoverlay /Users/edz/Library/Developer/Xcode/DerivedData/App-bytlbhqqorqzqidyjovihkqwnkia/Build/Intermediates.noindex/Pods.build/Release-iphonesimulator/SSZipArchive.build/all-product-headers.yaml -iquote /Users/edz/Library/Developer/Xcode/DerivedData/App-bytlbhqqorqzqidyjovihkqwnkia/Build/Intermediates.noindex/Pods.build/Release-iphonesimulator/SSZipArchive.build/SSZipArchive-project-headers.hmap -I/Users/edz/Library/Developer/Xcode/DerivedData/App-bytlbhqqorqzqidyjovihkqwnkia/Build/Products/Release-iphonesimulator/SSZipArchive/include -I/Users/edz/Library/Developer/Xcode/DerivedData/App-bytlbhqqorqzqidyjovihkqwnkia/Build/Intermediates.noindex/Pods.build/Release-iphonesimulator/SSZipArchive.build/DerivedSources-normal/x86_64 -I/Users/edz/Library/Developer/Xcode/DerivedData/App-bytlbhqqorqzqidyjovihkqwnkia/Build/Intermediates.noindex/Pods.build/Release-iphonesimulator/SSZipArchive.build/DerivedSources/x86_64 -I/Users/edz/Library/Developer/Xcode/DerivedData/App-bytlbhqqorqzqidyjovihkqwnkia/Build/Intermediates.noindex/Pods.build/Release-iphonesimulator/SSZipArchive.build/DerivedSources -F/Users/edz/Library/Developer/Xcode/DerivedData/App-bytlbhqqorqzqidyjovihkqwnkia/Build/Products/Release-iphonesimulator/SSZipArchive -Wincomplete-umbrella -w -Xanalyzer -analyzer-disable-all-checks -include /var/folders/4h/hxvz7hb959j4pw0pvbq686x00000gn/T/CocoaPods-Lint-20200722-25225-196xw43-UIModule/Pods/Target\ Support\ Files/SSZipArchive/SSZipArchive-prefix.pch -MMD -MT dependencies -MF /Users/edz/Library/Developer/Xcode/DerivedData/App-bytlbhqqorqzqidyjovihkqwnkia/Build/Intermediates.noindex/Pods.build/Release-iphonesimulator/SSZipArchive.build/Objects-normal/x86_64/mz_strm_wzaes.d --serialize-diagnostics /Users/edz/Library/Developer/Xcode/DerivedData/App-bytlbhqqorqzqidyjovihkqwnkia/Build/Intermediates.noindex/Pods.build/Release-iphonesimulator/SSZipArchive.build/Objects-normal/x86_64/mz_strm_wzaes.dia -c /var/folders/4h/hxvz7hb959j4pw0pvbq686x00000gn/T/CocoaPods-Lint-20200722-25225-196xw43-UIModule/Pods/SSZipArchive/SSZipArchive/minizip/mz_strm_wzaes.c -o /Users/edz/Library/Developer/Xcode/DerivedData/App-bytlbhqqorqzqidyjovihkqwnkia/Build/Intermediates.noindex/Pods.build/Release-iphonesimulator/SSZipArchive.build/Objects-normal/x86_64/mz_strm_wzaes.o
    
    CompileC /Users/edz/Library/Developer/Xcode/DerivedData/App-bytlbhqqorqzqidyjovihkqwnkia/Build/Intermediates.noindex/Pods.build/Release-iphonesimulator/SSZipArchive.build/Objects-normal/x86_64/mz_strm_split.o /var/folders/4h/hxvz7hb959j4pw0pvbq686x00000gn/T/CocoaPods-Lint-20200722-25225-196xw43-UIModule/Pods/SSZipArchive/SSZipArchive/minizip/mz_strm_split.c normal x86_64 c com.apple.compilers.llvm.clang.1_0.compiler (in target 'SSZipArchive' from project 'Pods')
        cd /var/folders/4h/hxvz7hb959j4pw0pvbq686x00000gn/T/CocoaPods-Lint-20200722-25225-196xw43-UIModule/Pods
        export LANG=en_US.US-ASCII
        /Applications/Xcode.app/Contents/Developer/Toolchains/XcodeDefault.xctoolchain/usr/bin/clang -x c -target x86_64-apple-ios9.0-simulator -fmessage-length=0 -fdiagnostics-show-note-include-stack -fmacro-backtrace-limit=0 -std=gnu11 -fmodules -gmodules -fmodules-cache-path=/Users/edz/Library/Developer/Xcode/DerivedData/ModuleCache.noindex -fmodules-prune-interval=86400 -fmodules-prune-after=345600 -fbuild-session-file=/Users/edz/Library/Developer/Xcode/DerivedData/ModuleCache.noindex/Session.modulevalidation -fmodules-validate-once-per-build-session -Wnon-modular-include-in-framework-module -Werror=non-modular-include-in-framework-module -fmodule-name=SSZipArchive -Wno-trigraphs -fpascal-strings -Os -fno-common -Wno-missing-field-initializers -Wno-missing-prototypes -Werror=return-type -Wdocumentation -Wunreachable-code -Werror=deprecated-objc-isa-usage -Werror=objc-root-class -Wno-missing-braces -Wparentheses -Wswitch -Wunused-function -Wno-unused-label -Wno-unused-parameter -Wunused-variable -Wunused-value -Wempty-body -Wuninitialized -Wconditional-uninitialized -Wno-unknown-pragmas -Wno-shadow -Wno-four-char-constants -Wno-conversion -Wconstant-conversion -Wint-conversion -Wbool-conversion -Wenum-conversion -Wno-float-conversion -Wnon-literal-null-conversion -Wobjc-literal-conversion -Wshorten-64-to-32 -Wpointer-sign -Wno-newline-eof -DPOD_CONFIGURATION_RELEASE=1 -DCOCOAPODS=1 -DHAVE_INTTYPES_H -DHAVE_PKCRYPT -DHAVE_STDINT_H -DHAVE_WZAES -DHAVE_ZLIB -isysroot /Applications/Xcode.app/Contents/Developer/Platforms/iPhoneSimulator.platform/Developer/SDKs/iPhoneSimulator13.5.sdk -fasm-blocks -fstrict-aliasing -Wdeprecated-declarations -g -Wno-sign-conversion -Winfinite-recursion -Wcomma -Wblock-capture-autoreleasing -Wstrict-prototypes -Wno-semicolon-before-method-body -Wunguarded-availability -iquote /Users/edz/Library/Developer/Xcode/DerivedData/App-bytlbhqqorqzqidyjovihkqwnkia/Build/Intermediates.noindex/Pods.build/Release-iphonesimulator/SSZipArchive.build/SSZipArchive-generated-files.hmap -I/Users/edz/Library/Developer/Xcode/DerivedData/App-bytlbhqqorqzqidyjovihkqwnkia/Build/Intermediates.noindex/Pods.build/Release-iphonesimulator/SSZipArchive.build/SSZipArchive-own-target-headers.hmap -I/Users/edz/Library/Developer/Xcode/DerivedData/App-bytlbhqqorqzqidyjovihkqwnkia/Build/Intermediates.noindex/Pods.build/Release-iphonesimulator/SSZipArchive.build/SSZipArchive-all-non-framework-target-headers.hmap -ivfsoverlay /Users/edz/Library/Developer/Xcode/DerivedData/App-bytlbhqqorqzqidyjovihkqwnkia/Build/Intermediates.noindex/Pods.build/Release-iphonesimulator/SSZipArchive.build/all-product-headers.yaml -iquote /Users/edz/Library/Developer/Xcode/DerivedData/App-bytlbhqqorqzqidyjovihkqwnkia/Build/Intermediates.noindex/Pods.build/Release-iphonesimulator/SSZipArchive.build/SSZipArchive-project-headers.hmap -I/Users/edz/Library/Developer/Xcode/DerivedData/App-bytlbhqqorqzqidyjovihkqwnkia/Build/Products/Release-iphonesimulator/SSZipArchive/include -I/Users/edz/Library/Developer/Xcode/DerivedData/App-bytlbhqqorqzqidyjovihkqwnkia/Build/Intermediates.noindex/Pods.build/Release-iphonesimulator/SSZipArchive.build/DerivedSources-normal/x86_64 -I/Users/edz/Library/Developer/Xcode/DerivedData/App-bytlbhqqorqzqidyjovihkqwnkia/Build/Intermediates.noindex/Pods.build/Release-iphonesimulator/SSZipArchive.build/DerivedSources/x86_64 -I/Users/edz/Library/Developer/Xcode/DerivedData/App-bytlbhqqorqzqidyjovihkqwnkia/Build/Intermediates.noindex/Pods.build/Release-iphonesimulator/SSZipArchive.build/DerivedSources -F/Users/edz/Library/Developer/Xcode/DerivedData/App-bytlbhqqorqzqidyjovihkqwnkia/Build/Products/Release-iphonesimulator/SSZipArchive -Wincomplete-umbrella -w -Xanalyzer -analyzer-disable-all-checks -include /var/folders/4h/hxvz7hb959j4pw0pvbq686x00000gn/T/CocoaPods-Lint-20200722-25225-196xw43-UIModule/Pods/Target\ Support\ Files/SSZipArchive/SSZipArchive-prefix.pch -MMD -MT dependencies -MF /Users/edz/Library/Developer/Xcode/DerivedData/App-bytlbhqqorqzqidyjovihkqwnkia/Build/Intermediates.noindex/Pods.build/Release-iphonesimulator/SSZipArchive.build/Objects-normal/x86_64/mz_strm_split.d --serialize-diagnostics /Users/edz/Library/Developer/Xcode/DerivedData/App-bytlbhqqorqzqidyjovihkqwnkia/Build/Intermediates.noindex/Pods.build/Release-iphonesimulator/SSZipArchive.build/Objects-normal/x86_64/mz_strm_split.dia -c /var/folders/4h/hxvz7hb959j4pw0pvbq686x00000gn/T/CocoaPods-Lint-20200722-25225-196xw43-UIModule/Pods/SSZipArchive/SSZipArchive/minizip/mz_strm_split.c -o /Users/edz/Library/Developer/Xcode/DerivedData/App-bytlbhqqorqzqidyjovihkqwnkia/Build/Intermediates.noindex/Pods.build/Release-iphonesimulator/SSZipArchive.build/Objects-normal/x86_64/mz_strm_split.o
    
    CompileC /Users/edz/Library/Developer/Xcode/DerivedData/App-bytlbhqqorqzqidyjovihkqwnkia/Build/Intermediates.noindex/Pods.build/Release-iphonesimulator/SSZipArchive.build/Objects-normal/x86_64/mz_strm_pkcrypt.o /var/folders/4h/hxvz7hb959j4pw0pvbq686x00000gn/T/CocoaPods-Lint-20200722-25225-196xw43-UIModule/Pods/SSZipArchive/SSZipArchive/minizip/mz_strm_pkcrypt.c normal x86_64 c com.apple.compilers.llvm.clang.1_0.compiler (in target 'SSZipArchive' from project 'Pods')
        cd /var/folders/4h/hxvz7hb959j4pw0pvbq686x00000gn/T/CocoaPods-Lint-20200722-25225-196xw43-UIModule/Pods
        export LANG=en_US.US-ASCII
        /Applications/Xcode.app/Contents/Developer/Toolchains/XcodeDefault.xctoolchain/usr/bin/clang -x c -target x86_64-apple-ios9.0-simulator -fmessage-length=0 -fdiagnostics-show-note-include-stack -fmacro-backtrace-limit=0 -std=gnu11 -fmodules -gmodules -fmodules-cache-path=/Users/edz/Library/Developer/Xcode/DerivedData/ModuleCache.noindex -fmodules-prune-interval=86400 -fmodules-prune-after=345600 -fbuild-session-file=/Users/edz/Library/Developer/Xcode/DerivedData/ModuleCache.noindex/Session.modulevalidation -fmodules-validate-once-per-build-session -Wnon-modular-include-in-framework-module -Werror=non-modular-include-in-framework-module -fmodule-name=SSZipArchive -Wno-trigraphs -fpascal-strings -Os -fno-common -Wno-missing-field-initializers -Wno-missing-prototypes -Werror=return-type -Wdocumentation -Wunreachable-code -Werror=deprecated-objc-isa-usage -Werror=objc-root-class -Wno-missing-braces -Wparentheses -Wswitch -Wunused-function -Wno-unused-label -Wno-unused-parameter -Wunused-variable -Wunused-value -Wempty-body -Wuninitialized -Wconditional-uninitialized -Wno-unknown-pragmas -Wno-shadow -Wno-four-char-constants -Wno-conversion -Wconstant-conversion -Wint-conversion -Wbool-conversion -Wenum-conversion -Wno-float-conversion -Wnon-literal-null-conversion -Wobjc-literal-conversion -Wshorten-64-to-32 -Wpointer-sign -Wno-newline-eof -DPOD_CONFIGURATION_RELEASE=1 -DCOCOAPODS=1 -DHAVE_INTTYPES_H -DHAVE_PKCRYPT -DHAVE_STDINT_H -DHAVE_WZAES -DHAVE_ZLIB -isysroot /Applications/Xcode.app/Contents/Developer/Platforms/iPhoneSimulator.platform/Developer/SDKs/iPhoneSimulator13.5.sdk -fasm-blocks -fstrict-aliasing -Wdeprecated-declarations -g -Wno-sign-conversion -Winfinite-recursion -Wcomma -Wblock-capture-autoreleasing -Wstrict-prototypes -Wno-semicolon-before-method-body -Wunguarded-availability -iquote /Users/edz/Library/Developer/Xcode/DerivedData/App-bytlbhqqorqzqidyjovihkqwnkia/Build/Intermediates.noindex/Pods.build/Release-iphonesimulator/SSZipArchive.build/SSZipArchive-generated-files.hmap -I/Users/edz/Library/Developer/Xcode/DerivedData/App-bytlbhqqorqzqidyjovihkqwnkia/Build/Intermediates.noindex/Pods.build/Release-iphonesimulator/SSZipArchive.build/SSZipArchive-own-target-headers.hmap -I/Users/edz/Library/Developer/Xcode/DerivedData/App-bytlbhqqorqzqidyjovihkqwnkia/Build/Intermediates.noindex/Pods.build/Release-iphonesimulator/SSZipArchive.build/SSZipArchive-all-non-framework-target-headers.hmap -ivfsoverlay /Users/edz/Library/Developer/Xcode/DerivedData/App-bytlbhqqorqzqidyjovihkqwnkia/Build/Intermediates.noindex/Pods.build/Release-iphonesimulator/SSZipArchive.build/all-product-headers.yaml -iquote /Users/edz/Library/Developer/Xcode/DerivedData/App-bytlbhqqorqzqidyjovihkqwnkia/Build/Intermediates.noindex/Pods.build/Release-iphonesimulator/SSZipArchive.build/SSZipArchive-project-headers.hmap -I/Users/edz/Library/Developer/Xcode/DerivedData/App-bytlbhqqorqzqidyjovihkqwnkia/Build/Products/Release-iphonesimulator/SSZipArchive/include -I/Users/edz/Library/Developer/Xcode/DerivedData/App-bytlbhqqorqzqidyjovihkqwnkia/Build/Intermediates.noindex/Pods.build/Release-iphonesimulator/SSZipArchive.build/DerivedSources-normal/x86_64 -I/Users/edz/Library/Developer/Xcode/DerivedData/App-bytlbhqqorqzqidyjovihkqwnkia/Build/Intermediates.noindex/Pods.build/Release-iphonesimulator/SSZipArchive.build/DerivedSources/x86_64 -I/Users/edz/Library/Developer/Xcode/DerivedData/App-bytlbhqqorqzqidyjovihkqwnkia/Build/Intermediates.noindex/Pods.build/Release-iphonesimulator/SSZipArchive.build/DerivedSources -F/Users/edz/Library/Developer/Xcode/DerivedData/App-bytlbhqqorqzqidyjovihkqwnkia/Build/Products/Release-iphonesimulator/SSZipArchive -Wincomplete-umbrella -w -Xanalyzer -analyzer-disable-all-checks -include /var/folders/4h/hxvz7hb959j4pw0pvbq686x00000gn/T/CocoaPods-Lint-20200722-25225-196xw43-UIModule/Pods/Target\ Support\ Files/SSZipArchive/SSZipArchive-prefix.pch -MMD -MT dependencies -MF /Users/edz/Library/Developer/Xcode/DerivedData/App-bytlbhqqorqzqidyjovihkqwnkia/Build/Intermediates.noindex/Pods.build/Release-iphonesimulator/SSZipArchive.build/Objects-normal/x86_64/mz_strm_pkcrypt.d --serialize-diagnostics /Users/edz/Library/Developer/Xcode/DerivedData/App-bytlbhqqorqzqidyjovihkqwnkia/Build/Intermediates.noindex/Pods.build/Release-iphonesimulator/SSZipArchive.build/Objects-normal/x86_64/mz_strm_pkcrypt.dia -c /var/folders/4h/hxvz7hb959j4pw0pvbq686x00000gn/T/CocoaPods-Lint-20200722-25225-196xw43-UIModule/Pods/SSZipArchive/SSZipArchive/minizip/mz_strm_pkcrypt.c -o /Users/edz/Library/Developer/Xcode/DerivedData/App-bytlbhqqorqzqidyjovihkqwnkia/Build/Intermediates.noindex/Pods.build/Release-iphonesimulator/SSZipArchive.build/Objects-normal/x86_64/mz_strm_pkcrypt.o
    
    CompileC /Users/edz/Library/Developer/Xcode/DerivedData/App-bytlbhqqorqzqidyjovihkqwnkia/Build/Intermediates.noindex/Pods.build/Release-iphonesimulator/SSZipArchive.build/Objects-normal/x86_64/mz_strm_os_posix.o /var/folders/4h/hxvz7hb959j4pw0pvbq686x00000gn/T/CocoaPods-Lint-20200722-25225-196xw43-UIModule/Pods/SSZipArchive/SSZipArchive/minizip/mz_strm_os_posix.c normal x86_64 c com.apple.compilers.llvm.clang.1_0.compiler (in target 'SSZipArchive' from project 'Pods')
        cd /var/folders/4h/hxvz7hb959j4pw0pvbq686x00000gn/T/CocoaPods-Lint-20200722-25225-196xw43-UIModule/Pods
        export LANG=en_US.US-ASCII
        /Applications/Xcode.app/Contents/Developer/Toolchains/XcodeDefault.xctoolchain/usr/bin/clang -x c -target x86_64-apple-ios9.0-simulator -fmessage-length=0 -fdiagnostics-show-note-include-stack -fmacro-backtrace-limit=0 -std=gnu11 -fmodules -gmodules -fmodules-cache-path=/Users/edz/Library/Developer/Xcode/DerivedData/ModuleCache.noindex -fmodules-prune-interval=86400 -fmodules-prune-after=345600 -fbuild-session-file=/Users/edz/Library/Developer/Xcode/DerivedData/ModuleCache.noindex/Session.modulevalidation -fmodules-validate-once-per-build-session -Wnon-modular-include-in-framework-module -Werror=non-modular-include-in-framework-module -fmodule-name=SSZipArchive -Wno-trigraphs -fpascal-strings -Os -fno-common -Wno-missing-field-initializers -Wno-missing-prototypes -Werror=return-type -Wdocumentation -Wunreachable-code -Werror=deprecated-objc-isa-usage -Werror=objc-root-class -Wno-missing-braces -Wparentheses -Wswitch -Wunused-function -Wno-unused-label -Wno-unused-parameter -Wunused-variable -Wunused-value -Wempty-body -Wuninitialized -Wconditional-uninitialized -Wno-unknown-pragmas -Wno-shadow -Wno-four-char-constants -Wno-conversion -Wconstant-conversion -Wint-conversion -Wbool-conversion -Wenum-conversion -Wno-float-conversion -Wnon-literal-null-conversion -Wobjc-literal-conversion -Wshorten-64-to-32 -Wpointer-sign -Wno-newline-eof -DPOD_CONFIGURATION_RELEASE=1 -DCOCOAPODS=1 -DHAVE_INTTYPES_H -DHAVE_PKCRYPT -DHAVE_STDINT_H -DHAVE_WZAES -DHAVE_ZLIB -isysroot /Applications/Xcode.app/Contents/Developer/Platforms/iPhoneSimulator.platform/Developer/SDKs/iPhoneSimulator13.5.sdk -fasm-blocks -fstrict-aliasing -Wdeprecated-declarations -g -Wno-sign-conversion -Winfinite-recursion -Wcomma -Wblock-capture-autoreleasing -Wstrict-prototypes -Wno-semicolon-before-method-body -Wunguarded-availability -iquote /Users/edz/Library/Developer/Xcode/DerivedData/App-bytlbhqqorqzqidyjovihkqwnkia/Build/Intermediates.noindex/Pods.build/Release-iphonesimulator/SSZipArchive.build/SSZipArchive-generated-files.hmap -I/Users/edz/Library/Developer/Xcode/DerivedData/App-bytlbhqqorqzqidyjovihkqwnkia/Build/Intermediates.noindex/Pods.build/Release-iphonesimulator/SSZipArchive.build/SSZipArchive-own-target-headers.hmap -I/Users/edz/Library/Developer/Xcode/DerivedData/App-bytlbhqqorqzqidyjovihkqwnkia/Build/Intermediates.noindex/Pods.build/Release-iphonesimulator/SSZipArchive.build/SSZipArchive-all-non-framework-target-headers.hmap -ivfsoverlay /Users/edz/Library/Developer/Xcode/DerivedData/App-bytlbhqqorqzqidyjovihkqwnkia/Build/Intermediates.noindex/Pods.build/Release-iphonesimulator/SSZipArchive.build/all-product-headers.yaml -iquote /Users/edz/Library/Developer/Xcode/DerivedData/App-bytlbhqqorqzqidyjovihkqwnkia/Build/Intermediates.noindex/Pods.build/Release-iphonesimulator/SSZipArchive.build/SSZipArchive-project-headers.hmap -I/Users/edz/Library/Developer/Xcode/DerivedData/App-bytlbhqqorqzqidyjovihkqwnkia/Build/Products/Release-iphonesimulator/SSZipArchive/include -I/Users/edz/Library/Developer/Xcode/DerivedData/App-bytlbhqqorqzqidyjovihkqwnkia/Build/Intermediates.noindex/Pods.build/Release-iphonesimulator/SSZipArchive.build/DerivedSources-normal/x86_64 -I/Users/edz/Library/Developer/Xcode/DerivedData/App-bytlbhqqorqzqidyjovihkqwnkia/Build/Intermediates.noindex/Pods.build/Release-iphonesimulator/SSZipArchive.build/DerivedSources/x86_64 -I/Users/edz/Library/Developer/Xcode/DerivedData/App-bytlbhqqorqzqidyjovihkqwnkia/Build/Intermediates.noindex/Pods.build/Release-iphonesimulator/SSZipArchive.build/DerivedSources -F/Users/edz/Library/Developer/Xcode/DerivedData/App-bytlbhqqorqzqidyjovihkqwnkia/Build/Products/Release-iphonesimulator/SSZipArchive -Wincomplete-umbrella -w -Xanalyzer -analyzer-disable-all-checks -include /var/folders/4h/hxvz7hb959j4pw0pvbq686x00000gn/T/CocoaPods-Lint-20200722-25225-196xw43-UIModule/Pods/Target\ Support\ Files/SSZipArchive/SSZipArchive-prefix.pch -MMD -MT dependencies -MF /Users/edz/Library/Developer/Xcode/DerivedData/App-bytlbhqqorqzqidyjovihkqwnkia/Build/Intermediates.noindex/Pods.build/Release-iphonesimulator/SSZipArchive.build/Objects-normal/x86_64/mz_strm_os_posix.d --serialize-diagnostics /Users/edz/Library/Developer/Xcode/DerivedData/App-bytlbhqqorqzqidyjovihkqwnkia/Build/Intermediates.noindex/Pods.build/Release-iphonesimulator/SSZipArchive.build/Objects-normal/x86_64/mz_strm_os_posix.dia -c /var/folders/4h/hxvz7hb959j4pw0pvbq686x00000gn/T/CocoaPods-Lint-20200722-25225-196xw43-UIModule/Pods/SSZipArchive/SSZipArchive/minizip/mz_strm_os_posix.c -o /Users/edz/Library/Developer/Xcode/DerivedData/App-bytlbhqqorqzqidyjovihkqwnkia/Build/Intermediates.noindex/Pods.build/Release-iphonesimulator/SSZipArchive.build/Objects-normal/x86_64/mz_strm_os_posix.o
    
    CompileC /Users/edz/Library/Developer/Xcode/DerivedData/App-bytlbhqqorqzqidyjovihkqwnkia/Build/Intermediates.noindex/Pods.build/Release-iphonesimulator/SSZipArchive.build/Objects-normal/x86_64/mz_strm_mem.o /var/folders/4h/hxvz7hb959j4pw0pvbq686x00000gn/T/CocoaPods-Lint-20200722-25225-196xw43-UIModule/Pods/SSZipArchive/SSZipArchive/minizip/mz_strm_mem.c normal x86_64 c com.apple.compilers.llvm.clang.1_0.compiler (in target 'SSZipArchive' from project 'Pods')
        cd /var/folders/4h/hxvz7hb959j4pw0pvbq686x00000gn/T/CocoaPods-Lint-20200722-25225-196xw43-UIModule/Pods
        export LANG=en_US.US-ASCII
        /Applications/Xcode.app/Contents/Developer/Toolchains/XcodeDefault.xctoolchain/usr/bin/clang -x c -target x86_64-apple-ios9.0-simulator -fmessage-length=0 -fdiagnostics-show-note-include-stack -fmacro-backtrace-limit=0 -std=gnu11 -fmodules -gmodules -fmodules-cache-path=/Users/edz/Library/Developer/Xcode/DerivedData/ModuleCache.noindex -fmodules-prune-interval=86400 -fmodules-prune-after=345600 -fbuild-session-file=/Users/edz/Library/Developer/Xcode/DerivedData/ModuleCache.noindex/Session.modulevalidation -fmodules-validate-once-per-build-session -Wnon-modular-include-in-framework-module -Werror=non-modular-include-in-framework-module -fmodule-name=SSZipArchive -Wno-trigraphs -fpascal-strings -Os -fno-common -Wno-missing-field-initializers -Wno-missing-prototypes -Werror=return-type -Wdocumentation -Wunreachable-code -Werror=deprecated-objc-isa-usage -Werror=objc-root-class -Wno-missing-braces -Wparentheses -Wswitch -Wunused-function -Wno-unused-label -Wno-unused-parameter -Wunused-variable -Wunused-value -Wempty-body -Wuninitialized -Wconditional-uninitialized -Wno-unknown-pragmas -Wno-shadow -Wno-four-char-constants -Wno-conversion -Wconstant-conversion -Wint-conversion -Wbool-conversion -Wenum-conversion -Wno-float-conversion -Wnon-literal-null-conversion -Wobjc-literal-conversion -Wshorten-64-to-32 -Wpointer-sign -Wno-newline-eof -DPOD_CONFIGURATION_RELEASE=1 -DCOCOAPODS=1 -DHAVE_INTTYPES_H -DHAVE_PKCRYPT -DHAVE_STDINT_H -DHAVE_WZAES -DHAVE_ZLIB -isysroot /Applications/Xcode.app/Contents/Developer/Platforms/iPhoneSimulator.platform/Developer/SDKs/iPhoneSimulator13.5.sdk -fasm-blocks -fstrict-aliasing -Wdeprecated-declarations -g -Wno-sign-conversion -Winfinite-recursion -Wcomma -Wblock-capture-autoreleasing -Wstrict-prototypes -Wno-semicolon-before-method-body -Wunguarded-availability -iquote /Users/edz/Library/Developer/Xcode/DerivedData/App-bytlbhqqorqzqidyjovihkqwnkia/Build/Intermediates.noindex/Pods.build/Release-iphonesimulator/SSZipArchive.build/SSZipArchive-generated-files.hmap -I/Users/edz/Library/Developer/Xcode/DerivedData/App-bytlbhqqorqzqidyjovihkqwnkia/Build/Intermediates.noindex/Pods.build/Release-iphonesimulator/SSZipArchive.build/SSZipArchive-own-target-headers.hmap -I/Users/edz/Library/Developer/Xcode/DerivedData/App-bytlbhqqorqzqidyjovihkqwnkia/Build/Intermediates.noindex/Pods.build/Release-iphonesimulator/SSZipArchive.build/SSZipArchive-all-non-framework-target-headers.hmap -ivfsoverlay /Users/edz/Library/Developer/Xcode/DerivedData/App-bytlbhqqorqzqidyjovihkqwnkia/Build/Intermediates.noindex/Pods.build/Release-iphonesimulator/SSZipArchive.build/all-product-headers.yaml -iquote /Users/edz/Library/Developer/Xcode/DerivedData/App-bytlbhqqorqzqidyjovihkqwnkia/Build/Intermediates.noindex/Pods.build/Release-iphonesimulator/SSZipArchive.build/SSZipArchive-project-headers.hmap -I/Users/edz/Library/Developer/Xcode/DerivedData/App-bytlbhqqorqzqidyjovihkqwnkia/Build/Products/Release-iphonesimulator/SSZipArchive/include -I/Users/edz/Library/Developer/Xcode/DerivedData/App-bytlbhqqorqzqidyjovihkqwnkia/Build/Intermediates.noindex/Pods.build/Release-iphonesimulator/SSZipArchive.build/DerivedSources-normal/x86_64 -I/Users/edz/Library/Developer/Xcode/DerivedData/App-bytlbhqqorqzqidyjovihkqwnkia/Build/Intermediates.noindex/Pods.build/Release-iphonesimulator/SSZipArchive.build/DerivedSources/x86_64 -I/Users/edz/Library/Developer/Xcode/DerivedData/App-bytlbhqqorqzqidyjovihkqwnkia/Build/Intermediates.noindex/Pods.build/Release-iphonesimulator/SSZipArchive.build/DerivedSources -F/Users/edz/Library/Developer/Xcode/DerivedData/App-bytlbhqqorqzqidyjovihkqwnkia/Build/Products/Release-iphonesimulator/SSZipArchive -Wincomplete-umbrella -w -Xanalyzer -analyzer-disable-all-checks -include /var/folders/4h/hxvz7hb959j4pw0pvbq686x00000gn/T/CocoaPods-Lint-20200722-25225-196xw43-UIModule/Pods/Target\ Support\ Files/SSZipArchive/SSZipArchive-prefix.pch -MMD -MT dependencies -MF /Users/edz/Library/Developer/Xcode/DerivedData/App-bytlbhqqorqzqidyjovihkqwnkia/Build/Intermediates.noindex/Pods.build/Release-iphonesimulator/SSZipArchive.build/Objects-normal/x86_64/mz_strm_mem.d --serialize-diagnostics /Users/edz/Library/Developer/Xcode/DerivedData/App-bytlbhqqorqzqidyjovihkqwnkia/Build/Intermediates.noindex/Pods.build/Release-iphonesimulator/SSZipArchive.build/Objects-normal/x86_64/mz_strm_mem.dia -c /var/folders/4h/hxvz7hb959j4pw0pvbq686x00000gn/T/CocoaPods-Lint-20200722-25225-196xw43-UIModule/Pods/SSZipArchive/SSZipArchive/minizip/mz_strm_mem.c -o /Users/edz/Library/Developer/Xcode/DerivedData/App-bytlbhqqorqzqidyjovihkqwnkia/Build/Intermediates.noindex/Pods.build/Release-iphonesimulator/SSZipArchive.build/Objects-normal/x86_64/mz_strm_mem.o
    
    CompileC /Users/edz/Library/Developer/Xcode/DerivedData/App-bytlbhqqorqzqidyjovihkqwnkia/Build/Intermediates.noindex/Pods.build/Release-iphonesimulator/SSZipArchive.build/Objects-normal/x86_64/mz_strm_buf.o /var/folders/4h/hxvz7hb959j4pw0pvbq686x00000gn/T/CocoaPods-Lint-20200722-25225-196xw43-UIModule/Pods/SSZipArchive/SSZipArchive/minizip/mz_strm_buf.c normal x86_64 c com.apple.compilers.llvm.clang.1_0.compiler (in target 'SSZipArchive' from project 'Pods')
        cd /var/folders/4h/hxvz7hb959j4pw0pvbq686x00000gn/T/CocoaPods-Lint-20200722-25225-196xw43-UIModule/Pods
        export LANG=en_US.US-ASCII
        /Applications/Xcode.app/Contents/Developer/Toolchains/XcodeDefault.xctoolchain/usr/bin/clang -x c -target x86_64-apple-ios9.0-simulator -fmessage-length=0 -fdiagnostics-show-note-include-stack -fmacro-backtrace-limit=0 -std=gnu11 -fmodules -gmodules -fmodules-cache-path=/Users/edz/Library/Developer/Xcode/DerivedData/ModuleCache.noindex -fmodules-prune-interval=86400 -fmodules-prune-after=345600 -fbuild-session-file=/Users/edz/Library/Developer/Xcode/DerivedData/ModuleCache.noindex/Session.modulevalidation -fmodules-validate-once-per-build-session -Wnon-modular-include-in-framework-module -Werror=non-modular-include-in-framework-module -fmodule-name=SSZipArchive -Wno-trigraphs -fpascal-strings -Os -fno-common -Wno-missing-field-initializers -Wno-missing-prototypes -Werror=return-type -Wdocumentation -Wunreachable-code -Werror=deprecated-objc-isa-usage -Werror=objc-root-class -Wno-missing-braces -Wparentheses -Wswitch -Wunused-function -Wno-unused-label -Wno-unused-parameter -Wunused-variable -Wunused-value -Wempty-body -Wuninitialized -Wconditional-uninitialized -Wno-unknown-pragmas -Wno-shadow -Wno-four-char-constants -Wno-conversion -Wconstant-conversion -Wint-conversion -Wbool-conversion -Wenum-conversion -Wno-float-conversion -Wnon-literal-null-conversion -Wobjc-literal-conversion -Wshorten-64-to-32 -Wpointer-sign -Wno-newline-eof -DPOD_CONFIGURATION_RELEASE=1 -DCOCOAPODS=1 -DHAVE_INTTYPES_H -DHAVE_PKCRYPT -DHAVE_STDINT_H -DHAVE_WZAES -DHAVE_ZLIB -isysroot /Applications/Xcode.app/Contents/Developer/Platforms/iPhoneSimulator.platform/Developer/SDKs/iPhoneSimulator13.5.sdk -fasm-blocks -fstrict-aliasing -Wdeprecated-declarations -g -Wno-sign-conversion -Winfinite-recursion -Wcomma -Wblock-capture-autoreleasing -Wstrict-prototypes -Wno-semicolon-before-method-body -Wunguarded-availability -iquote /Users/edz/Library/Developer/Xcode/DerivedData/App-bytlbhqqorqzqidyjovihkqwnkia/Build/Intermediates.noindex/Pods.build/Release-iphonesimulator/SSZipArchive.build/SSZipArchive-generated-files.hmap -I/Users/edz/Library/Developer/Xcode/DerivedData/App-bytlbhqqorqzqidyjovihkqwnkia/Build/Intermediates.noindex/Pods.build/Release-iphonesimulator/SSZipArchive.build/SSZipArchive-own-target-headers.hmap -I/Users/edz/Library/Developer/Xcode/DerivedData/App-bytlbhqqorqzqidyjovihkqwnkia/Build/Intermediates.noindex/Pods.build/Release-iphonesimulator/SSZipArchive.build/SSZipArchive-all-non-framework-target-headers.hmap -ivfsoverlay /Users/edz/Library/Developer/Xcode/DerivedData/App-bytlbhqqorqzqidyjovihkqwnkia/Build/Intermediates.noindex/Pods.build/Release-iphonesimulator/SSZipArchive.build/all-product-headers.yaml -iquote /Users/edz/Library/Developer/Xcode/DerivedData/App-bytlbhqqorqzqidyjovihkqwnkia/Build/Intermediates.noindex/Pods.build/Release-iphonesimulator/SSZipArchive.build/SSZipArchive-project-headers.hmap -I/Users/edz/Library/Developer/Xcode/DerivedData/App-bytlbhqqorqzqidyjovihkqwnkia/Build/Products/Release-iphonesimulator/SSZipArchive/include -I/Users/edz/Library/Developer/Xcode/DerivedData/App-bytlbhqqorqzqidyjovihkqwnkia/Build/Intermediates.noindex/Pods.build/Release-iphonesimulator/SSZipArchive.build/DerivedSources-normal/x86_64 -I/Users/edz/Library/Developer/Xcode/DerivedData/App-bytlbhqqorqzqidyjovihkqwnkia/Build/Intermediates.noindex/Pods.build/Release-iphonesimulator/SSZipArchive.build/DerivedSources/x86_64 -I/Users/edz/Library/Developer/Xcode/DerivedData/App-bytlbhqqorqzqidyjovihkqwnkia/Build/Intermediates.noindex/Pods.build/Release-iphonesimulator/SSZipArchive.build/DerivedSources -F/Users/edz/Library/Developer/Xcode/DerivedData/App-bytlbhqqorqzqidyjovihkqwnkia/Build/Products/Release-iphonesimulator/SSZipArchive -Wincomplete-umbrella -w -Xanalyzer -analyzer-disable-all-checks -include /var/folders/4h/hxvz7hb959j4pw0pvbq686x00000gn/T/CocoaPods-Lint-20200722-25225-196xw43-UIModule/Pods/Target\ Support\ Files/SSZipArchive/SSZipArchive-prefix.pch -MMD -MT dependencies -MF /Users/edz/Library/Developer/Xcode/DerivedData/App-bytlbhqqorqzqidyjovihkqwnkia/Build/Intermediates.noindex/Pods.build/Release-iphonesimulator/SSZipArchive.build/Objects-normal/x86_64/mz_strm_buf.d --serialize-diagnostics /Users/edz/Library/Developer/Xcode/DerivedData/App-bytlbhqqorqzqidyjovihkqwnkia/Build/Intermediates.noindex/Pods.build/Release-iphonesimulator/SSZipArchive.build/Objects-normal/x86_64/mz_strm_buf.dia -c /var/folders/4h/hxvz7hb959j4pw0pvbq686x00000gn/T/CocoaPods-Lint-20200722-25225-196xw43-UIModule/Pods/SSZipArchive/SSZipArchive/minizip/mz_strm_buf.c -o /Users/edz/Library/Developer/Xcode/DerivedData/App-bytlbhqqorqzqidyjovihkqwnkia/Build/Intermediates.noindex/Pods.build/Release-iphonesimulator/SSZipArchive.build/Objects-normal/x86_64/mz_strm_buf.o
    
    CompileC /Users/edz/Library/Developer/Xcode/DerivedData/App-bytlbhqqorqzqidyjovihkqwnkia/Build/Intermediates.noindex/Pods.build/Release-iphonesimulator/SSZipArchive.build/Objects-normal/x86_64/mz_strm.o /var/folders/4h/hxvz7hb959j4pw0pvbq686x00000gn/T/CocoaPods-Lint-20200722-25225-196xw43-UIModule/Pods/SSZipArchive/SSZipArchive/minizip/mz_strm.c normal x86_64 c com.apple.compilers.llvm.clang.1_0.compiler (in target 'SSZipArchive' from project 'Pods')
        cd /var/folders/4h/hxvz7hb959j4pw0pvbq686x00000gn/T/CocoaPods-Lint-20200722-25225-196xw43-UIModule/Pods
        export LANG=en_US.US-ASCII
        /Applications/Xcode.app/Contents/Developer/Toolchains/XcodeDefault.xctoolchain/usr/bin/clang -x c -target x86_64-apple-ios9.0-simulator -fmessage-length=0 -fdiagnostics-show-note-include-stack -fmacro-backtrace-limit=0 -std=gnu11 -fmodules -gmodules -fmodules-cache-path=/Users/edz/Library/Developer/Xcode/DerivedData/ModuleCache.noindex -fmodules-prune-interval=86400 -fmodules-prune-after=345600 -fbuild-session-file=/Users/edz/Library/Developer/Xcode/DerivedData/ModuleCache.noindex/Session.modulevalidation -fmodules-validate-once-per-build-session -Wnon-modular-include-in-framework-module -Werror=non-modular-include-in-framework-module -fmodule-name=SSZipArchive -Wno-trigraphs -fpascal-strings -Os -fno-common -Wno-missing-field-initializers -Wno-missing-prototypes -Werror=return-type -Wdocumentation -Wunreachable-code -Werror=deprecated-objc-isa-usage -Werror=objc-root-class -Wno-missing-braces -Wparentheses -Wswitch -Wunused-function -Wno-unused-label -Wno-unused-parameter -Wunused-variable -Wunused-value -Wempty-body -Wuninitialized -Wconditional-uninitialized -Wno-unknown-pragmas -Wno-shadow -Wno-four-char-constants -Wno-conversion -Wconstant-conversion -Wint-conversion -Wbool-conversion -Wenum-conversion -Wno-float-conversion -Wnon-literal-null-conversion -Wobjc-literal-conversion -Wshorten-64-to-32 -Wpointer-sign -Wno-newline-eof -DPOD_CONFIGURATION_RELEASE=1 -DCOCOAPODS=1 -DHAVE_INTTYPES_H -DHAVE_PKCRYPT -DHAVE_STDINT_H -DHAVE_WZAES -DHAVE_ZLIB -isysroot /Applications/Xcode.app/Contents/Developer/Platforms/iPhoneSimulator.platform/Developer/SDKs/iPhoneSimulator13.5.sdk -fasm-blocks -fstrict-aliasing -Wdeprecated-declarations -g -Wno-sign-conversion -Winfinite-recursion -Wcomma -Wblock-capture-autoreleasing -Wstrict-prototypes -Wno-semicolon-before-method-body -Wunguarded-availability -iquote /Users/edz/Library/Developer/Xcode/DerivedData/App-bytlbhqqorqzqidyjovihkqwnkia/Build/Intermediates.noindex/Pods.build/Release-iphonesimulator/SSZipArchive.build/SSZipArchive-generated-files.hmap -I/Users/edz/Library/Developer/Xcode/DerivedData/App-bytlbhqqorqzqidyjovihkqwnkia/Build/Intermediates.noindex/Pods.build/Release-iphonesimulator/SSZipArchive.build/SSZipArchive-own-target-headers.hmap -I/Users/edz/Library/Developer/Xcode/DerivedData/App-bytlbhqqorqzqidyjovihkqwnkia/Build/Intermediates.noindex/Pods.build/Release-iphonesimulator/SSZipArchive.build/SSZipArchive-all-non-framework-target-headers.hmap -ivfsoverlay /Users/edz/Library/Developer/Xcode/DerivedData/App-bytlbhqqorqzqidyjovihkqwnkia/Build/Intermediates.noindex/Pods.build/Release-iphonesimulator/SSZipArchive.build/all-product-headers.yaml -iquote /Users/edz/Library/Developer/Xcode/DerivedData/App-bytlbhqqorqzqidyjovihkqwnkia/Build/Intermediates.noindex/Pods.build/Release-iphonesimulator/SSZipArchive.build/SSZipArchive-project-headers.hmap -I/Users/edz/Library/Developer/Xcode/DerivedData/App-bytlbhqqorqzqidyjovihkqwnkia/Build/Products/Release-iphonesimulator/SSZipArchive/include -I/Users/edz/Library/Developer/Xcode/DerivedData/App-bytlbhqqorqzqidyjovihkqwnkia/Build/Intermediates.noindex/Pods.build/Release-iphonesimulator/SSZipArchive.build/DerivedSources-normal/x86_64 -I/Users/edz/Library/Developer/Xcode/DerivedData/App-bytlbhqqorqzqidyjovihkqwnkia/Build/Intermediates.noindex/Pods.build/Release-iphonesimulator/SSZipArchive.build/DerivedSources/x86_64 -I/Users/edz/Library/Developer/Xcode/DerivedData/App-bytlbhqqorqzqidyjovihkqwnkia/Build/Intermediates.noindex/Pods.build/Release-iphonesimulator/SSZipArchive.build/DerivedSources -F/Users/edz/Library/Developer/Xcode/DerivedData/App-bytlbhqqorqzqidyjovihkqwnkia/Build/Products/Release-iphonesimulator/SSZipArchive -Wincomplete-umbrella -w -Xanalyzer -analyzer-disable-all-checks -include /var/folders/4h/hxvz7hb959j4pw0pvbq686x00000gn/T/CocoaPods-Lint-20200722-25225-196xw43-UIModule/Pods/Target\ Support\ Files/SSZipArchive/SSZipArchive-prefix.pch -MMD -MT dependencies -MF /Users/edz/Library/Developer/Xcode/DerivedData/App-bytlbhqqorqzqidyjovihkqwnkia/Build/Intermediates.noindex/Pods.build/Release-iphonesimulator/SSZipArchive.build/Objects-normal/x86_64/mz_strm.d --serialize-diagnostics /Users/edz/Library/Developer/Xcode/DerivedData/App-bytlbhqqorqzqidyjovihkqwnkia/Build/Intermediates.noindex/Pods.build/Release-iphonesimulator/SSZipArchive.build/Objects-normal/x86_64/mz_strm.dia -c /var/folders/4h/hxvz7hb959j4pw0pvbq686x00000gn/T/CocoaPods-Lint-20200722-25225-196xw43-UIModule/Pods/SSZipArchive/SSZipArchive/minizip/mz_strm.c -o /Users/edz/Library/Developer/Xcode/DerivedData/App-bytlbhqqorqzqidyjovihkqwnkia/Build/Intermediates.noindex/Pods.build/Release-iphonesimulator/SSZipArchive.build/Objects-normal/x86_64/mz_strm.o
    
    CompileC /Users/edz/Library/Developer/Xcode/DerivedData/App-bytlbhqqorqzqidyjovihkqwnkia/Build/Intermediates.noindex/Pods.build/Release-iphonesimulator/SSZipArchive.build/Objects-normal/x86_64/mz_os_posix.o /var/folders/4h/hxvz7hb959j4pw0pvbq686x00000gn/T/CocoaPods-Lint-20200722-25225-196xw43-UIModule/Pods/SSZipArchive/SSZipArchive/minizip/mz_os_posix.c normal x86_64 c com.apple.compilers.llvm.clang.1_0.compiler (in target 'SSZipArchive' from project 'Pods')
        cd /var/folders/4h/hxvz7hb959j4pw0pvbq686x00000gn/T/CocoaPods-Lint-20200722-25225-196xw43-UIModule/Pods
        export LANG=en_US.US-ASCII
        /Applications/Xcode.app/Contents/Developer/Toolchains/XcodeDefault.xctoolchain/usr/bin/clang -x c -target x86_64-apple-ios9.0-simulator -fmessage-length=0 -fdiagnostics-show-note-include-stack -fmacro-backtrace-limit=0 -std=gnu11 -fmodules -gmodules -fmodules-cache-path=/Users/edz/Library/Developer/Xcode/DerivedData/ModuleCache.noindex -fmodules-prune-interval=86400 -fmodules-prune-after=345600 -fbuild-session-file=/Users/edz/Library/Developer/Xcode/DerivedData/ModuleCache.noindex/Session.modulevalidation -fmodules-validate-once-per-build-session -Wnon-modular-include-in-framework-module -Werror=non-modular-include-in-framework-module -fmodule-name=SSZipArchive -Wno-trigraphs -fpascal-strings -Os -fno-common -Wno-missing-field-initializers -Wno-missing-prototypes -Werror=return-type -Wdocumentation -Wunreachable-code -Werror=deprecated-objc-isa-usage -Werror=objc-root-class -Wno-missing-braces -Wparentheses -Wswitch -Wunused-function -Wno-unused-label -Wno-unused-parameter -Wunused-variable -Wunused-value -Wempty-body -Wuninitialized -Wconditional-uninitialized -Wno-unknown-pragmas -Wno-shadow -Wno-four-char-constants -Wno-conversion -Wconstant-conversion -Wint-conversion -Wbool-conversion -Wenum-conversion -Wno-float-conversion -Wnon-literal-null-conversion -Wobjc-literal-conversion -Wshorten-64-to-32 -Wpointer-sign -Wno-newline-eof -DPOD_CONFIGURATION_RELEASE=1 -DCOCOAPODS=1 -DHAVE_INTTYPES_H -DHAVE_PKCRYPT -DHAVE_STDINT_H -DHAVE_WZAES -DHAVE_ZLIB -isysroot /Applications/Xcode.app/Contents/Developer/Platforms/iPhoneSimulator.platform/Developer/SDKs/iPhoneSimulator13.5.sdk -fasm-blocks -fstrict-aliasing -Wdeprecated-declarations -g -Wno-sign-conversion -Winfinite-recursion -Wcomma -Wblock-capture-autoreleasing -Wstrict-prototypes -Wno-semicolon-before-method-body -Wunguarded-availability -iquote /Users/edz/Library/Developer/Xcode/DerivedData/App-bytlbhqqorqzqidyjovihkqwnkia/Build/Intermediates.noindex/Pods.build/Release-iphonesimulator/SSZipArchive.build/SSZipArchive-generated-files.hmap -I/Users/edz/Library/Developer/Xcode/DerivedData/App-bytlbhqqorqzqidyjovihkqwnkia/Build/Intermediates.noindex/Pods.build/Release-iphonesimulator/SSZipArchive.build/SSZipArchive-own-target-headers.hmap -I/Users/edz/Library/Developer/Xcode/DerivedData/App-bytlbhqqorqzqidyjovihkqwnkia/Build/Intermediates.noindex/Pods.build/Release-iphonesimulator/SSZipArchive.build/SSZipArchive-all-non-framework-target-headers.hmap -ivfsoverlay /Users/edz/Library/Developer/Xcode/DerivedData/App-bytlbhqqorqzqidyjovihkqwnkia/Build/Intermediates.noindex/Pods.build/Release-iphonesimulator/SSZipArchive.build/all-product-headers.yaml -iquote /Users/edz/Library/Developer/Xcode/DerivedData/App-bytlbhqqorqzqidyjovihkqwnkia/Build/Intermediates.noindex/Pods.build/Release-iphonesimulator/SSZipArchive.build/SSZipArchive-project-headers.hmap -I/Users/edz/Library/Developer/Xcode/DerivedData/App-bytlbhqqorqzqidyjovihkqwnkia/Build/Products/Release-iphonesimulator/SSZipArchive/include -I/Users/edz/Library/Developer/Xcode/DerivedData/App-bytlbhqqorqzqidyjovihkqwnkia/Build/Intermediates.noindex/Pods.build/Release-iphonesimulator/SSZipArchive.build/DerivedSources-normal/x86_64 -I/Users/edz/Library/Developer/Xcode/DerivedData/App-bytlbhqqorqzqidyjovihkqwnkia/Build/Intermediates.noindex/Pods.build/Release-iphonesimulator/SSZipArchive.build/DerivedSources/x86_64 -I/Users/edz/Library/Developer/Xcode/DerivedData/App-bytlbhqqorqzqidyjovihkqwnkia/Build/Intermediates.noindex/Pods.build/Release-iphonesimulator/SSZipArchive.build/DerivedSources -F/Users/edz/Library/Developer/Xcode/DerivedData/App-bytlbhqqorqzqidyjovihkqwnkia/Build/Products/Release-iphonesimulator/SSZipArchive -Wincomplete-umbrella -w -Xanalyzer -analyzer-disable-all-checks -include /var/folders/4h/hxvz7hb959j4pw0pvbq686x00000gn/T/CocoaPods-Lint-20200722-25225-196xw43-UIModule/Pods/Target\ Support\ Files/SSZipArchive/SSZipArchive-prefix.pch -MMD -MT dependencies -MF /Users/edz/Library/Developer/Xcode/DerivedData/App-bytlbhqqorqzqidyjovihkqwnkia/Build/Intermediates.noindex/Pods.build/Release-iphonesimulator/SSZipArchive.build/Objects-normal/x86_64/mz_os_posix.d --serialize-diagnostics /Users/edz/Library/Developer/Xcode/DerivedData/App-bytlbhqqorqzqidyjovihkqwnkia/Build/Intermediates.noindex/Pods.build/Release-iphonesimulator/SSZipArchive.build/Objects-normal/x86_64/mz_os_posix.dia -c /var/folders/4h/hxvz7hb959j4pw0pvbq686x00000gn/T/CocoaPods-Lint-20200722-25225-196xw43-UIModule/Pods/SSZipArchive/SSZipArchive/minizip/mz_os_posix.c -o /Users/edz/Library/Developer/Xcode/DerivedData/App-bytlbhqqorqzqidyjovihkqwnkia/Build/Intermediates.noindex/Pods.build/Release-iphonesimulator/SSZipArchive.build/Objects-normal/x86_64/mz_os_posix.o
    
    CompileC /Users/edz/Library/Developer/Xcode/DerivedData/App-bytlbhqqorqzqidyjovihkqwnkia/Build/Intermediates.noindex/Pods.build/Release-iphonesimulator/SSZipArchive.build/Objects-normal/x86_64/mz_os.o /var/folders/4h/hxvz7hb959j4pw0pvbq686x00000gn/T/CocoaPods-Lint-20200722-25225-196xw43-UIModule/Pods/SSZipArchive/SSZipArchive/minizip/mz_os.c normal x86_64 c com.apple.compilers.llvm.clang.1_0.compiler (in target 'SSZipArchive' from project 'Pods')
        cd /var/folders/4h/hxvz7hb959j4pw0pvbq686x00000gn/T/CocoaPods-Lint-20200722-25225-196xw43-UIModule/Pods
        export LANG=en_US.US-ASCII
        /Applications/Xcode.app/Contents/Developer/Toolchains/XcodeDefault.xctoolchain/usr/bin/clang -x c -target x86_64-apple-ios9.0-simulator -fmessage-length=0 -fdiagnostics-show-note-include-stack -fmacro-backtrace-limit=0 -std=gnu11 -fmodules -gmodules -fmodules-cache-path=/Users/edz/Library/Developer/Xcode/DerivedData/ModuleCache.noindex -fmodules-prune-interval=86400 -fmodules-prune-after=345600 -fbuild-session-file=/Users/edz/Library/Developer/Xcode/DerivedData/ModuleCache.noindex/Session.modulevalidation -fmodules-validate-once-per-build-session -Wnon-modular-include-in-framework-module -Werror=non-modular-include-in-framework-module -fmodule-name=SSZipArchive -Wno-trigraphs -fpascal-strings -Os -fno-common -Wno-missing-field-initializers -Wno-missing-prototypes -Werror=return-type -Wdocumentation -Wunreachable-code -Werror=deprecated-objc-isa-usage -Werror=objc-root-class -Wno-missing-braces -Wparentheses -Wswitch -Wunused-function -Wno-unused-label -Wno-unused-parameter -Wunused-variable -Wunused-value -Wempty-body -Wuninitialized -Wconditional-uninitialized -Wno-unknown-pragmas -Wno-shadow -Wno-four-char-constants -Wno-conversion -Wconstant-conversion -Wint-conversion -Wbool-conversion -Wenum-conversion -Wno-float-conversion -Wnon-literal-null-conversion -Wobjc-literal-conversion -Wshorten-64-to-32 -Wpointer-sign -Wno-newline-eof -DPOD_CONFIGURATION_RELEASE=1 -DCOCOAPODS=1 -DHAVE_INTTYPES_H -DHAVE_PKCRYPT -DHAVE_STDINT_H -DHAVE_WZAES -DHAVE_ZLIB -isysroot /Applications/Xcode.app/Contents/Developer/Platforms/iPhoneSimulator.platform/Developer/SDKs/iPhoneSimulator13.5.sdk -fasm-blocks -fstrict-aliasing -Wdeprecated-declarations -g -Wno-sign-conversion -Winfinite-recursion -Wcomma -Wblock-capture-autoreleasing -Wstrict-prototypes -Wno-semicolon-before-method-body -Wunguarded-availability -iquote /Users/edz/Library/Developer/Xcode/DerivedData/App-bytlbhqqorqzqidyjovihkqwnkia/Build/Intermediates.noindex/Pods.build/Release-iphonesimulator/SSZipArchive.build/SSZipArchive-generated-files.hmap -I/Users/edz/Library/Developer/Xcode/DerivedData/App-bytlbhqqorqzqidyjovihkqwnkia/Build/Intermediates.noindex/Pods.build/Release-iphonesimulator/SSZipArchive.build/SSZipArchive-own-target-headers.hmap -I/Users/edz/Library/Developer/Xcode/DerivedData/App-bytlbhqqorqzqidyjovihkqwnkia/Build/Intermediates.noindex/Pods.build/Release-iphonesimulator/SSZipArchive.build/SSZipArchive-all-non-framework-target-headers.hmap -ivfsoverlay /Users/edz/Library/Developer/Xcode/DerivedData/App-bytlbhqqorqzqidyjovihkqwnkia/Build/Intermediates.noindex/Pods.build/Release-iphonesimulator/SSZipArchive.build/all-product-headers.yaml -iquote /Users/edz/Library/Developer/Xcode/DerivedData/App-bytlbhqqorqzqidyjovihkqwnkia/Build/Intermediates.noindex/Pods.build/Release-iphonesimulator/SSZipArchive.build/SSZipArchive-project-headers.hmap -I/Users/edz/Library/Developer/Xcode/DerivedData/App-bytlbhqqorqzqidyjovihkqwnkia/Build/Products/Release-iphonesimulator/SSZipArchive/include -I/Users/edz/Library/Developer/Xcode/DerivedData/App-bytlbhqqorqzqidyjovihkqwnkia/Build/Intermediates.noindex/Pods.build/Release-iphonesimulator/SSZipArchive.build/DerivedSources-normal/x86_64 -I/Users/edz/Library/Developer/Xcode/DerivedData/App-bytlbhqqorqzqidyjovihkqwnkia/Build/Intermediates.noindex/Pods.build/Release-iphonesimulator/SSZipArchive.build/DerivedSources/x86_64 -I/Users/edz/Library/Developer/Xcode/DerivedData/App-bytlbhqqorqzqidyjovihkqwnkia/Build/Intermediates.noindex/Pods.build/Release-iphonesimulator/SSZipArchive.build/DerivedSources -F/Users/edz/Library/Developer/Xcode/DerivedData/App-bytlbhqqorqzqidyjovihkqwnkia/Build/Products/Release-iphonesimulator/SSZipArchive -Wincomplete-umbrella -w -Xanalyzer -analyzer-disable-all-checks -include /var/folders/4h/hxvz7hb959j4pw0pvbq686x00000gn/T/CocoaPods-Lint-20200722-25225-196xw43-UIModule/Pods/Target\ Support\ Files/SSZipArchive/SSZipArchive-prefix.pch -MMD -MT dependencies -MF /Users/edz/Library/Developer/Xcode/DerivedData/App-bytlbhqqorqzqidyjovihkqwnkia/Build/Intermediates.noindex/Pods.build/Release-iphonesimulator/SSZipArchive.build/Objects-normal/x86_64/mz_os.d --serialize-diagnostics /Users/edz/Library/Developer/Xcode/DerivedData/App-bytlbhqqorqzqidyjovihkqwnkia/Build/Intermediates.noindex/Pods.build/Release-iphonesimulator/SSZipArchive.build/Objects-normal/x86_64/mz_os.dia -c /var/folders/4h/hxvz7hb959j4pw0pvbq686x00000gn/T/CocoaPods-Lint-20200722-25225-196xw43-UIModule/Pods/SSZipArchive/SSZipArchive/minizip/mz_os.c -o /Users/edz/Library/Developer/Xcode/DerivedData/App-bytlbhqqorqzqidyjovihkqwnkia/Build/Intermediates.noindex/Pods.build/Release-iphonesimulator/SSZipArchive.build/Objects-normal/x86_64/mz_os.o
    
    CompileC /Users/edz/Library/Developer/Xcode/DerivedData/App-bytlbhqqorqzqidyjovihkqwnkia/Build/Intermediates.noindex/Pods.build/Release-iphonesimulator/SSZipArchive.build/Objects-normal/x86_64/mz_crypt_apple.o /var/folders/4h/hxvz7hb959j4pw0pvbq686x00000gn/T/CocoaPods-Lint-20200722-25225-196xw43-UIModule/Pods/SSZipArchive/SSZipArchive/minizip/mz_crypt_apple.c normal x86_64 c com.apple.compilers.llvm.clang.1_0.compiler (in target 'SSZipArchive' from project 'Pods')
        cd /var/folders/4h/hxvz7hb959j4pw0pvbq686x00000gn/T/CocoaPods-Lint-20200722-25225-196xw43-UIModule/Pods
        export LANG=en_US.US-ASCII
        /Applications/Xcode.app/Contents/Developer/Toolchains/XcodeDefault.xctoolchain/usr/bin/clang -x c -target x86_64-apple-ios9.0-simulator -fmessage-length=0 -fdiagnostics-show-note-include-stack -fmacro-backtrace-limit=0 -std=gnu11 -fmodules -gmodules -fmodules-cache-path=/Users/edz/Library/Developer/Xcode/DerivedData/ModuleCache.noindex -fmodules-prune-interval=86400 -fmodules-prune-after=345600 -fbuild-session-file=/Users/edz/Library/Developer/Xcode/DerivedData/ModuleCache.noindex/Session.modulevalidation -fmodules-validate-once-per-build-session -Wnon-modular-include-in-framework-module -Werror=non-modular-include-in-framework-module -fmodule-name=SSZipArchive -Wno-trigraphs -fpascal-strings -Os -fno-common -Wno-missing-field-initializers -Wno-missing-prototypes -Werror=return-type -Wdocumentation -Wunreachable-code -Werror=deprecated-objc-isa-usage -Werror=objc-root-class -Wno-missing-braces -Wparentheses -Wswitch -Wunused-function -Wno-unused-label -Wno-unused-parameter -Wunused-variable -Wunused-value -Wempty-body -Wuninitialized -Wconditional-uninitialized -Wno-unknown-pragmas -Wno-shadow -Wno-four-char-constants -Wno-conversion -Wconstant-conversion -Wint-conversion -Wbool-conversion -Wenum-conversion -Wno-float-conversion -Wnon-literal-null-conversion -Wobjc-literal-conversion -Wshorten-64-to-32 -Wpointer-sign -Wno-newline-eof -DPOD_CONFIGURATION_RELEASE=1 -DCOCOAPODS=1 -DHAVE_INTTYPES_H -DHAVE_PKCRYPT -DHAVE_STDINT_H -DHAVE_WZAES -DHAVE_ZLIB -isysroot /Applications/Xcode.app/Contents/Developer/Platforms/iPhoneSimulator.platform/Developer/SDKs/iPhoneSimulator13.5.sdk -fasm-blocks -fstrict-aliasing -Wdeprecated-declarations -g -Wno-sign-conversion -Winfinite-recursion -Wcomma -Wblock-capture-autoreleasing -Wstrict-prototypes -Wno-semicolon-before-method-body -Wunguarded-availability -iquote /Users/edz/Library/Developer/Xcode/DerivedData/App-bytlbhqqorqzqidyjovihkqwnkia/Build/Intermediates.noindex/Pods.build/Release-iphonesimulator/SSZipArchive.build/SSZipArchive-generated-files.hmap -I/Users/edz/Library/Developer/Xcode/DerivedData/App-bytlbhqqorqzqidyjovihkqwnkia/Build/Intermediates.noindex/Pods.build/Release-iphonesimulator/SSZipArchive.build/SSZipArchive-own-target-headers.hmap -I/Users/edz/Library/Developer/Xcode/DerivedData/App-bytlbhqqorqzqidyjovihkqwnkia/Build/Intermediates.noindex/Pods.build/Release-iphonesimulator/SSZipArchive.build/SSZipArchive-all-non-framework-target-headers.hmap -ivfsoverlay /Users/edz/Library/Developer/Xcode/DerivedData/App-bytlbhqqorqzqidyjovihkqwnkia/Build/Intermediates.noindex/Pods.build/Release-iphonesimulator/SSZipArchive.build/all-product-headers.yaml -iquote /Users/edz/Library/Developer/Xcode/DerivedData/App-bytlbhqqorqzqidyjovihkqwnkia/Build/Intermediates.noindex/Pods.build/Release-iphonesimulator/SSZipArchive.build/SSZipArchive-project-headers.hmap -I/Users/edz/Library/Developer/Xcode/DerivedData/App-bytlbhqqorqzqidyjovihkqwnkia/Build/Products/Release-iphonesimulator/SSZipArchive/include -I/Users/edz/Library/Developer/Xcode/DerivedData/App-bytlbhqqorqzqidyjovihkqwnkia/Build/Intermediates.noindex/Pods.build/Release-iphonesimulator/SSZipArchive.build/DerivedSources-normal/x86_64 -I/Users/edz/Library/Developer/Xcode/DerivedData/App-bytlbhqqorqzqidyjovihkqwnkia/Build/Intermediates.noindex/Pods.build/Release-iphonesimulator/SSZipArchive.build/DerivedSources/x86_64 -I/Users/edz/Library/Developer/Xcode/DerivedData/App-bytlbhqqorqzqidyjovihkqwnkia/Build/Intermediates.noindex/Pods.build/Release-iphonesimulator/SSZipArchive.build/DerivedSources -F/Users/edz/Library/Developer/Xcode/DerivedData/App-bytlbhqqorqzqidyjovihkqwnkia/Build/Products/Release-iphonesimulator/SSZipArchive -Wincomplete-umbrella -w -Xanalyzer -analyzer-disable-all-checks -include /var/folders/4h/hxvz7hb959j4pw0pvbq686x00000gn/T/CocoaPods-Lint-20200722-25225-196xw43-UIModule/Pods/Target\ Support\ Files/SSZipArchive/SSZipArchive-prefix.pch -MMD -MT dependencies -MF /Users/edz/Library/Developer/Xcode/DerivedData/App-bytlbhqqorqzqidyjovihkqwnkia/Build/Intermediates.noindex/Pods.build/Release-iphonesimulator/SSZipArchive.build/Objects-normal/x86_64/mz_crypt_apple.d --serialize-diagnostics /Users/edz/Library/Developer/Xcode/DerivedData/App-bytlbhqqorqzqidyjovihkqwnkia/Build/Intermediates.noindex/Pods.build/Release-iphonesimulator/SSZipArchive.build/Objects-normal/x86_64/mz_crypt_apple.dia -c /var/folders/4h/hxvz7hb959j4pw0pvbq686x00000gn/T/CocoaPods-Lint-20200722-25225-196xw43-UIModule/Pods/SSZipArchive/SSZipArchive/minizip/mz_crypt_apple.c -o /Users/edz/Library/Developer/Xcode/DerivedData/App-bytlbhqqorqzqidyjovihkqwnkia/Build/Intermediates.noindex/Pods.build/Release-iphonesimulator/SSZipArchive.build/Objects-normal/x86_64/mz_crypt_apple.o
    
    CompileC /Users/edz/Library/Developer/Xcode/DerivedData/App-bytlbhqqorqzqidyjovihkqwnkia/Build/Intermediates.noindex/Pods.build/Release-iphonesimulator/SSZipArchive.build/Objects-normal/x86_64/mz_crypt.o /var/folders/4h/hxvz7hb959j4pw0pvbq686x00000gn/T/CocoaPods-Lint-20200722-25225-196xw43-UIModule/Pods/SSZipArchive/SSZipArchive/minizip/mz_crypt.c normal x86_64 c com.apple.compilers.llvm.clang.1_0.compiler (in target 'SSZipArchive' from project 'Pods')
        cd /var/folders/4h/hxvz7hb959j4pw0pvbq686x00000gn/T/CocoaPods-Lint-20200722-25225-196xw43-UIModule/Pods
        export LANG=en_US.US-ASCII
        /Applications/Xcode.app/Contents/Developer/Toolchains/XcodeDefault.xctoolchain/usr/bin/clang -x c -target x86_64-apple-ios9.0-simulator -fmessage-length=0 -fdiagnostics-show-note-include-stack -fmacro-backtrace-limit=0 -std=gnu11 -fmodules -gmodules -fmodules-cache-path=/Users/edz/Library/Developer/Xcode/DerivedData/ModuleCache.noindex -fmodules-prune-interval=86400 -fmodules-prune-after=345600 -fbuild-session-file=/Users/edz/Library/Developer/Xcode/DerivedData/ModuleCache.noindex/Session.modulevalidation -fmodules-validate-once-per-build-session -Wnon-modular-include-in-framework-module -Werror=non-modular-include-in-framework-module -fmodule-name=SSZipArchive -Wno-trigraphs -fpascal-strings -Os -fno-common -Wno-missing-field-initializers -Wno-missing-prototypes -Werror=return-type -Wdocumentation -Wunreachable-code -Werror=deprecated-objc-isa-usage -Werror=objc-root-class -Wno-missing-braces -Wparentheses -Wswitch -Wunused-function -Wno-unused-label -Wno-unused-parameter -Wunused-variable -Wunused-value -Wempty-body -Wuninitialized -Wconditional-uninitialized -Wno-unknown-pragmas -Wno-shadow -Wno-four-char-constants -Wno-conversion -Wconstant-conversion -Wint-conversion -Wbool-conversion -Wenum-conversion -Wno-float-conversion -Wnon-literal-null-conversion -Wobjc-literal-conversion -Wshorten-64-to-32 -Wpointer-sign -Wno-newline-eof -DPOD_CONFIGURATION_RELEASE=1 -DCOCOAPODS=1 -DHAVE_INTTYPES_H -DHAVE_PKCRYPT -DHAVE_STDINT_H -DHAVE_WZAES -DHAVE_ZLIB -isysroot /Applications/Xcode.app/Contents/Developer/Platforms/iPhoneSimulator.platform/Developer/SDKs/iPhoneSimulator13.5.sdk -fasm-blocks -fstrict-aliasing -Wdeprecated-declarations -g -Wno-sign-conversion -Winfinite-recursion -Wcomma -Wblock-capture-autoreleasing -Wstrict-prototypes -Wno-semicolon-before-method-body -Wunguarded-availability -iquote /Users/edz/Library/Developer/Xcode/DerivedData/App-bytlbhqqorqzqidyjovihkqwnkia/Build/Intermediates.noindex/Pods.build/Release-iphonesimulator/SSZipArchive.build/SSZipArchive-generated-files.hmap -I/Users/edz/Library/Developer/Xcode/DerivedData/App-bytlbhqqorqzqidyjovihkqwnkia/Build/Intermediates.noindex/Pods.build/Release-iphonesimulator/SSZipArchive.build/SSZipArchive-own-target-headers.hmap -I/Users/edz/Library/Developer/Xcode/DerivedData/App-bytlbhqqorqzqidyjovihkqwnkia/Build/Intermediates.noindex/Pods.build/Release-iphonesimulator/SSZipArchive.build/SSZipArchive-all-non-framework-target-headers.hmap -ivfsoverlay /Users/edz/Library/Developer/Xcode/DerivedData/App-bytlbhqqorqzqidyjovihkqwnkia/Build/Intermediates.noindex/Pods.build/Release-iphonesimulator/SSZipArchive.build/all-product-headers.yaml -iquote /Users/edz/Library/Developer/Xcode/DerivedData/App-bytlbhqqorqzqidyjovihkqwnkia/Build/Intermediates.noindex/Pods.build/Release-iphonesimulator/SSZipArchive.build/SSZipArchive-project-headers.hmap -I/Users/edz/Library/Developer/Xcode/DerivedData/App-bytlbhqqorqzqidyjovihkqwnkia/Build/Products/Release-iphonesimulator/SSZipArchive/include -I/Users/edz/Library/Developer/Xcode/DerivedData/App-bytlbhqqorqzqidyjovihkqwnkia/Build/Intermediates.noindex/Pods.build/Release-iphonesimulator/SSZipArchive.build/DerivedSources-normal/x86_64 -I/Users/edz/Library/Developer/Xcode/DerivedData/App-bytlbhqqorqzqidyjovihkqwnkia/Build/Intermediates.noindex/Pods.build/Release-iphonesimulator/SSZipArchive.build/DerivedSources/x86_64 -I/Users/edz/Library/Developer/Xcode/DerivedData/App-bytlbhqqorqzqidyjovihkqwnkia/Build/Intermediates.noindex/Pods.build/Release-iphonesimulator/SSZipArchive.build/DerivedSources -F/Users/edz/Library/Developer/Xcode/DerivedData/App-bytlbhqqorqzqidyjovihkqwnkia/Build/Products/Release-iphonesimulator/SSZipArchive -Wincomplete-umbrella -w -Xanalyzer -analyzer-disable-all-checks -include /var/folders/4h/hxvz7hb959j4pw0pvbq686x00000gn/T/CocoaPods-Lint-20200722-25225-196xw43-UIModule/Pods/Target\ Support\ Files/SSZipArchive/SSZipArchive-prefix.pch -MMD -MT dependencies -MF /Users/edz/Library/Developer/Xcode/DerivedData/App-bytlbhqqorqzqidyjovihkqwnkia/Build/Intermediates.noindex/Pods.build/Release-iphonesimulator/SSZipArchive.build/Objects-normal/x86_64/mz_crypt.d --serialize-diagnostics /Users/edz/Library/Developer/Xcode/DerivedData/App-bytlbhqqorqzqidyjovihkqwnkia/Build/Intermediates.noindex/Pods.build/Release-iphonesimulator/SSZipArchive.build/Objects-normal/x86_64/mz_crypt.dia -c /var/folders/4h/hxvz7hb959j4pw0pvbq686x00000gn/T/CocoaPods-Lint-20200722-25225-196xw43-UIModule/Pods/SSZipArchive/SSZipArchive/minizip/mz_crypt.c -o /Users/edz/Library/Developer/Xcode/DerivedData/App-bytlbhqqorqzqidyjovihkqwnkia/Build/Intermediates.noindex/Pods.build/Release-iphonesimulator/SSZipArchive.build/Objects-normal/x86_64/mz_crypt.o
    
    CompileC /Users/edz/Library/Developer/Xcode/DerivedData/App-bytlbhqqorqzqidyjovihkqwnkia/Build/Intermediates.noindex/Pods.build/Release-iphonesimulator/SSZipArchive.build/Objects-normal/x86_64/mz_compat.o /var/folders/4h/hxvz7hb959j4pw0pvbq686x00000gn/T/CocoaPods-Lint-20200722-25225-196xw43-UIModule/Pods/SSZipArchive/SSZipArchive/minizip/mz_compat.c normal x86_64 c com.apple.compilers.llvm.clang.1_0.compiler (in target 'SSZipArchive' from project 'Pods')
        cd /var/folders/4h/hxvz7hb959j4pw0pvbq686x00000gn/T/CocoaPods-Lint-20200722-25225-196xw43-UIModule/Pods
        export LANG=en_US.US-ASCII
        /Applications/Xcode.app/Contents/Developer/Toolchains/XcodeDefault.xctoolchain/usr/bin/clang -x c -target x86_64-apple-ios9.0-simulator -fmessage-length=0 -fdiagnostics-show-note-include-stack -fmacro-backtrace-limit=0 -std=gnu11 -fmodules -gmodules -fmodules-cache-path=/Users/edz/Library/Developer/Xcode/DerivedData/ModuleCache.noindex -fmodules-prune-interval=86400 -fmodules-prune-after=345600 -fbuild-session-file=/Users/edz/Library/Developer/Xcode/DerivedData/ModuleCache.noindex/Session.modulevalidation -fmodules-validate-once-per-build-session -Wnon-modular-include-in-framework-module -Werror=non-modular-include-in-framework-module -fmodule-name=SSZipArchive -Wno-trigraphs -fpascal-strings -Os -fno-common -Wno-missing-field-initializers -Wno-missing-prototypes -Werror=return-type -Wdocumentation -Wunreachable-code -Werror=deprecated-objc-isa-usage -Werror=objc-root-class -Wno-missing-braces -Wparentheses -Wswitch -Wunused-function -Wno-unused-label -Wno-unused-parameter -Wunused-variable -Wunused-value -Wempty-body -Wuninitialized -Wconditional-uninitialized -Wno-unknown-pragmas -Wno-shadow -Wno-four-char-constants -Wno-conversion -Wconstant-conversion -Wint-conversion -Wbool-conversion -Wenum-conversion -Wno-float-conversion -Wnon-literal-null-conversion -Wobjc-literal-conversion -Wshorten-64-to-32 -Wpointer-sign -Wno-newline-eof -DPOD_CONFIGURATION_RELEASE=1 -DCOCOAPODS=1 -DHAVE_INTTYPES_H -DHAVE_PKCRYPT -DHAVE_STDINT_H -DHAVE_WZAES -DHAVE_ZLIB -isysroot /Applications/Xcode.app/Contents/Developer/Platforms/iPhoneSimulator.platform/Developer/SDKs/iPhoneSimulator13.5.sdk -fasm-blocks -fstrict-aliasing -Wdeprecated-declarations -g -Wno-sign-conversion -Winfinite-recursion -Wcomma -Wblock-capture-autoreleasing -Wstrict-prototypes -Wno-semicolon-before-method-body -Wunguarded-availability -iquote /Users/edz/Library/Developer/Xcode/DerivedData/App-bytlbhqqorqzqidyjovihkqwnkia/Build/Intermediates.noindex/Pods.build/Release-iphonesimulator/SSZipArchive.build/SSZipArchive-generated-files.hmap -I/Users/edz/Library/Developer/Xcode/DerivedData/App-bytlbhqqorqzqidyjovihkqwnkia/Build/Intermediates.noindex/Pods.build/Release-iphonesimulator/SSZipArchive.build/SSZipArchive-own-target-headers.hmap -I/Users/edz/Library/Developer/Xcode/DerivedData/App-bytlbhqqorqzqidyjovihkqwnkia/Build/Intermediates.noindex/Pods.build/Release-iphonesimulator/SSZipArchive.build/SSZipArchive-all-non-framework-target-headers.hmap -ivfsoverlay /Users/edz/Library/Developer/Xcode/DerivedData/App-bytlbhqqorqzqidyjovihkqwnkia/Build/Intermediates.noindex/Pods.build/Release-iphonesimulator/SSZipArchive.build/all-product-headers.yaml -iquote /Users/edz/Library/Developer/Xcode/DerivedData/App-bytlbhqqorqzqidyjovihkqwnkia/Build/Intermediates.noindex/Pods.build/Release-iphonesimulator/SSZipArchive.build/SSZipArchive-project-headers.hmap -I/Users/edz/Library/Developer/Xcode/DerivedData/App-bytlbhqqorqzqidyjovihkqwnkia/Build/Products/Release-iphonesimulator/SSZipArchive/include -I/Users/edz/Library/Developer/Xcode/DerivedData/App-bytlbhqqorqzqidyjovihkqwnkia/Build/Intermediates.noindex/Pods.build/Release-iphonesimulator/SSZipArchive.build/DerivedSources-normal/x86_64 -I/Users/edz/Library/Developer/Xcode/DerivedData/App-bytlbhqqorqzqidyjovihkqwnkia/Build/Intermediates.noindex/Pods.build/Release-iphonesimulator/SSZipArchive.build/DerivedSources/x86_64 -I/Users/edz/Library/Developer/Xcode/DerivedData/App-bytlbhqqorqzqidyjovihkqwnkia/Build/Intermediates.noindex/Pods.build/Release-iphonesimulator/SSZipArchive.build/DerivedSources -F/Users/edz/Library/Developer/Xcode/DerivedData/App-bytlbhqqorqzqidyjovihkqwnkia/Build/Products/Release-iphonesimulator/SSZipArchive -Wincomplete-umbrella -w -Xanalyzer -analyzer-disable-all-checks -include /var/folders/4h/hxvz7hb959j4pw0pvbq686x00000gn/T/CocoaPods-Lint-20200722-25225-196xw43-UIModule/Pods/Target\ Support\ Files/SSZipArchive/SSZipArchive-prefix.pch -MMD -MT dependencies -MF /Users/edz/Library/Developer/Xcode/DerivedData/App-bytlbhqqorqzqidyjovihkqwnkia/Build/Intermediates.noindex/Pods.build/Release-iphonesimulator/SSZipArchive.build/Objects-normal/x86_64/mz_compat.d --serialize-diagnostics /Users/edz/Library/Developer/Xcode/DerivedData/App-bytlbhqqorqzqidyjovihkqwnkia/Build/Intermediates.noindex/Pods.build/Release-iphonesimulator/SSZipArchive.build/Objects-normal/x86_64/mz_compat.dia -c /var/folders/4h/hxvz7hb959j4pw0pvbq686x00000gn/T/CocoaPods-Lint-20200722-25225-196xw43-UIModule/Pods/SSZipArchive/SSZipArchive/minizip/mz_compat.c -o /Users/edz/Library/Developer/Xcode/DerivedData/App-bytlbhqqorqzqidyjovihkqwnkia/Build/Intermediates.noindex/Pods.build/Release-iphonesimulator/SSZipArchive.build/Objects-normal/x86_64/mz_compat.o
    
    CompileC /Users/edz/Library/Developer/Xcode/DerivedData/App-bytlbhqqorqzqidyjovihkqwnkia/Build/Intermediates.noindex/Pods.build/Release-iphonesimulator/SSZipArchive.build/Objects-normal/x86_64/SSZipArchive_vers.o /Users/edz/Library/Developer/Xcode/DerivedData/App-bytlbhqqorqzqidyjovihkqwnkia/Build/Intermediates.noindex/Pods.build/Release-iphonesimulator/SSZipArchive.build/DerivedSources/SSZipArchive_vers.c normal x86_64 c com.apple.compilers.llvm.clang.1_0.compiler (in target 'SSZipArchive' from project 'Pods')
        cd /var/folders/4h/hxvz7hb959j4pw0pvbq686x00000gn/T/CocoaPods-Lint-20200722-25225-196xw43-UIModule/Pods
        export LANG=en_US.US-ASCII
        /Applications/Xcode.app/Contents/Developer/Toolchains/XcodeDefault.xctoolchain/usr/bin/clang -x c -target x86_64-apple-ios9.0-simulator -fmessage-length=0 -fdiagnostics-show-note-include-stack -fmacro-backtrace-limit=0 -std=gnu11 -fmodules -gmodules -fmodules-cache-path=/Users/edz/Library/Developer/Xcode/DerivedData/ModuleCache.noindex -fmodules-prune-interval=86400 -fmodules-prune-after=345600 -fbuild-session-file=/Users/edz/Library/Developer/Xcode/DerivedData/ModuleCache.noindex/Session.modulevalidation -fmodules-validate-once-per-build-session -Wnon-modular-include-in-framework-module -Werror=non-modular-include-in-framework-module -fmodule-name=SSZipArchive -Wno-trigraphs -fpascal-strings -Os -fno-common -Wno-missing-field-initializers -Wno-missing-prototypes -Werror=return-type -Wdocumentation -Wunreachable-code -Werror=deprecated-objc-isa-usage -Werror=objc-root-class -Wno-missing-braces -Wparentheses -Wswitch -Wunused-function -Wno-unused-label -Wno-unused-parameter -Wunused-variable -Wunused-value -Wempty-body -Wuninitialized -Wconditional-uninitialized -Wno-unknown-pragmas -Wno-shadow -Wno-four-char-constants -Wno-conversion -Wconstant-conversion -Wint-conversion -Wbool-conversion -Wenum-conversion -Wno-float-conversion -Wnon-literal-null-conversion -Wobjc-literal-conversion -Wshorten-64-to-32 -Wpointer-sign -Wno-newline-eof -DPOD_CONFIGURATION_RELEASE=1 -DCOCOAPODS=1 -DHAVE_INTTYPES_H -DHAVE_PKCRYPT -DHAVE_STDINT_H -DHAVE_WZAES -DHAVE_ZLIB -isysroot /Applications/Xcode.app/Contents/Developer/Platforms/iPhoneSimulator.platform/Developer/SDKs/iPhoneSimulator13.5.sdk -fasm-blocks -fstrict-aliasing -Wdeprecated-declarations -g -Wno-sign-conversion -Winfinite-recursion -Wcomma -Wblock-capture-autoreleasing -Wstrict-prototypes -Wno-semicolon-before-method-body -Wunguarded-availability -iquote /Users/edz/Library/Developer/Xcode/DerivedData/App-bytlbhqqorqzqidyjovihkqwnkia/Build/Intermediates.noindex/Pods.build/Release-iphonesimulator/SSZipArchive.build/SSZipArchive-generated-files.hmap -I/Users/edz/Library/Developer/Xcode/DerivedData/App-bytlbhqqorqzqidyjovihkqwnkia/Build/Intermediates.noindex/Pods.build/Release-iphonesimulator/SSZipArchive.build/SSZipArchive-own-target-headers.hmap -I/Users/edz/Library/Developer/Xcode/DerivedData/App-bytlbhqqorqzqidyjovihkqwnkia/Build/Intermediates.noindex/Pods.build/Release-iphonesimulator/SSZipArchive.build/SSZipArchive-all-non-framework-target-headers.hmap -ivfsoverlay /Users/edz/Library/Developer/Xcode/DerivedData/App-bytlbhqqorqzqidyjovihkqwnkia/Build/Intermediates.noindex/Pods.build/Release-iphonesimulator/SSZipArchive.build/all-product-headers.yaml -iquote /Users/edz/Library/Developer/Xcode/DerivedData/App-bytlbhqqorqzqidyjovihkqwnkia/Build/Intermediates.noindex/Pods.build/Release-iphonesimulator/SSZipArchive.build/SSZipArchive-project-headers.hmap -I/Users/edz/Library/Developer/Xcode/DerivedData/App-bytlbhqqorqzqidyjovihkqwnkia/Build/Products/Release-iphonesimulator/SSZipArchive/include -I/Users/edz/Library/Developer/Xcode/DerivedData/App-bytlbhqqorqzqidyjovihkqwnkia/Build/Intermediates.noindex/Pods.build/Release-iphonesimulator/SSZipArchive.build/DerivedSources-normal/x86_64 -I/Users/edz/Library/Developer/Xcode/DerivedData/App-bytlbhqqorqzqidyjovihkqwnkia/Build/Intermediates.noindex/Pods.build/Release-iphonesimulator/SSZipArchive.build/DerivedSources/x86_64 -I/Users/edz/Library/Developer/Xcode/DerivedData/App-bytlbhqqorqzqidyjovihkqwnkia/Build/Intermediates.noindex/Pods.build/Release-iphonesimulator/SSZipArchive.build/DerivedSources -F/Users/edz/Library/Developer/Xcode/DerivedData/App-bytlbhqqorqzqidyjovihkqwnkia/Build/Products/Release-iphonesimulator/SSZipArchive -Wincomplete-umbrella -MMD -MT dependencies -MF /Users/edz/Library/Developer/Xcode/DerivedData/App-bytlbhqqorqzqidyjovihkqwnkia/Build/Intermediates.noindex/Pods.build/Release-iphonesimulator/SSZipArchive.build/Objects-normal/x86_64/SSZipArchive_vers.d --serialize-diagnostics /Users/edz/Library/Developer/Xcode/DerivedData/App-bytlbhqqorqzqidyjovihkqwnkia/Build/Intermediates.noindex/Pods.build/Release-iphonesimulator/SSZipArchive.build/Objects-normal/x86_64/SSZipArchive_vers.dia -c /Users/edz/Library/Developer/Xcode/DerivedData/App-bytlbhqqorqzqidyjovihkqwnkia/Build/Intermediates.noindex/Pods.build/Release-iphonesimulator/SSZipArchive.build/DerivedSources/SSZipArchive_vers.c -o /Users/edz/Library/Developer/Xcode/DerivedData/App-bytlbhqqorqzqidyjovihkqwnkia/Build/Intermediates.noindex/Pods.build/Release-iphonesimulator/SSZipArchive.build/Objects-normal/x86_64/SSZipArchive_vers.o
    
    CompileC /Users/edz/Library/Developer/Xcode/DerivedData/App-bytlbhqqorqzqidyjovihkqwnkia/Build/Intermediates.noindex/Pods.build/Release-iphonesimulator/SSZipArchive.build/Objects-normal/x86_64/SSZipArchive.o /var/folders/4h/hxvz7hb959j4pw0pvbq686x00000gn/T/CocoaPods-Lint-20200722-25225-196xw43-UIModule/Pods/SSZipArchive/SSZipArchive/SSZipArchive.m normal x86_64 objective-c com.apple.compilers.llvm.clang.1_0.compiler (in target 'SSZipArchive' from project 'Pods')
        cd /var/folders/4h/hxvz7hb959j4pw0pvbq686x00000gn/T/CocoaPods-Lint-20200722-25225-196xw43-UIModule/Pods
        export LANG=en_US.US-ASCII
        /Applications/Xcode.app/Contents/Developer/Toolchains/XcodeDefault.xctoolchain/usr/bin/clang -x objective-c -target x86_64-apple-ios9.0-simulator -fmessage-length=0 -fdiagnostics-show-note-include-stack -fmacro-backtrace-limit=0 -std=gnu11 -fobjc-arc -fobjc-weak -fmodules -gmodules -fmodules-cache-path=/Users/edz/Library/Developer/Xcode/DerivedData/ModuleCache.noindex -fmodules-prune-interval=86400 -fmodules-prune-after=345600 -fbuild-session-file=/Users/edz/Library/Developer/Xcode/DerivedData/ModuleCache.noindex/Session.modulevalidation -fmodules-validate-once-per-build-session -Wnon-modular-include-in-framework-module -Werror=non-modular-include-in-framework-module -fmodule-name=SSZipArchive -Wno-trigraphs -fpascal-strings -Os -fno-common -Wno-missing-field-initializers -Wno-missing-prototypes -Werror=return-type -Wdocumentation -Wunreachable-code -Wno-implicit-atomic-properties -Werror=deprecated-objc-isa-usage -Wno-objc-interface-ivars -Werror=objc-root-class -Wno-arc-repeated-use-of-weak -Wimplicit-retain-self -Wduplicate-method-match -Wno-missing-braces -Wparentheses -Wswitch -Wunused-function -Wno-unused-label -Wno-unused-parameter -Wunused-variable -Wunused-value -Wempty-body -Wuninitialized -Wconditional-uninitialized -Wno-unknown-pragmas -Wno-shadow -Wno-four-char-constants -Wno-conversion -Wconstant-conversion -Wint-conversion -Wbool-conversion -Wenum-conversion -Wno-float-conversion -Wnon-literal-null-conversion -Wobjc-literal-conversion -Wshorten-64-to-32 -Wpointer-sign -Wno-newline-eof -Wno-selector -Wno-strict-selector-match -Wundeclared-selector -Wdeprecated-implementations -DPOD_CONFIGURATION_RELEASE=1 -DCOCOAPODS=1 -DHAVE_INTTYPES_H -DHAVE_PKCRYPT -DHAVE_STDINT_H -DHAVE_WZAES -DHAVE_ZLIB -DNS_BLOCK_ASSERTIONS=1 -DOBJC_OLD_DISPATCH_PROTOTYPES=0 -isysroot /Applications/Xcode.app/Contents/Developer/Platforms/iPhoneSimulator.platform/Developer/SDKs/iPhoneSimulator13.5.sdk -fasm-blocks -fstrict-aliasing -Wprotocol -Wdeprecated-declarations -g -Wno-sign-conversion -Winfinite-recursion -Wcomma -Wblock-capture-autoreleasing -Wstrict-prototypes -Wno-semicolon-before-method-body -Wunguarded-availability -fobjc-abi-version=2 -fobjc-legacy-dispatch -iquote /Users/edz/Library/Developer/Xcode/DerivedData/App-bytlbhqqorqzqidyjovihkqwnkia/Build/Intermediates.noindex/Pods.build/Release-iphonesimulator/SSZipArchive.build/SSZipArchive-generated-files.hmap -I/Users/edz/Library/Developer/Xcode/DerivedData/App-bytlbhqqorqzqidyjovihkqwnkia/Build/Intermediates.noindex/Pods.build/Release-iphonesimulator/SSZipArchive.build/SSZipArchive-own-target-headers.hmap -I/Users/edz/Library/Developer/Xcode/DerivedData/App-bytlbhqqorqzqidyjovihkqwnkia/Build/Intermediates.noindex/Pods.build/Release-iphonesimulator/SSZipArchive.build/SSZipArchive-all-non-framework-target-headers.hmap -ivfsoverlay /Users/edz/Library/Developer/Xcode/DerivedData/App-bytlbhqqorqzqidyjovihkqwnkia/Build/Intermediates.noindex/Pods.build/Release-iphonesimulator/SSZipArchive.build/all-product-headers.yaml -iquote /Users/edz/Library/Developer/Xcode/DerivedData/App-bytlbhqqorqzqidyjovihkqwnkia/Build/Intermediates.noindex/Pods.build/Release-iphonesimulator/SSZipArchive.build/SSZipArchive-project-headers.hmap -I/Users/edz/Library/Developer/Xcode/DerivedData/App-bytlbhqqorqzqidyjovihkqwnkia/Build/Products/Release-iphonesimulator/SSZipArchive/include -I/Users/edz/Library/Developer/Xcode/DerivedData/App-bytlbhqqorqzqidyjovihkqwnkia/Build/Intermediates.noindex/Pods.build/Release-iphonesimulator/SSZipArchive.build/DerivedSources-normal/x86_64 -I/Users/edz/Library/Developer/Xcode/DerivedData/App-bytlbhqqorqzqidyjovihkqwnkia/Build/Intermediates.noindex/Pods.build/Release-iphonesimulator/SSZipArchive.build/DerivedSources/x86_64 -I/Users/edz/Library/Developer/Xcode/DerivedData/App-bytlbhqqorqzqidyjovihkqwnkia/Build/Intermediates.noindex/Pods.build/Release-iphonesimulator/SSZipArchive.build/DerivedSources -F/Users/edz/Library/Developer/Xcode/DerivedData/App-bytlbhqqorqzqidyjovihkqwnkia/Build/Products/Release-iphonesimulator/SSZipArchive -Wincomplete-umbrella -w -Xanalyzer -analyzer-disable-all-checks -include /var/folders/4h/hxvz7hb959j4pw0pvbq686x00000gn/T/CocoaPods-Lint-20200722-25225-196xw43-UIModule/Pods/Target\ Support\ Files/SSZipArchive/SSZipArchive-prefix.pch -MMD -MT dependencies -MF /Users/edz/Library/Developer/Xcode/DerivedData/App-bytlbhqqorqzqidyjovihkqwnkia/Build/Intermediates.noindex/Pods.build/Release-iphonesimulator/SSZipArchive.build/Objects-normal/x86_64/SSZipArchive.d --serialize-diagnostics /Users/edz/Library/Developer/Xcode/DerivedData/App-bytlbhqqorqzqidyjovihkqwnkia/Build/Intermediates.noindex/Pods.build/Release-iphonesimulator/SSZipArchive.build/Objects-normal/x86_64/SSZipArchive.dia -c /var/folders/4h/hxvz7hb959j4pw0pvbq686x00000gn/T/CocoaPods-Lint-20200722-25225-196xw43-UIModule/Pods/SSZipArchive/SSZipArchive/SSZipArchive.m -o /Users/edz/Library/Developer/Xcode/DerivedData/App-bytlbhqqorqzqidyjovihkqwnkia/Build/Intermediates.noindex/Pods.build/Release-iphonesimulator/SSZipArchive.build/Objects-normal/x86_64/SSZipArchive.o
    
    CompileC /Users/edz/Library/Developer/Xcode/DerivedData/App-bytlbhqqorqzqidyjovihkqwnkia/Build/Intermediates.noindex/Pods.build/Release-iphonesimulator/SSZipArchive.build/Objects-normal/x86_64/SSZipArchive-dummy.o /var/folders/4h/hxvz7hb959j4pw0pvbq686x00000gn/T/CocoaPods-Lint-20200722-25225-196xw43-UIModule/Pods/Target\ Support\ Files/SSZipArchive/SSZipArchive-dummy.m normal x86_64 objective-c com.apple.compilers.llvm.clang.1_0.compiler (in target 'SSZipArchive' from project 'Pods')
        cd /var/folders/4h/hxvz7hb959j4pw0pvbq686x00000gn/T/CocoaPods-Lint-20200722-25225-196xw43-UIModule/Pods
        export LANG=en_US.US-ASCII
        /Applications/Xcode.app/Contents/Developer/Toolchains/XcodeDefault.xctoolchain/usr/bin/clang -x objective-c -target x86_64-apple-ios9.0-simulator -fmessage-length=0 -fdiagnostics-show-note-include-stack -fmacro-backtrace-limit=0 -std=gnu11 -fobjc-arc -fobjc-weak -fmodules -gmodules -fmodules-cache-path=/Users/edz/Library/Developer/Xcode/DerivedData/ModuleCache.noindex -fmodules-prune-interval=86400 -fmodules-prune-after=345600 -fbuild-session-file=/Users/edz/Library/Developer/Xcode/DerivedData/ModuleCache.noindex/Session.modulevalidation -fmodules-validate-once-per-build-session -Wnon-modular-include-in-framework-module -Werror=non-modular-include-in-framework-module -fmodule-name=SSZipArchive -Wno-trigraphs -fpascal-strings -Os -fno-common -Wno-missing-field-initializers -Wno-missing-prototypes -Werror=return-type -Wdocumentation -Wunreachable-code -Wno-implicit-atomic-properties -Werror=deprecated-objc-isa-usage -Wno-objc-interface-ivars -Werror=objc-root-class -Wno-arc-repeated-use-of-weak -Wimplicit-retain-self -Wduplicate-method-match -Wno-missing-braces -Wparentheses -Wswitch -Wunused-function -Wno-unused-label -Wno-unused-parameter -Wunused-variable -Wunused-value -Wempty-body -Wuninitialized -Wconditional-uninitialized -Wno-unknown-pragmas -Wno-shadow -Wno-four-char-constants -Wno-conversion -Wconstant-conversion -Wint-conversion -Wbool-conversion -Wenum-conversion -Wno-float-conversion -Wnon-literal-null-conversion -Wobjc-literal-conversion -Wshorten-64-to-32 -Wpointer-sign -Wno-newline-eof -Wno-selector -Wno-strict-selector-match -Wundeclared-selector -Wdeprecated-implementations -DPOD_CONFIGURATION_RELEASE=1 -DCOCOAPODS=1 -DHAVE_INTTYPES_H -DHAVE_PKCRYPT -DHAVE_STDINT_H -DHAVE_WZAES -DHAVE_ZLIB -DNS_BLOCK_ASSERTIONS=1 -DOBJC_OLD_DISPATCH_PROTOTYPES=0 -isysroot /Applications/Xcode.app/Contents/Developer/Platforms/iPhoneSimulator.platform/Developer/SDKs/iPhoneSimulator13.5.sdk -fasm-blocks -fstrict-aliasing -Wprotocol -Wdeprecated-declarations -g -Wno-sign-conversion -Winfinite-recursion -Wcomma -Wblock-capture-autoreleasing -Wstrict-prototypes -Wno-semicolon-before-method-body -Wunguarded-availability -fobjc-abi-version=2 -fobjc-legacy-dispatch -iquote /Users/edz/Library/Developer/Xcode/DerivedData/App-bytlbhqqorqzqidyjovihkqwnkia/Build/Intermediates.noindex/Pods.build/Release-iphonesimulator/SSZipArchive.build/SSZipArchive-generated-files.hmap -I/Users/edz/Library/Developer/Xcode/DerivedData/App-bytlbhqqorqzqidyjovihkqwnkia/Build/Intermediates.noindex/Pods.build/Release-iphonesimulator/SSZipArchive.build/SSZipArchive-own-target-headers.hmap -I/Users/edz/Library/Developer/Xcode/DerivedData/App-bytlbhqqorqzqidyjovihkqwnkia/Build/Intermediates.noindex/Pods.build/Release-iphonesimulator/SSZipArchive.build/SSZipArchive-all-non-framework-target-headers.hmap -ivfsoverlay /Users/edz/Library/Developer/Xcode/DerivedData/App-bytlbhqqorqzqidyjovihkqwnkia/Build/Intermediates.noindex/Pods.build/Release-iphonesimulator/SSZipArchive.build/all-product-headers.yaml -iquote /Users/edz/Library/Developer/Xcode/DerivedData/App-bytlbhqqorqzqidyjovihkqwnkia/Build/Intermediates.noindex/Pods.build/Release-iphonesimulator/SSZipArchive.build/SSZipArchive-project-headers.hmap -I/Users/edz/Library/Developer/Xcode/DerivedData/App-bytlbhqqorqzqidyjovihkqwnkia/Build/Products/Release-iphonesimulator/SSZipArchive/include -I/Users/edz/Library/Developer/Xcode/DerivedData/App-bytlbhqqorqzqidyjovihkqwnkia/Build/Intermediates.noindex/Pods.build/Release-iphonesimulator/SSZipArchive.build/DerivedSources-normal/x86_64 -I/Users/edz/Library/Developer/Xcode/DerivedData/App-bytlbhqqorqzqidyjovihkqwnkia/Build/Intermediates.noindex/Pods.build/Release-iphonesimulator/SSZipArchive.build/DerivedSources/x86_64 -I/Users/edz/Library/Developer/Xcode/DerivedData/App-bytlbhqqorqzqidyjovihkqwnkia/Build/Intermediates.noindex/Pods.build/Release-iphonesimulator/SSZipArchive.build/DerivedSources -F/Users/edz/Library/Developer/Xcode/DerivedData/App-bytlbhqqorqzqidyjovihkqwnkia/Build/Products/Release-iphonesimulator/SSZipArchive -Wincomplete-umbrella -include /var/folders/4h/hxvz7hb959j4pw0pvbq686x00000gn/T/CocoaPods-Lint-20200722-25225-196xw43-UIModule/Pods/Target\ Support\ Files/SSZipArchive/SSZipArchive-prefix.pch -MMD -MT dependencies -MF /Users/edz/Library/Developer/Xcode/DerivedData/App-bytlbhqqorqzqidyjovihkqwnkia/Build/Intermediates.noindex/Pods.build/Release-iphonesimulator/SSZipArchive.build/Objects-normal/x86_64/SSZipArchive-dummy.d --serialize-diagnostics /Users/edz/Library/Developer/Xcode/DerivedData/App-bytlbhqqorqzqidyjovihkqwnkia/Build/Intermediates.noindex/Pods.build/Release-iphonesimulator/SSZipArchive.build/Objects-normal/x86_64/SSZipArchive-dummy.dia -c /var/folders/4h/hxvz7hb959j4pw0pvbq686x00000gn/T/CocoaPods-Lint-20200722-25225-196xw43-UIModule/Pods/Target\ Support\ Files/SSZipArchive/SSZipArchive-dummy.m -o /Users/edz/Library/Developer/Xcode/DerivedData/App-bytlbhqqorqzqidyjovihkqwnkia/Build/Intermediates.noindex/Pods.build/Release-iphonesimulator/SSZipArchive.build/Objects-normal/x86_64/SSZipArchive-dummy.o
    
    WriteAuxiliaryFile /Users/edz/Library/Developer/Xcode/DerivedData/App-bytlbhqqorqzqidyjovihkqwnkia/Build/Intermediates.noindex/Pods.build/Release-iphonesimulator/Masonry.build/Objects-normal/x86_64/Masonry.LinkFileList (in target 'Masonry' from project 'Pods')
        cd /var/folders/4h/hxvz7hb959j4pw0pvbq686x00000gn/T/CocoaPods-Lint-20200722-25225-196xw43-UIModule/Pods
        write-file /Users/edz/Library/Developer/Xcode/DerivedData/App-bytlbhqqorqzqidyjovihkqwnkia/Build/Intermediates.noindex/Pods.build/Release-iphonesimulator/Masonry.build/Objects-normal/x86_64/Masonry.LinkFileList
    
    WriteAuxiliaryFile /Users/edz/Library/Developer/Xcode/DerivedData/App-bytlbhqqorqzqidyjovihkqwnkia/Build/Intermediates.noindex/Pods.build/Release-iphonesimulator/Masonry.build/DerivedSources/Masonry_vers.c (in target 'Masonry' from project 'Pods')
        cd /var/folders/4h/hxvz7hb959j4pw0pvbq686x00000gn/T/CocoaPods-Lint-20200722-25225-196xw43-UIModule/Pods
        write-file /Users/edz/Library/Developer/Xcode/DerivedData/App-bytlbhqqorqzqidyjovihkqwnkia/Build/Intermediates.noindex/Pods.build/Release-iphonesimulator/Masonry.build/DerivedSources/Masonry_vers.c
    
    CompileC /Users/edz/Library/Developer/Xcode/DerivedData/App-bytlbhqqorqzqidyjovihkqwnkia/Build/Intermediates.noindex/Pods.build/Release-iphonesimulator/Masonry.build/Objects-normal/x86_64/ViewController+MASAdditions.o /var/folders/4h/hxvz7hb959j4pw0pvbq686x00000gn/T/CocoaPods-Lint-20200722-25225-196xw43-UIModule/Pods/Masonry/Masonry/ViewController+MASAdditions.m normal x86_64 objective-c com.apple.compilers.llvm.clang.1_0.compiler (in target 'Masonry' from project 'Pods')
        cd /var/folders/4h/hxvz7hb959j4pw0pvbq686x00000gn/T/CocoaPods-Lint-20200722-25225-196xw43-UIModule/Pods
        export LANG=en_US.US-ASCII
        /Applications/Xcode.app/Contents/Developer/Toolchains/XcodeDefault.xctoolchain/usr/bin/clang -x objective-c -target x86_64-apple-ios8.0-simulator -fmessage-length=0 -fdiagnostics-show-note-include-stack -fmacro-backtrace-limit=0 -std=gnu11 -fobjc-arc -fobjc-weak -fmodules -gmodules -fmodules-cache-path=/Users/edz/Library/Developer/Xcode/DerivedData/ModuleCache.noindex -fmodules-prune-interval=86400 -fmodules-prune-after=345600 -fbuild-session-file=/Users/edz/Library/Developer/Xcode/DerivedData/ModuleCache.noindex/Session.modulevalidation -fmodules-validate-once-per-build-session -Wnon-modular-include-in-framework-module -Werror=non-modular-include-in-framework-module -fmodule-name=Masonry -Wno-trigraphs -fpascal-strings -Os -fno-common -Wno-missing-field-initializers -Wno-missing-prototypes -Werror=return-type -Wdocumentation -Wunreachable-code -Wno-implicit-atomic-properties -Werror=deprecated-objc-isa-usage -Wno-objc-interface-ivars -Werror=objc-root-class -Wno-arc-repeated-use-of-weak -Wimplicit-retain-self -Wduplicate-method-match -Wno-missing-braces -Wparentheses -Wswitch -Wunused-function -Wno-unused-label -Wno-unused-parameter -Wunused-variable -Wunused-value -Wempty-body -Wuninitialized -Wconditional-uninitialized -Wno-unknown-pragmas -Wno-shadow -Wno-four-char-constants -Wno-conversion -Wconstant-conversion -Wint-conversion -Wbool-conversion -Wenum-conversion -Wno-float-conversion -Wnon-literal-null-conversion -Wobjc-literal-conversion -Wshorten-64-to-32 -Wpointer-sign -Wno-newline-eof -Wno-selector -Wno-strict-selector-match -Wundeclared-selector -Wdeprecated-implementations -DPOD_CONFIGURATION_RELEASE=1 -DCOCOAPODS=1 -DNS_BLOCK_ASSERTIONS=1 -DOBJC_OLD_DISPATCH_PROTOTYPES=0 -isysroot /Applications/Xcode.app/Contents/Developer/Platforms/iPhoneSimulator.platform/Developer/SDKs/iPhoneSimulator13.5.sdk -fasm-blocks -fstrict-aliasing -Wprotocol -Wdeprecated-declarations -g -Wno-sign-conversion -Winfinite-recursion -Wcomma -Wblock-capture-autoreleasing -Wstrict-prototypes -Wno-semicolon-before-method-body -Wunguarded-availability -fobjc-abi-version=2 -fobjc-legacy-dispatch -iquote /Users/edz/Library/Developer/Xcode/DerivedData/App-bytlbhqqorqzqidyjovihkqwnkia/Build/Intermediates.noindex/Pods.build/Release-iphonesimulator/Masonry.build/Masonry-generated-files.hmap -I/Users/edz/Library/Developer/Xcode/DerivedData/App-bytlbhqqorqzqidyjovihkqwnkia/Build/Intermediates.noindex/Pods.build/Release-iphonesimulator/Masonry.build/Masonry-own-target-headers.hmap -I/Users/edz/Library/Developer/Xcode/DerivedData/App-bytlbhqqorqzqidyjovihkqwnkia/Build/Intermediates.noindex/Pods.build/Release-iphonesimulator/Masonry.build/Masonry-all-non-framework-target-headers.hmap -ivfsoverlay /Users/edz/Library/Developer/Xcode/DerivedData/App-bytlbhqqorqzqidyjovihkqwnkia/Build/Intermediates.noindex/Pods.build/Release-iphonesimulator/Masonry.build/all-product-headers.yaml -iquote /Users/edz/Library/Developer/Xcode/DerivedData/App-bytlbhqqorqzqidyjovihkqwnkia/Build/Intermediates.noindex/Pods.build/Release-iphonesimulator/Masonry.build/Masonry-project-headers.hmap -I/Users/edz/Library/Developer/Xcode/DerivedData/App-bytlbhqqorqzqidyjovihkqwnkia/Build/Products/Release-iphonesimulator/Masonry/include -I/Users/edz/Library/Developer/Xcode/DerivedData/App-bytlbhqqorqzqidyjovihkqwnkia/Build/Intermediates.noindex/Pods.build/Release-iphonesimulator/Masonry.build/DerivedSources-normal/x86_64 -I/Users/edz/Library/Developer/Xcode/DerivedData/App-bytlbhqqorqzqidyjovihkqwnkia/Build/Intermediates.noindex/Pods.build/Release-iphonesimulator/Masonry.build/DerivedSources/x86_64 -I/Users/edz/Library/Developer/Xcode/DerivedData/App-bytlbhqqorqzqidyjovihkqwnkia/Build/Intermediates.noindex/Pods.build/Release-iphonesimulator/Masonry.build/DerivedSources -F/Users/edz/Library/Developer/Xcode/DerivedData/App-bytlbhqqorqzqidyjovihkqwnkia/Build/Products/Release-iphonesimulator/Masonry -Wincomplete-umbrella -w -Xanalyzer -analyzer-disable-all-checks -include /var/folders/4h/hxvz7hb959j4pw0pvbq686x00000gn/T/CocoaPods-Lint-20200722-25225-196xw43-UIModule/Pods/Target\ Support\ Files/Masonry/Masonry-prefix.pch -MMD -MT dependencies -MF /Users/edz/Library/Developer/Xcode/DerivedData/App-bytlbhqqorqzqidyjovihkqwnkia/Build/Intermediates.noindex/Pods.build/Release-iphonesimulator/Masonry.build/Objects-normal/x86_64/ViewController+MASAdditions.d --serialize-diagnostics /Users/edz/Library/Developer/Xcode/DerivedData/App-bytlbhqqorqzqidyjovihkqwnkia/Build/Intermediates.noindex/Pods.build/Release-iphonesimulator/Masonry.build/Objects-normal/x86_64/ViewController+MASAdditions.dia -c /var/folders/4h/hxvz7hb959j4pw0pvbq686x00000gn/T/CocoaPods-Lint-20200722-25225-196xw43-UIModule/Pods/Masonry/Masonry/ViewController+MASAdditions.m -o /Users/edz/Library/Developer/Xcode/DerivedData/App-bytlbhqqorqzqidyjovihkqwnkia/Build/Intermediates.noindex/Pods.build/Release-iphonesimulator/Masonry.build/Objects-normal/x86_64/ViewController+MASAdditions.o
    
    CompileC /Users/edz/Library/Developer/Xcode/DerivedData/App-bytlbhqqorqzqidyjovihkqwnkia/Build/Intermediates.noindex/Pods.build/Release-iphonesimulator/Masonry.build/Objects-normal/x86_64/View+MASAdditions.o /var/folders/4h/hxvz7hb959j4pw0pvbq686x00000gn/T/CocoaPods-Lint-20200722-25225-196xw43-UIModule/Pods/Masonry/Masonry/View+MASAdditions.m normal x86_64 objective-c com.apple.compilers.llvm.clang.1_0.compiler (in target 'Masonry' from project 'Pods')
        cd /var/folders/4h/hxvz7hb959j4pw0pvbq686x00000gn/T/CocoaPods-Lint-20200722-25225-196xw43-UIModule/Pods
        export LANG=en_US.US-ASCII
        /Applications/Xcode.app/Contents/Developer/Toolchains/XcodeDefault.xctoolchain/usr/bin/clang -x objective-c -target x86_64-apple-ios8.0-simulator -fmessage-length=0 -fdiagnostics-show-note-include-stack -fmacro-backtrace-limit=0 -std=gnu11 -fobjc-arc -fobjc-weak -fmodules -gmodules -fmodules-cache-path=/Users/edz/Library/Developer/Xcode/DerivedData/ModuleCache.noindex -fmodules-prune-interval=86400 -fmodules-prune-after=345600 -fbuild-session-file=/Users/edz/Library/Developer/Xcode/DerivedData/ModuleCache.noindex/Session.modulevalidation -fmodules-validate-once-per-build-session -Wnon-modular-include-in-framework-module -Werror=non-modular-include-in-framework-module -fmodule-name=Masonry -Wno-trigraphs -fpascal-strings -Os -fno-common -Wno-missing-field-initializers -Wno-missing-prototypes -Werror=return-type -Wdocumentation -Wunreachable-code -Wno-implicit-atomic-properties -Werror=deprecated-objc-isa-usage -Wno-objc-interface-ivars -Werror=objc-root-class -Wno-arc-repeated-use-of-weak -Wimplicit-retain-self -Wduplicate-method-match -Wno-missing-braces -Wparentheses -Wswitch -Wunused-function -Wno-unused-label -Wno-unused-parameter -Wunused-variable -Wunused-value -Wempty-body -Wuninitialized -Wconditional-uninitialized -Wno-unknown-pragmas -Wno-shadow -Wno-four-char-constants -Wno-conversion -Wconstant-conversion -Wint-conversion -Wbool-conversion -Wenum-conversion -Wno-float-conversion -Wnon-literal-null-conversion -Wobjc-literal-conversion -Wshorten-64-to-32 -Wpointer-sign -Wno-newline-eof -Wno-selector -Wno-strict-selector-match -Wundeclared-selector -Wdeprecated-implementations -DPOD_CONFIGURATION_RELEASE=1 -DCOCOAPODS=1 -DNS_BLOCK_ASSERTIONS=1 -DOBJC_OLD_DISPATCH_PROTOTYPES=0 -isysroot /Applications/Xcode.app/Contents/Developer/Platforms/iPhoneSimulator.platform/Developer/SDKs/iPhoneSimulator13.5.sdk -fasm-blocks -fstrict-aliasing -Wprotocol -Wdeprecated-declarations -g -Wno-sign-conversion -Winfinite-recursion -Wcomma -Wblock-capture-autoreleasing -Wstrict-prototypes -Wno-semicolon-before-method-body -Wunguarded-availability -fobjc-abi-version=2 -fobjc-legacy-dispatch -iquote /Users/edz/Library/Developer/Xcode/DerivedData/App-bytlbhqqorqzqidyjovihkqwnkia/Build/Intermediates.noindex/Pods.build/Release-iphonesimulator/Masonry.build/Masonry-generated-files.hmap -I/Users/edz/Library/Developer/Xcode/DerivedData/App-bytlbhqqorqzqidyjovihkqwnkia/Build/Intermediates.noindex/Pods.build/Release-iphonesimulator/Masonry.build/Masonry-own-target-headers.hmap -I/Users/edz/Library/Developer/Xcode/DerivedData/App-bytlbhqqorqzqidyjovihkqwnkia/Build/Intermediates.noindex/Pods.build/Release-iphonesimulator/Masonry.build/Masonry-all-non-framework-target-headers.hmap -ivfsoverlay /Users/edz/Library/Developer/Xcode/DerivedData/App-bytlbhqqorqzqidyjovihkqwnkia/Build/Intermediates.noindex/Pods.build/Release-iphonesimulator/Masonry.build/all-product-headers.yaml -iquote /Users/edz/Library/Developer/Xcode/DerivedData/App-bytlbhqqorqzqidyjovihkqwnkia/Build/Intermediates.noindex/Pods.build/Release-iphonesimulator/Masonry.build/Masonry-project-headers.hmap -I/Users/edz/Library/Developer/Xcode/DerivedData/App-bytlbhqqorqzqidyjovihkqwnkia/Build/Products/Release-iphonesimulator/Masonry/include -I/Users/edz/Library/Developer/Xcode/DerivedData/App-bytlbhqqorqzqidyjovihkqwnkia/Build/Intermediates.noindex/Pods.build/Release-iphonesimulator/Masonry.build/DerivedSources-normal/x86_64 -I/Users/edz/Library/Developer/Xcode/DerivedData/App-bytlbhqqorqzqidyjovihkqwnkia/Build/Intermediates.noindex/Pods.build/Release-iphonesimulator/Masonry.build/DerivedSources/x86_64 -I/Users/edz/Library/Developer/Xcode/DerivedData/App-bytlbhqqorqzqidyjovihkqwnkia/Build/Intermediates.noindex/Pods.build/Release-iphonesimulator/Masonry.build/DerivedSources -F/Users/edz/Library/Developer/Xcode/DerivedData/App-bytlbhqqorqzqidyjovihkqwnkia/Build/Products/Release-iphonesimulator/Masonry -Wincomplete-umbrella -w -Xanalyzer -analyzer-disable-all-checks -include /var/folders/4h/hxvz7hb959j4pw0pvbq686x00000gn/T/CocoaPods-Lint-20200722-25225-196xw43-UIModule/Pods/Target\ Support\ Files/Masonry/Masonry-prefix.pch -MMD -MT dependencies -MF /Users/edz/Library/Developer/Xcode/DerivedData/App-bytlbhqqorqzqidyjovihkqwnkia/Build/Intermediates.noindex/Pods.build/Release-iphonesimulator/Masonry.build/Objects-normal/x86_64/View+MASAdditions.d --serialize-diagnostics /Users/edz/Library/Developer/Xcode/DerivedData/App-bytlbhqqorqzqidyjovihkqwnkia/Build/Intermediates.noindex/Pods.build/Release-iphonesimulator/Masonry.build/Objects-normal/x86_64/View+MASAdditions.dia -c /var/folders/4h/hxvz7hb959j4pw0pvbq686x00000gn/T/CocoaPods-Lint-20200722-25225-196xw43-UIModule/Pods/Masonry/Masonry/View+MASAdditions.m -o /Users/edz/Library/Developer/Xcode/DerivedData/App-bytlbhqqorqzqidyjovihkqwnkia/Build/Intermediates.noindex/Pods.build/Release-iphonesimulator/Masonry.build/Objects-normal/x86_64/View+MASAdditions.o
    
    CompileC /Users/edz/Library/Developer/Xcode/DerivedData/App-bytlbhqqorqzqidyjovihkqwnkia/Build/Intermediates.noindex/Pods.build/Release-iphonesimulator/Masonry.build/Objects-normal/x86_64/NSLayoutConstraint+MASDebugAdditions.o /var/folders/4h/hxvz7hb959j4pw0pvbq686x00000gn/T/CocoaPods-Lint-20200722-25225-196xw43-UIModule/Pods/Masonry/Masonry/NSLayoutConstraint+MASDebugAdditions.m normal x86_64 objective-c com.apple.compilers.llvm.clang.1_0.compiler (in target 'Masonry' from project 'Pods')
        cd /var/folders/4h/hxvz7hb959j4pw0pvbq686x00000gn/T/CocoaPods-Lint-20200722-25225-196xw43-UIModule/Pods
        export LANG=en_US.US-ASCII
        /Applications/Xcode.app/Contents/Developer/Toolchains/XcodeDefault.xctoolchain/usr/bin/clang -x objective-c -target x86_64-apple-ios8.0-simulator -fmessage-length=0 -fdiagnostics-show-note-include-stack -fmacro-backtrace-limit=0 -std=gnu11 -fobjc-arc -fobjc-weak -fmodules -gmodules -fmodules-cache-path=/Users/edz/Library/Developer/Xcode/DerivedData/ModuleCache.noindex -fmodules-prune-interval=86400 -fmodules-prune-after=345600 -fbuild-session-file=/Users/edz/Library/Developer/Xcode/DerivedData/ModuleCache.noindex/Session.modulevalidation -fmodules-validate-once-per-build-session -Wnon-modular-include-in-framework-module -Werror=non-modular-include-in-framework-module -fmodule-name=Masonry -Wno-trigraphs -fpascal-strings -Os -fno-common -Wno-missing-field-initializers -Wno-missing-prototypes -Werror=return-type -Wdocumentation -Wunreachable-code -Wno-implicit-atomic-properties -Werror=deprecated-objc-isa-usage -Wno-objc-interface-ivars -Werror=objc-root-class -Wno-arc-repeated-use-of-weak -Wimplicit-retain-self -Wduplicate-method-match -Wno-missing-braces -Wparentheses -Wswitch -Wunused-function -Wno-unused-label -Wno-unused-parameter -Wunused-variable -Wunused-value -Wempty-body -Wuninitialized -Wconditional-uninitialized -Wno-unknown-pragmas -Wno-shadow -Wno-four-char-constants -Wno-conversion -Wconstant-conversion -Wint-conversion -Wbool-conversion -Wenum-conversion -Wno-float-conversion -Wnon-literal-null-conversion -Wobjc-literal-conversion -Wshorten-64-to-32 -Wpointer-sign -Wno-newline-eof -Wno-selector -Wno-strict-selector-match -Wundeclared-selector -Wdeprecated-implementations -DPOD_CONFIGURATION_RELEASE=1 -DCOCOAPODS=1 -DNS_BLOCK_ASSERTIONS=1 -DOBJC_OLD_DISPATCH_PROTOTYPES=0 -isysroot /Applications/Xcode.app/Contents/Developer/Platforms/iPhoneSimulator.platform/Developer/SDKs/iPhoneSimulator13.5.sdk -fasm-blocks -fstrict-aliasing -Wprotocol -Wdeprecated-declarations -g -Wno-sign-conversion -Winfinite-recursion -Wcomma -Wblock-capture-autoreleasing -Wstrict-prototypes -Wno-semicolon-before-method-body -Wunguarded-availability -fobjc-abi-version=2 -fobjc-legacy-dispatch -iquote /Users/edz/Library/Developer/Xcode/DerivedData/App-bytlbhqqorqzqidyjovihkqwnkia/Build/Intermediates.noindex/Pods.build/Release-iphonesimulator/Masonry.build/Masonry-generated-files.hmap -I/Users/edz/Library/Developer/Xcode/DerivedData/App-bytlbhqqorqzqidyjovihkqwnkia/Build/Intermediates.noindex/Pods.build/Release-iphonesimulator/Masonry.build/Masonry-own-target-headers.hmap -I/Users/edz/Library/Developer/Xcode/DerivedData/App-bytlbhqqorqzqidyjovihkqwnkia/Build/Intermediates.noindex/Pods.build/Release-iphonesimulator/Masonry.build/Masonry-all-non-framework-target-headers.hmap -ivfsoverlay /Users/edz/Library/Developer/Xcode/DerivedData/App-bytlbhqqorqzqidyjovihkqwnkia/Build/Intermediates.noindex/Pods.build/Release-iphonesimulator/Masonry.build/all-product-headers.yaml -iquote /Users/edz/Library/Developer/Xcode/DerivedData/App-bytlbhqqorqzqidyjovihkqwnkia/Build/Intermediates.noindex/Pods.build/Release-iphonesimulator/Masonry.build/Masonry-project-headers.hmap -I/Users/edz/Library/Developer/Xcode/DerivedData/App-bytlbhqqorqzqidyjovihkqwnkia/Build/Products/Release-iphonesimulator/Masonry/include -I/Users/edz/Library/Developer/Xcode/DerivedData/App-bytlbhqqorqzqidyjovihkqwnkia/Build/Intermediates.noindex/Pods.build/Release-iphonesimulator/Masonry.build/DerivedSources-normal/x86_64 -I/Users/edz/Library/Developer/Xcode/DerivedData/App-bytlbhqqorqzqidyjovihkqwnkia/Build/Intermediates.noindex/Pods.build/Release-iphonesimulator/Masonry.build/DerivedSources/x86_64 -I/Users/edz/Library/Developer/Xcode/DerivedData/App-bytlbhqqorqzqidyjovihkqwnkia/Build/Intermediates.noindex/Pods.build/Release-iphonesimulator/Masonry.build/DerivedSources -F/Users/edz/Library/Developer/Xcode/DerivedData/App-bytlbhqqorqzqidyjovihkqwnkia/Build/Products/Release-iphonesimulator/Masonry -Wincomplete-umbrella -w -Xanalyzer -analyzer-disable-all-checks -include /var/folders/4h/hxvz7hb959j4pw0pvbq686x00000gn/T/CocoaPods-Lint-20200722-25225-196xw43-UIModule/Pods/Target\ Support\ Files/Masonry/Masonry-prefix.pch -MMD -MT dependencies -MF /Users/edz/Library/Developer/Xcode/DerivedData/App-bytlbhqqorqzqidyjovihkqwnkia/Build/Intermediates.noindex/Pods.build/Release-iphonesimulator/Masonry.build/Objects-normal/x86_64/NSLayoutConstraint+MASDebugAdditions.d --serialize-diagnostics /Users/edz/Library/Developer/Xcode/DerivedData/App-bytlbhqqorqzqidyjovihkqwnkia/Build/Intermediates.noindex/Pods.build/Release-iphonesimulator/Masonry.build/Objects-normal/x86_64/NSLayoutConstraint+MASDebugAdditions.dia -c /var/folders/4h/hxvz7hb959j4pw0pvbq686x00000gn/T/CocoaPods-Lint-20200722-25225-196xw43-UIModule/Pods/Masonry/Masonry/NSLayoutConstraint+MASDebugAdditions.m -o /Users/edz/Library/Developer/Xcode/DerivedData/App-bytlbhqqorqzqidyjovihkqwnkia/Build/Intermediates.noindex/Pods.build/Release-iphonesimulator/Masonry.build/Objects-normal/x86_64/NSLayoutConstraint+MASDebugAdditions.o
    
    CompileC /Users/edz/Library/Developer/Xcode/DerivedData/App-bytlbhqqorqzqidyjovihkqwnkia/Build/Intermediates.noindex/Pods.build/Release-iphonesimulator/Masonry.build/Objects-normal/x86_64/NSArray+MASAdditions.o /var/folders/4h/hxvz7hb959j4pw0pvbq686x00000gn/T/CocoaPods-Lint-20200722-25225-196xw43-UIModule/Pods/Masonry/Masonry/NSArray+MASAdditions.m normal x86_64 objective-c com.apple.compilers.llvm.clang.1_0.compiler (in target 'Masonry' from project 'Pods')
        cd /var/folders/4h/hxvz7hb959j4pw0pvbq686x00000gn/T/CocoaPods-Lint-20200722-25225-196xw43-UIModule/Pods
        export LANG=en_US.US-ASCII
        /Applications/Xcode.app/Contents/Developer/Toolchains/XcodeDefault.xctoolchain/usr/bin/clang -x objective-c -target x86_64-apple-ios8.0-simulator -fmessage-length=0 -fdiagnostics-show-note-include-stack -fmacro-backtrace-limit=0 -std=gnu11 -fobjc-arc -fobjc-weak -fmodules -gmodules -fmodules-cache-path=/Users/edz/Library/Developer/Xcode/DerivedData/ModuleCache.noindex -fmodules-prune-interval=86400 -fmodules-prune-after=345600 -fbuild-session-file=/Users/edz/Library/Developer/Xcode/DerivedData/ModuleCache.noindex/Session.modulevalidation -fmodules-validate-once-per-build-session -Wnon-modular-include-in-framework-module -Werror=non-modular-include-in-framework-module -fmodule-name=Masonry -Wno-trigraphs -fpascal-strings -Os -fno-common -Wno-missing-field-initializers -Wno-missing-prototypes -Werror=return-type -Wdocumentation -Wunreachable-code -Wno-implicit-atomic-properties -Werror=deprecated-objc-isa-usage -Wno-objc-interface-ivars -Werror=objc-root-class -Wno-arc-repeated-use-of-weak -Wimplicit-retain-self -Wduplicate-method-match -Wno-missing-braces -Wparentheses -Wswitch -Wunused-function -Wno-unused-label -Wno-unused-parameter -Wunused-variable -Wunused-value -Wempty-body -Wuninitialized -Wconditional-uninitialized -Wno-unknown-pragmas -Wno-shadow -Wno-four-char-constants -Wno-conversion -Wconstant-conversion -Wint-conversion -Wbool-conversion -Wenum-conversion -Wno-float-conversion -Wnon-literal-null-conversion -Wobjc-literal-conversion -Wshorten-64-to-32 -Wpointer-sign -Wno-newline-eof -Wno-selector -Wno-strict-selector-match -Wundeclared-selector -Wdeprecated-implementations -DPOD_CONFIGURATION_RELEASE=1 -DCOCOAPODS=1 -DNS_BLOCK_ASSERTIONS=1 -DOBJC_OLD_DISPATCH_PROTOTYPES=0 -isysroot /Applications/Xcode.app/Contents/Developer/Platforms/iPhoneSimulator.platform/Developer/SDKs/iPhoneSimulator13.5.sdk -fasm-blocks -fstrict-aliasing -Wprotocol -Wdeprecated-declarations -g -Wno-sign-conversion -Winfinite-recursion -Wcomma -Wblock-capture-autoreleasing -Wstrict-prototypes -Wno-semicolon-before-method-body -Wunguarded-availability -fobjc-abi-version=2 -fobjc-legacy-dispatch -iquote /Users/edz/Library/Developer/Xcode/DerivedData/App-bytlbhqqorqzqidyjovihkqwnkia/Build/Intermediates.noindex/Pods.build/Release-iphonesimulator/Masonry.build/Masonry-generated-files.hmap -I/Users/edz/Library/Developer/Xcode/DerivedData/App-bytlbhqqorqzqidyjovihkqwnkia/Build/Intermediates.noindex/Pods.build/Release-iphonesimulator/Masonry.build/Masonry-own-target-headers.hmap -I/Users/edz/Library/Developer/Xcode/DerivedData/App-bytlbhqqorqzqidyjovihkqwnkia/Build/Intermediates.noindex/Pods.build/Release-iphonesimulator/Masonry.build/Masonry-all-non-framework-target-headers.hmap -ivfsoverlay /Users/edz/Library/Developer/Xcode/DerivedData/App-bytlbhqqorqzqidyjovihkqwnkia/Build/Intermediates.noindex/Pods.build/Release-iphonesimulator/Masonry.build/all-product-headers.yaml -iquote /Users/edz/Library/Developer/Xcode/DerivedData/App-bytlbhqqorqzqidyjovihkqwnkia/Build/Intermediates.noindex/Pods.build/Release-iphonesimulator/Masonry.build/Masonry-project-headers.hmap -I/Users/edz/Library/Developer/Xcode/DerivedData/App-bytlbhqqorqzqidyjovihkqwnkia/Build/Products/Release-iphonesimulator/Masonry/include -I/Users/edz/Library/Developer/Xcode/DerivedData/App-bytlbhqqorqzqidyjovihkqwnkia/Build/Intermediates.noindex/Pods.build/Release-iphonesimulator/Masonry.build/DerivedSources-normal/x86_64 -I/Users/edz/Library/Developer/Xcode/DerivedData/App-bytlbhqqorqzqidyjovihkqwnkia/Build/Intermediates.noindex/Pods.build/Release-iphonesimulator/Masonry.build/DerivedSources/x86_64 -I/Users/edz/Library/Developer/Xcode/DerivedData/App-bytlbhqqorqzqidyjovihkqwnkia/Build/Intermediates.noindex/Pods.build/Release-iphonesimulator/Masonry.build/DerivedSources -F/Users/edz/Library/Developer/Xcode/DerivedData/App-bytlbhqqorqzqidyjovihkqwnkia/Build/Products/Release-iphonesimulator/Masonry -Wincomplete-umbrella -w -Xanalyzer -analyzer-disable-all-checks -include /var/folders/4h/hxvz7hb959j4pw0pvbq686x00000gn/T/CocoaPods-Lint-20200722-25225-196xw43-UIModule/Pods/Target\ Support\ Files/Masonry/Masonry-prefix.pch -MMD -MT dependencies -MF /Users/edz/Library/Developer/Xcode/DerivedData/App-bytlbhqqorqzqidyjovihkqwnkia/Build/Intermediates.noindex/Pods.build/Release-iphonesimulator/Masonry.build/Objects-normal/x86_64/NSArray+MASAdditions.d --serialize-diagnostics /Users/edz/Library/Developer/Xcode/DerivedData/App-bytlbhqqorqzqidyjovihkqwnkia/Build/Intermediates.noindex/Pods.build/Release-iphonesimulator/Masonry.build/Objects-normal/x86_64/NSArray+MASAdditions.dia -c /var/folders/4h/hxvz7hb959j4pw0pvbq686x00000gn/T/CocoaPods-Lint-20200722-25225-196xw43-UIModule/Pods/Masonry/Masonry/NSArray+MASAdditions.m -o /Users/edz/Library/Developer/Xcode/DerivedData/App-bytlbhqqorqzqidyjovihkqwnkia/Build/Intermediates.noindex/Pods.build/Release-iphonesimulator/Masonry.build/Objects-normal/x86_64/NSArray+MASAdditions.o
    
    CompileC /Users/edz/Library/Developer/Xcode/DerivedData/App-bytlbhqqorqzqidyjovihkqwnkia/Build/Intermediates.noindex/Pods.build/Release-iphonesimulator/Masonry.build/Objects-normal/x86_64/Masonry_vers.o /Users/edz/Library/Developer/Xcode/DerivedData/App-bytlbhqqorqzqidyjovihkqwnkia/Build/Intermediates.noindex/Pods.build/Release-iphonesimulator/Masonry.build/DerivedSources/Masonry_vers.c normal x86_64 c com.apple.compilers.llvm.clang.1_0.compiler (in target 'Masonry' from project 'Pods')
        cd /var/folders/4h/hxvz7hb959j4pw0pvbq686x00000gn/T/CocoaPods-Lint-20200722-25225-196xw43-UIModule/Pods
        export LANG=en_US.US-ASCII
        /Applications/Xcode.app/Contents/Developer/Toolchains/XcodeDefault.xctoolchain/usr/bin/clang -x c -target x86_64-apple-ios8.0-simulator -fmessage-length=0 -fdiagnostics-show-note-include-stack -fmacro-backtrace-limit=0 -std=gnu11 -fmodules -gmodules -fmodules-cache-path=/Users/edz/Library/Developer/Xcode/DerivedData/ModuleCache.noindex -fmodules-prune-interval=86400 -fmodules-prune-after=345600 -fbuild-session-file=/Users/edz/Library/Developer/Xcode/DerivedData/ModuleCache.noindex/Session.modulevalidation -fmodules-validate-once-per-build-session -Wnon-modular-include-in-framework-module -Werror=non-modular-include-in-framework-module -fmodule-name=Masonry -Wno-trigraphs -fpascal-strings -Os -fno-common -Wno-missing-field-initializers -Wno-missing-prototypes -Werror=return-type -Wdocumentation -Wunreachable-code -Werror=deprecated-objc-isa-usage -Werror=objc-root-class -Wno-missing-braces -Wparentheses -Wswitch -Wunused-function -Wno-unused-label -Wno-unused-parameter -Wunused-variable -Wunused-value -Wempty-body -Wuninitialized -Wconditional-uninitialized -Wno-unknown-pragmas -Wno-shadow -Wno-four-char-constants -Wno-conversion -Wconstant-conversion -Wint-conversion -Wbool-conversion -Wenum-conversion -Wno-float-conversion -Wnon-literal-null-conversion -Wobjc-literal-conversion -Wshorten-64-to-32 -Wpointer-sign -Wno-newline-eof -DPOD_CONFIGURATION_RELEASE=1 -DCOCOAPODS=1 -isysroot /Applications/Xcode.app/Contents/Developer/Platforms/iPhoneSimulator.platform/Developer/SDKs/iPhoneSimulator13.5.sdk -fasm-blocks -fstrict-aliasing -Wdeprecated-declarations -g -Wno-sign-conversion -Winfinite-recursion -Wcomma -Wblock-capture-autoreleasing -Wstrict-prototypes -Wno-semicolon-before-method-body -Wunguarded-availability -iquote /Users/edz/Library/Developer/Xcode/DerivedData/App-bytlbhqqorqzqidyjovihkqwnkia/Build/Intermediates.noindex/Pods.build/Release-iphonesimulator/Masonry.build/Masonry-generated-files.hmap -I/Users/edz/Library/Developer/Xcode/DerivedData/App-bytlbhqqorqzqidyjovihkqwnkia/Build/Intermediates.noindex/Pods.build/Release-iphonesimulator/Masonry.build/Masonry-own-target-headers.hmap -I/Users/edz/Library/Developer/Xcode/DerivedData/App-bytlbhqqorqzqidyjovihkqwnkia/Build/Intermediates.noindex/Pods.build/Release-iphonesimulator/Masonry.build/Masonry-all-non-framework-target-headers.hmap -ivfsoverlay /Users/edz/Library/Developer/Xcode/DerivedData/App-bytlbhqqorqzqidyjovihkqwnkia/Build/Intermediates.noindex/Pods.build/Release-iphonesimulator/Masonry.build/all-product-headers.yaml -iquote /Users/edz/Library/Developer/Xcode/DerivedData/App-bytlbhqqorqzqidyjovihkqwnkia/Build/Intermediates.noindex/Pods.build/Release-iphonesimulator/Masonry.build/Masonry-project-headers.hmap -I/Users/edz/Library/Developer/Xcode/DerivedData/App-bytlbhqqorqzqidyjovihkqwnkia/Build/Products/Release-iphonesimulator/Masonry/include -I/Users/edz/Library/Developer/Xcode/DerivedData/App-bytlbhqqorqzqidyjovihkqwnkia/Build/Intermediates.noindex/Pods.build/Release-iphonesimulator/Masonry.build/DerivedSources-normal/x86_64 -I/Users/edz/Library/Developer/Xcode/DerivedData/App-bytlbhqqorqzqidyjovihkqwnkia/Build/Intermediates.noindex/Pods.build/Release-iphonesimulator/Masonry.build/DerivedSources/x86_64 -I/Users/edz/Library/Developer/Xcode/DerivedData/App-bytlbhqqorqzqidyjovihkqwnkia/Build/Intermediates.noindex/Pods.build/Release-iphonesimulator/Masonry.build/DerivedSources -F/Users/edz/Library/Developer/Xcode/DerivedData/App-bytlbhqqorqzqidyjovihkqwnkia/Build/Products/Release-iphonesimulator/Masonry -Wincomplete-umbrella -MMD -MT dependencies -MF /Users/edz/Library/Developer/Xcode/DerivedData/App-bytlbhqqorqzqidyjovihkqwnkia/Build/Intermediates.noindex/Pods.build/Release-iphonesimulator/Masonry.build/Objects-normal/x86_64/Masonry_vers.d --serialize-diagnostics /Users/edz/Library/Developer/Xcode/DerivedData/App-bytlbhqqorqzqidyjovihkqwnkia/Build/Intermediates.noindex/Pods.build/Release-iphonesimulator/Masonry.build/Objects-normal/x86_64/Masonry_vers.dia -c /Users/edz/Library/Developer/Xcode/DerivedData/App-bytlbhqqorqzqidyjovihkqwnkia/Build/Intermediates.noindex/Pods.build/Release-iphonesimulator/Masonry.build/DerivedSources/Masonry_vers.c -o /Users/edz/Library/Developer/Xcode/DerivedData/App-bytlbhqqorqzqidyjovihkqwnkia/Build/Intermediates.noindex/Pods.build/Release-iphonesimulator/Masonry.build/Objects-normal/x86_64/Masonry_vers.o
    
    CompileC /Users/edz/Library/Developer/Xcode/DerivedData/App-bytlbhqqorqzqidyjovihkqwnkia/Build/Intermediates.noindex/Pods.build/Release-iphonesimulator/Masonry.build/Objects-normal/x86_64/Masonry-dummy.o /var/folders/4h/hxvz7hb959j4pw0pvbq686x00000gn/T/CocoaPods-Lint-20200722-25225-196xw43-UIModule/Pods/Target\ Support\ Files/Masonry/Masonry-dummy.m normal x86_64 objective-c com.apple.compilers.llvm.clang.1_0.compiler (in target 'Masonry' from project 'Pods')
        cd /var/folders/4h/hxvz7hb959j4pw0pvbq686x00000gn/T/CocoaPods-Lint-20200722-25225-196xw43-UIModule/Pods
        export LANG=en_US.US-ASCII
        /Applications/Xcode.app/Contents/Developer/Toolchains/XcodeDefault.xctoolchain/usr/bin/clang -x objective-c -target x86_64-apple-ios8.0-simulator -fmessage-length=0 -fdiagnostics-show-note-include-stack -fmacro-backtrace-limit=0 -std=gnu11 -fobjc-arc -fobjc-weak -fmodules -gmodules -fmodules-cache-path=/Users/edz/Library/Developer/Xcode/DerivedData/ModuleCache.noindex -fmodules-prune-interval=86400 -fmodules-prune-after=345600 -fbuild-session-file=/Users/edz/Library/Developer/Xcode/DerivedData/ModuleCache.noindex/Session.modulevalidation -fmodules-validate-once-per-build-session -Wnon-modular-include-in-framework-module -Werror=non-modular-include-in-framework-module -fmodule-name=Masonry -Wno-trigraphs -fpascal-strings -Os -fno-common -Wno-missing-field-initializers -Wno-missing-prototypes -Werror=return-type -Wdocumentation -Wunreachable-code -Wno-implicit-atomic-properties -Werror=deprecated-objc-isa-usage -Wno-objc-interface-ivars -Werror=objc-root-class -Wno-arc-repeated-use-of-weak -Wimplicit-retain-self -Wduplicate-method-match -Wno-missing-braces -Wparentheses -Wswitch -Wunused-function -Wno-unused-label -Wno-unused-parameter -Wunused-variable -Wunused-value -Wempty-body -Wuninitialized -Wconditional-uninitialized -Wno-unknown-pragmas -Wno-shadow -Wno-four-char-constants -Wno-conversion -Wconstant-conversion -Wint-conversion -Wbool-conversion -Wenum-conversion -Wno-float-conversion -Wnon-literal-null-conversion -Wobjc-literal-conversion -Wshorten-64-to-32 -Wpointer-sign -Wno-newline-eof -Wno-selector -Wno-strict-selector-match -Wundeclared-selector -Wdeprecated-implementations -DPOD_CONFIGURATION_RELEASE=1 -DCOCOAPODS=1 -DNS_BLOCK_ASSERTIONS=1 -DOBJC_OLD_DISPATCH_PROTOTYPES=0 -isysroot /Applications/Xcode.app/Contents/Developer/Platforms/iPhoneSimulator.platform/Developer/SDKs/iPhoneSimulator13.5.sdk -fasm-blocks -fstrict-aliasing -Wprotocol -Wdeprecated-declarations -g -Wno-sign-conversion -Winfinite-recursion -Wcomma -Wblock-capture-autoreleasing -Wstrict-prototypes -Wno-semicolon-before-method-body -Wunguarded-availability -fobjc-abi-version=2 -fobjc-legacy-dispatch -iquote /Users/edz/Library/Developer/Xcode/DerivedData/App-bytlbhqqorqzqidyjovihkqwnkia/Build/Intermediates.noindex/Pods.build/Release-iphonesimulator/Masonry.build/Masonry-generated-files.hmap -I/Users/edz/Library/Developer/Xcode/DerivedData/App-bytlbhqqorqzqidyjovihkqwnkia/Build/Intermediates.noindex/Pods.build/Release-iphonesimulator/Masonry.build/Masonry-own-target-headers.hmap -I/Users/edz/Library/Developer/Xcode/DerivedData/App-bytlbhqqorqzqidyjovihkqwnkia/Build/Intermediates.noindex/Pods.build/Release-iphonesimulator/Masonry.build/Masonry-all-non-framework-target-headers.hmap -ivfsoverlay /Users/edz/Library/Developer/Xcode/DerivedData/App-bytlbhqqorqzqidyjovihkqwnkia/Build/Intermediates.noindex/Pods.build/Release-iphonesimulator/Masonry.build/all-product-headers.yaml -iquote /Users/edz/Library/Developer/Xcode/DerivedData/App-bytlbhqqorqzqidyjovihkqwnkia/Build/Intermediates.noindex/Pods.build/Release-iphonesimulator/Masonry.build/Masonry-project-headers.hmap -I/Users/edz/Library/Developer/Xcode/DerivedData/App-bytlbhqqorqzqidyjovihkqwnkia/Build/Products/Release-iphonesimulator/Masonry/include -I/Users/edz/Library/Developer/Xcode/DerivedData/App-bytlbhqqorqzqidyjovihkqwnkia/Build/Intermediates.noindex/Pods.build/Release-iphonesimulator/Masonry.build/DerivedSources-normal/x86_64 -I/Users/edz/Library/Developer/Xcode/DerivedData/App-bytlbhqqorqzqidyjovihkqwnkia/Build/Intermediates.noindex/Pods.build/Release-iphonesimulator/Masonry.build/DerivedSources/x86_64 -I/Users/edz/Library/Developer/Xcode/DerivedData/App-bytlbhqqorqzqidyjovihkqwnkia/Build/Intermediates.noindex/Pods.build/Release-iphonesimulator/Masonry.build/DerivedSources -F/Users/edz/Library/Developer/Xcode/DerivedData/App-bytlbhqqorqzqidyjovihkqwnkia/Build/Products/Release-iphonesimulator/Masonry -Wincomplete-umbrella -include /var/folders/4h/hxvz7hb959j4pw0pvbq686x00000gn/T/CocoaPods-Lint-20200722-25225-196xw43-UIModule/Pods/Target\ Support\ Files/Masonry/Masonry-prefix.pch -MMD -MT dependencies -MF /Users/edz/Library/Developer/Xcode/DerivedData/App-bytlbhqqorqzqidyjovihkqwnkia/Build/Intermediates.noindex/Pods.build/Release-iphonesimulator/Masonry.build/Objects-normal/x86_64/Masonry-dummy.d --serialize-diagnostics /Users/edz/Library/Developer/Xcode/DerivedData/App-bytlbhqqorqzqidyjovihkqwnkia/Build/Intermediates.noindex/Pods.build/Release-iphonesimulator/Masonry.build/Objects-normal/x86_64/Masonry-dummy.dia -c /var/folders/4h/hxvz7hb959j4pw0pvbq686x00000gn/T/CocoaPods-Lint-20200722-25225-196xw43-UIModule/Pods/Target\ Support\ Files/Masonry/Masonry-dummy.m -o /Users/edz/Library/Developer/Xcode/DerivedData/App-bytlbhqqorqzqidyjovihkqwnkia/Build/Intermediates.noindex/Pods.build/Release-iphonesimulator/Masonry.build/Objects-normal/x86_64/Masonry-dummy.o
    
    CompileC /Users/edz/Library/Developer/Xcode/DerivedData/App-bytlbhqqorqzqidyjovihkqwnkia/Build/Intermediates.noindex/Pods.build/Release-iphonesimulator/Masonry.build/Objects-normal/x86_64/MASViewConstraint.o /var/folders/4h/hxvz7hb959j4pw0pvbq686x00000gn/T/CocoaPods-Lint-20200722-25225-196xw43-UIModule/Pods/Masonry/Masonry/MASViewConstraint.m normal x86_64 objective-c com.apple.compilers.llvm.clang.1_0.compiler (in target 'Masonry' from project 'Pods')
        cd /var/folders/4h/hxvz7hb959j4pw0pvbq686x00000gn/T/CocoaPods-Lint-20200722-25225-196xw43-UIModule/Pods
        export LANG=en_US.US-ASCII
        /Applications/Xcode.app/Contents/Developer/Toolchains/XcodeDefault.xctoolchain/usr/bin/clang -x objective-c -target x86_64-apple-ios8.0-simulator -fmessage-length=0 -fdiagnostics-show-note-include-stack -fmacro-backtrace-limit=0 -std=gnu11 -fobjc-arc -fobjc-weak -fmodules -gmodules -fmodules-cache-path=/Users/edz/Library/Developer/Xcode/DerivedData/ModuleCache.noindex -fmodules-prune-interval=86400 -fmodules-prune-after=345600 -fbuild-session-file=/Users/edz/Library/Developer/Xcode/DerivedData/ModuleCache.noindex/Session.modulevalidation -fmodules-validate-once-per-build-session -Wnon-modular-include-in-framework-module -Werror=non-modular-include-in-framework-module -fmodule-name=Masonry -Wno-trigraphs -fpascal-strings -Os -fno-common -Wno-missing-field-initializers -Wno-missing-prototypes -Werror=return-type -Wdocumentation -Wunreachable-code -Wno-implicit-atomic-properties -Werror=deprecated-objc-isa-usage -Wno-objc-interface-ivars -Werror=objc-root-class -Wno-arc-repeated-use-of-weak -Wimplicit-retain-self -Wduplicate-method-match -Wno-missing-braces -Wparentheses -Wswitch -Wunused-function -Wno-unused-label -Wno-unused-parameter -Wunused-variable -Wunused-value -Wempty-body -Wuninitialized -Wconditional-uninitialized -Wno-unknown-pragmas -Wno-shadow -Wno-four-char-constants -Wno-conversion -Wconstant-conversion -Wint-conversion -Wbool-conversion -Wenum-conversion -Wno-float-conversion -Wnon-literal-null-conversion -Wobjc-literal-conversion -Wshorten-64-to-32 -Wpointer-sign -Wno-newline-eof -Wno-selector -Wno-strict-selector-match -Wundeclared-selector -Wdeprecated-implementations -DPOD_CONFIGURATION_RELEASE=1 -DCOCOAPODS=1 -DNS_BLOCK_ASSERTIONS=1 -DOBJC_OLD_DISPATCH_PROTOTYPES=0 -isysroot /Applications/Xcode.app/Contents/Developer/Platforms/iPhoneSimulator.platform/Developer/SDKs/iPhoneSimulator13.5.sdk -fasm-blocks -fstrict-aliasing -Wprotocol -Wdeprecated-declarations -g -Wno-sign-conversion -Winfinite-recursion -Wcomma -Wblock-capture-autoreleasing -Wstrict-prototypes -Wno-semicolon-before-method-body -Wunguarded-availability -fobjc-abi-version=2 -fobjc-legacy-dispatch -iquote /Users/edz/Library/Developer/Xcode/DerivedData/App-bytlbhqqorqzqidyjovihkqwnkia/Build/Intermediates.noindex/Pods.build/Release-iphonesimulator/Masonry.build/Masonry-generated-files.hmap -I/Users/edz/Library/Developer/Xcode/DerivedData/App-bytlbhqqorqzqidyjovihkqwnkia/Build/Intermediates.noindex/Pods.build/Release-iphonesimulator/Masonry.build/Masonry-own-target-headers.hmap -I/Users/edz/Library/Developer/Xcode/DerivedData/App-bytlbhqqorqzqidyjovihkqwnkia/Build/Intermediates.noindex/Pods.build/Release-iphonesimulator/Masonry.build/Masonry-all-non-framework-target-headers.hmap -ivfsoverlay /Users/edz/Library/Developer/Xcode/DerivedData/App-bytlbhqqorqzqidyjovihkqwnkia/Build/Intermediates.noindex/Pods.build/Release-iphonesimulator/Masonry.build/all-product-headers.yaml -iquote /Users/edz/Library/Developer/Xcode/DerivedData/App-bytlbhqqorqzqidyjovihkqwnkia/Build/Intermediates.noindex/Pods.build/Release-iphonesimulator/Masonry.build/Masonry-project-headers.hmap -I/Users/edz/Library/Developer/Xcode/DerivedData/App-bytlbhqqorqzqidyjovihkqwnkia/Build/Products/Release-iphonesimulator/Masonry/include -I/Users/edz/Library/Developer/Xcode/DerivedData/App-bytlbhqqorqzqidyjovihkqwnkia/Build/Intermediates.noindex/Pods.build/Release-iphonesimulator/Masonry.build/DerivedSources-normal/x86_64 -I/Users/edz/Library/Developer/Xcode/DerivedData/App-bytlbhqqorqzqidyjovihkqwnkia/Build/Intermediates.noindex/Pods.build/Release-iphonesimulator/Masonry.build/DerivedSources/x86_64 -I/Users/edz/Library/Developer/Xcode/DerivedData/App-bytlbhqqorqzqidyjovihkqwnkia/Build/Intermediates.noindex/Pods.build/Release-iphonesimulator/Masonry.build/DerivedSources -F/Users/edz/Library/Developer/Xcode/DerivedData/App-bytlbhqqorqzqidyjovihkqwnkia/Build/Products/Release-iphonesimulator/Masonry -Wincomplete-umbrella -w -Xanalyzer -analyzer-disable-all-checks -include /var/folders/4h/hxvz7hb959j4pw0pvbq686x00000gn/T/CocoaPods-Lint-20200722-25225-196xw43-UIModule/Pods/Target\ Support\ Files/Masonry/Masonry-prefix.pch -MMD -MT dependencies -MF /Users/edz/Library/Developer/Xcode/DerivedData/App-bytlbhqqorqzqidyjovihkqwnkia/Build/Intermediates.noindex/Pods.build/Release-iphonesimulator/Masonry.build/Objects-normal/x86_64/MASViewConstraint.d --serialize-diagnostics /Users/edz/Library/Developer/Xcode/DerivedData/App-bytlbhqqorqzqidyjovihkqwnkia/Build/Intermediates.noindex/Pods.build/Release-iphonesimulator/Masonry.build/Objects-normal/x86_64/MASViewConstraint.dia -c /var/folders/4h/hxvz7hb959j4pw0pvbq686x00000gn/T/CocoaPods-Lint-20200722-25225-196xw43-UIModule/Pods/Masonry/Masonry/MASViewConstraint.m -o /Users/edz/Library/Developer/Xcode/DerivedData/App-bytlbhqqorqzqidyjovihkqwnkia/Build/Intermediates.noindex/Pods.build/Release-iphonesimulator/Masonry.build/Objects-normal/x86_64/MASViewConstraint.o
    
    CompileC /Users/edz/Library/Developer/Xcode/DerivedData/App-bytlbhqqorqzqidyjovihkqwnkia/Build/Intermediates.noindex/Pods.build/Release-iphonesimulator/Masonry.build/Objects-normal/x86_64/MASViewAttribute.o /var/folders/4h/hxvz7hb959j4pw0pvbq686x00000gn/T/CocoaPods-Lint-20200722-25225-196xw43-UIModule/Pods/Masonry/Masonry/MASViewAttribute.m normal x86_64 objective-c com.apple.compilers.llvm.clang.1_0.compiler (in target 'Masonry' from project 'Pods')
        cd /var/folders/4h/hxvz7hb959j4pw0pvbq686x00000gn/T/CocoaPods-Lint-20200722-25225-196xw43-UIModule/Pods
        export LANG=en_US.US-ASCII
        /Applications/Xcode.app/Contents/Developer/Toolchains/XcodeDefault.xctoolchain/usr/bin/clang -x objective-c -target x86_64-apple-ios8.0-simulator -fmessage-length=0 -fdiagnostics-show-note-include-stack -fmacro-backtrace-limit=0 -std=gnu11 -fobjc-arc -fobjc-weak -fmodules -gmodules -fmodules-cache-path=/Users/edz/Library/Developer/Xcode/DerivedData/ModuleCache.noindex -fmodules-prune-interval=86400 -fmodules-prune-after=345600 -fbuild-session-file=/Users/edz/Library/Developer/Xcode/DerivedData/ModuleCache.noindex/Session.modulevalidation -fmodules-validate-once-per-build-session -Wnon-modular-include-in-framework-module -Werror=non-modular-include-in-framework-module -fmodule-name=Masonry -Wno-trigraphs -fpascal-strings -Os -fno-common -Wno-missing-field-initializers -Wno-missing-prototypes -Werror=return-type -Wdocumentation -Wunreachable-code -Wno-implicit-atomic-properties -Werror=deprecated-objc-isa-usage -Wno-objc-interface-ivars -Werror=objc-root-class -Wno-arc-repeated-use-of-weak -Wimplicit-retain-self -Wduplicate-method-match -Wno-missing-braces -Wparentheses -Wswitch -Wunused-function -Wno-unused-label -Wno-unused-parameter -Wunused-variable -Wunused-value -Wempty-body -Wuninitialized -Wconditional-uninitialized -Wno-unknown-pragmas -Wno-shadow -Wno-four-char-constants -Wno-conversion -Wconstant-conversion -Wint-conversion -Wbool-conversion -Wenum-conversion -Wno-float-conversion -Wnon-literal-null-conversion -Wobjc-literal-conversion -Wshorten-64-to-32 -Wpointer-sign -Wno-newline-eof -Wno-selector -Wno-strict-selector-match -Wundeclared-selector -Wdeprecated-implementations -DPOD_CONFIGURATION_RELEASE=1 -DCOCOAPODS=1 -DNS_BLOCK_ASSERTIONS=1 -DOBJC_OLD_DISPATCH_PROTOTYPES=0 -isysroot /Applications/Xcode.app/Contents/Developer/Platforms/iPhoneSimulator.platform/Developer/SDKs/iPhoneSimulator13.5.sdk -fasm-blocks -fstrict-aliasing -Wprotocol -Wdeprecated-declarations -g -Wno-sign-conversion -Winfinite-recursion -Wcomma -Wblock-capture-autoreleasing -Wstrict-prototypes -Wno-semicolon-before-method-body -Wunguarded-availability -fobjc-abi-version=2 -fobjc-legacy-dispatch -iquote /Users/edz/Library/Developer/Xcode/DerivedData/App-bytlbhqqorqzqidyjovihkqwnkia/Build/Intermediates.noindex/Pods.build/Release-iphonesimulator/Masonry.build/Masonry-generated-files.hmap -I/Users/edz/Library/Developer/Xcode/DerivedData/App-bytlbhqqorqzqidyjovihkqwnkia/Build/Intermediates.noindex/Pods.build/Release-iphonesimulator/Masonry.build/Masonry-own-target-headers.hmap -I/Users/edz/Library/Developer/Xcode/DerivedData/App-bytlbhqqorqzqidyjovihkqwnkia/Build/Intermediates.noindex/Pods.build/Release-iphonesimulator/Masonry.build/Masonry-all-non-framework-target-headers.hmap -ivfsoverlay /Users/edz/Library/Developer/Xcode/DerivedData/App-bytlbhqqorqzqidyjovihkqwnkia/Build/Intermediates.noindex/Pods.build/Release-iphonesimulator/Masonry.build/all-product-headers.yaml -iquote /Users/edz/Library/Developer/Xcode/DerivedData/App-bytlbhqqorqzqidyjovihkqwnkia/Build/Intermediates.noindex/Pods.build/Release-iphonesimulator/Masonry.build/Masonry-project-headers.hmap -I/Users/edz/Library/Developer/Xcode/DerivedData/App-bytlbhqqorqzqidyjovihkqwnkia/Build/Products/Release-iphonesimulator/Masonry/include -I/Users/edz/Library/Developer/Xcode/DerivedData/App-bytlbhqqorqzqidyjovihkqwnkia/Build/Intermediates.noindex/Pods.build/Release-iphonesimulator/Masonry.build/DerivedSources-normal/x86_64 -I/Users/edz/Library/Developer/Xcode/DerivedData/App-bytlbhqqorqzqidyjovihkqwnkia/Build/Intermediates.noindex/Pods.build/Release-iphonesimulator/Masonry.build/DerivedSources/x86_64 -I/Users/edz/Library/Developer/Xcode/DerivedData/App-bytlbhqqorqzqidyjovihkqwnkia/Build/Intermediates.noindex/Pods.build/Release-iphonesimulator/Masonry.build/DerivedSources -F/Users/edz/Library/Developer/Xcode/DerivedData/App-bytlbhqqorqzqidyjovihkqwnkia/Build/Products/Release-iphonesimulator/Masonry -Wincomplete-umbrella -w -Xanalyzer -analyzer-disable-all-checks -include /var/folders/4h/hxvz7hb959j4pw0pvbq686x00000gn/T/CocoaPods-Lint-20200722-25225-196xw43-UIModule/Pods/Target\ Support\ Files/Masonry/Masonry-prefix.pch -MMD -MT dependencies -MF /Users/edz/Library/Developer/Xcode/DerivedData/App-bytlbhqqorqzqidyjovihkqwnkia/Build/Intermediates.noindex/Pods.build/Release-iphonesimulator/Masonry.build/Objects-normal/x86_64/MASViewAttribute.d --serialize-diagnostics /Users/edz/Library/Developer/Xcode/DerivedData/App-bytlbhqqorqzqidyjovihkqwnkia/Build/Intermediates.noindex/Pods.build/Release-iphonesimulator/Masonry.build/Objects-normal/x86_64/MASViewAttribute.dia -c /var/folders/4h/hxvz7hb959j4pw0pvbq686x00000gn/T/CocoaPods-Lint-20200722-25225-196xw43-UIModule/Pods/Masonry/Masonry/MASViewAttribute.m -o /Users/edz/Library/Developer/Xcode/DerivedData/App-bytlbhqqorqzqidyjovihkqwnkia/Build/Intermediates.noindex/Pods.build/Release-iphonesimulator/Masonry.build/Objects-normal/x86_64/MASViewAttribute.o
    
    CompileC /Users/edz/Library/Developer/Xcode/DerivedData/App-bytlbhqqorqzqidyjovihkqwnkia/Build/Intermediates.noindex/Pods.build/Release-iphonesimulator/Masonry.build/Objects-normal/x86_64/MASLayoutConstraint.o /var/folders/4h/hxvz7hb959j4pw0pvbq686x00000gn/T/CocoaPods-Lint-20200722-25225-196xw43-UIModule/Pods/Masonry/Masonry/MASLayoutConstraint.m normal x86_64 objective-c com.apple.compilers.llvm.clang.1_0.compiler (in target 'Masonry' from project 'Pods')
        cd /var/folders/4h/hxvz7hb959j4pw0pvbq686x00000gn/T/CocoaPods-Lint-20200722-25225-196xw43-UIModule/Pods
        export LANG=en_US.US-ASCII
        /Applications/Xcode.app/Contents/Developer/Toolchains/XcodeDefault.xctoolchain/usr/bin/clang -x objective-c -target x86_64-apple-ios8.0-simulator -fmessage-length=0 -fdiagnostics-show-note-include-stack -fmacro-backtrace-limit=0 -std=gnu11 -fobjc-arc -fobjc-weak -fmodules -gmodules -fmodules-cache-path=/Users/edz/Library/Developer/Xcode/DerivedData/ModuleCache.noindex -fmodules-prune-interval=86400 -fmodules-prune-after=345600 -fbuild-session-file=/Users/edz/Library/Developer/Xcode/DerivedData/ModuleCache.noindex/Session.modulevalidation -fmodules-validate-once-per-build-session -Wnon-modular-include-in-framework-module -Werror=non-modular-include-in-framework-module -fmodule-name=Masonry -Wno-trigraphs -fpascal-strings -Os -fno-common -Wno-missing-field-initializers -Wno-missing-prototypes -Werror=return-type -Wdocumentation -Wunreachable-code -Wno-implicit-atomic-properties -Werror=deprecated-objc-isa-usage -Wno-objc-interface-ivars -Werror=objc-root-class -Wno-arc-repeated-use-of-weak -Wimplicit-retain-self -Wduplicate-method-match -Wno-missing-braces -Wparentheses -Wswitch -Wunused-function -Wno-unused-label -Wno-unused-parameter -Wunused-variable -Wunused-value -Wempty-body -Wuninitialized -Wconditional-uninitialized -Wno-unknown-pragmas -Wno-shadow -Wno-four-char-constants -Wno-conversion -Wconstant-conversion -Wint-conversion -Wbool-conversion -Wenum-conversion -Wno-float-conversion -Wnon-literal-null-conversion -Wobjc-literal-conversion -Wshorten-64-to-32 -Wpointer-sign -Wno-newline-eof -Wno-selector -Wno-strict-selector-match -Wundeclared-selector -Wdeprecated-implementations -DPOD_CONFIGURATION_RELEASE=1 -DCOCOAPODS=1 -DNS_BLOCK_ASSERTIONS=1 -DOBJC_OLD_DISPATCH_PROTOTYPES=0 -isysroot /Applications/Xcode.app/Contents/Developer/Platforms/iPhoneSimulator.platform/Developer/SDKs/iPhoneSimulator13.5.sdk -fasm-blocks -fstrict-aliasing -Wprotocol -Wdeprecated-declarations -g -Wno-sign-conversion -Winfinite-recursion -Wcomma -Wblock-capture-autoreleasing -Wstrict-prototypes -Wno-semicolon-before-method-body -Wunguarded-availability -fobjc-abi-version=2 -fobjc-legacy-dispatch -iquote /Users/edz/Library/Developer/Xcode/DerivedData/App-bytlbhqqorqzqidyjovihkqwnkia/Build/Intermediates.noindex/Pods.build/Release-iphonesimulator/Masonry.build/Masonry-generated-files.hmap -I/Users/edz/Library/Developer/Xcode/DerivedData/App-bytlbhqqorqzqidyjovihkqwnkia/Build/Intermediates.noindex/Pods.build/Release-iphonesimulator/Masonry.build/Masonry-own-target-headers.hmap -I/Users/edz/Library/Developer/Xcode/DerivedData/App-bytlbhqqorqzqidyjovihkqwnkia/Build/Intermediates.noindex/Pods.build/Release-iphonesimulator/Masonry.build/Masonry-all-non-framework-target-headers.hmap -ivfsoverlay /Users/edz/Library/Developer/Xcode/DerivedData/App-bytlbhqqorqzqidyjovihkqwnkia/Build/Intermediates.noindex/Pods.build/Release-iphonesimulator/Masonry.build/all-product-headers.yaml -iquote /Users/edz/Library/Developer/Xcode/DerivedData/App-bytlbhqqorqzqidyjovihkqwnkia/Build/Intermediates.noindex/Pods.build/Release-iphonesimulator/Masonry.build/Masonry-project-headers.hmap -I/Users/edz/Library/Developer/Xcode/DerivedData/App-bytlbhqqorqzqidyjovihkqwnkia/Build/Products/Release-iphonesimulator/Masonry/include -I/Users/edz/Library/Developer/Xcode/DerivedData/App-bytlbhqqorqzqidyjovihkqwnkia/Build/Intermediates.noindex/Pods.build/Release-iphonesimulator/Masonry.build/DerivedSources-normal/x86_64 -I/Users/edz/Library/Developer/Xcode/DerivedData/App-bytlbhqqorqzqidyjovihkqwnkia/Build/Intermediates.noindex/Pods.build/Release-iphonesimulator/Masonry.build/DerivedSources/x86_64 -I/Users/edz/Library/Developer/Xcode/DerivedData/App-bytlbhqqorqzqidyjovihkqwnkia/Build/Intermediates.noindex/Pods.build/Release-iphonesimulator/Masonry.build/DerivedSources -F/Users/edz/Library/Developer/Xcode/DerivedData/App-bytlbhqqorqzqidyjovihkqwnkia/Build/Products/Release-iphonesimulator/Masonry -Wincomplete-umbrella -w -Xanalyzer -analyzer-disable-all-checks -include /var/folders/4h/hxvz7hb959j4pw0pvbq686x00000gn/T/CocoaPods-Lint-20200722-25225-196xw43-UIModule/Pods/Target\ Support\ Files/Masonry/Masonry-prefix.pch -MMD -MT dependencies -MF /Users/edz/Library/Developer/Xcode/DerivedData/App-bytlbhqqorqzqidyjovihkqwnkia/Build/Intermediates.noindex/Pods.build/Release-iphonesimulator/Masonry.build/Objects-normal/x86_64/MASLayoutConstraint.d --serialize-diagnostics /Users/edz/Library/Developer/Xcode/DerivedData/App-bytlbhqqorqzqidyjovihkqwnkia/Build/Intermediates.noindex/Pods.build/Release-iphonesimulator/Masonry.build/Objects-normal/x86_64/MASLayoutConstraint.dia -c /var/folders/4h/hxvz7hb959j4pw0pvbq686x00000gn/T/CocoaPods-Lint-20200722-25225-196xw43-UIModule/Pods/Masonry/Masonry/MASLayoutConstraint.m -o /Users/edz/Library/Developer/Xcode/DerivedData/App-bytlbhqqorqzqidyjovihkqwnkia/Build/Intermediates.noindex/Pods.build/Release-iphonesimulator/Masonry.build/Objects-normal/x86_64/MASLayoutConstraint.o
    
    CompileC /Users/edz/Library/Developer/Xcode/DerivedData/App-bytlbhqqorqzqidyjovihkqwnkia/Build/Intermediates.noindex/Pods.build/Release-iphonesimulator/Masonry.build/Objects-normal/x86_64/MASConstraintMaker.o /var/folders/4h/hxvz7hb959j4pw0pvbq686x00000gn/T/CocoaPods-Lint-20200722-25225-196xw43-UIModule/Pods/Masonry/Masonry/MASConstraintMaker.m normal x86_64 objective-c com.apple.compilers.llvm.clang.1_0.compiler (in target 'Masonry' from project 'Pods')
        cd /var/folders/4h/hxvz7hb959j4pw0pvbq686x00000gn/T/CocoaPods-Lint-20200722-25225-196xw43-UIModule/Pods
        export LANG=en_US.US-ASCII
        /Applications/Xcode.app/Contents/Developer/Toolchains/XcodeDefault.xctoolchain/usr/bin/clang -x objective-c -target x86_64-apple-ios8.0-simulator -fmessage-length=0 -fdiagnostics-show-note-include-stack -fmacro-backtrace-limit=0 -std=gnu11 -fobjc-arc -fobjc-weak -fmodules -gmodules -fmodules-cache-path=/Users/edz/Library/Developer/Xcode/DerivedData/ModuleCache.noindex -fmodules-prune-interval=86400 -fmodules-prune-after=345600 -fbuild-session-file=/Users/edz/Library/Developer/Xcode/DerivedData/ModuleCache.noindex/Session.modulevalidation -fmodules-validate-once-per-build-session -Wnon-modular-include-in-framework-module -Werror=non-modular-include-in-framework-module -fmodule-name=Masonry -Wno-trigraphs -fpascal-strings -Os -fno-common -Wno-missing-field-initializers -Wno-missing-prototypes -Werror=return-type -Wdocumentation -Wunreachable-code -Wno-implicit-atomic-properties -Werror=deprecated-objc-isa-usage -Wno-objc-interface-ivars -Werror=objc-root-class -Wno-arc-repeated-use-of-weak -Wimplicit-retain-self -Wduplicate-method-match -Wno-missing-braces -Wparentheses -Wswitch -Wunused-function -Wno-unused-label -Wno-unused-parameter -Wunused-variable -Wunused-value -Wempty-body -Wuninitialized -Wconditional-uninitialized -Wno-unknown-pragmas -Wno-shadow -Wno-four-char-constants -Wno-conversion -Wconstant-conversion -Wint-conversion -Wbool-conversion -Wenum-conversion -Wno-float-conversion -Wnon-literal-null-conversion -Wobjc-literal-conversion -Wshorten-64-to-32 -Wpointer-sign -Wno-newline-eof -Wno-selector -Wno-strict-selector-match -Wundeclared-selector -Wdeprecated-implementations -DPOD_CONFIGURATION_RELEASE=1 -DCOCOAPODS=1 -DNS_BLOCK_ASSERTIONS=1 -DOBJC_OLD_DISPATCH_PROTOTYPES=0 -isysroot /Applications/Xcode.app/Contents/Developer/Platforms/iPhoneSimulator.platform/Developer/SDKs/iPhoneSimulator13.5.sdk -fasm-blocks -fstrict-aliasing -Wprotocol -Wdeprecated-declarations -g -Wno-sign-conversion -Winfinite-recursion -Wcomma -Wblock-capture-autoreleasing -Wstrict-prototypes -Wno-semicolon-before-method-body -Wunguarded-availability -fobjc-abi-version=2 -fobjc-legacy-dispatch -iquote /Users/edz/Library/Developer/Xcode/DerivedData/App-bytlbhqqorqzqidyjovihkqwnkia/Build/Intermediates.noindex/Pods.build/Release-iphonesimulator/Masonry.build/Masonry-generated-files.hmap -I/Users/edz/Library/Developer/Xcode/DerivedData/App-bytlbhqqorqzqidyjovihkqwnkia/Build/Intermediates.noindex/Pods.build/Release-iphonesimulator/Masonry.build/Masonry-own-target-headers.hmap -I/Users/edz/Library/Developer/Xcode/DerivedData/App-bytlbhqqorqzqidyjovihkqwnkia/Build/Intermediates.noindex/Pods.build/Release-iphonesimulator/Masonry.build/Masonry-all-non-framework-target-headers.hmap -ivfsoverlay /Users/edz/Library/Developer/Xcode/DerivedData/App-bytlbhqqorqzqidyjovihkqwnkia/Build/Intermediates.noindex/Pods.build/Release-iphonesimulator/Masonry.build/all-product-headers.yaml -iquote /Users/edz/Library/Developer/Xcode/DerivedData/App-bytlbhqqorqzqidyjovihkqwnkia/Build/Intermediates.noindex/Pods.build/Release-iphonesimulator/Masonry.build/Masonry-project-headers.hmap -I/Users/edz/Library/Developer/Xcode/DerivedData/App-bytlbhqqorqzqidyjovihkqwnkia/Build/Products/Release-iphonesimulator/Masonry/include -I/Users/edz/Library/Developer/Xcode/DerivedData/App-bytlbhqqorqzqidyjovihkqwnkia/Build/Intermediates.noindex/Pods.build/Release-iphonesimulator/Masonry.build/DerivedSources-normal/x86_64 -I/Users/edz/Library/Developer/Xcode/DerivedData/App-bytlbhqqorqzqidyjovihkqwnkia/Build/Intermediates.noindex/Pods.build/Release-iphonesimulator/Masonry.build/DerivedSources/x86_64 -I/Users/edz/Library/Developer/Xcode/DerivedData/App-bytlbhqqorqzqidyjovihkqwnkia/Build/Intermediates.noindex/Pods.build/Release-iphonesimulator/Masonry.build/DerivedSources -F/Users/edz/Library/Developer/Xcode/DerivedData/App-bytlbhqqorqzqidyjovihkqwnkia/Build/Products/Release-iphonesimulator/Masonry -Wincomplete-umbrella -w -Xanalyzer -analyzer-disable-all-checks -include /var/folders/4h/hxvz7hb959j4pw0pvbq686x00000gn/T/CocoaPods-Lint-20200722-25225-196xw43-UIModule/Pods/Target\ Support\ Files/Masonry/Masonry-prefix.pch -MMD -MT dependencies -MF /Users/edz/Library/Developer/Xcode/DerivedData/App-bytlbhqqorqzqidyjovihkqwnkia/Build/Intermediates.noindex/Pods.build/Release-iphonesimulator/Masonry.build/Objects-normal/x86_64/MASConstraintMaker.d --serialize-diagnostics /Users/edz/Library/Developer/Xcode/DerivedData/App-bytlbhqqorqzqidyjovihkqwnkia/Build/Intermediates.noindex/Pods.build/Release-iphonesimulator/Masonry.build/Objects-normal/x86_64/MASConstraintMaker.dia -c /var/folders/4h/hxvz7hb959j4pw0pvbq686x00000gn/T/CocoaPods-Lint-20200722-25225-196xw43-UIModule/Pods/Masonry/Masonry/MASConstraintMaker.m -o /Users/edz/Library/Developer/Xcode/DerivedData/App-bytlbhqqorqzqidyjovihkqwnkia/Build/Intermediates.noindex/Pods.build/Release-iphonesimulator/Masonry.build/Objects-normal/x86_64/MASConstraintMaker.o
    
    Ld /Users/edz/Library/Developer/Xcode/DerivedData/App-bytlbhqqorqzqidyjovihkqwnkia/Build/Products/Release-iphonesimulator/SSZipArchive/SSZipArchive.framework/SSZipArchive normal x86_64 (in target 'SSZipArchive' from project 'Pods')
        cd /var/folders/4h/hxvz7hb959j4pw0pvbq686x00000gn/T/CocoaPods-Lint-20200722-25225-196xw43-UIModule/Pods
        /Applications/Xcode.app/Contents/Developer/Toolchains/XcodeDefault.xctoolchain/usr/bin/clang -target x86_64-apple-ios9.0-simulator -dynamiclib -isysroot /Applications/Xcode.app/Contents/Developer/Platforms/iPhoneSimulator.platform/Developer/SDKs/iPhoneSimulator13.5.sdk -L/Users/edz/Library/Developer/Xcode/DerivedData/App-bytlbhqqorqzqidyjovihkqwnkia/Build/Products/Release-iphonesimulator/SSZipArchive -F/Users/edz/Library/Developer/Xcode/DerivedData/App-bytlbhqqorqzqidyjovihkqwnkia/Build/Products/Release-iphonesimulator/SSZipArchive -filelist /Users/edz/Library/Developer/Xcode/DerivedData/App-bytlbhqqorqzqidyjovihkqwnkia/Build/Intermediates.noindex/Pods.build/Release-iphonesimulator/SSZipArchive.build/Objects-normal/x86_64/SSZipArchive.LinkFileList -install_name @rpath/SSZipArchive.framework/SSZipArchive -Xlinker -rpath -Xlinker @executable_path/Frameworks -Xlinker -rpath -Xlinker @loader_path/Frameworks -dead_strip -Xlinker -object_path_lto -Xlinker /Users/edz/Library/Developer/Xcode/DerivedData/App-bytlbhqqorqzqidyjovihkqwnkia/Build/Intermediates.noindex/Pods.build/Release-iphonesimulator/SSZipArchive.build/Objects-normal/x86_64/SSZipArchive_lto.o -Xlinker -objc_abi_version -Xlinker 2 -fobjc-arc -fobjc-link-runtime -liconv -lz -framework Security -framework Foundation -framework Security -compatibility_version 1 -current_version 1 -Xlinker -dependency_info -Xlinker /Users/edz/Library/Developer/Xcode/DerivedData/App-bytlbhqqorqzqidyjovihkqwnkia/Build/Intermediates.noindex/Pods.build/Release-iphonesimulator/SSZipArchive.build/Objects-normal/x86_64/SSZipArchive_dependency_info.dat -o /Users/edz/Library/Developer/Xcode/DerivedData/App-bytlbhqqorqzqidyjovihkqwnkia/Build/Products/Release-iphonesimulator/SSZipArchive/SSZipArchive.framework/SSZipArchive
    
    CompileC /Users/edz/Library/Developer/Xcode/DerivedData/App-bytlbhqqorqzqidyjovihkqwnkia/Build/Intermediates.noindex/Pods.build/Release-iphonesimulator/Masonry.build/Objects-normal/x86_64/MASConstraint.o /var/folders/4h/hxvz7hb959j4pw0pvbq686x00000gn/T/CocoaPods-Lint-20200722-25225-196xw43-UIModule/Pods/Masonry/Masonry/MASConstraint.m normal x86_64 objective-c com.apple.compilers.llvm.clang.1_0.compiler (in target 'Masonry' from project 'Pods')
        cd /var/folders/4h/hxvz7hb959j4pw0pvbq686x00000gn/T/CocoaPods-Lint-20200722-25225-196xw43-UIModule/Pods
        export LANG=en_US.US-ASCII
        /Applications/Xcode.app/Contents/Developer/Toolchains/XcodeDefault.xctoolchain/usr/bin/clang -x objective-c -target x86_64-apple-ios8.0-simulator -fmessage-length=0 -fdiagnostics-show-note-include-stack -fmacro-backtrace-limit=0 -std=gnu11 -fobjc-arc -fobjc-weak -fmodules -gmodules -fmodules-cache-path=/Users/edz/Library/Developer/Xcode/DerivedData/ModuleCache.noindex -fmodules-prune-interval=86400 -fmodules-prune-after=345600 -fbuild-session-file=/Users/edz/Library/Developer/Xcode/DerivedData/ModuleCache.noindex/Session.modulevalidation -fmodules-validate-once-per-build-session -Wnon-modular-include-in-framework-module -Werror=non-modular-include-in-framework-module -fmodule-name=Masonry -Wno-trigraphs -fpascal-strings -Os -fno-common -Wno-missing-field-initializers -Wno-missing-prototypes -Werror=return-type -Wdocumentation -Wunreachable-code -Wno-implicit-atomic-properties -Werror=deprecated-objc-isa-usage -Wno-objc-interface-ivars -Werror=objc-root-class -Wno-arc-repeated-use-of-weak -Wimplicit-retain-self -Wduplicate-method-match -Wno-missing-braces -Wparentheses -Wswitch -Wunused-function -Wno-unused-label -Wno-unused-parameter -Wunused-variable -Wunused-value -Wempty-body -Wuninitialized -Wconditional-uninitialized -Wno-unknown-pragmas -Wno-shadow -Wno-four-char-constants -Wno-conversion -Wconstant-conversion -Wint-conversion -Wbool-conversion -Wenum-conversion -Wno-float-conversion -Wnon-literal-null-conversion -Wobjc-literal-conversion -Wshorten-64-to-32 -Wpointer-sign -Wno-newline-eof -Wno-selector -Wno-strict-selector-match -Wundeclared-selector -Wdeprecated-implementations -DPOD_CONFIGURATION_RELEASE=1 -DCOCOAPODS=1 -DNS_BLOCK_ASSERTIONS=1 -DOBJC_OLD_DISPATCH_PROTOTYPES=0 -isysroot /Applications/Xcode.app/Contents/Developer/Platforms/iPhoneSimulator.platform/Developer/SDKs/iPhoneSimulator13.5.sdk -fasm-blocks -fstrict-aliasing -Wprotocol -Wdeprecated-declarations -g -Wno-sign-conversion -Winfinite-recursion -Wcomma -Wblock-capture-autoreleasing -Wstrict-prototypes -Wno-semicolon-before-method-body -Wunguarded-availability -fobjc-abi-version=2 -fobjc-legacy-dispatch -iquote /Users/edz/Library/Developer/Xcode/DerivedData/App-bytlbhqqorqzqidyjovihkqwnkia/Build/Intermediates.noindex/Pods.build/Release-iphonesimulator/Masonry.build/Masonry-generated-files.hmap -I/Users/edz/Library/Developer/Xcode/DerivedData/App-bytlbhqqorqzqidyjovihkqwnkia/Build/Intermediates.noindex/Pods.build/Release-iphonesimulator/Masonry.build/Masonry-own-target-headers.hmap -I/Users/edz/Library/Developer/Xcode/DerivedData/App-bytlbhqqorqzqidyjovihkqwnkia/Build/Intermediates.noindex/Pods.build/Release-iphonesimulator/Masonry.build/Masonry-all-non-framework-target-headers.hmap -ivfsoverlay /Users/edz/Library/Developer/Xcode/DerivedData/App-bytlbhqqorqzqidyjovihkqwnkia/Build/Intermediates.noindex/Pods.build/Release-iphonesimulator/Masonry.build/all-product-headers.yaml -iquote /Users/edz/Library/Developer/Xcode/DerivedData/App-bytlbhqqorqzqidyjovihkqwnkia/Build/Intermediates.noindex/Pods.build/Release-iphonesimulator/Masonry.build/Masonry-project-headers.hmap -I/Users/edz/Library/Developer/Xcode/DerivedData/App-bytlbhqqorqzqidyjovihkqwnkia/Build/Products/Release-iphonesimulator/Masonry/include -I/Users/edz/Library/Developer/Xcode/DerivedData/App-bytlbhqqorqzqidyjovihkqwnkia/Build/Intermediates.noindex/Pods.build/Release-iphonesimulator/Masonry.build/DerivedSources-normal/x86_64 -I/Users/edz/Library/Developer/Xcode/DerivedData/App-bytlbhqqorqzqidyjovihkqwnkia/Build/Intermediates.noindex/Pods.build/Release-iphonesimulator/Masonry.build/DerivedSources/x86_64 -I/Users/edz/Library/Developer/Xcode/DerivedData/App-bytlbhqqorqzqidyjovihkqwnkia/Build/Intermediates.noindex/Pods.build/Release-iphonesimulator/Masonry.build/DerivedSources -F/Users/edz/Library/Developer/Xcode/DerivedData/App-bytlbhqqorqzqidyjovihkqwnkia/Build/Products/Release-iphonesimulator/Masonry -Wincomplete-umbrella -w -Xanalyzer -analyzer-disable-all-checks -include /var/folders/4h/hxvz7hb959j4pw0pvbq686x00000gn/T/CocoaPods-Lint-20200722-25225-196xw43-UIModule/Pods/Target\ Support\ Files/Masonry/Masonry-prefix.pch -MMD -MT dependencies -MF /Users/edz/Library/Developer/Xcode/DerivedData/App-bytlbhqqorqzqidyjovihkqwnkia/Build/Intermediates.noindex/Pods.build/Release-iphonesimulator/Masonry.build/Objects-normal/x86_64/MASConstraint.d --serialize-diagnostics /Users/edz/Library/Developer/Xcode/DerivedData/App-bytlbhqqorqzqidyjovihkqwnkia/Build/Intermediates.noindex/Pods.build/Release-iphonesimulator/Masonry.build/Objects-normal/x86_64/MASConstraint.dia -c /var/folders/4h/hxvz7hb959j4pw0pvbq686x00000gn/T/CocoaPods-Lint-20200722-25225-196xw43-UIModule/Pods/Masonry/Masonry/MASConstraint.m -o /Users/edz/Library/Developer/Xcode/DerivedData/App-bytlbhqqorqzqidyjovihkqwnkia/Build/Intermediates.noindex/Pods.build/Release-iphonesimulator/Masonry.build/Objects-normal/x86_64/MASConstraint.o
    
    CompileC /Users/edz/Library/Developer/Xcode/DerivedData/App-bytlbhqqorqzqidyjovihkqwnkia/Build/Intermediates.noindex/Pods.build/Release-iphonesimulator/Masonry.build/Objects-normal/x86_64/MASCompositeConstraint.o /var/folders/4h/hxvz7hb959j4pw0pvbq686x00000gn/T/CocoaPods-Lint-20200722-25225-196xw43-UIModule/Pods/Masonry/Masonry/MASCompositeConstraint.m normal x86_64 objective-c com.apple.compilers.llvm.clang.1_0.compiler (in target 'Masonry' from project 'Pods')
        cd /var/folders/4h/hxvz7hb959j4pw0pvbq686x00000gn/T/CocoaPods-Lint-20200722-25225-196xw43-UIModule/Pods
        export LANG=en_US.US-ASCII
        /Applications/Xcode.app/Contents/Developer/Toolchains/XcodeDefault.xctoolchain/usr/bin/clang -x objective-c -target x86_64-apple-ios8.0-simulator -fmessage-length=0 -fdiagnostics-show-note-include-stack -fmacro-backtrace-limit=0 -std=gnu11 -fobjc-arc -fobjc-weak -fmodules -gmodules -fmodules-cache-path=/Users/edz/Library/Developer/Xcode/DerivedData/ModuleCache.noindex -fmodules-prune-interval=86400 -fmodules-prune-after=345600 -fbuild-session-file=/Users/edz/Library/Developer/Xcode/DerivedData/ModuleCache.noindex/Session.modulevalidation -fmodules-validate-once-per-build-session -Wnon-modular-include-in-framework-module -Werror=non-modular-include-in-framework-module -fmodule-name=Masonry -Wno-trigraphs -fpascal-strings -Os -fno-common -Wno-missing-field-initializers -Wno-missing-prototypes -Werror=return-type -Wdocumentation -Wunreachable-code -Wno-implicit-atomic-properties -Werror=deprecated-objc-isa-usage -Wno-objc-interface-ivars -Werror=objc-root-class -Wno-arc-repeated-use-of-weak -Wimplicit-retain-self -Wduplicate-method-match -Wno-missing-braces -Wparentheses -Wswitch -Wunused-function -Wno-unused-label -Wno-unused-parameter -Wunused-variable -Wunused-value -Wempty-body -Wuninitialized -Wconditional-uninitialized -Wno-unknown-pragmas -Wno-shadow -Wno-four-char-constants -Wno-conversion -Wconstant-conversion -Wint-conversion -Wbool-conversion -Wenum-conversion -Wno-float-conversion -Wnon-literal-null-conversion -Wobjc-literal-conversion -Wshorten-64-to-32 -Wpointer-sign -Wno-newline-eof -Wno-selector -Wno-strict-selector-match -Wundeclared-selector -Wdeprecated-implementations -DPOD_CONFIGURATION_RELEASE=1 -DCOCOAPODS=1 -DNS_BLOCK_ASSERTIONS=1 -DOBJC_OLD_DISPATCH_PROTOTYPES=0 -isysroot /Applications/Xcode.app/Contents/Developer/Platforms/iPhoneSimulator.platform/Developer/SDKs/iPhoneSimulator13.5.sdk -fasm-blocks -fstrict-aliasing -Wprotocol -Wdeprecated-declarations -g -Wno-sign-conversion -Winfinite-recursion -Wcomma -Wblock-capture-autoreleasing -Wstrict-prototypes -Wno-semicolon-before-method-body -Wunguarded-availability -fobjc-abi-version=2 -fobjc-legacy-dispatch -iquote /Users/edz/Library/Developer/Xcode/DerivedData/App-bytlbhqqorqzqidyjovihkqwnkia/Build/Intermediates.noindex/Pods.build/Release-iphonesimulator/Masonry.build/Masonry-generated-files.hmap -I/Users/edz/Library/Developer/Xcode/DerivedData/App-bytlbhqqorqzqidyjovihkqwnkia/Build/Intermediates.noindex/Pods.build/Release-iphonesimulator/Masonry.build/Masonry-own-target-headers.hmap -I/Users/edz/Library/Developer/Xcode/DerivedData/App-bytlbhqqorqzqidyjovihkqwnkia/Build/Intermediates.noindex/Pods.build/Release-iphonesimulator/Masonry.build/Masonry-all-non-framework-target-headers.hmap -ivfsoverlay /Users/edz/Library/Developer/Xcode/DerivedData/App-bytlbhqqorqzqidyjovihkqwnkia/Build/Intermediates.noindex/Pods.build/Release-iphonesimulator/Masonry.build/all-product-headers.yaml -iquote /Users/edz/Library/Developer/Xcode/DerivedData/App-bytlbhqqorqzqidyjovihkqwnkia/Build/Intermediates.noindex/Pods.build/Release-iphonesimulator/Masonry.build/Masonry-project-headers.hmap -I/Users/edz/Library/Developer/Xcode/DerivedData/App-bytlbhqqorqzqidyjovihkqwnkia/Build/Products/Release-iphonesimulator/Masonry/include -I/Users/edz/Library/Developer/Xcode/DerivedData/App-bytlbhqqorqzqidyjovihkqwnkia/Build/Intermediates.noindex/Pods.build/Release-iphonesimulator/Masonry.build/DerivedSources-normal/x86_64 -I/Users/edz/Library/Developer/Xcode/DerivedData/App-bytlbhqqorqzqidyjovihkqwnkia/Build/Intermediates.noindex/Pods.build/Release-iphonesimulator/Masonry.build/DerivedSources/x86_64 -I/Users/edz/Library/Developer/Xcode/DerivedData/App-bytlbhqqorqzqidyjovihkqwnkia/Build/Intermediates.noindex/Pods.build/Release-iphonesimulator/Masonry.build/DerivedSources -F/Users/edz/Library/Developer/Xcode/DerivedData/App-bytlbhqqorqzqidyjovihkqwnkia/Build/Products/Release-iphonesimulator/Masonry -Wincomplete-umbrella -w -Xanalyzer -analyzer-disable-all-checks -include /var/folders/4h/hxvz7hb959j4pw0pvbq686x00000gn/T/CocoaPods-Lint-20200722-25225-196xw43-UIModule/Pods/Target\ Support\ Files/Masonry/Masonry-prefix.pch -MMD -MT dependencies -MF /Users/edz/Library/Developer/Xcode/DerivedData/App-bytlbhqqorqzqidyjovihkqwnkia/Build/Intermediates.noindex/Pods.build/Release-iphonesimulator/Masonry.build/Objects-normal/x86_64/MASCompositeConstraint.d --serialize-diagnostics /Users/edz/Library/Developer/Xcode/DerivedData/App-bytlbhqqorqzqidyjovihkqwnkia/Build/Intermediates.noindex/Pods.build/Release-iphonesimulator/Masonry.build/Objects-normal/x86_64/MASCompositeConstraint.dia -c /var/folders/4h/hxvz7hb959j4pw0pvbq686x00000gn/T/CocoaPods-Lint-20200722-25225-196xw43-UIModule/Pods/Masonry/Masonry/MASCompositeConstraint.m -o /Users/edz/Library/Developer/Xcode/DerivedData/App-bytlbhqqorqzqidyjovihkqwnkia/Build/Intermediates.noindex/Pods.build/Release-iphonesimulator/Masonry.build/Objects-normal/x86_64/MASCompositeConstraint.o
    
    GenerateDSYMFile /Users/edz/Library/Developer/Xcode/DerivedData/App-bytlbhqqorqzqidyjovihkqwnkia/Build/Products/Release-iphonesimulator/SSZipArchive/SSZipArchive.framework.dSYM /Users/edz/Library/Developer/Xcode/DerivedData/App-bytlbhqqorqzqidyjovihkqwnkia/Build/Products/Release-iphonesimulator/SSZipArchive/SSZipArchive.framework/SSZipArchive (in target 'SSZipArchive' from project 'Pods')
        cd /var/folders/4h/hxvz7hb959j4pw0pvbq686x00000gn/T/CocoaPods-Lint-20200722-25225-196xw43-UIModule/Pods
        /Applications/Xcode.app/Contents/Developer/Toolchains/XcodeDefault.xctoolchain/usr/bin/dsymutil /Users/edz/Library/Developer/Xcode/DerivedData/App-bytlbhqqorqzqidyjovihkqwnkia/Build/Products/Release-iphonesimulator/SSZipArchive/SSZipArchive.framework/SSZipArchive -o /Users/edz/Library/Developer/Xcode/DerivedData/App-bytlbhqqorqzqidyjovihkqwnkia/Build/Products/Release-iphonesimulator/SSZipArchive/SSZipArchive.framework.dSYM
    
    WriteAuxiliaryFile /Users/edz/Library/Developer/Xcode/DerivedData/App-bytlbhqqorqzqidyjovihkqwnkia/Build/Intermediates.noindex/Pods.build/Release-iphonesimulator/MBProgressHUD.build/Objects-normal/x86_64/MBProgressHUD.LinkFileList (in target 'MBProgressHUD' from project 'Pods')
        cd /var/folders/4h/hxvz7hb959j4pw0pvbq686x00000gn/T/CocoaPods-Lint-20200722-25225-196xw43-UIModule/Pods
        write-file /Users/edz/Library/Developer/Xcode/DerivedData/App-bytlbhqqorqzqidyjovihkqwnkia/Build/Intermediates.noindex/Pods.build/Release-iphonesimulator/MBProgressHUD.build/Objects-normal/x86_64/MBProgressHUD.LinkFileList
    
    WriteAuxiliaryFile /Users/edz/Library/Developer/Xcode/DerivedData/App-bytlbhqqorqzqidyjovihkqwnkia/Build/Intermediates.noindex/Pods.build/Release-iphonesimulator/MBProgressHUD.build/DerivedSources/MBProgressHUD_vers.c (in target 'MBProgressHUD' from project 'Pods')
        cd /var/folders/4h/hxvz7hb959j4pw0pvbq686x00000gn/T/CocoaPods-Lint-20200722-25225-196xw43-UIModule/Pods
        write-file /Users/edz/Library/Developer/Xcode/DerivedData/App-bytlbhqqorqzqidyjovihkqwnkia/Build/Intermediates.noindex/Pods.build/Release-iphonesimulator/MBProgressHUD.build/DerivedSources/MBProgressHUD_vers.c
    
    CompileC /Users/edz/Library/Developer/Xcode/DerivedData/App-bytlbhqqorqzqidyjovihkqwnkia/Build/Intermediates.noindex/Pods.build/Release-iphonesimulator/MBProgressHUD.build/Objects-normal/x86_64/MBProgressHUD.o /var/folders/4h/hxvz7hb959j4pw0pvbq686x00000gn/T/CocoaPods-Lint-20200722-25225-196xw43-UIModule/Pods/MBProgressHUD/MBProgressHUD.m normal x86_64 objective-c com.apple.compilers.llvm.clang.1_0.compiler (in target 'MBProgressHUD' from project 'Pods')
        cd /var/folders/4h/hxvz7hb959j4pw0pvbq686x00000gn/T/CocoaPods-Lint-20200722-25225-196xw43-UIModule/Pods
        export LANG=en_US.US-ASCII
        /Applications/Xcode.app/Contents/Developer/Toolchains/XcodeDefault.xctoolchain/usr/bin/clang -x objective-c -target x86_64-apple-ios8.0-simulator -fmessage-length=0 -fdiagnostics-show-note-include-stack -fmacro-backtrace-limit=0 -std=gnu11 -fobjc-arc -fobjc-weak -fmodules -gmodules -fmodules-cache-path=/Users/edz/Library/Developer/Xcode/DerivedData/ModuleCache.noindex -fmodules-prune-interval=86400 -fmodules-prune-after=345600 -fbuild-session-file=/Users/edz/Library/Developer/Xcode/DerivedData/ModuleCache.noindex/Session.modulevalidation -fmodules-validate-once-per-build-session -Wnon-modular-include-in-framework-module -Werror=non-modular-include-in-framework-module -fmodule-name=MBProgressHUD -Wno-trigraphs -fpascal-strings -Os -fno-common -Wno-missing-field-initializers -Wno-missing-prototypes -Werror=return-type -Wdocumentation -Wunreachable-code -Wno-implicit-atomic-properties -Werror=deprecated-objc-isa-usage -Wno-objc-interface-ivars -Werror=objc-root-class -Wno-arc-repeated-use-of-weak -Wimplicit-retain-self -Wduplicate-method-match -Wno-missing-braces -Wparentheses -Wswitch -Wunused-function -Wno-unused-label -Wno-unused-parameter -Wunused-variable -Wunused-value -Wempty-body -Wuninitialized -Wconditional-uninitialized -Wno-unknown-pragmas -Wno-shadow -Wno-four-char-constants -Wno-conversion -Wconstant-conversion -Wint-conversion -Wbool-conversion -Wenum-conversion -Wno-float-conversion -Wnon-literal-null-conversion -Wobjc-literal-conversion -Wshorten-64-to-32 -Wpointer-sign -Wno-newline-eof -Wno-selector -Wno-strict-selector-match -Wundeclared-selector -Wdeprecated-implementations -DPOD_CONFIGURATION_RELEASE=1 -DCOCOAPODS=1 -DNS_BLOCK_ASSERTIONS=1 -DOBJC_OLD_DISPATCH_PROTOTYPES=0 -isysroot /Applications/Xcode.app/Contents/Developer/Platforms/iPhoneSimulator.platform/Developer/SDKs/iPhoneSimulator13.5.sdk -fasm-blocks -fstrict-aliasing -Wprotocol -Wdeprecated-declarations -g -Wno-sign-conversion -Winfinite-recursion -Wcomma -Wblock-capture-autoreleasing -Wstrict-prototypes -Wno-semicolon-before-method-body -Wunguarded-availability -fobjc-abi-version=2 -fobjc-legacy-dispatch -iquote /Users/edz/Library/Developer/Xcode/DerivedData/App-bytlbhqqorqzqidyjovihkqwnkia/Build/Intermediates.noindex/Pods.build/Release-iphonesimulator/MBProgressHUD.build/MBProgressHUD-generated-files.hmap -I/Users/edz/Library/Developer/Xcode/DerivedData/App-bytlbhqqorqzqidyjovihkqwnkia/Build/Intermediates.noindex/Pods.build/Release-iphonesimulator/MBProgressHUD.build/MBProgressHUD-own-target-headers.hmap -I/Users/edz/Library/Developer/Xcode/DerivedData/App-bytlbhqqorqzqidyjovihkqwnkia/Build/Intermediates.noindex/Pods.build/Release-iphonesimulator/MBProgressHUD.build/MBProgressHUD-all-non-framework-target-headers.hmap -ivfsoverlay /Users/edz/Library/Developer/Xcode/DerivedData/App-bytlbhqqorqzqidyjovihkqwnkia/Build/Intermediates.noindex/Pods.build/Release-iphonesimulator/MBProgressHUD.build/all-product-headers.yaml -iquote /Users/edz/Library/Developer/Xcode/DerivedData/App-bytlbhqqorqzqidyjovihkqwnkia/Build/Intermediates.noindex/Pods.build/Release-iphonesimulator/MBProgressHUD.build/MBProgressHUD-project-headers.hmap -I/Users/edz/Library/Developer/Xcode/DerivedData/App-bytlbhqqorqzqidyjovihkqwnkia/Build/Products/Release-iphonesimulator/MBProgressHUD/include -I/Users/edz/Library/Developer/Xcode/DerivedData/App-bytlbhqqorqzqidyjovihkqwnkia/Build/Intermediates.noindex/Pods.build/Release-iphonesimulator/MBProgressHUD.build/DerivedSources-normal/x86_64 -I/Users/edz/Library/Developer/Xcode/DerivedData/App-bytlbhqqorqzqidyjovihkqwnkia/Build/Intermediates.noindex/Pods.build/Release-iphonesimulator/MBProgressHUD.build/DerivedSources/x86_64 -I/Users/edz/Library/Developer/Xcode/DerivedData/App-bytlbhqqorqzqidyjovihkqwnkia/Build/Intermediates.noindex/Pods.build/Release-iphonesimulator/MBProgressHUD.build/DerivedSources -F/Users/edz/Library/Developer/Xcode/DerivedData/App-bytlbhqqorqzqidyjovihkqwnkia/Build/Products/Release-iphonesimulator/MBProgressHUD -Wincomplete-umbrella -w -Xanalyzer -analyzer-disable-all-checks -include /var/folders/4h/hxvz7hb959j4pw0pvbq686x00000gn/T/CocoaPods-Lint-20200722-25225-196xw43-UIModule/Pods/Target\ Support\ Files/MBProgressHUD/MBProgressHUD-prefix.pch -MMD -MT dependencies -MF /Users/edz/Library/Developer/Xcode/DerivedData/App-bytlbhqqorqzqidyjovihkqwnkia/Build/Intermediates.noindex/Pods.build/Release-iphonesimulator/MBProgressHUD.build/Objects-normal/x86_64/MBProgressHUD.d --serialize-diagnostics /Users/edz/Library/Developer/Xcode/DerivedData/App-bytlbhqqorqzqidyjovihkqwnkia/Build/Intermediates.noindex/Pods.build/Release-iphonesimulator/MBProgressHUD.build/Objects-normal/x86_64/MBProgressHUD.dia -c /var/folders/4h/hxvz7hb959j4pw0pvbq686x00000gn/T/CocoaPods-Lint-20200722-25225-196xw43-UIModule/Pods/MBProgressHUD/MBProgressHUD.m -o /Users/edz/Library/Developer/Xcode/DerivedData/App-bytlbhqqorqzqidyjovihkqwnkia/Build/Intermediates.noindex/Pods.build/Release-iphonesimulator/MBProgressHUD.build/Objects-normal/x86_64/MBProgressHUD.o
    
    CompileC /Users/edz/Library/Developer/Xcode/DerivedData/App-bytlbhqqorqzqidyjovihkqwnkia/Build/Intermediates.noindex/Pods.build/Release-iphonesimulator/MBProgressHUD.build/Objects-normal/x86_64/MBProgressHUD_vers.o /Users/edz/Library/Developer/Xcode/DerivedData/App-bytlbhqqorqzqidyjovihkqwnkia/Build/Intermediates.noindex/Pods.build/Release-iphonesimulator/MBProgressHUD.build/DerivedSources/MBProgressHUD_vers.c normal x86_64 c com.apple.compilers.llvm.clang.1_0.compiler (in target 'MBProgressHUD' from project 'Pods')
        cd /var/folders/4h/hxvz7hb959j4pw0pvbq686x00000gn/T/CocoaPods-Lint-20200722-25225-196xw43-UIModule/Pods
        export LANG=en_US.US-ASCII
        /Applications/Xcode.app/Contents/Developer/Toolchains/XcodeDefault.xctoolchain/usr/bin/clang -x c -target x86_64-apple-ios8.0-simulator -fmessage-length=0 -fdiagnostics-show-note-include-stack -fmacro-backtrace-limit=0 -std=gnu11 -fmodules -gmodules -fmodules-cache-path=/Users/edz/Library/Developer/Xcode/DerivedData/ModuleCache.noindex -fmodules-prune-interval=86400 -fmodules-prune-after=345600 -fbuild-session-file=/Users/edz/Library/Developer/Xcode/DerivedData/ModuleCache.noindex/Session.modulevalidation -fmodules-validate-once-per-build-session -Wnon-modular-include-in-framework-module -Werror=non-modular-include-in-framework-module -fmodule-name=MBProgressHUD -Wno-trigraphs -fpascal-strings -Os -fno-common -Wno-missing-field-initializers -Wno-missing-prototypes -Werror=return-type -Wdocumentation -Wunreachable-code -Werror=deprecated-objc-isa-usage -Werror=objc-root-class -Wno-missing-braces -Wparentheses -Wswitch -Wunused-function -Wno-unused-label -Wno-unused-parameter -Wunused-variable -Wunused-value -Wempty-body -Wuninitialized -Wconditional-uninitialized -Wno-unknown-pragmas -Wno-shadow -Wno-four-char-constants -Wno-conversion -Wconstant-conversion -Wint-conversion -Wbool-conversion -Wenum-conversion -Wno-float-conversion -Wnon-literal-null-conversion -Wobjc-literal-conversion -Wshorten-64-to-32 -Wpointer-sign -Wno-newline-eof -DPOD_CONFIGURATION_RELEASE=1 -DCOCOAPODS=1 -isysroot /Applications/Xcode.app/Contents/Developer/Platforms/iPhoneSimulator.platform/Developer/SDKs/iPhoneSimulator13.5.sdk -fasm-blocks -fstrict-aliasing -Wdeprecated-declarations -g -Wno-sign-conversion -Winfinite-recursion -Wcomma -Wblock-capture-autoreleasing -Wstrict-prototypes -Wno-semicolon-before-method-body -Wunguarded-availability -iquote /Users/edz/Library/Developer/Xcode/DerivedData/App-bytlbhqqorqzqidyjovihkqwnkia/Build/Intermediates.noindex/Pods.build/Release-iphonesimulator/MBProgressHUD.build/MBProgressHUD-generated-files.hmap -I/Users/edz/Library/Developer/Xcode/DerivedData/App-bytlbhqqorqzqidyjovihkqwnkia/Build/Intermediates.noindex/Pods.build/Release-iphonesimulator/MBProgressHUD.build/MBProgressHUD-own-target-headers.hmap -I/Users/edz/Library/Developer/Xcode/DerivedData/App-bytlbhqqorqzqidyjovihkqwnkia/Build/Intermediates.noindex/Pods.build/Release-iphonesimulator/MBProgressHUD.build/MBProgressHUD-all-non-framework-target-headers.hmap -ivfsoverlay /Users/edz/Library/Developer/Xcode/DerivedData/App-bytlbhqqorqzqidyjovihkqwnkia/Build/Intermediates.noindex/Pods.build/Release-iphonesimulator/MBProgressHUD.build/all-product-headers.yaml -iquote /Users/edz/Library/Developer/Xcode/DerivedData/App-bytlbhqqorqzqidyjovihkqwnkia/Build/Intermediates.noindex/Pods.build/Release-iphonesimulator/MBProgressHUD.build/MBProgressHUD-project-headers.hmap -I/Users/edz/Library/Developer/Xcode/DerivedData/App-bytlbhqqorqzqidyjovihkqwnkia/Build/Products/Release-iphonesimulator/MBProgressHUD/include -I/Users/edz/Library/Developer/Xcode/DerivedData/App-bytlbhqqorqzqidyjovihkqwnkia/Build/Intermediates.noindex/Pods.build/Release-iphonesimulator/MBProgressHUD.build/DerivedSources-normal/x86_64 -I/Users/edz/Library/Developer/Xcode/DerivedData/App-bytlbhqqorqzqidyjovihkqwnkia/Build/Intermediates.noindex/Pods.build/Release-iphonesimulator/MBProgressHUD.build/DerivedSources/x86_64 -I/Users/edz/Library/Developer/Xcode/DerivedData/App-bytlbhqqorqzqidyjovihkqwnkia/Build/Intermediates.noindex/Pods.build/Release-iphonesimulator/MBProgressHUD.build/DerivedSources -F/Users/edz/Library/Developer/Xcode/DerivedData/App-bytlbhqqorqzqidyjovihkqwnkia/Build/Products/Release-iphonesimulator/MBProgressHUD -Wincomplete-umbrella -MMD -MT dependencies -MF /Users/edz/Library/Developer/Xcode/DerivedData/App-bytlbhqqorqzqidyjovihkqwnkia/Build/Intermediates.noindex/Pods.build/Release-iphonesimulator/MBProgressHUD.build/Objects-normal/x86_64/MBProgressHUD_vers.d --serialize-diagnostics /Users/edz/Library/Developer/Xcode/DerivedData/App-bytlbhqqorqzqidyjovihkqwnkia/Build/Intermediates.noindex/Pods.build/Release-iphonesimulator/MBProgressHUD.build/Objects-normal/x86_64/MBProgressHUD_vers.dia -c /Users/edz/Library/Developer/Xcode/DerivedData/App-bytlbhqqorqzqidyjovihkqwnkia/Build/Intermediates.noindex/Pods.build/Release-iphonesimulator/MBProgressHUD.build/DerivedSources/MBProgressHUD_vers.c -o /Users/edz/Library/Developer/Xcode/DerivedData/App-bytlbhqqorqzqidyjovihkqwnkia/Build/Intermediates.noindex/Pods.build/Release-iphonesimulator/MBProgressHUD.build/Objects-normal/x86_64/MBProgressHUD_vers.o
    
    CompileC /Users/edz/Library/Developer/Xcode/DerivedData/App-bytlbhqqorqzqidyjovihkqwnkia/Build/Intermediates.noindex/Pods.build/Release-iphonesimulator/MBProgressHUD.build/Objects-normal/x86_64/MBProgressHUD-dummy.o /var/folders/4h/hxvz7hb959j4pw0pvbq686x00000gn/T/CocoaPods-Lint-20200722-25225-196xw43-UIModule/Pods/Target\ Support\ Files/MBProgressHUD/MBProgressHUD-dummy.m normal x86_64 objective-c com.apple.compilers.llvm.clang.1_0.compiler (in target 'MBProgressHUD' from project 'Pods')
        cd /var/folders/4h/hxvz7hb959j4pw0pvbq686x00000gn/T/CocoaPods-Lint-20200722-25225-196xw43-UIModule/Pods
        export LANG=en_US.US-ASCII
        /Applications/Xcode.app/Contents/Developer/Toolchains/XcodeDefault.xctoolchain/usr/bin/clang -x objective-c -target x86_64-apple-ios8.0-simulator -fmessage-length=0 -fdiagnostics-show-note-include-stack -fmacro-backtrace-limit=0 -std=gnu11 -fobjc-arc -fobjc-weak -fmodules -gmodules -fmodules-cache-path=/Users/edz/Library/Developer/Xcode/DerivedData/ModuleCache.noindex -fmodules-prune-interval=86400 -fmodules-prune-after=345600 -fbuild-session-file=/Users/edz/Library/Developer/Xcode/DerivedData/ModuleCache.noindex/Session.modulevalidation -fmodules-validate-once-per-build-session -Wnon-modular-include-in-framework-module -Werror=non-modular-include-in-framework-module -fmodule-name=MBProgressHUD -Wno-trigraphs -fpascal-strings -Os -fno-common -Wno-missing-field-initializers -Wno-missing-prototypes -Werror=return-type -Wdocumentation -Wunreachable-code -Wno-implicit-atomic-properties -Werror=deprecated-objc-isa-usage -Wno-objc-interface-ivars -Werror=objc-root-class -Wno-arc-repeated-use-of-weak -Wimplicit-retain-self -Wduplicate-method-match -Wno-missing-braces -Wparentheses -Wswitch -Wunused-function -Wno-unused-label -Wno-unused-parameter -Wunused-variable -Wunused-value -Wempty-body -Wuninitialized -Wconditional-uninitialized -Wno-unknown-pragmas -Wno-shadow -Wno-four-char-constants -Wno-conversion -Wconstant-conversion -Wint-conversion -Wbool-conversion -Wenum-conversion -Wno-float-conversion -Wnon-literal-null-conversion -Wobjc-literal-conversion -Wshorten-64-to-32 -Wpointer-sign -Wno-newline-eof -Wno-selector -Wno-strict-selector-match -Wundeclared-selector -Wdeprecated-implementations -DPOD_CONFIGURATION_RELEASE=1 -DCOCOAPODS=1 -DNS_BLOCK_ASSERTIONS=1 -DOBJC_OLD_DISPATCH_PROTOTYPES=0 -isysroot /Applications/Xcode.app/Contents/Developer/Platforms/iPhoneSimulator.platform/Developer/SDKs/iPhoneSimulator13.5.sdk -fasm-blocks -fstrict-aliasing -Wprotocol -Wdeprecated-declarations -g -Wno-sign-conversion -Winfinite-recursion -Wcomma -Wblock-capture-autoreleasing -Wstrict-prototypes -Wno-semicolon-before-method-body -Wunguarded-availability -fobjc-abi-version=2 -fobjc-legacy-dispatch -iquote /Users/edz/Library/Developer/Xcode/DerivedData/App-bytlbhqqorqzqidyjovihkqwnkia/Build/Intermediates.noindex/Pods.build/Release-iphonesimulator/MBProgressHUD.build/MBProgressHUD-generated-files.hmap -I/Users/edz/Library/Developer/Xcode/DerivedData/App-bytlbhqqorqzqidyjovihkqwnkia/Build/Intermediates.noindex/Pods.build/Release-iphonesimulator/MBProgressHUD.build/MBProgressHUD-own-target-headers.hmap -I/Users/edz/Library/Developer/Xcode/DerivedData/App-bytlbhqqorqzqidyjovihkqwnkia/Build/Intermediates.noindex/Pods.build/Release-iphonesimulator/MBProgressHUD.build/MBProgressHUD-all-non-framework-target-headers.hmap -ivfsoverlay /Users/edz/Library/Developer/Xcode/DerivedData/App-bytlbhqqorqzqidyjovihkqwnkia/Build/Intermediates.noindex/Pods.build/Release-iphonesimulator/MBProgressHUD.build/all-product-headers.yaml -iquote /Users/edz/Library/Developer/Xcode/DerivedData/App-bytlbhqqorqzqidyjovihkqwnkia/Build/Intermediates.noindex/Pods.build/Release-iphonesimulator/MBProgressHUD.build/MBProgressHUD-project-headers.hmap -I/Users/edz/Library/Developer/Xcode/DerivedData/App-bytlbhqqorqzqidyjovihkqwnkia/Build/Products/Release-iphonesimulator/MBProgressHUD/include -I/Users/edz/Library/Developer/Xcode/DerivedData/App-bytlbhqqorqzqidyjovihkqwnkia/Build/Intermediates.noindex/Pods.build/Release-iphonesimulator/MBProgressHUD.build/DerivedSources-normal/x86_64 -I/Users/edz/Library/Developer/Xcode/DerivedData/App-bytlbhqqorqzqidyjovihkqwnkia/Build/Intermediates.noindex/Pods.build/Release-iphonesimulator/MBProgressHUD.build/DerivedSources/x86_64 -I/Users/edz/Library/Developer/Xcode/DerivedData/App-bytlbhqqorqzqidyjovihkqwnkia/Build/Intermediates.noindex/Pods.build/Release-iphonesimulator/MBProgressHUD.build/DerivedSources -F/Users/edz/Library/Developer/Xcode/DerivedData/App-bytlbhqqorqzqidyjovihkqwnkia/Build/Products/Release-iphonesimulator/MBProgressHUD -Wincomplete-umbrella -include /var/folders/4h/hxvz7hb959j4pw0pvbq686x00000gn/T/CocoaPods-Lint-20200722-25225-196xw43-UIModule/Pods/Target\ Support\ Files/MBProgressHUD/MBProgressHUD-prefix.pch -MMD -MT dependencies -MF /Users/edz/Library/Developer/Xcode/DerivedData/App-bytlbhqqorqzqidyjovihkqwnkia/Build/Intermediates.noindex/Pods.build/Release-iphonesimulator/MBProgressHUD.build/Objects-normal/x86_64/MBProgressHUD-dummy.d --serialize-diagnostics /Users/edz/Library/Developer/Xcode/DerivedData/App-bytlbhqqorqzqidyjovihkqwnkia/Build/Intermediates.noindex/Pods.build/Release-iphonesimulator/MBProgressHUD.build/Objects-normal/x86_64/MBProgressHUD-dummy.dia -c /var/folders/4h/hxvz7hb959j4pw0pvbq686x00000gn/T/CocoaPods-Lint-20200722-25225-196xw43-UIModule/Pods/Target\ Support\ Files/MBProgressHUD/MBProgressHUD-dummy.m -o /Users/edz/Library/Developer/Xcode/DerivedData/App-bytlbhqqorqzqidyjovihkqwnkia/Build/Intermediates.noindex/Pods.build/Release-iphonesimulator/MBProgressHUD.build/Objects-normal/x86_64/MBProgressHUD-dummy.o
    
    WriteAuxiliaryFile /Users/edz/Library/Developer/Xcode/DerivedData/App-bytlbhqqorqzqidyjovihkqwnkia/Build/Intermediates.noindex/Pods.build/Release-iphonesimulator/AFNetworking.build/module.modulemap (in target 'AFNetworking' from project 'Pods')
        cd /var/folders/4h/hxvz7hb959j4pw0pvbq686x00000gn/T/CocoaPods-Lint-20200722-25225-196xw43-UIModule/Pods
        write-file /Users/edz/Library/Developer/Xcode/DerivedData/App-bytlbhqqorqzqidyjovihkqwnkia/Build/Intermediates.noindex/Pods.build/Release-iphonesimulator/AFNetworking.build/module.modulemap
    
    ProcessInfoPlistFile /Users/edz/Library/Developer/Xcode/DerivedData/App-bytlbhqqorqzqidyjovihkqwnkia/Build/Products/Release-iphonesimulator/AFNetworking/AFNetworking.framework/Info.plist /var/folders/4h/hxvz7hb959j4pw0pvbq686x00000gn/T/CocoaPods-Lint-20200722-25225-196xw43-UIModule/Pods/Target\ Support\ Files/AFNetworking/AFNetworking-Info.plist (in target 'AFNetworking' from project 'Pods')
        cd /var/folders/4h/hxvz7hb959j4pw0pvbq686x00000gn/T/CocoaPods-Lint-20200722-25225-196xw43-UIModule/Pods
        builtin-infoPlistUtility /var/folders/4h/hxvz7hb959j4pw0pvbq686x00000gn/T/CocoaPods-Lint-20200722-25225-196xw43-UIModule/Pods/Target\ Support\ Files/AFNetworking/AFNetworking-Info.plist -producttype com.apple.product-type.framework -expandbuildsettings -format binary -platform iphonesimulator -o /Users/edz/Library/Developer/Xcode/DerivedData/App-bytlbhqqorqzqidyjovihkqwnkia/Build/Products/Release-iphonesimulator/AFNetworking/AFNetworking.framework/Info.plist
    
    Ditto /Users/edz/Library/Developer/Xcode/DerivedData/App-bytlbhqqorqzqidyjovihkqwnkia/Build/Intermediates.noindex/Pods.build/Release-iphonesimulator/AFNetworking.build/module.modulemap /Users/edz/Library/Developer/Xcode/DerivedData/App-bytlbhqqorqzqidyjovihkqwnkia/Build/Products/Release-iphonesimulator/AFNetworking/AFNetworking.framework/Modules/module.modulemap (in target 'AFNetworking' from project 'Pods')
        cd /var/folders/4h/hxvz7hb959j4pw0pvbq686x00000gn/T/CocoaPods-Lint-20200722-25225-196xw43-UIModule/Pods
        builtin-copy -exclude .DS_Store -exclude CVS -exclude .svn -exclude .git -exclude .hg -resolve-src-symlinks /Users/edz/Library/Developer/Xcode/DerivedData/App-bytlbhqqorqzqidyjovihkqwnkia/Build/Intermediates.noindex/Pods.build/Release-iphonesimulator/AFNetworking.build/module.modulemap /Users/edz/Library/Developer/Xcode/DerivedData/App-bytlbhqqorqzqidyjovihkqwnkia/Build/Products/Release-iphonesimulator/AFNetworking/AFNetworking.framework/Modules
    
    CpHeader /var/folders/4h/hxvz7hb959j4pw0pvbq686x00000gn/T/CocoaPods-Lint-20200722-25225-196xw43-UIModule/Pods/Target\ Support\ Files/AFNetworking/AFNetworking-umbrella.h /Users/edz/Library/Developer/Xcode/DerivedData/App-bytlbhqqorqzqidyjovihkqwnkia/Build/Products/Release-iphonesimulator/AFNetworking/AFNetworking.framework/Headers/AFNetworking-umbrella.h (in target 'AFNetworking' from project 'Pods')
        cd /var/folders/4h/hxvz7hb959j4pw0pvbq686x00000gn/T/CocoaPods-Lint-20200722-25225-196xw43-UIModule/Pods
        builtin-copy -exclude .DS_Store -exclude CVS -exclude .svn -exclude .git -exclude .hg -resolve-src-symlinks /var/folders/4h/hxvz7hb959j4pw0pvbq686x00000gn/T/CocoaPods-Lint-20200722-25225-196xw43-UIModule/Pods/Target\ Support\ Files/AFNetworking/AFNetworking-umbrella.h /Users/edz/Library/Developer/Xcode/DerivedData/App-bytlbhqqorqzqidyjovihkqwnkia/Build/Products/Release-iphonesimulator/AFNetworking/AFNetworking.framework/Headers
    
    CpHeader /var/folders/4h/hxvz7hb959j4pw0pvbq686x00000gn/T/CocoaPods-Lint-20200722-25225-196xw43-UIModule/Pods/AFNetworking/UIKit+AFNetworking/WKWebView+AFNetworking.h /Users/edz/Library/Developer/Xcode/DerivedData/App-bytlbhqqorqzqidyjovihkqwnkia/Build/Products/Release-iphonesimulator/AFNetworking/AFNetworking.framework/Headers/WKWebView+AFNetworking.h (in target 'AFNetworking' from project 'Pods')
        cd /var/folders/4h/hxvz7hb959j4pw0pvbq686x00000gn/T/CocoaPods-Lint-20200722-25225-196xw43-UIModule/Pods
        builtin-copy -exclude .DS_Store -exclude CVS -exclude .svn -exclude .git -exclude .hg -resolve-src-symlinks /var/folders/4h/hxvz7hb959j4pw0pvbq686x00000gn/T/CocoaPods-Lint-20200722-25225-196xw43-UIModule/Pods/AFNetworking/UIKit+AFNetworking/WKWebView+AFNetworking.h /Users/edz/Library/Developer/Xcode/DerivedData/App-bytlbhqqorqzqidyjovihkqwnkia/Build/Products/Release-iphonesimulator/AFNetworking/AFNetworking.framework/Headers
    
    CpHeader /var/folders/4h/hxvz7hb959j4pw0pvbq686x00000gn/T/CocoaPods-Lint-20200722-25225-196xw43-UIModule/Pods/AFNetworking/UIKit+AFNetworking/UIRefreshControl+AFNetworking.h /Users/edz/Library/Developer/Xcode/DerivedData/App-bytlbhqqorqzqidyjovihkqwnkia/Build/Products/Release-iphonesimulator/AFNetworking/AFNetworking.framework/Headers/UIRefreshControl+AFNetworking.h (in target 'AFNetworking' from project 'Pods')
        cd /var/folders/4h/hxvz7hb959j4pw0pvbq686x00000gn/T/CocoaPods-Lint-20200722-25225-196xw43-UIModule/Pods
        builtin-copy -exclude .DS_Store -exclude CVS -exclude .svn -exclude .git -exclude .hg -resolve-src-symlinks /var/folders/4h/hxvz7hb959j4pw0pvbq686x00000gn/T/CocoaPods-Lint-20200722-25225-196xw43-UIModule/Pods/AFNetworking/UIKit+AFNetworking/UIRefreshControl+AFNetworking.h /Users/edz/Library/Developer/Xcode/DerivedData/App-bytlbhqqorqzqidyjovihkqwnkia/Build/Products/Release-iphonesimulator/AFNetworking/AFNetworking.framework/Headers
    
    CpHeader /var/folders/4h/hxvz7hb959j4pw0pvbq686x00000gn/T/CocoaPods-Lint-20200722-25225-196xw43-UIModule/Pods/AFNetworking/UIKit+AFNetworking/UIProgressView+AFNetworking.h /Users/edz/Library/Developer/Xcode/DerivedData/App-bytlbhqqorqzqidyjovihkqwnkia/Build/Products/Release-iphonesimulator/AFNetworking/AFNetworking.framework/Headers/UIProgressView+AFNetworking.h (in target 'AFNetworking' from project 'Pods')
        cd /var/folders/4h/hxvz7hb959j4pw0pvbq686x00000gn/T/CocoaPods-Lint-20200722-25225-196xw43-UIModule/Pods
        builtin-copy -exclude .DS_Store -exclude CVS -exclude .svn -exclude .git -exclude .hg -resolve-src-symlinks /var/folders/4h/hxvz7hb959j4pw0pvbq686x00000gn/T/CocoaPods-Lint-20200722-25225-196xw43-UIModule/Pods/AFNetworking/UIKit+AFNetworking/UIProgressView+AFNetworking.h /Users/edz/Library/Developer/Xcode/DerivedData/App-bytlbhqqorqzqidyjovihkqwnkia/Build/Products/Release-iphonesimulator/AFNetworking/AFNetworking.framework/Headers
    
    CpHeader /var/folders/4h/hxvz7hb959j4pw0pvbq686x00000gn/T/CocoaPods-Lint-20200722-25225-196xw43-UIModule/Pods/AFNetworking/UIKit+AFNetworking/UIKit+AFNetworking.h /Users/edz/Library/Developer/Xcode/DerivedData/App-bytlbhqqorqzqidyjovihkqwnkia/Build/Products/Release-iphonesimulator/AFNetworking/AFNetworking.framework/Headers/UIKit+AFNetworking.h (in target 'AFNetworking' from project 'Pods')
        cd /var/folders/4h/hxvz7hb959j4pw0pvbq686x00000gn/T/CocoaPods-Lint-20200722-25225-196xw43-UIModule/Pods
        builtin-copy -exclude .DS_Store -exclude CVS -exclude .svn -exclude .git -exclude .hg -resolve-src-symlinks /var/folders/4h/hxvz7hb959j4pw0pvbq686x00000gn/T/CocoaPods-Lint-20200722-25225-196xw43-UIModule/Pods/AFNetworking/UIKit+AFNetworking/UIKit+AFNetworking.h /Users/edz/Library/Developer/Xcode/DerivedData/App-bytlbhqqorqzqidyjovihkqwnkia/Build/Products/Release-iphonesimulator/AFNetworking/AFNetworking.framework/Headers
    
    CpHeader /var/folders/4h/hxvz7hb959j4pw0pvbq686x00000gn/T/CocoaPods-Lint-20200722-25225-196xw43-UIModule/Pods/AFNetworking/UIKit+AFNetworking/UIImageView+AFNetworking.h /Users/edz/Library/Developer/Xcode/DerivedData/App-bytlbhqqorqzqidyjovihkqwnkia/Build/Products/Release-iphonesimulator/AFNetworking/AFNetworking.framework/Headers/UIImageView+AFNetworking.h (in target 'AFNetworking' from project 'Pods')
        cd /var/folders/4h/hxvz7hb959j4pw0pvbq686x00000gn/T/CocoaPods-Lint-20200722-25225-196xw43-UIModule/Pods
        builtin-copy -exclude .DS_Store -exclude CVS -exclude .svn -exclude .git -exclude .hg -resolve-src-symlinks /var/folders/4h/hxvz7hb959j4pw0pvbq686x00000gn/T/CocoaPods-Lint-20200722-25225-196xw43-UIModule/Pods/AFNetworking/UIKit+AFNetworking/UIImageView+AFNetworking.h /Users/edz/Library/Developer/Xcode/DerivedData/App-bytlbhqqorqzqidyjovihkqwnkia/Build/Products/Release-iphonesimulator/AFNetworking/AFNetworking.framework/Headers
    
    CpHeader /var/folders/4h/hxvz7hb959j4pw0pvbq686x00000gn/T/CocoaPods-Lint-20200722-25225-196xw43-UIModule/Pods/AFNetworking/UIKit+AFNetworking/UIButton+AFNetworking.h /Users/edz/Library/Developer/Xcode/DerivedData/App-bytlbhqqorqzqidyjovihkqwnkia/Build/Products/Release-iphonesimulator/AFNetworking/AFNetworking.framework/Headers/UIButton+AFNetworking.h (in target 'AFNetworking' from project 'Pods')
        cd /var/folders/4h/hxvz7hb959j4pw0pvbq686x00000gn/T/CocoaPods-Lint-20200722-25225-196xw43-UIModule/Pods
        builtin-copy -exclude .DS_Store -exclude CVS -exclude .svn -exclude .git -exclude .hg -resolve-src-symlinks /var/folders/4h/hxvz7hb959j4pw0pvbq686x00000gn/T/CocoaPods-Lint-20200722-25225-196xw43-UIModule/Pods/AFNetworking/UIKit+AFNetworking/UIButton+AFNetworking.h /Users/edz/Library/Developer/Xcode/DerivedData/App-bytlbhqqorqzqidyjovihkqwnkia/Build/Products/Release-iphonesimulator/AFNetworking/AFNetworking.framework/Headers
    
    CpHeader /var/folders/4h/hxvz7hb959j4pw0pvbq686x00000gn/T/CocoaPods-Lint-20200722-25225-196xw43-UIModule/Pods/AFNetworking/UIKit+AFNetworking/UIActivityIndicatorView+AFNetworking.h /Users/edz/Library/Developer/Xcode/DerivedData/App-bytlbhqqorqzqidyjovihkqwnkia/Build/Products/Release-iphonesimulator/AFNetworking/AFNetworking.framework/Headers/UIActivityIndicatorView+AFNetworking.h (in target 'AFNetworking' from project 'Pods')
        cd /var/folders/4h/hxvz7hb959j4pw0pvbq686x00000gn/T/CocoaPods-Lint-20200722-25225-196xw43-UIModule/Pods
        builtin-copy -exclude .DS_Store -exclude CVS -exclude .svn -exclude .git -exclude .hg -resolve-src-symlinks /var/folders/4h/hxvz7hb959j4pw0pvbq686x00000gn/T/CocoaPods-Lint-20200722-25225-196xw43-UIModule/Pods/AFNetworking/UIKit+AFNetworking/UIActivityIndicatorView+AFNetworking.h /Users/edz/Library/Developer/Xcode/DerivedData/App-bytlbhqqorqzqidyjovihkqwnkia/Build/Products/Release-iphonesimulator/AFNetworking/AFNetworking.framework/Headers
    
    CpHeader /var/folders/4h/hxvz7hb959j4pw0pvbq686x00000gn/T/CocoaPods-Lint-20200722-25225-196xw43-UIModule/Pods/AFNetworking/UIKit+AFNetworking/AFNetworkActivityIndicatorManager.h /Users/edz/Library/Developer/Xcode/DerivedData/App-bytlbhqqorqzqidyjovihkqwnkia/Build/Products/Release-iphonesimulator/AFNetworking/AFNetworking.framework/Headers/AFNetworkActivityIndicatorManager.h (in target 'AFNetworking' from project 'Pods')
        cd /var/folders/4h/hxvz7hb959j4pw0pvbq686x00000gn/T/CocoaPods-Lint-20200722-25225-196xw43-UIModule/Pods
        builtin-copy -exclude .DS_Store -exclude CVS -exclude .svn -exclude .git -exclude .hg -resolve-src-symlinks /var/folders/4h/hxvz7hb959j4pw0pvbq686x00000gn/T/CocoaPods-Lint-20200722-25225-196xw43-UIModule/Pods/AFNetworking/UIKit+AFNetworking/AFNetworkActivityIndicatorManager.h /Users/edz/Library/Developer/Xcode/DerivedData/App-bytlbhqqorqzqidyjovihkqwnkia/Build/Products/Release-iphonesimulator/AFNetworking/AFNetworking.framework/Headers
    
    CpHeader /var/folders/4h/hxvz7hb959j4pw0pvbq686x00000gn/T/CocoaPods-Lint-20200722-25225-196xw43-UIModule/Pods/AFNetworking/UIKit+AFNetworking/AFImageDownloader.h /Users/edz/Library/Developer/Xcode/DerivedData/App-bytlbhqqorqzqidyjovihkqwnkia/Build/Products/Release-iphonesimulator/AFNetworking/AFNetworking.framework/Headers/AFImageDownloader.h (in target 'AFNetworking' from project 'Pods')
        cd /var/folders/4h/hxvz7hb959j4pw0pvbq686x00000gn/T/CocoaPods-Lint-20200722-25225-196xw43-UIModule/Pods
        builtin-copy -exclude .DS_Store -exclude CVS -exclude .svn -exclude .git -exclude .hg -resolve-src-symlinks /var/folders/4h/hxvz7hb959j4pw0pvbq686x00000gn/T/CocoaPods-Lint-20200722-25225-196xw43-UIModule/Pods/AFNetworking/UIKit+AFNetworking/AFImageDownloader.h /Users/edz/Library/Developer/Xcode/DerivedData/App-bytlbhqqorqzqidyjovihkqwnkia/Build/Products/Release-iphonesimulator/AFNetworking/AFNetworking.framework/Headers
    
    CpHeader /var/folders/4h/hxvz7hb959j4pw0pvbq686x00000gn/T/CocoaPods-Lint-20200722-25225-196xw43-UIModule/Pods/AFNetworking/UIKit+AFNetworking/AFAutoPurgingImageCache.h /Users/edz/Library/Developer/Xcode/DerivedData/App-bytlbhqqorqzqidyjovihkqwnkia/Build/Products/Release-iphonesimulator/AFNetworking/AFNetworking.framework/Headers/AFAutoPurgingImageCache.h (in target 'AFNetworking' from project 'Pods')
        cd /var/folders/4h/hxvz7hb959j4pw0pvbq686x00000gn/T/CocoaPods-Lint-20200722-25225-196xw43-UIModule/Pods
        builtin-copy -exclude .DS_Store -exclude CVS -exclude .svn -exclude .git -exclude .hg -resolve-src-symlinks /var/folders/4h/hxvz7hb959j4pw0pvbq686x00000gn/T/CocoaPods-Lint-20200722-25225-196xw43-UIModule/Pods/AFNetworking/UIKit+AFNetworking/AFAutoPurgingImageCache.h /Users/edz/Library/Developer/Xcode/DerivedData/App-bytlbhqqorqzqidyjovihkqwnkia/Build/Products/Release-iphonesimulator/AFNetworking/AFNetworking.framework/Headers
    
    CpHeader /var/folders/4h/hxvz7hb959j4pw0pvbq686x00000gn/T/CocoaPods-Lint-20200722-25225-196xw43-UIModule/Pods/AFNetworking/AFNetworking/AFURLSessionManager.h /Users/edz/Library/Developer/Xcode/DerivedData/App-bytlbhqqorqzqidyjovihkqwnkia/Build/Products/Release-iphonesimulator/AFNetworking/AFNetworking.framework/Headers/AFURLSessionManager.h (in target 'AFNetworking' from project 'Pods')
        cd /var/folders/4h/hxvz7hb959j4pw0pvbq686x00000gn/T/CocoaPods-Lint-20200722-25225-196xw43-UIModule/Pods
        builtin-copy -exclude .DS_Store -exclude CVS -exclude .svn -exclude .git -exclude .hg -resolve-src-symlinks /var/folders/4h/hxvz7hb959j4pw0pvbq686x00000gn/T/CocoaPods-Lint-20200722-25225-196xw43-UIModule/Pods/AFNetworking/AFNetworking/AFURLSessionManager.h /Users/edz/Library/Developer/Xcode/DerivedData/App-bytlbhqqorqzqidyjovihkqwnkia/Build/Products/Release-iphonesimulator/AFNetworking/AFNetworking.framework/Headers
    
    CpHeader /var/folders/4h/hxvz7hb959j4pw0pvbq686x00000gn/T/CocoaPods-Lint-20200722-25225-196xw43-UIModule/Pods/AFNetworking/AFNetworking/AFURLResponseSerialization.h /Users/edz/Library/Developer/Xcode/DerivedData/App-bytlbhqqorqzqidyjovihkqwnkia/Build/Products/Release-iphonesimulator/AFNetworking/AFNetworking.framework/Headers/AFURLResponseSerialization.h (in target 'AFNetworking' from project 'Pods')
        cd /var/folders/4h/hxvz7hb959j4pw0pvbq686x00000gn/T/CocoaPods-Lint-20200722-25225-196xw43-UIModule/Pods
        builtin-copy -exclude .DS_Store -exclude CVS -exclude .svn -exclude .git -exclude .hg -resolve-src-symlinks /var/folders/4h/hxvz7hb959j4pw0pvbq686x00000gn/T/CocoaPods-Lint-20200722-25225-196xw43-UIModule/Pods/AFNetworking/AFNetworking/AFURLResponseSerialization.h /Users/edz/Library/Developer/Xcode/DerivedData/App-bytlbhqqorqzqidyjovihkqwnkia/Build/Products/Release-iphonesimulator/AFNetworking/AFNetworking.framework/Headers
    
    CpHeader /var/folders/4h/hxvz7hb959j4pw0pvbq686x00000gn/T/CocoaPods-Lint-20200722-25225-196xw43-UIModule/Pods/AFNetworking/AFNetworking/AFURLRequestSerialization.h /Users/edz/Library/Developer/Xcode/DerivedData/App-bytlbhqqorqzqidyjovihkqwnkia/Build/Products/Release-iphonesimulator/AFNetworking/AFNetworking.framework/Headers/AFURLRequestSerialization.h (in target 'AFNetworking' from project 'Pods')
        cd /var/folders/4h/hxvz7hb959j4pw0pvbq686x00000gn/T/CocoaPods-Lint-20200722-25225-196xw43-UIModule/Pods
        builtin-copy -exclude .DS_Store -exclude CVS -exclude .svn -exclude .git -exclude .hg -resolve-src-symlinks /var/folders/4h/hxvz7hb959j4pw0pvbq686x00000gn/T/CocoaPods-Lint-20200722-25225-196xw43-UIModule/Pods/AFNetworking/AFNetworking/AFURLRequestSerialization.h /Users/edz/Library/Developer/Xcode/DerivedData/App-bytlbhqqorqzqidyjovihkqwnkia/Build/Products/Release-iphonesimulator/AFNetworking/AFNetworking.framework/Headers
    
    CpHeader /var/folders/4h/hxvz7hb959j4pw0pvbq686x00000gn/T/CocoaPods-Lint-20200722-25225-196xw43-UIModule/Pods/AFNetworking/AFNetworking/AFSecurityPolicy.h /Users/edz/Library/Developer/Xcode/DerivedData/App-bytlbhqqorqzqidyjovihkqwnkia/Build/Products/Release-iphonesimulator/AFNetworking/AFNetworking.framework/Headers/AFSecurityPolicy.h (in target 'AFNetworking' from project 'Pods')
        cd /var/folders/4h/hxvz7hb959j4pw0pvbq686x00000gn/T/CocoaPods-Lint-20200722-25225-196xw43-UIModule/Pods
        builtin-copy -exclude .DS_Store -exclude CVS -exclude .svn -exclude .git -exclude .hg -resolve-src-symlinks /var/folders/4h/hxvz7hb959j4pw0pvbq686x00000gn/T/CocoaPods-Lint-20200722-25225-196xw43-UIModule/Pods/AFNetworking/AFNetworking/AFSecurityPolicy.h /Users/edz/Library/Developer/Xcode/DerivedData/App-bytlbhqqorqzqidyjovihkqwnkia/Build/Products/Release-iphonesimulator/AFNetworking/AFNetworking.framework/Headers
    
    CpHeader /var/folders/4h/hxvz7hb959j4pw0pvbq686x00000gn/T/CocoaPods-Lint-20200722-25225-196xw43-UIModule/Pods/AFNetworking/AFNetworking/AFNetworking.h /Users/edz/Library/Developer/Xcode/DerivedData/App-bytlbhqqorqzqidyjovihkqwnkia/Build/Products/Release-iphonesimulator/AFNetworking/AFNetworking.framework/Headers/AFNetworking.h (in target 'AFNetworking' from project 'Pods')
        cd /var/folders/4h/hxvz7hb959j4pw0pvbq686x00000gn/T/CocoaPods-Lint-20200722-25225-196xw43-UIModule/Pods
        builtin-copy -exclude .DS_Store -exclude CVS -exclude .svn -exclude .git -exclude .hg -resolve-src-symlinks /var/folders/4h/hxvz7hb959j4pw0pvbq686x00000gn/T/CocoaPods-Lint-20200722-25225-196xw43-UIModule/Pods/AFNetworking/AFNetworking/AFNetworking.h /Users/edz/Library/Developer/Xcode/DerivedData/App-bytlbhqqorqzqidyjovihkqwnkia/Build/Products/Release-iphonesimulator/AFNetworking/AFNetworking.framework/Headers
    
    CpHeader /var/folders/4h/hxvz7hb959j4pw0pvbq686x00000gn/T/CocoaPods-Lint-20200722-25225-196xw43-UIModule/Pods/AFNetworking/AFNetworking/AFNetworkReachabilityManager.h /Users/edz/Library/Developer/Xcode/DerivedData/App-bytlbhqqorqzqidyjovihkqwnkia/Build/Products/Release-iphonesimulator/AFNetworking/AFNetworking.framework/Headers/AFNetworkReachabilityManager.h (in target 'AFNetworking' from project 'Pods')
        cd /var/folders/4h/hxvz7hb959j4pw0pvbq686x00000gn/T/CocoaPods-Lint-20200722-25225-196xw43-UIModule/Pods
        builtin-copy -exclude .DS_Store -exclude CVS -exclude .svn -exclude .git -exclude .hg -resolve-src-symlinks /var/folders/4h/hxvz7hb959j4pw0pvbq686x00000gn/T/CocoaPods-Lint-20200722-25225-196xw43-UIModule/Pods/AFNetworking/AFNetworking/AFNetworkReachabilityManager.h /Users/edz/Library/Developer/Xcode/DerivedData/App-bytlbhqqorqzqidyjovihkqwnkia/Build/Products/Release-iphonesimulator/AFNetworking/AFNetworking.framework/Headers
    
    CpHeader /var/folders/4h/hxvz7hb959j4pw0pvbq686x00000gn/T/CocoaPods-Lint-20200722-25225-196xw43-UIModule/Pods/AFNetworking/AFNetworking/AFHTTPSessionManager.h /Users/edz/Library/Developer/Xcode/DerivedData/App-bytlbhqqorqzqidyjovihkqwnkia/Build/Products/Release-iphonesimulator/AFNetworking/AFNetworking.framework/Headers/AFHTTPSessionManager.h (in target 'AFNetworking' from project 'Pods')
        cd /var/folders/4h/hxvz7hb959j4pw0pvbq686x00000gn/T/CocoaPods-Lint-20200722-25225-196xw43-UIModule/Pods
        builtin-copy -exclude .DS_Store -exclude CVS -exclude .svn -exclude .git -exclude .hg -resolve-src-symlinks /var/folders/4h/hxvz7hb959j4pw0pvbq686x00000gn/T/CocoaPods-Lint-20200722-25225-196xw43-UIModule/Pods/AFNetworking/AFNetworking/AFHTTPSessionManager.h /Users/edz/Library/Developer/Xcode/DerivedData/App-bytlbhqqorqzqidyjovihkqwnkia/Build/Products/Release-iphonesimulator/AFNetworking/AFNetworking.framework/Headers
    
    CpHeader /var/folders/4h/hxvz7hb959j4pw0pvbq686x00000gn/T/CocoaPods-Lint-20200722-25225-196xw43-UIModule/Pods/AFNetworking/AFNetworking/AFCompatibilityMacros.h /Users/edz/Library/Developer/Xcode/DerivedData/App-bytlbhqqorqzqidyjovihkqwnkia/Build/Products/Release-iphonesimulator/AFNetworking/AFNetworking.framework/Headers/AFCompatibilityMacros.h (in target 'AFNetworking' from project 'Pods')
        cd /var/folders/4h/hxvz7hb959j4pw0pvbq686x00000gn/T/CocoaPods-Lint-20200722-25225-196xw43-UIModule/Pods
        builtin-copy -exclude .DS_Store -exclude CVS -exclude .svn -exclude .git -exclude .hg -resolve-src-symlinks /var/folders/4h/hxvz7hb959j4pw0pvbq686x00000gn/T/CocoaPods-Lint-20200722-25225-196xw43-UIModule/Pods/AFNetworking/AFNetworking/AFCompatibilityMacros.h /Users/edz/Library/Developer/Xcode/DerivedData/App-bytlbhqqorqzqidyjovihkqwnkia/Build/Products/Release-iphonesimulator/AFNetworking/AFNetworking.framework/Headers
    
    WriteAuxiliaryFile /Users/edz/Library/Developer/Xcode/DerivedData/App-bytlbhqqorqzqidyjovihkqwnkia/Build/Intermediates.noindex/Pods.build/Release-iphonesimulator/JSONModel.build/Objects-normal/x86_64/JSONModel.LinkFileList (in target 'JSONModel' from project 'Pods')
        cd /var/folders/4h/hxvz7hb959j4pw0pvbq686x00000gn/T/CocoaPods-Lint-20200722-25225-196xw43-UIModule/Pods
        write-file /Users/edz/Library/Developer/Xcode/DerivedData/App-bytlbhqqorqzqidyjovihkqwnkia/Build/Intermediates.noindex/Pods.build/Release-iphonesimulator/JSONModel.build/Objects-normal/x86_64/JSONModel.LinkFileList
    
    WriteAuxiliaryFile /Users/edz/Library/Developer/Xcode/DerivedData/App-bytlbhqqorqzqidyjovihkqwnkia/Build/Intermediates.noindex/Pods.build/Release-iphonesimulator/JSONModel.build/DerivedSources/JSONModel_vers.c (in target 'JSONModel' from project 'Pods')
        cd /var/folders/4h/hxvz7hb959j4pw0pvbq686x00000gn/T/CocoaPods-Lint-20200722-25225-196xw43-UIModule/Pods
        write-file /Users/edz/Library/Developer/Xcode/DerivedData/App-bytlbhqqorqzqidyjovihkqwnkia/Build/Intermediates.noindex/Pods.build/Release-iphonesimulator/JSONModel.build/DerivedSources/JSONModel_vers.c
    
    CompileC /Users/edz/Library/Developer/Xcode/DerivedData/App-bytlbhqqorqzqidyjovihkqwnkia/Build/Intermediates.noindex/Pods.build/Release-iphonesimulator/JSONModel.build/Objects-normal/x86_64/JSONValueTransformer.o /var/folders/4h/hxvz7hb959j4pw0pvbq686x00000gn/T/CocoaPods-Lint-20200722-25225-196xw43-UIModule/Pods/JSONModel/JSONModel/JSONModelTransformations/JSONValueTransformer.m normal x86_64 objective-c com.apple.compilers.llvm.clang.1_0.compiler (in target 'JSONModel' from project 'Pods')
        cd /var/folders/4h/hxvz7hb959j4pw0pvbq686x00000gn/T/CocoaPods-Lint-20200722-25225-196xw43-UIModule/Pods
        export LANG=en_US.US-ASCII
        /Applications/Xcode.app/Contents/Developer/Toolchains/XcodeDefault.xctoolchain/usr/bin/clang -x objective-c -target x86_64-apple-ios8.0-simulator -fmessage-length=0 -fdiagnostics-show-note-include-stack -fmacro-backtrace-limit=0 -std=gnu11 -fobjc-arc -fobjc-weak -fmodules -gmodules -fmodules-cache-path=/Users/edz/Library/Developer/Xcode/DerivedData/ModuleCache.noindex -fmodules-prune-interval=86400 -fmodules-prune-after=345600 -fbuild-session-file=/Users/edz/Library/Developer/Xcode/DerivedData/ModuleCache.noindex/Session.modulevalidation -fmodules-validate-once-per-build-session -Wnon-modular-include-in-framework-module -Werror=non-modular-include-in-framework-module -fmodule-name=JSONModel -Wno-trigraphs -fpascal-strings -Os -fno-common -Wno-missing-field-initializers -Wno-missing-prototypes -Werror=return-type -Wdocumentation -Wunreachable-code -Wno-implicit-atomic-properties -Werror=deprecated-objc-isa-usage -Wno-objc-interface-ivars -Werror=objc-root-class -Wno-arc-repeated-use-of-weak -Wimplicit-retain-self -Wduplicate-method-match -Wno-missing-braces -Wparentheses -Wswitch -Wunused-function -Wno-unused-label -Wno-unused-parameter -Wunused-variable -Wunused-value -Wempty-body -Wuninitialized -Wconditional-uninitialized -Wno-unknown-pragmas -Wno-shadow -Wno-four-char-constants -Wno-conversion -Wconstant-conversion -Wint-conversion -Wbool-conversion -Wenum-conversion -Wno-float-conversion -Wnon-literal-null-conversion -Wobjc-literal-conversion -Wshorten-64-to-32 -Wpointer-sign -Wno-newline-eof -Wno-selector -Wno-strict-selector-match -Wundeclared-selector -Wdeprecated-implementations -DPOD_CONFIGURATION_RELEASE=1 -DCOCOAPODS=1 -DNS_BLOCK_ASSERTIONS=1 -DOBJC_OLD_DISPATCH_PROTOTYPES=0 -isysroot /Applications/Xcode.app/Contents/Developer/Platforms/iPhoneSimulator.platform/Developer/SDKs/iPhoneSimulator13.5.sdk -fasm-blocks -fstrict-aliasing -Wprotocol -Wdeprecated-declarations -g -Wno-sign-conversion -Winfinite-recursion -Wcomma -Wblock-capture-autoreleasing -Wstrict-prototypes -Wno-semicolon-before-method-body -Wunguarded-availability -fobjc-abi-version=2 -fobjc-legacy-dispatch -iquote /Users/edz/Library/Developer/Xcode/DerivedData/App-bytlbhqqorqzqidyjovihkqwnkia/Build/Intermediates.noindex/Pods.build/Release-iphonesimulator/JSONModel.build/JSONModel-generated-files.hmap -I/Users/edz/Library/Developer/Xcode/DerivedData/App-bytlbhqqorqzqidyjovihkqwnkia/Build/Intermediates.noindex/Pods.build/Release-iphonesimulator/JSONModel.build/JSONModel-own-target-headers.hmap -I/Users/edz/Library/Developer/Xcode/DerivedData/App-bytlbhqqorqzqidyjovihkqwnkia/Build/Intermediates.noindex/Pods.build/Release-iphonesimulator/JSONModel.build/JSONModel-all-non-framework-target-headers.hmap -ivfsoverlay /Users/edz/Library/Developer/Xcode/DerivedData/App-bytlbhqqorqzqidyjovihkqwnkia/Build/Intermediates.noindex/Pods.build/Release-iphonesimulator/JSONModel.build/all-product-headers.yaml -iquote /Users/edz/Library/Developer/Xcode/DerivedData/App-bytlbhqqorqzqidyjovihkqwnkia/Build/Intermediates.noindex/Pods.build/Release-iphonesimulator/JSONModel.build/JSONModel-project-headers.hmap -I/Users/edz/Library/Developer/Xcode/DerivedData/App-bytlbhqqorqzqidyjovihkqwnkia/Build/Products/Release-iphonesimulator/JSONModel/include -I/Users/edz/Library/Developer/Xcode/DerivedData/App-bytlbhqqorqzqidyjovihkqwnkia/Build/Intermediates.noindex/Pods.build/Release-iphonesimulator/JSONModel.build/DerivedSources-normal/x86_64 -I/Users/edz/Library/Developer/Xcode/DerivedData/App-bytlbhqqorqzqidyjovihkqwnkia/Build/Intermediates.noindex/Pods.build/Release-iphonesimulator/JSONModel.build/DerivedSources/x86_64 -I/Users/edz/Library/Developer/Xcode/DerivedData/App-bytlbhqqorqzqidyjovihkqwnkia/Build/Intermediates.noindex/Pods.build/Release-iphonesimulator/JSONModel.build/DerivedSources -F/Users/edz/Library/Developer/Xcode/DerivedData/App-bytlbhqqorqzqidyjovihkqwnkia/Build/Products/Release-iphonesimulator/JSONModel -Wincomplete-umbrella -w -Xanalyzer -analyzer-disable-all-checks -include /var/folders/4h/hxvz7hb959j4pw0pvbq686x00000gn/T/CocoaPods-Lint-20200722-25225-196xw43-UIModule/Pods/Target\ Support\ Files/JSONModel/JSONModel-prefix.pch -MMD -MT dependencies -MF /Users/edz/Library/Developer/Xcode/DerivedData/App-bytlbhqqorqzqidyjovihkqwnkia/Build/Intermediates.noindex/Pods.build/Release-iphonesimulator/JSONModel.build/Objects-normal/x86_64/JSONValueTransformer.d --serialize-diagnostics /Users/edz/Library/Developer/Xcode/DerivedData/App-bytlbhqqorqzqidyjovihkqwnkia/Build/Intermediates.noindex/Pods.build/Release-iphonesimulator/JSONModel.build/Objects-normal/x86_64/JSONValueTransformer.dia -c /var/folders/4h/hxvz7hb959j4pw0pvbq686x00000gn/T/CocoaPods-Lint-20200722-25225-196xw43-UIModule/Pods/JSONModel/JSONModel/JSONModelTransformations/JSONValueTransformer.m -o /Users/edz/Library/Developer/Xcode/DerivedData/App-bytlbhqqorqzqidyjovihkqwnkia/Build/Intermediates.noindex/Pods.build/Release-iphonesimulator/JSONModel.build/Objects-normal/x86_64/JSONValueTransformer.o
    
    CompileC /Users/edz/Library/Developer/Xcode/DerivedData/App-bytlbhqqorqzqidyjovihkqwnkia/Build/Intermediates.noindex/Pods.build/Release-iphonesimulator/JSONModel.build/Objects-normal/x86_64/JSONModel_vers.o /Users/edz/Library/Developer/Xcode/DerivedData/App-bytlbhqqorqzqidyjovihkqwnkia/Build/Intermediates.noindex/Pods.build/Release-iphonesimulator/JSONModel.build/DerivedSources/JSONModel_vers.c normal x86_64 c com.apple.compilers.llvm.clang.1_0.compiler (in target 'JSONModel' from project 'Pods')
        cd /var/folders/4h/hxvz7hb959j4pw0pvbq686x00000gn/T/CocoaPods-Lint-20200722-25225-196xw43-UIModule/Pods
        export LANG=en_US.US-ASCII
        /Applications/Xcode.app/Contents/Developer/Toolchains/XcodeDefault.xctoolchain/usr/bin/clang -x c -target x86_64-apple-ios8.0-simulator -fmessage-length=0 -fdiagnostics-show-note-include-stack -fmacro-backtrace-limit=0 -std=gnu11 -fmodules -gmodules -fmodules-cache-path=/Users/edz/Library/Developer/Xcode/DerivedData/ModuleCache.noindex -fmodules-prune-interval=86400 -fmodules-prune-after=345600 -fbuild-session-file=/Users/edz/Library/Developer/Xcode/DerivedData/ModuleCache.noindex/Session.modulevalidation -fmodules-validate-once-per-build-session -Wnon-modular-include-in-framework-module -Werror=non-modular-include-in-framework-module -fmodule-name=JSONModel -Wno-trigraphs -fpascal-strings -Os -fno-common -Wno-missing-field-initializers -Wno-missing-prototypes -Werror=return-type -Wdocumentation -Wunreachable-code -Werror=deprecated-objc-isa-usage -Werror=objc-root-class -Wno-missing-braces -Wparentheses -Wswitch -Wunused-function -Wno-unused-label -Wno-unused-parameter -Wunused-variable -Wunused-value -Wempty-body -Wuninitialized -Wconditional-uninitialized -Wno-unknown-pragmas -Wno-shadow -Wno-four-char-constants -Wno-conversion -Wconstant-conversion -Wint-conversion -Wbool-conversion -Wenum-conversion -Wno-float-conversion -Wnon-literal-null-conversion -Wobjc-literal-conversion -Wshorten-64-to-32 -Wpointer-sign -Wno-newline-eof -DPOD_CONFIGURATION_RELEASE=1 -DCOCOAPODS=1 -isysroot /Applications/Xcode.app/Contents/Developer/Platforms/iPhoneSimulator.platform/Developer/SDKs/iPhoneSimulator13.5.sdk -fasm-blocks -fstrict-aliasing -Wdeprecated-declarations -g -Wno-sign-conversion -Winfinite-recursion -Wcomma -Wblock-capture-autoreleasing -Wstrict-prototypes -Wno-semicolon-before-method-body -Wunguarded-availability -iquote /Users/edz/Library/Developer/Xcode/DerivedData/App-bytlbhqqorqzqidyjovihkqwnkia/Build/Intermediates.noindex/Pods.build/Release-iphonesimulator/JSONModel.build/JSONModel-generated-files.hmap -I/Users/edz/Library/Developer/Xcode/DerivedData/App-bytlbhqqorqzqidyjovihkqwnkia/Build/Intermediates.noindex/Pods.build/Release-iphonesimulator/JSONModel.build/JSONModel-own-target-headers.hmap -I/Users/edz/Library/Developer/Xcode/DerivedData/App-bytlbhqqorqzqidyjovihkqwnkia/Build/Intermediates.noindex/Pods.build/Release-iphonesimulator/JSONModel.build/JSONModel-all-non-framework-target-headers.hmap -ivfsoverlay /Users/edz/Library/Developer/Xcode/DerivedData/App-bytlbhqqorqzqidyjovihkqwnkia/Build/Intermediates.noindex/Pods.build/Release-iphonesimulator/JSONModel.build/all-product-headers.yaml -iquote /Users/edz/Library/Developer/Xcode/DerivedData/App-bytlbhqqorqzqidyjovihkqwnkia/Build/Intermediates.noindex/Pods.build/Release-iphonesimulator/JSONModel.build/JSONModel-project-headers.hmap -I/Users/edz/Library/Developer/Xcode/DerivedData/App-bytlbhqqorqzqidyjovihkqwnkia/Build/Products/Release-iphonesimulator/JSONModel/include -I/Users/edz/Library/Developer/Xcode/DerivedData/App-bytlbhqqorqzqidyjovihkqwnkia/Build/Intermediates.noindex/Pods.build/Release-iphonesimulator/JSONModel.build/DerivedSources-normal/x86_64 -I/Users/edz/Library/Developer/Xcode/DerivedData/App-bytlbhqqorqzqidyjovihkqwnkia/Build/Intermediates.noindex/Pods.build/Release-iphonesimulator/JSONModel.build/DerivedSources/x86_64 -I/Users/edz/Library/Developer/Xcode/DerivedData/App-bytlbhqqorqzqidyjovihkqwnkia/Build/Intermediates.noindex/Pods.build/Release-iphonesimulator/JSONModel.build/DerivedSources -F/Users/edz/Library/Developer/Xcode/DerivedData/App-bytlbhqqorqzqidyjovihkqwnkia/Build/Products/Release-iphonesimulator/JSONModel -Wincomplete-umbrella -MMD -MT dependencies -MF /Users/edz/Library/Developer/Xcode/DerivedData/App-bytlbhqqorqzqidyjovihkqwnkia/Build/Intermediates.noindex/Pods.build/Release-iphonesimulator/JSONModel.build/Objects-normal/x86_64/JSONModel_vers.d --serialize-diagnostics /Users/edz/Library/Developer/Xcode/DerivedData/App-bytlbhqqorqzqidyjovihkqwnkia/Build/Intermediates.noindex/Pods.build/Release-iphonesimulator/JSONModel.build/Objects-normal/x86_64/JSONModel_vers.dia -c /Users/edz/Library/Developer/Xcode/DerivedData/App-bytlbhqqorqzqidyjovihkqwnkia/Build/Intermediates.noindex/Pods.build/Release-iphonesimulator/JSONModel.build/DerivedSources/JSONModel_vers.c -o /Users/edz/Library/Developer/Xcode/DerivedData/App-bytlbhqqorqzqidyjovihkqwnkia/Build/Intermediates.noindex/Pods.build/Release-iphonesimulator/JSONModel.build/Objects-normal/x86_64/JSONModel_vers.o
    
    Ld /Users/edz/Library/Developer/Xcode/DerivedData/App-bytlbhqqorqzqidyjovihkqwnkia/Build/Products/Release-iphonesimulator/Masonry/Masonry.framework/Masonry normal x86_64 (in target 'Masonry' from project 'Pods')
        cd /var/folders/4h/hxvz7hb959j4pw0pvbq686x00000gn/T/CocoaPods-Lint-20200722-25225-196xw43-UIModule/Pods
        /Applications/Xcode.app/Contents/Developer/Toolchains/XcodeDefault.xctoolchain/usr/bin/clang -target x86_64-apple-ios8.0-simulator -dynamiclib -isysroot /Applications/Xcode.app/Contents/Developer/Platforms/iPhoneSimulator.platform/Developer/SDKs/iPhoneSimulator13.5.sdk -L/Users/edz/Library/Developer/Xcode/DerivedData/App-bytlbhqqorqzqidyjovihkqwnkia/Build/Products/Release-iphonesimulator/Masonry -F/Users/edz/Library/Developer/Xcode/DerivedData/App-bytlbhqqorqzqidyjovihkqwnkia/Build/Products/Release-iphonesimulator/Masonry -filelist /Users/edz/Library/Developer/Xcode/DerivedData/App-bytlbhqqorqzqidyjovihkqwnkia/Build/Intermediates.noindex/Pods.build/Release-iphonesimulator/Masonry.build/Objects-normal/x86_64/Masonry.LinkFileList -install_name @rpath/Masonry.framework/Masonry -Xlinker -rpath -Xlinker @executable_path/Frameworks -Xlinker -rpath -Xlinker @loader_path/Frameworks -dead_strip -Xlinker -object_path_lto -Xlinker /Users/edz/Library/Developer/Xcode/DerivedData/App-bytlbhqqorqzqidyjovihkqwnkia/Build/Intermediates.noindex/Pods.build/Release-iphonesimulator/Masonry.build/Objects-normal/x86_64/Masonry_lto.o -Xlinker -objc_abi_version -Xlinker 2 -fobjc-arc -fobjc-link-runtime -framework Foundation -framework UIKit -framework Foundation -framework UIKit -compatibility_version 1 -current_version 1 -Xlinker -dependency_info -Xlinker /Users/edz/Library/Developer/Xcode/DerivedData/App-bytlbhqqorqzqidyjovihkqwnkia/Build/Intermediates.noindex/Pods.build/Release-iphonesimulator/Masonry.build/Objects-normal/x86_64/Masonry_dependency_info.dat -o /Users/edz/Library/Developer/Xcode/DerivedData/App-bytlbhqqorqzqidyjovihkqwnkia/Build/Products/Release-iphonesimulator/Masonry/Masonry.framework/Masonry
    
    CompileC /Users/edz/Library/Developer/Xcode/DerivedData/App-bytlbhqqorqzqidyjovihkqwnkia/Build/Intermediates.noindex/Pods.build/Release-iphonesimulator/JSONModel.build/Objects-normal/x86_64/JSONModelError.o /var/folders/4h/hxvz7hb959j4pw0pvbq686x00000gn/T/CocoaPods-Lint-20200722-25225-196xw43-UIModule/Pods/JSONModel/JSONModel/JSONModel/JSONModelError.m normal x86_64 objective-c com.apple.compilers.llvm.clang.1_0.compiler (in target 'JSONModel' from project 'Pods')
        cd /var/folders/4h/hxvz7hb959j4pw0pvbq686x00000gn/T/CocoaPods-Lint-20200722-25225-196xw43-UIModule/Pods
        export LANG=en_US.US-ASCII
        /Applications/Xcode.app/Contents/Developer/Toolchains/XcodeDefault.xctoolchain/usr/bin/clang -x objective-c -target x86_64-apple-ios8.0-simulator -fmessage-length=0 -fdiagnostics-show-note-include-stack -fmacro-backtrace-limit=0 -std=gnu11 -fobjc-arc -fobjc-weak -fmodules -gmodules -fmodules-cache-path=/Users/edz/Library/Developer/Xcode/DerivedData/ModuleCache.noindex -fmodules-prune-interval=86400 -fmodules-prune-after=345600 -fbuild-session-file=/Users/edz/Library/Developer/Xcode/DerivedData/ModuleCache.noindex/Session.modulevalidation -fmodules-validate-once-per-build-session -Wnon-modular-include-in-framework-module -Werror=non-modular-include-in-framework-module -fmodule-name=JSONModel -Wno-trigraphs -fpascal-strings -Os -fno-common -Wno-missing-field-initializers -Wno-missing-prototypes -Werror=return-type -Wdocumentation -Wunreachable-code -Wno-implicit-atomic-properties -Werror=deprecated-objc-isa-usage -Wno-objc-interface-ivars -Werror=objc-root-class -Wno-arc-repeated-use-of-weak -Wimplicit-retain-self -Wduplicate-method-match -Wno-missing-braces -Wparentheses -Wswitch -Wunused-function -Wno-unused-label -Wno-unused-parameter -Wunused-variable -Wunused-value -Wempty-body -Wuninitialized -Wconditional-uninitialized -Wno-unknown-pragmas -Wno-shadow -Wno-four-char-constants -Wno-conversion -Wconstant-conversion -Wint-conversion -Wbool-conversion -Wenum-conversion -Wno-float-conversion -Wnon-literal-null-conversion -Wobjc-literal-conversion -Wshorten-64-to-32 -Wpointer-sign -Wno-newline-eof -Wno-selector -Wno-strict-selector-match -Wundeclared-selector -Wdeprecated-implementations -DPOD_CONFIGURATION_RELEASE=1 -DCOCOAPODS=1 -DNS_BLOCK_ASSERTIONS=1 -DOBJC_OLD_DISPATCH_PROTOTYPES=0 -isysroot /Applications/Xcode.app/Contents/Developer/Platforms/iPhoneSimulator.platform/Developer/SDKs/iPhoneSimulator13.5.sdk -fasm-blocks -fstrict-aliasing -Wprotocol -Wdeprecated-declarations -g -Wno-sign-conversion -Winfinite-recursion -Wcomma -Wblock-capture-autoreleasing -Wstrict-prototypes -Wno-semicolon-before-method-body -Wunguarded-availability -fobjc-abi-version=2 -fobjc-legacy-dispatch -iquote /Users/edz/Library/Developer/Xcode/DerivedData/App-bytlbhqqorqzqidyjovihkqwnkia/Build/Intermediates.noindex/Pods.build/Release-iphonesimulator/JSONModel.build/JSONModel-generated-files.hmap -I/Users/edz/Library/Developer/Xcode/DerivedData/App-bytlbhqqorqzqidyjovihkqwnkia/Build/Intermediates.noindex/Pods.build/Release-iphonesimulator/JSONModel.build/JSONModel-own-target-headers.hmap -I/Users/edz/Library/Developer/Xcode/DerivedData/App-bytlbhqqorqzqidyjovihkqwnkia/Build/Intermediates.noindex/Pods.build/Release-iphonesimulator/JSONModel.build/JSONModel-all-non-framework-target-headers.hmap -ivfsoverlay /Users/edz/Library/Developer/Xcode/DerivedData/App-bytlbhqqorqzqidyjovihkqwnkia/Build/Intermediates.noindex/Pods.build/Release-iphonesimulator/JSONModel.build/all-product-headers.yaml -iquote /Users/edz/Library/Developer/Xcode/DerivedData/App-bytlbhqqorqzqidyjovihkqwnkia/Build/Intermediates.noindex/Pods.build/Release-iphonesimulator/JSONModel.build/JSONModel-project-headers.hmap -I/Users/edz/Library/Developer/Xcode/DerivedData/App-bytlbhqqorqzqidyjovihkqwnkia/Build/Products/Release-iphonesimulator/JSONModel/include -I/Users/edz/Library/Developer/Xcode/DerivedData/App-bytlbhqqorqzqidyjovihkqwnkia/Build/Intermediates.noindex/Pods.build/Release-iphonesimulator/JSONModel.build/DerivedSources-normal/x86_64 -I/Users/edz/Library/Developer/Xcode/DerivedData/App-bytlbhqqorqzqidyjovihkqwnkia/Build/Intermediates.noindex/Pods.build/Release-iphonesimulator/JSONModel.build/DerivedSources/x86_64 -I/Users/edz/Library/Developer/Xcode/DerivedData/App-bytlbhqqorqzqidyjovihkqwnkia/Build/Intermediates.noindex/Pods.build/Release-iphonesimulator/JSONModel.build/DerivedSources -F/Users/edz/Library/Developer/Xcode/DerivedData/App-bytlbhqqorqzqidyjovihkqwnkia/Build/Products/Release-iphonesimulator/JSONModel -Wincomplete-umbrella -w -Xanalyzer -analyzer-disable-all-checks -include /var/folders/4h/hxvz7hb959j4pw0pvbq686x00000gn/T/CocoaPods-Lint-20200722-25225-196xw43-UIModule/Pods/Target\ Support\ Files/JSONModel/JSONModel-prefix.pch -MMD -MT dependencies -MF /Users/edz/Library/Developer/Xcode/DerivedData/App-bytlbhqqorqzqidyjovihkqwnkia/Build/Intermediates.noindex/Pods.build/Release-iphonesimulator/JSONModel.build/Objects-normal/x86_64/JSONModelError.d --serialize-diagnostics /Users/edz/Library/Developer/Xcode/DerivedData/App-bytlbhqqorqzqidyjovihkqwnkia/Build/Intermediates.noindex/Pods.build/Release-iphonesimulator/JSONModel.build/Objects-normal/x86_64/JSONModelError.dia -c /var/folders/4h/hxvz7hb959j4pw0pvbq686x00000gn/T/CocoaPods-Lint-20200722-25225-196xw43-UIModule/Pods/JSONModel/JSONModel/JSONModel/JSONModelError.m -o /Users/edz/Library/Developer/Xcode/DerivedData/App-bytlbhqqorqzqidyjovihkqwnkia/Build/Intermediates.noindex/Pods.build/Release-iphonesimulator/JSONModel.build/Objects-normal/x86_64/JSONModelError.o
    
    CompileC /Users/edz/Library/Developer/Xcode/DerivedData/App-bytlbhqqorqzqidyjovihkqwnkia/Build/Intermediates.noindex/Pods.build/Release-iphonesimulator/JSONModel.build/Objects-normal/x86_64/JSONModelClassProperty.o /var/folders/4h/hxvz7hb959j4pw0pvbq686x00000gn/T/CocoaPods-Lint-20200722-25225-196xw43-UIModule/Pods/JSONModel/JSONModel/JSONModel/JSONModelClassProperty.m normal x86_64 objective-c com.apple.compilers.llvm.clang.1_0.compiler (in target 'JSONModel' from project 'Pods')
        cd /var/folders/4h/hxvz7hb959j4pw0pvbq686x00000gn/T/CocoaPods-Lint-20200722-25225-196xw43-UIModule/Pods
        export LANG=en_US.US-ASCII
        /Applications/Xcode.app/Contents/Developer/Toolchains/XcodeDefault.xctoolchain/usr/bin/clang -x objective-c -target x86_64-apple-ios8.0-simulator -fmessage-length=0 -fdiagnostics-show-note-include-stack -fmacro-backtrace-limit=0 -std=gnu11 -fobjc-arc -fobjc-weak -fmodules -gmodules -fmodules-cache-path=/Users/edz/Library/Developer/Xcode/DerivedData/ModuleCache.noindex -fmodules-prune-interval=86400 -fmodules-prune-after=345600 -fbuild-session-file=/Users/edz/Library/Developer/Xcode/DerivedData/ModuleCache.noindex/Session.modulevalidation -fmodules-validate-once-per-build-session -Wnon-modular-include-in-framework-module -Werror=non-modular-include-in-framework-module -fmodule-name=JSONModel -Wno-trigraphs -fpascal-strings -Os -fno-common -Wno-missing-field-initializers -Wno-missing-prototypes -Werror=return-type -Wdocumentation -Wunreachable-code -Wno-implicit-atomic-properties -Werror=deprecated-objc-isa-usage -Wno-objc-interface-ivars -Werror=objc-root-class -Wno-arc-repeated-use-of-weak -Wimplicit-retain-self -Wduplicate-method-match -Wno-missing-braces -Wparentheses -Wswitch -Wunused-function -Wno-unused-label -Wno-unused-parameter -Wunused-variable -Wunused-value -Wempty-body -Wuninitialized -Wconditional-uninitialized -Wno-unknown-pragmas -Wno-shadow -Wno-four-char-constants -Wno-conversion -Wconstant-conversion -Wint-conversion -Wbool-conversion -Wenum-conversion -Wno-float-conversion -Wnon-literal-null-conversion -Wobjc-literal-conversion -Wshorten-64-to-32 -Wpointer-sign -Wno-newline-eof -Wno-selector -Wno-strict-selector-match -Wundeclared-selector -Wdeprecated-implementations -DPOD_CONFIGURATION_RELEASE=1 -DCOCOAPODS=1 -DNS_BLOCK_ASSERTIONS=1 -DOBJC_OLD_DISPATCH_PROTOTYPES=0 -isysroot /Applications/Xcode.app/Contents/Developer/Platforms/iPhoneSimulator.platform/Developer/SDKs/iPhoneSimulator13.5.sdk -fasm-blocks -fstrict-aliasing -Wprotocol -Wdeprecated-declarations -g -Wno-sign-conversion -Winfinite-recursion -Wcomma -Wblock-capture-autoreleasing -Wstrict-prototypes -Wno-semicolon-before-method-body -Wunguarded-availability -fobjc-abi-version=2 -fobjc-legacy-dispatch -iquote /Users/edz/Library/Developer/Xcode/DerivedData/App-bytlbhqqorqzqidyjovihkqwnkia/Build/Intermediates.noindex/Pods.build/Release-iphonesimulator/JSONModel.build/JSONModel-generated-files.hmap -I/Users/edz/Library/Developer/Xcode/DerivedData/App-bytlbhqqorqzqidyjovihkqwnkia/Build/Intermediates.noindex/Pods.build/Release-iphonesimulator/JSONModel.build/JSONModel-own-target-headers.hmap -I/Users/edz/Library/Developer/Xcode/DerivedData/App-bytlbhqqorqzqidyjovihkqwnkia/Build/Intermediates.noindex/Pods.build/Release-iphonesimulator/JSONModel.build/JSONModel-all-non-framework-target-headers.hmap -ivfsoverlay /Users/edz/Library/Developer/Xcode/DerivedData/App-bytlbhqqorqzqidyjovihkqwnkia/Build/Intermediates.noindex/Pods.build/Release-iphonesimulator/JSONModel.build/all-product-headers.yaml -iquote /Users/edz/Library/Developer/Xcode/DerivedData/App-bytlbhqqorqzqidyjovihkqwnkia/Build/Intermediates.noindex/Pods.build/Release-iphonesimulator/JSONModel.build/JSONModel-project-headers.hmap -I/Users/edz/Library/Developer/Xcode/DerivedData/App-bytlbhqqorqzqidyjovihkqwnkia/Build/Products/Release-iphonesimulator/JSONModel/include -I/Users/edz/Library/Developer/Xcode/DerivedData/App-bytlbhqqorqzqidyjovihkqwnkia/Build/Intermediates.noindex/Pods.build/Release-iphonesimulator/JSONModel.build/DerivedSources-normal/x86_64 -I/Users/edz/Library/Developer/Xcode/DerivedData/App-bytlbhqqorqzqidyjovihkqwnkia/Build/Intermediates.noindex/Pods.build/Release-iphonesimulator/JSONModel.build/DerivedSources/x86_64 -I/Users/edz/Library/Developer/Xcode/DerivedData/App-bytlbhqqorqzqidyjovihkqwnkia/Build/Intermediates.noindex/Pods.build/Release-iphonesimulator/JSONModel.build/DerivedSources -F/Users/edz/Library/Developer/Xcode/DerivedData/App-bytlbhqqorqzqidyjovihkqwnkia/Build/Products/Release-iphonesimulator/JSONModel -Wincomplete-umbrella -w -Xanalyzer -analyzer-disable-all-checks -include /var/folders/4h/hxvz7hb959j4pw0pvbq686x00000gn/T/CocoaPods-Lint-20200722-25225-196xw43-UIModule/Pods/Target\ Support\ Files/JSONModel/JSONModel-prefix.pch -MMD -MT dependencies -MF /Users/edz/Library/Developer/Xcode/DerivedData/App-bytlbhqqorqzqidyjovihkqwnkia/Build/Intermediates.noindex/Pods.build/Release-iphonesimulator/JSONModel.build/Objects-normal/x86_64/JSONModelClassProperty.d --serialize-diagnostics /Users/edz/Library/Developer/Xcode/DerivedData/App-bytlbhqqorqzqidyjovihkqwnkia/Build/Intermediates.noindex/Pods.build/Release-iphonesimulator/JSONModel.build/Objects-normal/x86_64/JSONModelClassProperty.dia -c /var/folders/4h/hxvz7hb959j4pw0pvbq686x00000gn/T/CocoaPods-Lint-20200722-25225-196xw43-UIModule/Pods/JSONModel/JSONModel/JSONModel/JSONModelClassProperty.m -o /Users/edz/Library/Developer/Xcode/DerivedData/App-bytlbhqqorqzqidyjovihkqwnkia/Build/Intermediates.noindex/Pods.build/Release-iphonesimulator/JSONModel.build/Objects-normal/x86_64/JSONModelClassProperty.o
    
    GenerateDSYMFile /Users/edz/Library/Developer/Xcode/DerivedData/App-bytlbhqqorqzqidyjovihkqwnkia/Build/Products/Release-iphonesimulator/Masonry/Masonry.framework.dSYM /Users/edz/Library/Developer/Xcode/DerivedData/App-bytlbhqqorqzqidyjovihkqwnkia/Build/Products/Release-iphonesimulator/Masonry/Masonry.framework/Masonry (in target 'Masonry' from project 'Pods')
        cd /var/folders/4h/hxvz7hb959j4pw0pvbq686x00000gn/T/CocoaPods-Lint-20200722-25225-196xw43-UIModule/Pods
        /Applications/Xcode.app/Contents/Developer/Toolchains/XcodeDefault.xctoolchain/usr/bin/dsymutil /Users/edz/Library/Developer/Xcode/DerivedData/App-bytlbhqqorqzqidyjovihkqwnkia/Build/Products/Release-iphonesimulator/Masonry/Masonry.framework/Masonry -o /Users/edz/Library/Developer/Xcode/DerivedData/App-bytlbhqqorqzqidyjovihkqwnkia/Build/Products/Release-iphonesimulator/Masonry/Masonry.framework.dSYM
    
    CompileC /Users/edz/Library/Developer/Xcode/DerivedData/App-bytlbhqqorqzqidyjovihkqwnkia/Build/Intermediates.noindex/Pods.build/Release-iphonesimulator/JSONModel.build/Objects-normal/x86_64/JSONModel.o /var/folders/4h/hxvz7hb959j4pw0pvbq686x00000gn/T/CocoaPods-Lint-20200722-25225-196xw43-UIModule/Pods/JSONModel/JSONModel/JSONModel/JSONModel.m normal x86_64 objective-c com.apple.compilers.llvm.clang.1_0.compiler (in target 'JSONModel' from project 'Pods')
        cd /var/folders/4h/hxvz7hb959j4pw0pvbq686x00000gn/T/CocoaPods-Lint-20200722-25225-196xw43-UIModule/Pods
        export LANG=en_US.US-ASCII
        /Applications/Xcode.app/Contents/Developer/Toolchains/XcodeDefault.xctoolchain/usr/bin/clang -x objective-c -target x86_64-apple-ios8.0-simulator -fmessage-length=0 -fdiagnostics-show-note-include-stack -fmacro-backtrace-limit=0 -std=gnu11 -fobjc-arc -fobjc-weak -fmodules -gmodules -fmodules-cache-path=/Users/edz/Library/Developer/Xcode/DerivedData/ModuleCache.noindex -fmodules-prune-interval=86400 -fmodules-prune-after=345600 -fbuild-session-file=/Users/edz/Library/Developer/Xcode/DerivedData/ModuleCache.noindex/Session.modulevalidation -fmodules-validate-once-per-build-session -Wnon-modular-include-in-framework-module -Werror=non-modular-include-in-framework-module -fmodule-name=JSONModel -Wno-trigraphs -fpascal-strings -Os -fno-common -Wno-missing-field-initializers -Wno-missing-prototypes -Werror=return-type -Wdocumentation -Wunreachable-code -Wno-implicit-atomic-properties -Werror=deprecated-objc-isa-usage -Wno-objc-interface-ivars -Werror=objc-root-class -Wno-arc-repeated-use-of-weak -Wimplicit-retain-self -Wduplicate-method-match -Wno-missing-braces -Wparentheses -Wswitch -Wunused-function -Wno-unused-label -Wno-unused-parameter -Wunused-variable -Wunused-value -Wempty-body -Wuninitialized -Wconditional-uninitialized -Wno-unknown-pragmas -Wno-shadow -Wno-four-char-constants -Wno-conversion -Wconstant-conversion -Wint-conversion -Wbool-conversion -Wenum-conversion -Wno-float-conversion -Wnon-literal-null-conversion -Wobjc-literal-conversion -Wshorten-64-to-32 -Wpointer-sign -Wno-newline-eof -Wno-selector -Wno-strict-selector-match -Wundeclared-selector -Wdeprecated-implementations -DPOD_CONFIGURATION_RELEASE=1 -DCOCOAPODS=1 -DNS_BLOCK_ASSERTIONS=1 -DOBJC_OLD_DISPATCH_PROTOTYPES=0 -isysroot /Applications/Xcode.app/Contents/Developer/Platforms/iPhoneSimulator.platform/Developer/SDKs/iPhoneSimulator13.5.sdk -fasm-blocks -fstrict-aliasing -Wprotocol -Wdeprecated-declarations -g -Wno-sign-conversion -Winfinite-recursion -Wcomma -Wblock-capture-autoreleasing -Wstrict-prototypes -Wno-semicolon-before-method-body -Wunguarded-availability -fobjc-abi-version=2 -fobjc-legacy-dispatch -iquote /Users/edz/Library/Developer/Xcode/DerivedData/App-bytlbhqqorqzqidyjovihkqwnkia/Build/Intermediates.noindex/Pods.build/Release-iphonesimulator/JSONModel.build/JSONModel-generated-files.hmap -I/Users/edz/Library/Developer/Xcode/DerivedData/App-bytlbhqqorqzqidyjovihkqwnkia/Build/Intermediates.noindex/Pods.build/Release-iphonesimulator/JSONModel.build/JSONModel-own-target-headers.hmap -I/Users/edz/Library/Developer/Xcode/DerivedData/App-bytlbhqqorqzqidyjovihkqwnkia/Build/Intermediates.noindex/Pods.build/Release-iphonesimulator/JSONModel.build/JSONModel-all-non-framework-target-headers.hmap -ivfsoverlay /Users/edz/Library/Developer/Xcode/DerivedData/App-bytlbhqqorqzqidyjovihkqwnkia/Build/Intermediates.noindex/Pods.build/Release-iphonesimulator/JSONModel.build/all-product-headers.yaml -iquote /Users/edz/Library/Developer/Xcode/DerivedData/App-bytlbhqqorqzqidyjovihkqwnkia/Build/Intermediates.noindex/Pods.build/Release-iphonesimulator/JSONModel.build/JSONModel-project-headers.hmap -I/Users/edz/Library/Developer/Xcode/DerivedData/App-bytlbhqqorqzqidyjovihkqwnkia/Build/Products/Release-iphonesimulator/JSONModel/include -I/Users/edz/Library/Developer/Xcode/DerivedData/App-bytlbhqqorqzqidyjovihkqwnkia/Build/Intermediates.noindex/Pods.build/Release-iphonesimulator/JSONModel.build/DerivedSources-normal/x86_64 -I/Users/edz/Library/Developer/Xcode/DerivedData/App-bytlbhqqorqzqidyjovihkqwnkia/Build/Intermediates.noindex/Pods.build/Release-iphonesimulator/JSONModel.build/DerivedSources/x86_64 -I/Users/edz/Library/Developer/Xcode/DerivedData/App-bytlbhqqorqzqidyjovihkqwnkia/Build/Intermediates.noindex/Pods.build/Release-iphonesimulator/JSONModel.build/DerivedSources -F/Users/edz/Library/Developer/Xcode/DerivedData/App-bytlbhqqorqzqidyjovihkqwnkia/Build/Products/Release-iphonesimulator/JSONModel -Wincomplete-umbrella -w -Xanalyzer -analyzer-disable-all-checks -include /var/folders/4h/hxvz7hb959j4pw0pvbq686x00000gn/T/CocoaPods-Lint-20200722-25225-196xw43-UIModule/Pods/Target\ Support\ Files/JSONModel/JSONModel-prefix.pch -MMD -MT dependencies -MF /Users/edz/Library/Developer/Xcode/DerivedData/App-bytlbhqqorqzqidyjovihkqwnkia/Build/Intermediates.noindex/Pods.build/Release-iphonesimulator/JSONModel.build/Objects-normal/x86_64/JSONModel.d --serialize-diagnostics /Users/edz/Library/Developer/Xcode/DerivedData/App-bytlbhqqorqzqidyjovihkqwnkia/Build/Intermediates.noindex/Pods.build/Release-iphonesimulator/JSONModel.build/Objects-normal/x86_64/JSONModel.dia -c /var/folders/4h/hxvz7hb959j4pw0pvbq686x00000gn/T/CocoaPods-Lint-20200722-25225-196xw43-UIModule/Pods/JSONModel/JSONModel/JSONModel/JSONModel.m -o /Users/edz/Library/Developer/Xcode/DerivedData/App-bytlbhqqorqzqidyjovihkqwnkia/Build/Intermediates.noindex/Pods.build/Release-iphonesimulator/JSONModel.build/Objects-normal/x86_64/JSONModel.o
    
    CompileC /Users/edz/Library/Developer/Xcode/DerivedData/App-bytlbhqqorqzqidyjovihkqwnkia/Build/Intermediates.noindex/Pods.build/Release-iphonesimulator/JSONModel.build/Objects-normal/x86_64/JSONModel-dummy.o /var/folders/4h/hxvz7hb959j4pw0pvbq686x00000gn/T/CocoaPods-Lint-20200722-25225-196xw43-UIModule/Pods/Target\ Support\ Files/JSONModel/JSONModel-dummy.m normal x86_64 objective-c com.apple.compilers.llvm.clang.1_0.compiler (in target 'JSONModel' from project 'Pods')
        cd /var/folders/4h/hxvz7hb959j4pw0pvbq686x00000gn/T/CocoaPods-Lint-20200722-25225-196xw43-UIModule/Pods
        export LANG=en_US.US-ASCII
        /Applications/Xcode.app/Contents/Developer/Toolchains/XcodeDefault.xctoolchain/usr/bin/clang -x objective-c -target x86_64-apple-ios8.0-simulator -fmessage-length=0 -fdiagnostics-show-note-include-stack -fmacro-backtrace-limit=0 -std=gnu11 -fobjc-arc -fobjc-weak -fmodules -gmodules -fmodules-cache-path=/Users/edz/Library/Developer/Xcode/DerivedData/ModuleCache.noindex -fmodules-prune-interval=86400 -fmodules-prune-after=345600 -fbuild-session-file=/Users/edz/Library/Developer/Xcode/DerivedData/ModuleCache.noindex/Session.modulevalidation -fmodules-validate-once-per-build-session -Wnon-modular-include-in-framework-module -Werror=non-modular-include-in-framework-module -fmodule-name=JSONModel -Wno-trigraphs -fpascal-strings -Os -fno-common -Wno-missing-field-initializers -Wno-missing-prototypes -Werror=return-type -Wdocumentation -Wunreachable-code -Wno-implicit-atomic-properties -Werror=deprecated-objc-isa-usage -Wno-objc-interface-ivars -Werror=objc-root-class -Wno-arc-repeated-use-of-weak -Wimplicit-retain-self -Wduplicate-method-match -Wno-missing-braces -Wparentheses -Wswitch -Wunused-function -Wno-unused-label -Wno-unused-parameter -Wunused-variable -Wunused-value -Wempty-body -Wuninitialized -Wconditional-uninitialized -Wno-unknown-pragmas -Wno-shadow -Wno-four-char-constants -Wno-conversion -Wconstant-conversion -Wint-conversion -Wbool-conversion -Wenum-conversion -Wno-float-conversion -Wnon-literal-null-conversion -Wobjc-literal-conversion -Wshorten-64-to-32 -Wpointer-sign -Wno-newline-eof -Wno-selector -Wno-strict-selector-match -Wundeclared-selector -Wdeprecated-implementations -DPOD_CONFIGURATION_RELEASE=1 -DCOCOAPODS=1 -DNS_BLOCK_ASSERTIONS=1 -DOBJC_OLD_DISPATCH_PROTOTYPES=0 -isysroot /Applications/Xcode.app/Contents/Developer/Platforms/iPhoneSimulator.platform/Developer/SDKs/iPhoneSimulator13.5.sdk -fasm-blocks -fstrict-aliasing -Wprotocol -Wdeprecated-declarations -g -Wno-sign-conversion -Winfinite-recursion -Wcomma -Wblock-capture-autoreleasing -Wstrict-prototypes -Wno-semicolon-before-method-body -Wunguarded-availability -fobjc-abi-version=2 -fobjc-legacy-dispatch -iquote /Users/edz/Library/Developer/Xcode/DerivedData/App-bytlbhqqorqzqidyjovihkqwnkia/Build/Intermediates.noindex/Pods.build/Release-iphonesimulator/JSONModel.build/JSONModel-generated-files.hmap -I/Users/edz/Library/Developer/Xcode/DerivedData/App-bytlbhqqorqzqidyjovihkqwnkia/Build/Intermediates.noindex/Pods.build/Release-iphonesimulator/JSONModel.build/JSONModel-own-target-headers.hmap -I/Users/edz/Library/Developer/Xcode/DerivedData/App-bytlbhqqorqzqidyjovihkqwnkia/Build/Intermediates.noindex/Pods.build/Release-iphonesimulator/JSONModel.build/JSONModel-all-non-framework-target-headers.hmap -ivfsoverlay /Users/edz/Library/Developer/Xcode/DerivedData/App-bytlbhqqorqzqidyjovihkqwnkia/Build/Intermediates.noindex/Pods.build/Release-iphonesimulator/JSONModel.build/all-product-headers.yaml -iquote /Users/edz/Library/Developer/Xcode/DerivedData/App-bytlbhqqorqzqidyjovihkqwnkia/Build/Intermediates.noindex/Pods.build/Release-iphonesimulator/JSONModel.build/JSONModel-project-headers.hmap -I/Users/edz/Library/Developer/Xcode/DerivedData/App-bytlbhqqorqzqidyjovihkqwnkia/Build/Products/Release-iphonesimulator/JSONModel/include -I/Users/edz/Library/Developer/Xcode/DerivedData/App-bytlbhqqorqzqidyjovihkqwnkia/Build/Intermediates.noindex/Pods.build/Release-iphonesimulator/JSONModel.build/DerivedSources-normal/x86_64 -I/Users/edz/Library/Developer/Xcode/DerivedData/App-bytlbhqqorqzqidyjovihkqwnkia/Build/Intermediates.noindex/Pods.build/Release-iphonesimulator/JSONModel.build/DerivedSources/x86_64 -I/Users/edz/Library/Developer/Xcode/DerivedData/App-bytlbhqqorqzqidyjovihkqwnkia/Build/Intermediates.noindex/Pods.build/Release-iphonesimulator/JSONModel.build/DerivedSources -F/Users/edz/Library/Developer/Xcode/DerivedData/App-bytlbhqqorqzqidyjovihkqwnkia/Build/Products/Release-iphonesimulator/JSONModel -Wincomplete-umbrella -include /var/folders/4h/hxvz7hb959j4pw0pvbq686x00000gn/T/CocoaPods-Lint-20200722-25225-196xw43-UIModule/Pods/Target\ Support\ Files/JSONModel/JSONModel-prefix.pch -MMD -MT dependencies -MF /Users/edz/Library/Developer/Xcode/DerivedData/App-bytlbhqqorqzqidyjovihkqwnkia/Build/Intermediates.noindex/Pods.build/Release-iphonesimulator/JSONModel.build/Objects-normal/x86_64/JSONModel-dummy.d --serialize-diagnostics /Users/edz/Library/Developer/Xcode/DerivedData/App-bytlbhqqorqzqidyjovihkqwnkia/Build/Intermediates.noindex/Pods.build/Release-iphonesimulator/JSONModel.build/Objects-normal/x86_64/JSONModel-dummy.dia -c /var/folders/4h/hxvz7hb959j4pw0pvbq686x00000gn/T/CocoaPods-Lint-20200722-25225-196xw43-UIModule/Pods/Target\ Support\ Files/JSONModel/JSONModel-dummy.m -o /Users/edz/Library/Developer/Xcode/DerivedData/App-bytlbhqqorqzqidyjovihkqwnkia/Build/Intermediates.noindex/Pods.build/Release-iphonesimulator/JSONModel.build/Objects-normal/x86_64/JSONModel-dummy.o
    
    CompileC /Users/edz/Library/Developer/Xcode/DerivedData/App-bytlbhqqorqzqidyjovihkqwnkia/Build/Intermediates.noindex/Pods.build/Release-iphonesimulator/JSONModel.build/Objects-normal/x86_64/JSONModel+networking.o /var/folders/4h/hxvz7hb959j4pw0pvbq686x00000gn/T/CocoaPods-Lint-20200722-25225-196xw43-UIModule/Pods/JSONModel/JSONModel/JSONModelNetworking/JSONModel+networking.m normal x86_64 objective-c com.apple.compilers.llvm.clang.1_0.compiler (in target 'JSONModel' from project 'Pods')
        cd /var/folders/4h/hxvz7hb959j4pw0pvbq686x00000gn/T/CocoaPods-Lint-20200722-25225-196xw43-UIModule/Pods
        export LANG=en_US.US-ASCII
        /Applications/Xcode.app/Contents/Developer/Toolchains/XcodeDefault.xctoolchain/usr/bin/clang -x objective-c -target x86_64-apple-ios8.0-simulator -fmessage-length=0 -fdiagnostics-show-note-include-stack -fmacro-backtrace-limit=0 -std=gnu11 -fobjc-arc -fobjc-weak -fmodules -gmodules -fmodules-cache-path=/Users/edz/Library/Developer/Xcode/DerivedData/ModuleCache.noindex -fmodules-prune-interval=86400 -fmodules-prune-after=345600 -fbuild-session-file=/Users/edz/Library/Developer/Xcode/DerivedData/ModuleCache.noindex/Session.modulevalidation -fmodules-validate-once-per-build-session -Wnon-modular-include-in-framework-module -Werror=non-modular-include-in-framework-module -fmodule-name=JSONModel -Wno-trigraphs -fpascal-strings -Os -fno-common -Wno-missing-field-initializers -Wno-missing-prototypes -Werror=return-type -Wdocumentation -Wunreachable-code -Wno-implicit-atomic-properties -Werror=deprecated-objc-isa-usage -Wno-objc-interface-ivars -Werror=objc-root-class -Wno-arc-repeated-use-of-weak -Wimplicit-retain-self -Wduplicate-method-match -Wno-missing-braces -Wparentheses -Wswitch -Wunused-function -Wno-unused-label -Wno-unused-parameter -Wunused-variable -Wunused-value -Wempty-body -Wuninitialized -Wconditional-uninitialized -Wno-unknown-pragmas -Wno-shadow -Wno-four-char-constants -Wno-conversion -Wconstant-conversion -Wint-conversion -Wbool-conversion -Wenum-conversion -Wno-float-conversion -Wnon-literal-null-conversion -Wobjc-literal-conversion -Wshorten-64-to-32 -Wpointer-sign -Wno-newline-eof -Wno-selector -Wno-strict-selector-match -Wundeclared-selector -Wdeprecated-implementations -DPOD_CONFIGURATION_RELEASE=1 -DCOCOAPODS=1 -DNS_BLOCK_ASSERTIONS=1 -DOBJC_OLD_DISPATCH_PROTOTYPES=0 -isysroot /Applications/Xcode.app/Contents/Developer/Platforms/iPhoneSimulator.platform/Developer/SDKs/iPhoneSimulator13.5.sdk -fasm-blocks -fstrict-aliasing -Wprotocol -Wdeprecated-declarations -g -Wno-sign-conversion -Winfinite-recursion -Wcomma -Wblock-capture-autoreleasing -Wstrict-prototypes -Wno-semicolon-before-method-body -Wunguarded-availability -fobjc-abi-version=2 -fobjc-legacy-dispatch -iquote /Users/edz/Library/Developer/Xcode/DerivedData/App-bytlbhqqorqzqidyjovihkqwnkia/Build/Intermediates.noindex/Pods.build/Release-iphonesimulator/JSONModel.build/JSONModel-generated-files.hmap -I/Users/edz/Library/Developer/Xcode/DerivedData/App-bytlbhqqorqzqidyjovihkqwnkia/Build/Intermediates.noindex/Pods.build/Release-iphonesimulator/JSONModel.build/JSONModel-own-target-headers.hmap -I/Users/edz/Library/Developer/Xcode/DerivedData/App-bytlbhqqorqzqidyjovihkqwnkia/Build/Intermediates.noindex/Pods.build/Release-iphonesimulator/JSONModel.build/JSONModel-all-non-framework-target-headers.hmap -ivfsoverlay /Users/edz/Library/Developer/Xcode/DerivedData/App-bytlbhqqorqzqidyjovihkqwnkia/Build/Intermediates.noindex/Pods.build/Release-iphonesimulator/JSONModel.build/all-product-headers.yaml -iquote /Users/edz/Library/Developer/Xcode/DerivedData/App-bytlbhqqorqzqidyjovihkqwnkia/Build/Intermediates.noindex/Pods.build/Release-iphonesimulator/JSONModel.build/JSONModel-project-headers.hmap -I/Users/edz/Library/Developer/Xcode/DerivedData/App-bytlbhqqorqzqidyjovihkqwnkia/Build/Products/Release-iphonesimulator/JSONModel/include -I/Users/edz/Library/Developer/Xcode/DerivedData/App-bytlbhqqorqzqidyjovihkqwnkia/Build/Intermediates.noindex/Pods.build/Release-iphonesimulator/JSONModel.build/DerivedSources-normal/x86_64 -I/Users/edz/Library/Developer/Xcode/DerivedData/App-bytlbhqqorqzqidyjovihkqwnkia/Build/Intermediates.noindex/Pods.build/Release-iphonesimulator/JSONModel.build/DerivedSources/x86_64 -I/Users/edz/Library/Developer/Xcode/DerivedData/App-bytlbhqqorqzqidyjovihkqwnkia/Build/Intermediates.noindex/Pods.build/Release-iphonesimulator/JSONModel.build/DerivedSources -F/Users/edz/Library/Developer/Xcode/DerivedData/App-bytlbhqqorqzqidyjovihkqwnkia/Build/Products/Release-iphonesimulator/JSONModel -Wincomplete-umbrella -w -Xanalyzer -analyzer-disable-all-checks -include /var/folders/4h/hxvz7hb959j4pw0pvbq686x00000gn/T/CocoaPods-Lint-20200722-25225-196xw43-UIModule/Pods/Target\ Support\ Files/JSONModel/JSONModel-prefix.pch -MMD -MT dependencies -MF /Users/edz/Library/Developer/Xcode/DerivedData/App-bytlbhqqorqzqidyjovihkqwnkia/Build/Intermediates.noindex/Pods.build/Release-iphonesimulator/JSONModel.build/Objects-normal/x86_64/JSONModel+networking.d --serialize-diagnostics /Users/edz/Library/Developer/Xcode/DerivedData/App-bytlbhqqorqzqidyjovihkqwnkia/Build/Intermediates.noindex/Pods.build/Release-iphonesimulator/JSONModel.build/Objects-normal/x86_64/JSONModel+networking.dia -c /var/folders/4h/hxvz7hb959j4pw0pvbq686x00000gn/T/CocoaPods-Lint-20200722-25225-196xw43-UIModule/Pods/JSONModel/JSONModel/JSONModelNetworking/JSONModel+networking.m -o /Users/edz/Library/Developer/Xcode/DerivedData/App-bytlbhqqorqzqidyjovihkqwnkia/Build/Intermediates.noindex/Pods.build/Release-iphonesimulator/JSONModel.build/Objects-normal/x86_64/JSONModel+networking.o
    
    CompileC /Users/edz/Library/Developer/Xcode/DerivedData/App-bytlbhqqorqzqidyjovihkqwnkia/Build/Intermediates.noindex/Pods.build/Release-iphonesimulator/JSONModel.build/Objects-normal/x86_64/JSONKeyMapper.o /var/folders/4h/hxvz7hb959j4pw0pvbq686x00000gn/T/CocoaPods-Lint-20200722-25225-196xw43-UIModule/Pods/JSONModel/JSONModel/JSONModelTransformations/JSONKeyMapper.m normal x86_64 objective-c com.apple.compilers.llvm.clang.1_0.compiler (in target 'JSONModel' from project 'Pods')
        cd /var/folders/4h/hxvz7hb959j4pw0pvbq686x00000gn/T/CocoaPods-Lint-20200722-25225-196xw43-UIModule/Pods
        export LANG=en_US.US-ASCII
        /Applications/Xcode.app/Contents/Developer/Toolchains/XcodeDefault.xctoolchain/usr/bin/clang -x objective-c -target x86_64-apple-ios8.0-simulator -fmessage-length=0 -fdiagnostics-show-note-include-stack -fmacro-backtrace-limit=0 -std=gnu11 -fobjc-arc -fobjc-weak -fmodules -gmodules -fmodules-cache-path=/Users/edz/Library/Developer/Xcode/DerivedData/ModuleCache.noindex -fmodules-prune-interval=86400 -fmodules-prune-after=345600 -fbuild-session-file=/Users/edz/Library/Developer/Xcode/DerivedData/ModuleCache.noindex/Session.modulevalidation -fmodules-validate-once-per-build-session -Wnon-modular-include-in-framework-module -Werror=non-modular-include-in-framework-module -fmodule-name=JSONModel -Wno-trigraphs -fpascal-strings -Os -fno-common -Wno-missing-field-initializers -Wno-missing-prototypes -Werror=return-type -Wdocumentation -Wunreachable-code -Wno-implicit-atomic-properties -Werror=deprecated-objc-isa-usage -Wno-objc-interface-ivars -Werror=objc-root-class -Wno-arc-repeated-use-of-weak -Wimplicit-retain-self -Wduplicate-method-match -Wno-missing-braces -Wparentheses -Wswitch -Wunused-function -Wno-unused-label -Wno-unused-parameter -Wunused-variable -Wunused-value -Wempty-body -Wuninitialized -Wconditional-uninitialized -Wno-unknown-pragmas -Wno-shadow -Wno-four-char-constants -Wno-conversion -Wconstant-conversion -Wint-conversion -Wbool-conversion -Wenum-conversion -Wno-float-conversion -Wnon-literal-null-conversion -Wobjc-literal-conversion -Wshorten-64-to-32 -Wpointer-sign -Wno-newline-eof -Wno-selector -Wno-strict-selector-match -Wundeclared-selector -Wdeprecated-implementations -DPOD_CONFIGURATION_RELEASE=1 -DCOCOAPODS=1 -DNS_BLOCK_ASSERTIONS=1 -DOBJC_OLD_DISPATCH_PROTOTYPES=0 -isysroot /Applications/Xcode.app/Contents/Developer/Platforms/iPhoneSimulator.platform/Developer/SDKs/iPhoneSimulator13.5.sdk -fasm-blocks -fstrict-aliasing -Wprotocol -Wdeprecated-declarations -g -Wno-sign-conversion -Winfinite-recursion -Wcomma -Wblock-capture-autoreleasing -Wstrict-prototypes -Wno-semicolon-before-method-body -Wunguarded-availability -fobjc-abi-version=2 -fobjc-legacy-dispatch -iquote /Users/edz/Library/Developer/Xcode/DerivedData/App-bytlbhqqorqzqidyjovihkqwnkia/Build/Intermediates.noindex/Pods.build/Release-iphonesimulator/JSONModel.build/JSONModel-generated-files.hmap -I/Users/edz/Library/Developer/Xcode/DerivedData/App-bytlbhqqorqzqidyjovihkqwnkia/Build/Intermediates.noindex/Pods.build/Release-iphonesimulator/JSONModel.build/JSONModel-own-target-headers.hmap -I/Users/edz/Library/Developer/Xcode/DerivedData/App-bytlbhqqorqzqidyjovihkqwnkia/Build/Intermediates.noindex/Pods.build/Release-iphonesimulator/JSONModel.build/JSONModel-all-non-framework-target-headers.hmap -ivfsoverlay /Users/edz/Library/Developer/Xcode/DerivedData/App-bytlbhqqorqzqidyjovihkqwnkia/Build/Intermediates.noindex/Pods.build/Release-iphonesimulator/JSONModel.build/all-product-headers.yaml -iquote /Users/edz/Library/Developer/Xcode/DerivedData/App-bytlbhqqorqzqidyjovihkqwnkia/Build/Intermediates.noindex/Pods.build/Release-iphonesimulator/JSONModel.build/JSONModel-project-headers.hmap -I/Users/edz/Library/Developer/Xcode/DerivedData/App-bytlbhqqorqzqidyjovihkqwnkia/Build/Products/Release-iphonesimulator/JSONModel/include -I/Users/edz/Library/Developer/Xcode/DerivedData/App-bytlbhqqorqzqidyjovihkqwnkia/Build/Intermediates.noindex/Pods.build/Release-iphonesimulator/JSONModel.build/DerivedSources-normal/x86_64 -I/Users/edz/Library/Developer/Xcode/DerivedData/App-bytlbhqqorqzqidyjovihkqwnkia/Build/Intermediates.noindex/Pods.build/Release-iphonesimulator/JSONModel.build/DerivedSources/x86_64 -I/Users/edz/Library/Developer/Xcode/DerivedData/App-bytlbhqqorqzqidyjovihkqwnkia/Build/Intermediates.noindex/Pods.build/Release-iphonesimulator/JSONModel.build/DerivedSources -F/Users/edz/Library/Developer/Xcode/DerivedData/App-bytlbhqqorqzqidyjovihkqwnkia/Build/Products/Release-iphonesimulator/JSONModel -Wincomplete-umbrella -w -Xanalyzer -analyzer-disable-all-checks -include /var/folders/4h/hxvz7hb959j4pw0pvbq686x00000gn/T/CocoaPods-Lint-20200722-25225-196xw43-UIModule/Pods/Target\ Support\ Files/JSONModel/JSONModel-prefix.pch -MMD -MT dependencies -MF /Users/edz/Library/Developer/Xcode/DerivedData/App-bytlbhqqorqzqidyjovihkqwnkia/Build/Intermediates.noindex/Pods.build/Release-iphonesimulator/JSONModel.build/Objects-normal/x86_64/JSONKeyMapper.d --serialize-diagnostics /Users/edz/Library/Developer/Xcode/DerivedData/App-bytlbhqqorqzqidyjovihkqwnkia/Build/Intermediates.noindex/Pods.build/Release-iphonesimulator/JSONModel.build/Objects-normal/x86_64/JSONKeyMapper.dia -c /var/folders/4h/hxvz7hb959j4pw0pvbq686x00000gn/T/CocoaPods-Lint-20200722-25225-196xw43-UIModule/Pods/JSONModel/JSONModel/JSONModelTransformations/JSONKeyMapper.m -o /Users/edz/Library/Developer/Xcode/DerivedData/App-bytlbhqqorqzqidyjovihkqwnkia/Build/Intermediates.noindex/Pods.build/Release-iphonesimulator/JSONModel.build/Objects-normal/x86_64/JSONKeyMapper.o
    
    CompileC /Users/edz/Library/Developer/Xcode/DerivedData/App-bytlbhqqorqzqidyjovihkqwnkia/Build/Intermediates.noindex/Pods.build/Release-iphonesimulator/JSONModel.build/Objects-normal/x86_64/JSONHTTPClient.o /var/folders/4h/hxvz7hb959j4pw0pvbq686x00000gn/T/CocoaPods-Lint-20200722-25225-196xw43-UIModule/Pods/JSONModel/JSONModel/JSONModelNetworking/JSONHTTPClient.m normal x86_64 objective-c com.apple.compilers.llvm.clang.1_0.compiler (in target 'JSONModel' from project 'Pods')
        cd /var/folders/4h/hxvz7hb959j4pw0pvbq686x00000gn/T/CocoaPods-Lint-20200722-25225-196xw43-UIModule/Pods
        export LANG=en_US.US-ASCII
        /Applications/Xcode.app/Contents/Developer/Toolchains/XcodeDefault.xctoolchain/usr/bin/clang -x objective-c -target x86_64-apple-ios8.0-simulator -fmessage-length=0 -fdiagnostics-show-note-include-stack -fmacro-backtrace-limit=0 -std=gnu11 -fobjc-arc -fobjc-weak -fmodules -gmodules -fmodules-cache-path=/Users/edz/Library/Developer/Xcode/DerivedData/ModuleCache.noindex -fmodules-prune-interval=86400 -fmodules-prune-after=345600 -fbuild-session-file=/Users/edz/Library/Developer/Xcode/DerivedData/ModuleCache.noindex/Session.modulevalidation -fmodules-validate-once-per-build-session -Wnon-modular-include-in-framework-module -Werror=non-modular-include-in-framework-module -fmodule-name=JSONModel -Wno-trigraphs -fpascal-strings -Os -fno-common -Wno-missing-field-initializers -Wno-missing-prototypes -Werror=return-type -Wdocumentation -Wunreachable-code -Wno-implicit-atomic-properties -Werror=deprecated-objc-isa-usage -Wno-objc-interface-ivars -Werror=objc-root-class -Wno-arc-repeated-use-of-weak -Wimplicit-retain-self -Wduplicate-method-match -Wno-missing-braces -Wparentheses -Wswitch -Wunused-function -Wno-unused-label -Wno-unused-parameter -Wunused-variable -Wunused-value -Wempty-body -Wuninitialized -Wconditional-uninitialized -Wno-unknown-pragmas -Wno-shadow -Wno-four-char-constants -Wno-conversion -Wconstant-conversion -Wint-conversion -Wbool-conversion -Wenum-conversion -Wno-float-conversion -Wnon-literal-null-conversion -Wobjc-literal-conversion -Wshorten-64-to-32 -Wpointer-sign -Wno-newline-eof -Wno-selector -Wno-strict-selector-match -Wundeclared-selector -Wdeprecated-implementations -DPOD_CONFIGURATION_RELEASE=1 -DCOCOAPODS=1 -DNS_BLOCK_ASSERTIONS=1 -DOBJC_OLD_DISPATCH_PROTOTYPES=0 -isysroot /Applications/Xcode.app/Contents/Developer/Platforms/iPhoneSimulator.platform/Developer/SDKs/iPhoneSimulator13.5.sdk -fasm-blocks -fstrict-aliasing -Wprotocol -Wdeprecated-declarations -g -Wno-sign-conversion -Winfinite-recursion -Wcomma -Wblock-capture-autoreleasing -Wstrict-prototypes -Wno-semicolon-before-method-body -Wunguarded-availability -fobjc-abi-version=2 -fobjc-legacy-dispatch -iquote /Users/edz/Library/Developer/Xcode/DerivedData/App-bytlbhqqorqzqidyjovihkqwnkia/Build/Intermediates.noindex/Pods.build/Release-iphonesimulator/JSONModel.build/JSONModel-generated-files.hmap -I/Users/edz/Library/Developer/Xcode/DerivedData/App-bytlbhqqorqzqidyjovihkqwnkia/Build/Intermediates.noindex/Pods.build/Release-iphonesimulator/JSONModel.build/JSONModel-own-target-headers.hmap -I/Users/edz/Library/Developer/Xcode/DerivedData/App-bytlbhqqorqzqidyjovihkqwnkia/Build/Intermediates.noindex/Pods.build/Release-iphonesimulator/JSONModel.build/JSONModel-all-non-framework-target-headers.hmap -ivfsoverlay /Users/edz/Library/Developer/Xcode/DerivedData/App-bytlbhqqorqzqidyjovihkqwnkia/Build/Intermediates.noindex/Pods.build/Release-iphonesimulator/JSONModel.build/all-product-headers.yaml -iquote /Users/edz/Library/Developer/Xcode/DerivedData/App-bytlbhqqorqzqidyjovihkqwnkia/Build/Intermediates.noindex/Pods.build/Release-iphonesimulator/JSONModel.build/JSONModel-project-headers.hmap -I/Users/edz/Library/Developer/Xcode/DerivedData/App-bytlbhqqorqzqidyjovihkqwnkia/Build/Products/Release-iphonesimulator/JSONModel/include -I/Users/edz/Library/Developer/Xcode/DerivedData/App-bytlbhqqorqzqidyjovihkqwnkia/Build/Intermediates.noindex/Pods.build/Release-iphonesimulator/JSONModel.build/DerivedSources-normal/x86_64 -I/Users/edz/Library/Developer/Xcode/DerivedData/App-bytlbhqqorqzqidyjovihkqwnkia/Build/Intermediates.noindex/Pods.build/Release-iphonesimulator/JSONModel.build/DerivedSources/x86_64 -I/Users/edz/Library/Developer/Xcode/DerivedData/App-bytlbhqqorqzqidyjovihkqwnkia/Build/Intermediates.noindex/Pods.build/Release-iphonesimulator/JSONModel.build/DerivedSources -F/Users/edz/Library/Developer/Xcode/DerivedData/App-bytlbhqqorqzqidyjovihkqwnkia/Build/Products/Release-iphonesimulator/JSONModel -Wincomplete-umbrella -w -Xanalyzer -analyzer-disable-all-checks -include /var/folders/4h/hxvz7hb959j4pw0pvbq686x00000gn/T/CocoaPods-Lint-20200722-25225-196xw43-UIModule/Pods/Target\ Support\ Files/JSONModel/JSONModel-prefix.pch -MMD -MT dependencies -MF /Users/edz/Library/Developer/Xcode/DerivedData/App-bytlbhqqorqzqidyjovihkqwnkia/Build/Intermediates.noindex/Pods.build/Release-iphonesimulator/JSONModel.build/Objects-normal/x86_64/JSONHTTPClient.d --serialize-diagnostics /Users/edz/Library/Developer/Xcode/DerivedData/App-bytlbhqqorqzqidyjovihkqwnkia/Build/Intermediates.noindex/Pods.build/Release-iphonesimulator/JSONModel.build/Objects-normal/x86_64/JSONHTTPClient.dia -c /var/folders/4h/hxvz7hb959j4pw0pvbq686x00000gn/T/CocoaPods-Lint-20200722-25225-196xw43-UIModule/Pods/JSONModel/JSONModel/JSONModelNetworking/JSONHTTPClient.m -o /Users/edz/Library/Developer/Xcode/DerivedData/App-bytlbhqqorqzqidyjovihkqwnkia/Build/Intermediates.noindex/Pods.build/Release-iphonesimulator/JSONModel.build/Objects-normal/x86_64/JSONHTTPClient.o
    
    CompileC /Users/edz/Library/Developer/Xcode/DerivedData/App-bytlbhqqorqzqidyjovihkqwnkia/Build/Intermediates.noindex/Pods.build/Release-iphonesimulator/JSONModel.build/Objects-normal/x86_64/JSONAPI.o /var/folders/4h/hxvz7hb959j4pw0pvbq686x00000gn/T/CocoaPods-Lint-20200722-25225-196xw43-UIModule/Pods/JSONModel/JSONModel/JSONModelNetworking/JSONAPI.m normal x86_64 objective-c com.apple.compilers.llvm.clang.1_0.compiler (in target 'JSONModel' from project 'Pods')
        cd /var/folders/4h/hxvz7hb959j4pw0pvbq686x00000gn/T/CocoaPods-Lint-20200722-25225-196xw43-UIModule/Pods
        export LANG=en_US.US-ASCII
        /Applications/Xcode.app/Contents/Developer/Toolchains/XcodeDefault.xctoolchain/usr/bin/clang -x objective-c -target x86_64-apple-ios8.0-simulator -fmessage-length=0 -fdiagnostics-show-note-include-stack -fmacro-backtrace-limit=0 -std=gnu11 -fobjc-arc -fobjc-weak -fmodules -gmodules -fmodules-cache-path=/Users/edz/Library/Developer/Xcode/DerivedData/ModuleCache.noindex -fmodules-prune-interval=86400 -fmodules-prune-after=345600 -fbuild-session-file=/Users/edz/Library/Developer/Xcode/DerivedData/ModuleCache.noindex/Session.modulevalidation -fmodules-validate-once-per-build-session -Wnon-modular-include-in-framework-module -Werror=non-modular-include-in-framework-module -fmodule-name=JSONModel -Wno-trigraphs -fpascal-strings -Os -fno-common -Wno-missing-field-initializers -Wno-missing-prototypes -Werror=return-type -Wdocumentation -Wunreachable-code -Wno-implicit-atomic-properties -Werror=deprecated-objc-isa-usage -Wno-objc-interface-ivars -Werror=objc-root-class -Wno-arc-repeated-use-of-weak -Wimplicit-retain-self -Wduplicate-method-match -Wno-missing-braces -Wparentheses -Wswitch -Wunused-function -Wno-unused-label -Wno-unused-parameter -Wunused-variable -Wunused-value -Wempty-body -Wuninitialized -Wconditional-uninitialized -Wno-unknown-pragmas -Wno-shadow -Wno-four-char-constants -Wno-conversion -Wconstant-conversion -Wint-conversion -Wbool-conversion -Wenum-conversion -Wno-float-conversion -Wnon-literal-null-conversion -Wobjc-literal-conversion -Wshorten-64-to-32 -Wpointer-sign -Wno-newline-eof -Wno-selector -Wno-strict-selector-match -Wundeclared-selector -Wdeprecated-implementations -DPOD_CONFIGURATION_RELEASE=1 -DCOCOAPODS=1 -DNS_BLOCK_ASSERTIONS=1 -DOBJC_OLD_DISPATCH_PROTOTYPES=0 -isysroot /Applications/Xcode.app/Contents/Developer/Platforms/iPhoneSimulator.platform/Developer/SDKs/iPhoneSimulator13.5.sdk -fasm-blocks -fstrict-aliasing -Wprotocol -Wdeprecated-declarations -g -Wno-sign-conversion -Winfinite-recursion -Wcomma -Wblock-capture-autoreleasing -Wstrict-prototypes -Wno-semicolon-before-method-body -Wunguarded-availability -fobjc-abi-version=2 -fobjc-legacy-dispatch -iquote /Users/edz/Library/Developer/Xcode/DerivedData/App-bytlbhqqorqzqidyjovihkqwnkia/Build/Intermediates.noindex/Pods.build/Release-iphonesimulator/JSONModel.build/JSONModel-generated-files.hmap -I/Users/edz/Library/Developer/Xcode/DerivedData/App-bytlbhqqorqzqidyjovihkqwnkia/Build/Intermediates.noindex/Pods.build/Release-iphonesimulator/JSONModel.build/JSONModel-own-target-headers.hmap -I/Users/edz/Library/Developer/Xcode/DerivedData/App-bytlbhqqorqzqidyjovihkqwnkia/Build/Intermediates.noindex/Pods.build/Release-iphonesimulator/JSONModel.build/JSONModel-all-non-framework-target-headers.hmap -ivfsoverlay /Users/edz/Library/Developer/Xcode/DerivedData/App-bytlbhqqorqzqidyjovihkqwnkia/Build/Intermediates.noindex/Pods.build/Release-iphonesimulator/JSONModel.build/all-product-headers.yaml -iquote /Users/edz/Library/Developer/Xcode/DerivedData/App-bytlbhqqorqzqidyjovihkqwnkia/Build/Intermediates.noindex/Pods.build/Release-iphonesimulator/JSONModel.build/JSONModel-project-headers.hmap -I/Users/edz/Library/Developer/Xcode/DerivedData/App-bytlbhqqorqzqidyjovihkqwnkia/Build/Products/Release-iphonesimulator/JSONModel/include -I/Users/edz/Library/Developer/Xcode/DerivedData/App-bytlbhqqorqzqidyjovihkqwnkia/Build/Intermediates.noindex/Pods.build/Release-iphonesimulator/JSONModel.build/DerivedSources-normal/x86_64 -I/Users/edz/Library/Developer/Xcode/DerivedData/App-bytlbhqqorqzqidyjovihkqwnkia/Build/Intermediates.noindex/Pods.build/Release-iphonesimulator/JSONModel.build/DerivedSources/x86_64 -I/Users/edz/Library/Developer/Xcode/DerivedData/App-bytlbhqqorqzqidyjovihkqwnkia/Build/Intermediates.noindex/Pods.build/Release-iphonesimulator/JSONModel.build/DerivedSources -F/Users/edz/Library/Developer/Xcode/DerivedData/App-bytlbhqqorqzqidyjovihkqwnkia/Build/Products/Release-iphonesimulator/JSONModel -Wincomplete-umbrella -w -Xanalyzer -analyzer-disable-all-checks -include /var/folders/4h/hxvz7hb959j4pw0pvbq686x00000gn/T/CocoaPods-Lint-20200722-25225-196xw43-UIModule/Pods/Target\ Support\ Files/JSONModel/JSONModel-prefix.pch -MMD -MT dependencies -MF /Users/edz/Library/Developer/Xcode/DerivedData/App-bytlbhqqorqzqidyjovihkqwnkia/Build/Intermediates.noindex/Pods.build/Release-iphonesimulator/JSONModel.build/Objects-normal/x86_64/JSONAPI.d --serialize-diagnostics /Users/edz/Library/Developer/Xcode/DerivedData/App-bytlbhqqorqzqidyjovihkqwnkia/Build/Intermediates.noindex/Pods.build/Release-iphonesimulator/JSONModel.build/Objects-normal/x86_64/JSONAPI.dia -c /var/folders/4h/hxvz7hb959j4pw0pvbq686x00000gn/T/CocoaPods-Lint-20200722-25225-196xw43-UIModule/Pods/JSONModel/JSONModel/JSONModelNetworking/JSONAPI.m -o /Users/edz/Library/Developer/Xcode/DerivedData/App-bytlbhqqorqzqidyjovihkqwnkia/Build/Intermediates.noindex/Pods.build/Release-iphonesimulator/JSONModel.build/Objects-normal/x86_64/JSONAPI.o
    
    WriteAuxiliaryFile /Users/edz/Library/Developer/Xcode/DerivedData/App-bytlbhqqorqzqidyjovihkqwnkia/Build/Intermediates.noindex/Pods.build/Release-iphonesimulator/AFNetworking.build/Objects-normal/x86_64/AFNetworking.LinkFileList (in target 'AFNetworking' from project 'Pods')
        cd /var/folders/4h/hxvz7hb959j4pw0pvbq686x00000gn/T/CocoaPods-Lint-20200722-25225-196xw43-UIModule/Pods
        write-file /Users/edz/Library/Developer/Xcode/DerivedData/App-bytlbhqqorqzqidyjovihkqwnkia/Build/Intermediates.noindex/Pods.build/Release-iphonesimulator/AFNetworking.build/Objects-normal/x86_64/AFNetworking.LinkFileList
    
    Ld /Users/edz/Library/Developer/Xcode/DerivedData/App-bytlbhqqorqzqidyjovihkqwnkia/Build/Products/Release-iphonesimulator/MBProgressHUD/MBProgressHUD.framework/MBProgressHUD normal x86_64 (in target 'MBProgressHUD' from project 'Pods')
        cd /var/folders/4h/hxvz7hb959j4pw0pvbq686x00000gn/T/CocoaPods-Lint-20200722-25225-196xw43-UIModule/Pods
        /Applications/Xcode.app/Contents/Developer/Toolchains/XcodeDefault.xctoolchain/usr/bin/clang -target x86_64-apple-ios8.0-simulator -dynamiclib -isysroot /Applications/Xcode.app/Contents/Developer/Platforms/iPhoneSimulator.platform/Developer/SDKs/iPhoneSimulator13.5.sdk -L/Users/edz/Library/Developer/Xcode/DerivedData/App-bytlbhqqorqzqidyjovihkqwnkia/Build/Products/Release-iphonesimulator/MBProgressHUD -F/Users/edz/Library/Developer/Xcode/DerivedData/App-bytlbhqqorqzqidyjovihkqwnkia/Build/Products/Release-iphonesimulator/MBProgressHUD -filelist /Users/edz/Library/Developer/Xcode/DerivedData/App-bytlbhqqorqzqidyjovihkqwnkia/Build/Intermediates.noindex/Pods.build/Release-iphonesimulator/MBProgressHUD.build/Objects-normal/x86_64/MBProgressHUD.LinkFileList -install_name @rpath/MBProgressHUD.framework/MBProgressHUD -Xlinker -rpath -Xlinker @executable_path/Frameworks -Xlinker -rpath -Xlinker @loader_path/Frameworks -dead_strip -Xlinker -object_path_lto -Xlinker /Users/edz/Library/Developer/Xcode/DerivedData/App-bytlbhqqorqzqidyjovihkqwnkia/Build/Intermediates.noindex/Pods.build/Release-iphonesimulator/MBProgressHUD.build/Objects-normal/x86_64/MBProgressHUD_lto.o -Xlinker -objc_abi_version -Xlinker 2 -fobjc-arc -fobjc-link-runtime -framework CoreGraphics -framework QuartzCore -framework CoreGraphics -framework Foundation -framework QuartzCore -compatibility_version 1 -current_version 1 -Xlinker -dependency_info -Xlinker /Users/edz/Library/Developer/Xcode/DerivedData/App-bytlbhqqorqzqidyjovihkqwnkia/Build/Intermediates.noindex/Pods.build/Release-iphonesimulator/MBProgressHUD.build/Objects-normal/x86_64/MBProgressHUD_dependency_info.dat -o /Users/edz/Library/Developer/Xcode/DerivedData/App-bytlbhqqorqzqidyjovihkqwnkia/Build/Products/Release-iphonesimulator/MBProgressHUD/MBProgressHUD.framework/MBProgressHUD
    
    WriteAuxiliaryFile /Users/edz/Library/Developer/Xcode/DerivedData/App-bytlbhqqorqzqidyjovihkqwnkia/Build/Intermediates.noindex/Pods.build/Release-iphonesimulator/AFNetworking.build/DerivedSources/AFNetworking_vers.c (in target 'AFNetworking' from project 'Pods')
        cd /var/folders/4h/hxvz7hb959j4pw0pvbq686x00000gn/T/CocoaPods-Lint-20200722-25225-196xw43-UIModule/Pods
        write-file /Users/edz/Library/Developer/Xcode/DerivedData/App-bytlbhqqorqzqidyjovihkqwnkia/Build/Intermediates.noindex/Pods.build/Release-iphonesimulator/AFNetworking.build/DerivedSources/AFNetworking_vers.c
    
    CompileC /Users/edz/Library/Developer/Xcode/DerivedData/App-bytlbhqqorqzqidyjovihkqwnkia/Build/Intermediates.noindex/Pods.build/Release-iphonesimulator/AFNetworking.build/Objects-normal/x86_64/WKWebView+AFNetworking.o /var/folders/4h/hxvz7hb959j4pw0pvbq686x00000gn/T/CocoaPods-Lint-20200722-25225-196xw43-UIModule/Pods/AFNetworking/UIKit+AFNetworking/WKWebView+AFNetworking.m normal x86_64 objective-c com.apple.compilers.llvm.clang.1_0.compiler (in target 'AFNetworking' from project 'Pods')
        cd /var/folders/4h/hxvz7hb959j4pw0pvbq686x00000gn/T/CocoaPods-Lint-20200722-25225-196xw43-UIModule/Pods
        export LANG=en_US.US-ASCII
        /Applications/Xcode.app/Contents/Developer/Toolchains/XcodeDefault.xctoolchain/usr/bin/clang -x objective-c -target x86_64-apple-ios9.0-simulator -fmessage-length=0 -fdiagnostics-show-note-include-stack -fmacro-backtrace-limit=0 -std=gnu11 -fobjc-arc -fobjc-weak -fmodules -gmodules -fmodules-cache-path=/Users/edz/Library/Developer/Xcode/DerivedData/ModuleCache.noindex -fmodules-prune-interval=86400 -fmodules-prune-after=345600 -fbuild-session-file=/Users/edz/Library/Developer/Xcode/DerivedData/ModuleCache.noindex/Session.modulevalidation -fmodules-validate-once-per-build-session -Wnon-modular-include-in-framework-module -Werror=non-modular-include-in-framework-module -fmodule-name=AFNetworking -Wno-trigraphs -fpascal-strings -Os -fno-common -Wno-missing-field-initializers -Wno-missing-prototypes -Werror=return-type -Wdocumentation -Wunreachable-code -Wno-implicit-atomic-properties -Werror=deprecated-objc-isa-usage -Wno-objc-interface-ivars -Werror=objc-root-class -Wno-arc-repeated-use-of-weak -Wimplicit-retain-self -Wduplicate-method-match -Wno-missing-braces -Wparentheses -Wswitch -Wunused-function -Wno-unused-label -Wno-unused-parameter -Wunused-variable -Wunused-value -Wempty-body -Wuninitialized -Wconditional-uninitialized -Wno-unknown-pragmas -Wno-shadow -Wno-four-char-constants -Wno-conversion -Wconstant-conversion -Wint-conversion -Wbool-conversion -Wenum-conversion -Wno-float-conversion -Wnon-literal-null-conversion -Wobjc-literal-conversion -Wshorten-64-to-32 -Wpointer-sign -Wno-newline-eof -Wno-selector -Wno-strict-selector-match -Wundeclared-selector -Wdeprecated-implementations -DPOD_CONFIGURATION_RELEASE=1 -DCOCOAPODS=1 -DNS_BLOCK_ASSERTIONS=1 -DOBJC_OLD_DISPATCH_PROTOTYPES=0 -isysroot /Applications/Xcode.app/Contents/Developer/Platforms/iPhoneSimulator.platform/Developer/SDKs/iPhoneSimulator13.5.sdk -fasm-blocks -fstrict-aliasing -Wprotocol -Wdeprecated-declarations -g -Wno-sign-conversion -Winfinite-recursion -Wcomma -Wblock-capture-autoreleasing -Wstrict-prototypes -Wno-semicolon-before-method-body -Wunguarded-availability -fobjc-abi-version=2 -fobjc-legacy-dispatch -iquote /Users/edz/Library/Developer/Xcode/DerivedData/App-bytlbhqqorqzqidyjovihkqwnkia/Build/Intermediates.noindex/Pods.build/Release-iphonesimulator/AFNetworking.build/AFNetworking-generated-files.hmap -I/Users/edz/Library/Developer/Xcode/DerivedData/App-bytlbhqqorqzqidyjovihkqwnkia/Build/Intermediates.noindex/Pods.build/Release-iphonesimulator/AFNetworking.build/AFNetworking-own-target-headers.hmap -I/Users/edz/Library/Developer/Xcode/DerivedData/App-bytlbhqqorqzqidyjovihkqwnkia/Build/Intermediates.noindex/Pods.build/Release-iphonesimulator/AFNetworking.build/AFNetworking-all-non-framework-target-headers.hmap -ivfsoverlay /Users/edz/Library/Developer/Xcode/DerivedData/App-bytlbhqqorqzqidyjovihkqwnkia/Build/Intermediates.noindex/Pods.build/Release-iphonesimulator/AFNetworking.build/all-product-headers.yaml -iquote /Users/edz/Library/Developer/Xcode/DerivedData/App-bytlbhqqorqzqidyjovihkqwnkia/Build/Intermediates.noindex/Pods.build/Release-iphonesimulator/AFNetworking.build/AFNetworking-project-headers.hmap -I/Users/edz/Library/Developer/Xcode/DerivedData/App-bytlbhqqorqzqidyjovihkqwnkia/Build/Products/Release-iphonesimulator/AFNetworking/include -I/Users/edz/Library/Developer/Xcode/DerivedData/App-bytlbhqqorqzqidyjovihkqwnkia/Build/Intermediates.noindex/Pods.build/Release-iphonesimulator/AFNetworking.build/DerivedSources-normal/x86_64 -I/Users/edz/Library/Developer/Xcode/DerivedData/App-bytlbhqqorqzqidyjovihkqwnkia/Build/Intermediates.noindex/Pods.build/Release-iphonesimulator/AFNetworking.build/DerivedSources/x86_64 -I/Users/edz/Library/Developer/Xcode/DerivedData/App-bytlbhqqorqzqidyjovihkqwnkia/Build/Intermediates.noindex/Pods.build/Release-iphonesimulator/AFNetworking.build/DerivedSources -F/Users/edz/Library/Developer/Xcode/DerivedData/App-bytlbhqqorqzqidyjovihkqwnkia/Build/Products/Release-iphonesimulator/AFNetworking -Wincomplete-umbrella -w -Xanalyzer -analyzer-disable-all-checks -include /var/folders/4h/hxvz7hb959j4pw0pvbq686x00000gn/T/CocoaPods-Lint-20200722-25225-196xw43-UIModule/Pods/Target\ Support\ Files/AFNetworking/AFNetworking-prefix.pch -MMD -MT dependencies -MF /Users/edz/Library/Developer/Xcode/DerivedData/App-bytlbhqqorqzqidyjovihkqwnkia/Build/Intermediates.noindex/Pods.build/Release-iphonesimulator/AFNetworking.build/Objects-normal/x86_64/WKWebView+AFNetworking.d --serialize-diagnostics /Users/edz/Library/Developer/Xcode/DerivedData/App-bytlbhqqorqzqidyjovihkqwnkia/Build/Intermediates.noindex/Pods.build/Release-iphonesimulator/AFNetworking.build/Objects-normal/x86_64/WKWebView+AFNetworking.dia -c /var/folders/4h/hxvz7hb959j4pw0pvbq686x00000gn/T/CocoaPods-Lint-20200722-25225-196xw43-UIModule/Pods/AFNetworking/UIKit+AFNetworking/WKWebView+AFNetworking.m -o /Users/edz/Library/Developer/Xcode/DerivedData/App-bytlbhqqorqzqidyjovihkqwnkia/Build/Intermediates.noindex/Pods.build/Release-iphonesimulator/AFNetworking.build/Objects-normal/x86_64/WKWebView+AFNetworking.o
    
    CompileC /Users/edz/Library/Developer/Xcode/DerivedData/App-bytlbhqqorqzqidyjovihkqwnkia/Build/Intermediates.noindex/Pods.build/Release-iphonesimulator/AFNetworking.build/Objects-normal/x86_64/UIRefreshControl+AFNetworking.o /var/folders/4h/hxvz7hb959j4pw0pvbq686x00000gn/T/CocoaPods-Lint-20200722-25225-196xw43-UIModule/Pods/AFNetworking/UIKit+AFNetworking/UIRefreshControl+AFNetworking.m normal x86_64 objective-c com.apple.compilers.llvm.clang.1_0.compiler (in target 'AFNetworking' from project 'Pods')
        cd /var/folders/4h/hxvz7hb959j4pw0pvbq686x00000gn/T/CocoaPods-Lint-20200722-25225-196xw43-UIModule/Pods
        export LANG=en_US.US-ASCII
        /Applications/Xcode.app/Contents/Developer/Toolchains/XcodeDefault.xctoolchain/usr/bin/clang -x objective-c -target x86_64-apple-ios9.0-simulator -fmessage-length=0 -fdiagnostics-show-note-include-stack -fmacro-backtrace-limit=0 -std=gnu11 -fobjc-arc -fobjc-weak -fmodules -gmodules -fmodules-cache-path=/Users/edz/Library/Developer/Xcode/DerivedData/ModuleCache.noindex -fmodules-prune-interval=86400 -fmodules-prune-after=345600 -fbuild-session-file=/Users/edz/Library/Developer/Xcode/DerivedData/ModuleCache.noindex/Session.modulevalidation -fmodules-validate-once-per-build-session -Wnon-modular-include-in-framework-module -Werror=non-modular-include-in-framework-module -fmodule-name=AFNetworking -Wno-trigraphs -fpascal-strings -Os -fno-common -Wno-missing-field-initializers -Wno-missing-prototypes -Werror=return-type -Wdocumentation -Wunreachable-code -Wno-implicit-atomic-properties -Werror=deprecated-objc-isa-usage -Wno-objc-interface-ivars -Werror=objc-root-class -Wno-arc-repeated-use-of-weak -Wimplicit-retain-self -Wduplicate-method-match -Wno-missing-braces -Wparentheses -Wswitch -Wunused-function -Wno-unused-label -Wno-unused-parameter -Wunused-variable -Wunused-value -Wempty-body -Wuninitialized -Wconditional-uninitialized -Wno-unknown-pragmas -Wno-shadow -Wno-four-char-constants -Wno-conversion -Wconstant-conversion -Wint-conversion -Wbool-conversion -Wenum-conversion -Wno-float-conversion -Wnon-literal-null-conversion -Wobjc-literal-conversion -Wshorten-64-to-32 -Wpointer-sign -Wno-newline-eof -Wno-selector -Wno-strict-selector-match -Wundeclared-selector -Wdeprecated-implementations -DPOD_CONFIGURATION_RELEASE=1 -DCOCOAPODS=1 -DNS_BLOCK_ASSERTIONS=1 -DOBJC_OLD_DISPATCH_PROTOTYPES=0 -isysroot /Applications/Xcode.app/Contents/Developer/Platforms/iPhoneSimulator.platform/Developer/SDKs/iPhoneSimulator13.5.sdk -fasm-blocks -fstrict-aliasing -Wprotocol -Wdeprecated-declarations -g -Wno-sign-conversion -Winfinite-recursion -Wcomma -Wblock-capture-autoreleasing -Wstrict-prototypes -Wno-semicolon-before-method-body -Wunguarded-availability -fobjc-abi-version=2 -fobjc-legacy-dispatch -iquote /Users/edz/Library/Developer/Xcode/DerivedData/App-bytlbhqqorqzqidyjovihkqwnkia/Build/Intermediates.noindex/Pods.build/Release-iphonesimulator/AFNetworking.build/AFNetworking-generated-files.hmap -I/Users/edz/Library/Developer/Xcode/DerivedData/App-bytlbhqqorqzqidyjovihkqwnkia/Build/Intermediates.noindex/Pods.build/Release-iphonesimulator/AFNetworking.build/AFNetworking-own-target-headers.hmap -I/Users/edz/Library/Developer/Xcode/DerivedData/App-bytlbhqqorqzqidyjovihkqwnkia/Build/Intermediates.noindex/Pods.build/Release-iphonesimulator/AFNetworking.build/AFNetworking-all-non-framework-target-headers.hmap -ivfsoverlay /Users/edz/Library/Developer/Xcode/DerivedData/App-bytlbhqqorqzqidyjovihkqwnkia/Build/Intermediates.noindex/Pods.build/Release-iphonesimulator/AFNetworking.build/all-product-headers.yaml -iquote /Users/edz/Library/Developer/Xcode/DerivedData/App-bytlbhqqorqzqidyjovihkqwnkia/Build/Intermediates.noindex/Pods.build/Release-iphonesimulator/AFNetworking.build/AFNetworking-project-headers.hmap -I/Users/edz/Library/Developer/Xcode/DerivedData/App-bytlbhqqorqzqidyjovihkqwnkia/Build/Products/Release-iphonesimulator/AFNetworking/include -I/Users/edz/Library/Developer/Xcode/DerivedData/App-bytlbhqqorqzqidyjovihkqwnkia/Build/Intermediates.noindex/Pods.build/Release-iphonesimulator/AFNetworking.build/DerivedSources-normal/x86_64 -I/Users/edz/Library/Developer/Xcode/DerivedData/App-bytlbhqqorqzqidyjovihkqwnkia/Build/Intermediates.noindex/Pods.build/Release-iphonesimulator/AFNetworking.build/DerivedSources/x86_64 -I/Users/edz/Library/Developer/Xcode/DerivedData/App-bytlbhqqorqzqidyjovihkqwnkia/Build/Intermediates.noindex/Pods.build/Release-iphonesimulator/AFNetworking.build/DerivedSources -F/Users/edz/Library/Developer/Xcode/DerivedData/App-bytlbhqqorqzqidyjovihkqwnkia/Build/Products/Release-iphonesimulator/AFNetworking -Wincomplete-umbrella -w -Xanalyzer -analyzer-disable-all-checks -include /var/folders/4h/hxvz7hb959j4pw0pvbq686x00000gn/T/CocoaPods-Lint-20200722-25225-196xw43-UIModule/Pods/Target\ Support\ Files/AFNetworking/AFNetworking-prefix.pch -MMD -MT dependencies -MF /Users/edz/Library/Developer/Xcode/DerivedData/App-bytlbhqqorqzqidyjovihkqwnkia/Build/Intermediates.noindex/Pods.build/Release-iphonesimulator/AFNetworking.build/Objects-normal/x86_64/UIRefreshControl+AFNetworking.d --serialize-diagnostics /Users/edz/Library/Developer/Xcode/DerivedData/App-bytlbhqqorqzqidyjovihkqwnkia/Build/Intermediates.noindex/Pods.build/Release-iphonesimulator/AFNetworking.build/Objects-normal/x86_64/UIRefreshControl+AFNetworking.dia -c /var/folders/4h/hxvz7hb959j4pw0pvbq686x00000gn/T/CocoaPods-Lint-20200722-25225-196xw43-UIModule/Pods/AFNetworking/UIKit+AFNetworking/UIRefreshControl+AFNetworking.m -o /Users/edz/Library/Developer/Xcode/DerivedData/App-bytlbhqqorqzqidyjovihkqwnkia/Build/Intermediates.noindex/Pods.build/Release-iphonesimulator/AFNetworking.build/Objects-normal/x86_64/UIRefreshControl+AFNetworking.o
    
    CompileC /Users/edz/Library/Developer/Xcode/DerivedData/App-bytlbhqqorqzqidyjovihkqwnkia/Build/Intermediates.noindex/Pods.build/Release-iphonesimulator/AFNetworking.build/Objects-normal/x86_64/UIProgressView+AFNetworking.o /var/folders/4h/hxvz7hb959j4pw0pvbq686x00000gn/T/CocoaPods-Lint-20200722-25225-196xw43-UIModule/Pods/AFNetworking/UIKit+AFNetworking/UIProgressView+AFNetworking.m normal x86_64 objective-c com.apple.compilers.llvm.clang.1_0.compiler (in target 'AFNetworking' from project 'Pods')
        cd /var/folders/4h/hxvz7hb959j4pw0pvbq686x00000gn/T/CocoaPods-Lint-20200722-25225-196xw43-UIModule/Pods
        export LANG=en_US.US-ASCII
        /Applications/Xcode.app/Contents/Developer/Toolchains/XcodeDefault.xctoolchain/usr/bin/clang -x objective-c -target x86_64-apple-ios9.0-simulator -fmessage-length=0 -fdiagnostics-show-note-include-stack -fmacro-backtrace-limit=0 -std=gnu11 -fobjc-arc -fobjc-weak -fmodules -gmodules -fmodules-cache-path=/Users/edz/Library/Developer/Xcode/DerivedData/ModuleCache.noindex -fmodules-prune-interval=86400 -fmodules-prune-after=345600 -fbuild-session-file=/Users/edz/Library/Developer/Xcode/DerivedData/ModuleCache.noindex/Session.modulevalidation -fmodules-validate-once-per-build-session -Wnon-modular-include-in-framework-module -Werror=non-modular-include-in-framework-module -fmodule-name=AFNetworking -Wno-trigraphs -fpascal-strings -Os -fno-common -Wno-missing-field-initializers -Wno-missing-prototypes -Werror=return-type -Wdocumentation -Wunreachable-code -Wno-implicit-atomic-properties -Werror=deprecated-objc-isa-usage -Wno-objc-interface-ivars -Werror=objc-root-class -Wno-arc-repeated-use-of-weak -Wimplicit-retain-self -Wduplicate-method-match -Wno-missing-braces -Wparentheses -Wswitch -Wunused-function -Wno-unused-label -Wno-unused-parameter -Wunused-variable -Wunused-value -Wempty-body -Wuninitialized -Wconditional-uninitialized -Wno-unknown-pragmas -Wno-shadow -Wno-four-char-constants -Wno-conversion -Wconstant-conversion -Wint-conversion -Wbool-conversion -Wenum-conversion -Wno-float-conversion -Wnon-literal-null-conversion -Wobjc-literal-conversion -Wshorten-64-to-32 -Wpointer-sign -Wno-newline-eof -Wno-selector -Wno-strict-selector-match -Wundeclared-selector -Wdeprecated-implementations -DPOD_CONFIGURATION_RELEASE=1 -DCOCOAPODS=1 -DNS_BLOCK_ASSERTIONS=1 -DOBJC_OLD_DISPATCH_PROTOTYPES=0 -isysroot /Applications/Xcode.app/Contents/Developer/Platforms/iPhoneSimulator.platform/Developer/SDKs/iPhoneSimulator13.5.sdk -fasm-blocks -fstrict-aliasing -Wprotocol -Wdeprecated-declarations -g -Wno-sign-conversion -Winfinite-recursion -Wcomma -Wblock-capture-autoreleasing -Wstrict-prototypes -Wno-semicolon-before-method-body -Wunguarded-availability -fobjc-abi-version=2 -fobjc-legacy-dispatch -iquote /Users/edz/Library/Developer/Xcode/DerivedData/App-bytlbhqqorqzqidyjovihkqwnkia/Build/Intermediates.noindex/Pods.build/Release-iphonesimulator/AFNetworking.build/AFNetworking-generated-files.hmap -I/Users/edz/Library/Developer/Xcode/DerivedData/App-bytlbhqqorqzqidyjovihkqwnkia/Build/Intermediates.noindex/Pods.build/Release-iphonesimulator/AFNetworking.build/AFNetworking-own-target-headers.hmap -I/Users/edz/Library/Developer/Xcode/DerivedData/App-bytlbhqqorqzqidyjovihkqwnkia/Build/Intermediates.noindex/Pods.build/Release-iphonesimulator/AFNetworking.build/AFNetworking-all-non-framework-target-headers.hmap -ivfsoverlay /Users/edz/Library/Developer/Xcode/DerivedData/App-bytlbhqqorqzqidyjovihkqwnkia/Build/Intermediates.noindex/Pods.build/Release-iphonesimulator/AFNetworking.build/all-product-headers.yaml -iquote /Users/edz/Library/Developer/Xcode/DerivedData/App-bytlbhqqorqzqidyjovihkqwnkia/Build/Intermediates.noindex/Pods.build/Release-iphonesimulator/AFNetworking.build/AFNetworking-project-headers.hmap -I/Users/edz/Library/Developer/Xcode/DerivedData/App-bytlbhqqorqzqidyjovihkqwnkia/Build/Products/Release-iphonesimulator/AFNetworking/include -I/Users/edz/Library/Developer/Xcode/DerivedData/App-bytlbhqqorqzqidyjovihkqwnkia/Build/Intermediates.noindex/Pods.build/Release-iphonesimulator/AFNetworking.build/DerivedSources-normal/x86_64 -I/Users/edz/Library/Developer/Xcode/DerivedData/App-bytlbhqqorqzqidyjovihkqwnkia/Build/Intermediates.noindex/Pods.build/Release-iphonesimulator/AFNetworking.build/DerivedSources/x86_64 -I/Users/edz/Library/Developer/Xcode/DerivedData/App-bytlbhqqorqzqidyjovihkqwnkia/Build/Intermediates.noindex/Pods.build/Release-iphonesimulator/AFNetworking.build/DerivedSources -F/Users/edz/Library/Developer/Xcode/DerivedData/App-bytlbhqqorqzqidyjovihkqwnkia/Build/Products/Release-iphonesimulator/AFNetworking -Wincomplete-umbrella -w -Xanalyzer -analyzer-disable-all-checks -include /var/folders/4h/hxvz7hb959j4pw0pvbq686x00000gn/T/CocoaPods-Lint-20200722-25225-196xw43-UIModule/Pods/Target\ Support\ Files/AFNetworking/AFNetworking-prefix.pch -MMD -MT dependencies -MF /Users/edz/Library/Developer/Xcode/DerivedData/App-bytlbhqqorqzqidyjovihkqwnkia/Build/Intermediates.noindex/Pods.build/Release-iphonesimulator/AFNetworking.build/Objects-normal/x86_64/UIProgressView+AFNetworking.d --serialize-diagnostics /Users/edz/Library/Developer/Xcode/DerivedData/App-bytlbhqqorqzqidyjovihkqwnkia/Build/Intermediates.noindex/Pods.build/Release-iphonesimulator/AFNetworking.build/Objects-normal/x86_64/UIProgressView+AFNetworking.dia -c /var/folders/4h/hxvz7hb959j4pw0pvbq686x00000gn/T/CocoaPods-Lint-20200722-25225-196xw43-UIModule/Pods/AFNetworking/UIKit+AFNetworking/UIProgressView+AFNetworking.m -o /Users/edz/Library/Developer/Xcode/DerivedData/App-bytlbhqqorqzqidyjovihkqwnkia/Build/Intermediates.noindex/Pods.build/Release-iphonesimulator/AFNetworking.build/Objects-normal/x86_64/UIProgressView+AFNetworking.o
    
    GenerateDSYMFile /Users/edz/Library/Developer/Xcode/DerivedData/App-bytlbhqqorqzqidyjovihkqwnkia/Build/Products/Release-iphonesimulator/MBProgressHUD/MBProgressHUD.framework.dSYM /Users/edz/Library/Developer/Xcode/DerivedData/App-bytlbhqqorqzqidyjovihkqwnkia/Build/Products/Release-iphonesimulator/MBProgressHUD/MBProgressHUD.framework/MBProgressHUD (in target 'MBProgressHUD' from project 'Pods')
        cd /var/folders/4h/hxvz7hb959j4pw0pvbq686x00000gn/T/CocoaPods-Lint-20200722-25225-196xw43-UIModule/Pods
        /Applications/Xcode.app/Contents/Developer/Toolchains/XcodeDefault.xctoolchain/usr/bin/dsymutil /Users/edz/Library/Developer/Xcode/DerivedData/App-bytlbhqqorqzqidyjovihkqwnkia/Build/Products/Release-iphonesimulator/MBProgressHUD/MBProgressHUD.framework/MBProgressHUD -o /Users/edz/Library/Developer/Xcode/DerivedData/App-bytlbhqqorqzqidyjovihkqwnkia/Build/Products/Release-iphonesimulator/MBProgressHUD/MBProgressHUD.framework.dSYM
    
    CompileC /Users/edz/Library/Developer/Xcode/DerivedData/App-bytlbhqqorqzqidyjovihkqwnkia/Build/Intermediates.noindex/Pods.build/Release-iphonesimulator/AFNetworking.build/Objects-normal/x86_64/UIImageView+AFNetworking.o /var/folders/4h/hxvz7hb959j4pw0pvbq686x00000gn/T/CocoaPods-Lint-20200722-25225-196xw43-UIModule/Pods/AFNetworking/UIKit+AFNetworking/UIImageView+AFNetworking.m normal x86_64 objective-c com.apple.compilers.llvm.clang.1_0.compiler (in target 'AFNetworking' from project 'Pods')
        cd /var/folders/4h/hxvz7hb959j4pw0pvbq686x00000gn/T/CocoaPods-Lint-20200722-25225-196xw43-UIModule/Pods
        export LANG=en_US.US-ASCII
        /Applications/Xcode.app/Contents/Developer/Toolchains/XcodeDefault.xctoolchain/usr/bin/clang -x objective-c -target x86_64-apple-ios9.0-simulator -fmessage-length=0 -fdiagnostics-show-note-include-stack -fmacro-backtrace-limit=0 -std=gnu11 -fobjc-arc -fobjc-weak -fmodules -gmodules -fmodules-cache-path=/Users/edz/Library/Developer/Xcode/DerivedData/ModuleCache.noindex -fmodules-prune-interval=86400 -fmodules-prune-after=345600 -fbuild-session-file=/Users/edz/Library/Developer/Xcode/DerivedData/ModuleCache.noindex/Session.modulevalidation -fmodules-validate-once-per-build-session -Wnon-modular-include-in-framework-module -Werror=non-modular-include-in-framework-module -fmodule-name=AFNetworking -Wno-trigraphs -fpascal-strings -Os -fno-common -Wno-missing-field-initializers -Wno-missing-prototypes -Werror=return-type -Wdocumentation -Wunreachable-code -Wno-implicit-atomic-properties -Werror=deprecated-objc-isa-usage -Wno-objc-interface-ivars -Werror=objc-root-class -Wno-arc-repeated-use-of-weak -Wimplicit-retain-self -Wduplicate-method-match -Wno-missing-braces -Wparentheses -Wswitch -Wunused-function -Wno-unused-label -Wno-unused-parameter -Wunused-variable -Wunused-value -Wempty-body -Wuninitialized -Wconditional-uninitialized -Wno-unknown-pragmas -Wno-shadow -Wno-four-char-constants -Wno-conversion -Wconstant-conversion -Wint-conversion -Wbool-conversion -Wenum-conversion -Wno-float-conversion -Wnon-literal-null-conversion -Wobjc-literal-conversion -Wshorten-64-to-32 -Wpointer-sign -Wno-newline-eof -Wno-selector -Wno-strict-selector-match -Wundeclared-selector -Wdeprecated-implementations -DPOD_CONFIGURATION_RELEASE=1 -DCOCOAPODS=1 -DNS_BLOCK_ASSERTIONS=1 -DOBJC_OLD_DISPATCH_PROTOTYPES=0 -isysroot /Applications/Xcode.app/Contents/Developer/Platforms/iPhoneSimulator.platform/Developer/SDKs/iPhoneSimulator13.5.sdk -fasm-blocks -fstrict-aliasing -Wprotocol -Wdeprecated-declarations -g -Wno-sign-conversion -Winfinite-recursion -Wcomma -Wblock-capture-autoreleasing -Wstrict-prototypes -Wno-semicolon-before-method-body -Wunguarded-availability -fobjc-abi-version=2 -fobjc-legacy-dispatch -iquote /Users/edz/Library/Developer/Xcode/DerivedData/App-bytlbhqqorqzqidyjovihkqwnkia/Build/Intermediates.noindex/Pods.build/Release-iphonesimulator/AFNetworking.build/AFNetworking-generated-files.hmap -I/Users/edz/Library/Developer/Xcode/DerivedData/App-bytlbhqqorqzqidyjovihkqwnkia/Build/Intermediates.noindex/Pods.build/Release-iphonesimulator/AFNetworking.build/AFNetworking-own-target-headers.hmap -I/Users/edz/Library/Developer/Xcode/DerivedData/App-bytlbhqqorqzqidyjovihkqwnkia/Build/Intermediates.noindex/Pods.build/Release-iphonesimulator/AFNetworking.build/AFNetworking-all-non-framework-target-headers.hmap -ivfsoverlay /Users/edz/Library/Developer/Xcode/DerivedData/App-bytlbhqqorqzqidyjovihkqwnkia/Build/Intermediates.noindex/Pods.build/Release-iphonesimulator/AFNetworking.build/all-product-headers.yaml -iquote /Users/edz/Library/Developer/Xcode/DerivedData/App-bytlbhqqorqzqidyjovihkqwnkia/Build/Intermediates.noindex/Pods.build/Release-iphonesimulator/AFNetworking.build/AFNetworking-project-headers.hmap -I/Users/edz/Library/Developer/Xcode/DerivedData/App-bytlbhqqorqzqidyjovihkqwnkia/Build/Products/Release-iphonesimulator/AFNetworking/include -I/Users/edz/Library/Developer/Xcode/DerivedData/App-bytlbhqqorqzqidyjovihkqwnkia/Build/Intermediates.noindex/Pods.build/Release-iphonesimulator/AFNetworking.build/DerivedSources-normal/x86_64 -I/Users/edz/Library/Developer/Xcode/DerivedData/App-bytlbhqqorqzqidyjovihkqwnkia/Build/Intermediates.noindex/Pods.build/Release-iphonesimulator/AFNetworking.build/DerivedSources/x86_64 -I/Users/edz/Library/Developer/Xcode/DerivedData/App-bytlbhqqorqzqidyjovihkqwnkia/Build/Intermediates.noindex/Pods.build/Release-iphonesimulator/AFNetworking.build/DerivedSources -F/Users/edz/Library/Developer/Xcode/DerivedData/App-bytlbhqqorqzqidyjovihkqwnkia/Build/Products/Release-iphonesimulator/AFNetworking -Wincomplete-umbrella -w -Xanalyzer -analyzer-disable-all-checks -include /var/folders/4h/hxvz7hb959j4pw0pvbq686x00000gn/T/CocoaPods-Lint-20200722-25225-196xw43-UIModule/Pods/Target\ Support\ Files/AFNetworking/AFNetworking-prefix.pch -MMD -MT dependencies -MF /Users/edz/Library/Developer/Xcode/DerivedData/App-bytlbhqqorqzqidyjovihkqwnkia/Build/Intermediates.noindex/Pods.build/Release-iphonesimulator/AFNetworking.build/Objects-normal/x86_64/UIImageView+AFNetworking.d --serialize-diagnostics /Users/edz/Library/Developer/Xcode/DerivedData/App-bytlbhqqorqzqidyjovihkqwnkia/Build/Intermediates.noindex/Pods.build/Release-iphonesimulator/AFNetworking.build/Objects-normal/x86_64/UIImageView+AFNetworking.dia -c /var/folders/4h/hxvz7hb959j4pw0pvbq686x00000gn/T/CocoaPods-Lint-20200722-25225-196xw43-UIModule/Pods/AFNetworking/UIKit+AFNetworking/UIImageView+AFNetworking.m -o /Users/edz/Library/Developer/Xcode/DerivedData/App-bytlbhqqorqzqidyjovihkqwnkia/Build/Intermediates.noindex/Pods.build/Release-iphonesimulator/AFNetworking.build/Objects-normal/x86_64/UIImageView+AFNetworking.o
    
    Ld /Users/edz/Library/Developer/Xcode/DerivedData/App-bytlbhqqorqzqidyjovihkqwnkia/Build/Products/Release-iphonesimulator/JSONModel/JSONModel.framework/JSONModel normal x86_64 (in target 'JSONModel' from project 'Pods')
        cd /var/folders/4h/hxvz7hb959j4pw0pvbq686x00000gn/T/CocoaPods-Lint-20200722-25225-196xw43-UIModule/Pods
        /Applications/Xcode.app/Contents/Developer/Toolchains/XcodeDefault.xctoolchain/usr/bin/clang -target x86_64-apple-ios8.0-simulator -dynamiclib -isysroot /Applications/Xcode.app/Contents/Developer/Platforms/iPhoneSimulator.platform/Developer/SDKs/iPhoneSimulator13.5.sdk -L/Users/edz/Library/Developer/Xcode/DerivedData/App-bytlbhqqorqzqidyjovihkqwnkia/Build/Products/Release-iphonesimulator/JSONModel -F/Users/edz/Library/Developer/Xcode/DerivedData/App-bytlbhqqorqzqidyjovihkqwnkia/Build/Products/Release-iphonesimulator/JSONModel -filelist /Users/edz/Library/Developer/Xcode/DerivedData/App-bytlbhqqorqzqidyjovihkqwnkia/Build/Intermediates.noindex/Pods.build/Release-iphonesimulator/JSONModel.build/Objects-normal/x86_64/JSONModel.LinkFileList -install_name @rpath/JSONModel.framework/JSONModel -Xlinker -rpath -Xlinker @executable_path/Frameworks -Xlinker -rpath -Xlinker @loader_path/Frameworks -dead_strip -Xlinker -object_path_lto -Xlinker /Users/edz/Library/Developer/Xcode/DerivedData/App-bytlbhqqorqzqidyjovihkqwnkia/Build/Intermediates.noindex/Pods.build/Release-iphonesimulator/JSONModel.build/Objects-normal/x86_64/JSONModel_lto.o -Xlinker -objc_abi_version -Xlinker 2 -fobjc-arc -fobjc-link-runtime -framework Foundation -compatibility_version 1 -current_version 1 -Xlinker -dependency_info -Xlinker /Users/edz/Library/Developer/Xcode/DerivedData/App-bytlbhqqorqzqidyjovihkqwnkia/Build/Intermediates.noindex/Pods.build/Release-iphonesimulator/JSONModel.build/Objects-normal/x86_64/JSONModel_dependency_info.dat -o /Users/edz/Library/Developer/Xcode/DerivedData/App-bytlbhqqorqzqidyjovihkqwnkia/Build/Products/Release-iphonesimulator/JSONModel/JSONModel.framework/JSONModel
    
    CompileC /Users/edz/Library/Developer/Xcode/DerivedData/App-bytlbhqqorqzqidyjovihkqwnkia/Build/Intermediates.noindex/Pods.build/Release-iphonesimulator/AFNetworking.build/Objects-normal/x86_64/UIButton+AFNetworking.o /var/folders/4h/hxvz7hb959j4pw0pvbq686x00000gn/T/CocoaPods-Lint-20200722-25225-196xw43-UIModule/Pods/AFNetworking/UIKit+AFNetworking/UIButton+AFNetworking.m normal x86_64 objective-c com.apple.compilers.llvm.clang.1_0.compiler (in target 'AFNetworking' from project 'Pods')
        cd /var/folders/4h/hxvz7hb959j4pw0pvbq686x00000gn/T/CocoaPods-Lint-20200722-25225-196xw43-UIModule/Pods
        export LANG=en_US.US-ASCII
        /Applications/Xcode.app/Contents/Developer/Toolchains/XcodeDefault.xctoolchain/usr/bin/clang -x objective-c -target x86_64-apple-ios9.0-simulator -fmessage-length=0 -fdiagnostics-show-note-include-stack -fmacro-backtrace-limit=0 -std=gnu11 -fobjc-arc -fobjc-weak -fmodules -gmodules -fmodules-cache-path=/Users/edz/Library/Developer/Xcode/DerivedData/ModuleCache.noindex -fmodules-prune-interval=86400 -fmodules-prune-after=345600 -fbuild-session-file=/Users/edz/Library/Developer/Xcode/DerivedData/ModuleCache.noindex/Session.modulevalidation -fmodules-validate-once-per-build-session -Wnon-modular-include-in-framework-module -Werror=non-modular-include-in-framework-module -fmodule-name=AFNetworking -Wno-trigraphs -fpascal-strings -Os -fno-common -Wno-missing-field-initializers -Wno-missing-prototypes -Werror=return-type -Wdocumentation -Wunreachable-code -Wno-implicit-atomic-properties -Werror=deprecated-objc-isa-usage -Wno-objc-interface-ivars -Werror=objc-root-class -Wno-arc-repeated-use-of-weak -Wimplicit-retain-self -Wduplicate-method-match -Wno-missing-braces -Wparentheses -Wswitch -Wunused-function -Wno-unused-label -Wno-unused-parameter -Wunused-variable -Wunused-value -Wempty-body -Wuninitialized -Wconditional-uninitialized -Wno-unknown-pragmas -Wno-shadow -Wno-four-char-constants -Wno-conversion -Wconstant-conversion -Wint-conversion -Wbool-conversion -Wenum-conversion -Wno-float-conversion -Wnon-literal-null-conversion -Wobjc-literal-conversion -Wshorten-64-to-32 -Wpointer-sign -Wno-newline-eof -Wno-selector -Wno-strict-selector-match -Wundeclared-selector -Wdeprecated-implementations -DPOD_CONFIGURATION_RELEASE=1 -DCOCOAPODS=1 -DNS_BLOCK_ASSERTIONS=1 -DOBJC_OLD_DISPATCH_PROTOTYPES=0 -isysroot /Applications/Xcode.app/Contents/Developer/Platforms/iPhoneSimulator.platform/Developer/SDKs/iPhoneSimulator13.5.sdk -fasm-blocks -fstrict-aliasing -Wprotocol -Wdeprecated-declarations -g -Wno-sign-conversion -Winfinite-recursion -Wcomma -Wblock-capture-autoreleasing -Wstrict-prototypes -Wno-semicolon-before-method-body -Wunguarded-availability -fobjc-abi-version=2 -fobjc-legacy-dispatch -iquote /Users/edz/Library/Developer/Xcode/DerivedData/App-bytlbhqqorqzqidyjovihkqwnkia/Build/Intermediates.noindex/Pods.build/Release-iphonesimulator/AFNetworking.build/AFNetworking-generated-files.hmap -I/Users/edz/Library/Developer/Xcode/DerivedData/App-bytlbhqqorqzqidyjovihkqwnkia/Build/Intermediates.noindex/Pods.build/Release-iphonesimulator/AFNetworking.build/AFNetworking-own-target-headers.hmap -I/Users/edz/Library/Developer/Xcode/DerivedData/App-bytlbhqqorqzqidyjovihkqwnkia/Build/Intermediates.noindex/Pods.build/Release-iphonesimulator/AFNetworking.build/AFNetworking-all-non-framework-target-headers.hmap -ivfsoverlay /Users/edz/Library/Developer/Xcode/DerivedData/App-bytlbhqqorqzqidyjovihkqwnkia/Build/Intermediates.noindex/Pods.build/Release-iphonesimulator/AFNetworking.build/all-product-headers.yaml -iquote /Users/edz/Library/Developer/Xcode/DerivedData/App-bytlbhqqorqzqidyjovihkqwnkia/Build/Intermediates.noindex/Pods.build/Release-iphonesimulator/AFNetworking.build/AFNetworking-project-headers.hmap -I/Users/edz/Library/Developer/Xcode/DerivedData/App-bytlbhqqorqzqidyjovihkqwnkia/Build/Products/Release-iphonesimulator/AFNetworking/include -I/Users/edz/Library/Developer/Xcode/DerivedData/App-bytlbhqqorqzqidyjovihkqwnkia/Build/Intermediates.noindex/Pods.build/Release-iphonesimulator/AFNetworking.build/DerivedSources-normal/x86_64 -I/Users/edz/Library/Developer/Xcode/DerivedData/App-bytlbhqqorqzqidyjovihkqwnkia/Build/Intermediates.noindex/Pods.build/Release-iphonesimulator/AFNetworking.build/DerivedSources/x86_64 -I/Users/edz/Library/Developer/Xcode/DerivedData/App-bytlbhqqorqzqidyjovihkqwnkia/Build/Intermediates.noindex/Pods.build/Release-iphonesimulator/AFNetworking.build/DerivedSources -F/Users/edz/Library/Developer/Xcode/DerivedData/App-bytlbhqqorqzqidyjovihkqwnkia/Build/Products/Release-iphonesimulator/AFNetworking -Wincomplete-umbrella -w -Xanalyzer -analyzer-disable-all-checks -include /var/folders/4h/hxvz7hb959j4pw0pvbq686x00000gn/T/CocoaPods-Lint-20200722-25225-196xw43-UIModule/Pods/Target\ Support\ Files/AFNetworking/AFNetworking-prefix.pch -MMD -MT dependencies -MF /Users/edz/Library/Developer/Xcode/DerivedData/App-bytlbhqqorqzqidyjovihkqwnkia/Build/Intermediates.noindex/Pods.build/Release-iphonesimulator/AFNetworking.build/Objects-normal/x86_64/UIButton+AFNetworking.d --serialize-diagnostics /Users/edz/Library/Developer/Xcode/DerivedData/App-bytlbhqqorqzqidyjovihkqwnkia/Build/Intermediates.noindex/Pods.build/Release-iphonesimulator/AFNetworking.build/Objects-normal/x86_64/UIButton+AFNetworking.dia -c /var/folders/4h/hxvz7hb959j4pw0pvbq686x00000gn/T/CocoaPods-Lint-20200722-25225-196xw43-UIModule/Pods/AFNetworking/UIKit+AFNetworking/UIButton+AFNetworking.m -o /Users/edz/Library/Developer/Xcode/DerivedData/App-bytlbhqqorqzqidyjovihkqwnkia/Build/Intermediates.noindex/Pods.build/Release-iphonesimulator/AFNetworking.build/Objects-normal/x86_64/UIButton+AFNetworking.o
    
    CompileC /Users/edz/Library/Developer/Xcode/DerivedData/App-bytlbhqqorqzqidyjovihkqwnkia/Build/Intermediates.noindex/Pods.build/Release-iphonesimulator/AFNetworking.build/Objects-normal/x86_64/UIActivityIndicatorView+AFNetworking.o /var/folders/4h/hxvz7hb959j4pw0pvbq686x00000gn/T/CocoaPods-Lint-20200722-25225-196xw43-UIModule/Pods/AFNetworking/UIKit+AFNetworking/UIActivityIndicatorView+AFNetworking.m normal x86_64 objective-c com.apple.compilers.llvm.clang.1_0.compiler (in target 'AFNetworking' from project 'Pods')
        cd /var/folders/4h/hxvz7hb959j4pw0pvbq686x00000gn/T/CocoaPods-Lint-20200722-25225-196xw43-UIModule/Pods
        export LANG=en_US.US-ASCII
        /Applications/Xcode.app/Contents/Developer/Toolchains/XcodeDefault.xctoolchain/usr/bin/clang -x objective-c -target x86_64-apple-ios9.0-simulator -fmessage-length=0 -fdiagnostics-show-note-include-stack -fmacro-backtrace-limit=0 -std=gnu11 -fobjc-arc -fobjc-weak -fmodules -gmodules -fmodules-cache-path=/Users/edz/Library/Developer/Xcode/DerivedData/ModuleCache.noindex -fmodules-prune-interval=86400 -fmodules-prune-after=345600 -fbuild-session-file=/Users/edz/Library/Developer/Xcode/DerivedData/ModuleCache.noindex/Session.modulevalidation -fmodules-validate-once-per-build-session -Wnon-modular-include-in-framework-module -Werror=non-modular-include-in-framework-module -fmodule-name=AFNetworking -Wno-trigraphs -fpascal-strings -Os -fno-common -Wno-missing-field-initializers -Wno-missing-prototypes -Werror=return-type -Wdocumentation -Wunreachable-code -Wno-implicit-atomic-properties -Werror=deprecated-objc-isa-usage -Wno-objc-interface-ivars -Werror=objc-root-class -Wno-arc-repeated-use-of-weak -Wimplicit-retain-self -Wduplicate-method-match -Wno-missing-braces -Wparentheses -Wswitch -Wunused-function -Wno-unused-label -Wno-unused-parameter -Wunused-variable -Wunused-value -Wempty-body -Wuninitialized -Wconditional-uninitialized -Wno-unknown-pragmas -Wno-shadow -Wno-four-char-constants -Wno-conversion -Wconstant-conversion -Wint-conversion -Wbool-conversion -Wenum-conversion -Wno-float-conversion -Wnon-literal-null-conversion -Wobjc-literal-conversion -Wshorten-64-to-32 -Wpointer-sign -Wno-newline-eof -Wno-selector -Wno-strict-selector-match -Wundeclared-selector -Wdeprecated-implementations -DPOD_CONFIGURATION_RELEASE=1 -DCOCOAPODS=1 -DNS_BLOCK_ASSERTIONS=1 -DOBJC_OLD_DISPATCH_PROTOTYPES=0 -isysroot /Applications/Xcode.app/Contents/Developer/Platforms/iPhoneSimulator.platform/Developer/SDKs/iPhoneSimulator13.5.sdk -fasm-blocks -fstrict-aliasing -Wprotocol -Wdeprecated-declarations -g -Wno-sign-conversion -Winfinite-recursion -Wcomma -Wblock-capture-autoreleasing -Wstrict-prototypes -Wno-semicolon-before-method-body -Wunguarded-availability -fobjc-abi-version=2 -fobjc-legacy-dispatch -iquote /Users/edz/Library/Developer/Xcode/DerivedData/App-bytlbhqqorqzqidyjovihkqwnkia/Build/Intermediates.noindex/Pods.build/Release-iphonesimulator/AFNetworking.build/AFNetworking-generated-files.hmap -I/Users/edz/Library/Developer/Xcode/DerivedData/App-bytlbhqqorqzqidyjovihkqwnkia/Build/Intermediates.noindex/Pods.build/Release-iphonesimulator/AFNetworking.build/AFNetworking-own-target-headers.hmap -I/Users/edz/Library/Developer/Xcode/DerivedData/App-bytlbhqqorqzqidyjovihkqwnkia/Build/Intermediates.noindex/Pods.build/Release-iphonesimulator/AFNetworking.build/AFNetworking-all-non-framework-target-headers.hmap -ivfsoverlay /Users/edz/Library/Developer/Xcode/DerivedData/App-bytlbhqqorqzqidyjovihkqwnkia/Build/Intermediates.noindex/Pods.build/Release-iphonesimulator/AFNetworking.build/all-product-headers.yaml -iquote /Users/edz/Library/Developer/Xcode/DerivedData/App-bytlbhqqorqzqidyjovihkqwnkia/Build/Intermediates.noindex/Pods.build/Release-iphonesimulator/AFNetworking.build/AFNetworking-project-headers.hmap -I/Users/edz/Library/Developer/Xcode/DerivedData/App-bytlbhqqorqzqidyjovihkqwnkia/Build/Products/Release-iphonesimulator/AFNetworking/include -I/Users/edz/Library/Developer/Xcode/DerivedData/App-bytlbhqqorqzqidyjovihkqwnkia/Build/Intermediates.noindex/Pods.build/Release-iphonesimulator/AFNetworking.build/DerivedSources-normal/x86_64 -I/Users/edz/Library/Developer/Xcode/DerivedData/App-bytlbhqqorqzqidyjovihkqwnkia/Build/Intermediates.noindex/Pods.build/Release-iphonesimulator/AFNetworking.build/DerivedSources/x86_64 -I/Users/edz/Library/Developer/Xcode/DerivedData/App-bytlbhqqorqzqidyjovihkqwnkia/Build/Intermediates.noindex/Pods.build/Release-iphonesimulator/AFNetworking.build/DerivedSources -F/Users/edz/Library/Developer/Xcode/DerivedData/App-bytlbhqqorqzqidyjovihkqwnkia/Build/Products/Release-iphonesimulator/AFNetworking -Wincomplete-umbrella -w -Xanalyzer -analyzer-disable-all-checks -include /var/folders/4h/hxvz7hb959j4pw0pvbq686x00000gn/T/CocoaPods-Lint-20200722-25225-196xw43-UIModule/Pods/Target\ Support\ Files/AFNetworking/AFNetworking-prefix.pch -MMD -MT dependencies -MF /Users/edz/Library/Developer/Xcode/DerivedData/App-bytlbhqqorqzqidyjovihkqwnkia/Build/Intermediates.noindex/Pods.build/Release-iphonesimulator/AFNetworking.build/Objects-normal/x86_64/UIActivityIndicatorView+AFNetworking.d --serialize-diagnostics /Users/edz/Library/Developer/Xcode/DerivedData/App-bytlbhqqorqzqidyjovihkqwnkia/Build/Intermediates.noindex/Pods.build/Release-iphonesimulator/AFNetworking.build/Objects-normal/x86_64/UIActivityIndicatorView+AFNetworking.dia -c /var/folders/4h/hxvz7hb959j4pw0pvbq686x00000gn/T/CocoaPods-Lint-20200722-25225-196xw43-UIModule/Pods/AFNetworking/UIKit+AFNetworking/UIActivityIndicatorView+AFNetworking.m -o /Users/edz/Library/Developer/Xcode/DerivedData/App-bytlbhqqorqzqidyjovihkqwnkia/Build/Intermediates.noindex/Pods.build/Release-iphonesimulator/AFNetworking.build/Objects-normal/x86_64/UIActivityIndicatorView+AFNetworking.o
    
    CompileC /Users/edz/Library/Developer/Xcode/DerivedData/App-bytlbhqqorqzqidyjovihkqwnkia/Build/Intermediates.noindex/Pods.build/Release-iphonesimulator/AFNetworking.build/Objects-normal/x86_64/AFURLSessionManager.o /var/folders/4h/hxvz7hb959j4pw0pvbq686x00000gn/T/CocoaPods-Lint-20200722-25225-196xw43-UIModule/Pods/AFNetworking/AFNetworking/AFURLSessionManager.m normal x86_64 objective-c com.apple.compilers.llvm.clang.1_0.compiler (in target 'AFNetworking' from project 'Pods')
        cd /var/folders/4h/hxvz7hb959j4pw0pvbq686x00000gn/T/CocoaPods-Lint-20200722-25225-196xw43-UIModule/Pods
        export LANG=en_US.US-ASCII
        /Applications/Xcode.app/Contents/Developer/Toolchains/XcodeDefault.xctoolchain/usr/bin/clang -x objective-c -target x86_64-apple-ios9.0-simulator -fmessage-length=0 -fdiagnostics-show-note-include-stack -fmacro-backtrace-limit=0 -std=gnu11 -fobjc-arc -fobjc-weak -fmodules -gmodules -fmodules-cache-path=/Users/edz/Library/Developer/Xcode/DerivedData/ModuleCache.noindex -fmodules-prune-interval=86400 -fmodules-prune-after=345600 -fbuild-session-file=/Users/edz/Library/Developer/Xcode/DerivedData/ModuleCache.noindex/Session.modulevalidation -fmodules-validate-once-per-build-session -Wnon-modular-include-in-framework-module -Werror=non-modular-include-in-framework-module -fmodule-name=AFNetworking -Wno-trigraphs -fpascal-strings -Os -fno-common -Wno-missing-field-initializers -Wno-missing-prototypes -Werror=return-type -Wdocumentation -Wunreachable-code -Wno-implicit-atomic-properties -Werror=deprecated-objc-isa-usage -Wno-objc-interface-ivars -Werror=objc-root-class -Wno-arc-repeated-use-of-weak -Wimplicit-retain-self -Wduplicate-method-match -Wno-missing-braces -Wparentheses -Wswitch -Wunused-function -Wno-unused-label -Wno-unused-parameter -Wunused-variable -Wunused-value -Wempty-body -Wuninitialized -Wconditional-uninitialized -Wno-unknown-pragmas -Wno-shadow -Wno-four-char-constants -Wno-conversion -Wconstant-conversion -Wint-conversion -Wbool-conversion -Wenum-conversion -Wno-float-conversion -Wnon-literal-null-conversion -Wobjc-literal-conversion -Wshorten-64-to-32 -Wpointer-sign -Wno-newline-eof -Wno-selector -Wno-strict-selector-match -Wundeclared-selector -Wdeprecated-implementations -DPOD_CONFIGURATION_RELEASE=1 -DCOCOAPODS=1 -DNS_BLOCK_ASSERTIONS=1 -DOBJC_OLD_DISPATCH_PROTOTYPES=0 -isysroot /Applications/Xcode.app/Contents/Developer/Platforms/iPhoneSimulator.platform/Developer/SDKs/iPhoneSimulator13.5.sdk -fasm-blocks -fstrict-aliasing -Wprotocol -Wdeprecated-declarations -g -Wno-sign-conversion -Winfinite-recursion -Wcomma -Wblock-capture-autoreleasing -Wstrict-prototypes -Wno-semicolon-before-method-body -Wunguarded-availability -fobjc-abi-version=2 -fobjc-legacy-dispatch -iquote /Users/edz/Library/Developer/Xcode/DerivedData/App-bytlbhqqorqzqidyjovihkqwnkia/Build/Intermediates.noindex/Pods.build/Release-iphonesimulator/AFNetworking.build/AFNetworking-generated-files.hmap -I/Users/edz/Library/Developer/Xcode/DerivedData/App-bytlbhqqorqzqidyjovihkqwnkia/Build/Intermediates.noindex/Pods.build/Release-iphonesimulator/AFNetworking.build/AFNetworking-own-target-headers.hmap -I/Users/edz/Library/Developer/Xcode/DerivedData/App-bytlbhqqorqzqidyjovihkqwnkia/Build/Intermediates.noindex/Pods.build/Release-iphonesimulator/AFNetworking.build/AFNetworking-all-non-framework-target-headers.hmap -ivfsoverlay /Users/edz/Library/Developer/Xcode/DerivedData/App-bytlbhqqorqzqidyjovihkqwnkia/Build/Intermediates.noindex/Pods.build/Release-iphonesimulator/AFNetworking.build/all-product-headers.yaml -iquote /Users/edz/Library/Developer/Xcode/DerivedData/App-bytlbhqqorqzqidyjovihkqwnkia/Build/Intermediates.noindex/Pods.build/Release-iphonesimulator/AFNetworking.build/AFNetworking-project-headers.hmap -I/Users/edz/Library/Developer/Xcode/DerivedData/App-bytlbhqqorqzqidyjovihkqwnkia/Build/Products/Release-iphonesimulator/AFNetworking/include -I/Users/edz/Library/Developer/Xcode/DerivedData/App-bytlbhqqorqzqidyjovihkqwnkia/Build/Intermediates.noindex/Pods.build/Release-iphonesimulator/AFNetworking.build/DerivedSources-normal/x86_64 -I/Users/edz/Library/Developer/Xcode/DerivedData/App-bytlbhqqorqzqidyjovihkqwnkia/Build/Intermediates.noindex/Pods.build/Release-iphonesimulator/AFNetworking.build/DerivedSources/x86_64 -I/Users/edz/Library/Developer/Xcode/DerivedData/App-bytlbhqqorqzqidyjovihkqwnkia/Build/Intermediates.noindex/Pods.build/Release-iphonesimulator/AFNetworking.build/DerivedSources -F/Users/edz/Library/Developer/Xcode/DerivedData/App-bytlbhqqorqzqidyjovihkqwnkia/Build/Products/Release-iphonesimulator/AFNetworking -Wincomplete-umbrella -w -Xanalyzer -analyzer-disable-all-checks -include /var/folders/4h/hxvz7hb959j4pw0pvbq686x00000gn/T/CocoaPods-Lint-20200722-25225-196xw43-UIModule/Pods/Target\ Support\ Files/AFNetworking/AFNetworking-prefix.pch -MMD -MT dependencies -MF /Users/edz/Library/Developer/Xcode/DerivedData/App-bytlbhqqorqzqidyjovihkqwnkia/Build/Intermediates.noindex/Pods.build/Release-iphonesimulator/AFNetworking.build/Objects-normal/x86_64/AFURLSessionManager.d --serialize-diagnostics /Users/edz/Library/Developer/Xcode/DerivedData/App-bytlbhqqorqzqidyjovihkqwnkia/Build/Intermediates.noindex/Pods.build/Release-iphonesimulator/AFNetworking.build/Objects-normal/x86_64/AFURLSessionManager.dia -c /var/folders/4h/hxvz7hb959j4pw0pvbq686x00000gn/T/CocoaPods-Lint-20200722-25225-196xw43-UIModule/Pods/AFNetworking/AFNetworking/AFURLSessionManager.m -o /Users/edz/Library/Developer/Xcode/DerivedData/App-bytlbhqqorqzqidyjovihkqwnkia/Build/Intermediates.noindex/Pods.build/Release-iphonesimulator/AFNetworking.build/Objects-normal/x86_64/AFURLSessionManager.o
    
    GenerateDSYMFile /Users/edz/Library/Developer/Xcode/DerivedData/App-bytlbhqqorqzqidyjovihkqwnkia/Build/Products/Release-iphonesimulator/JSONModel/JSONModel.framework.dSYM /Users/edz/Library/Developer/Xcode/DerivedData/App-bytlbhqqorqzqidyjovihkqwnkia/Build/Products/Release-iphonesimulator/JSONModel/JSONModel.framework/JSONModel (in target 'JSONModel' from project 'Pods')
        cd /var/folders/4h/hxvz7hb959j4pw0pvbq686x00000gn/T/CocoaPods-Lint-20200722-25225-196xw43-UIModule/Pods
        /Applications/Xcode.app/Contents/Developer/Toolchains/XcodeDefault.xctoolchain/usr/bin/dsymutil /Users/edz/Library/Developer/Xcode/DerivedData/App-bytlbhqqorqzqidyjovihkqwnkia/Build/Products/Release-iphonesimulator/JSONModel/JSONModel.framework/JSONModel -o /Users/edz/Library/Developer/Xcode/DerivedData/App-bytlbhqqorqzqidyjovihkqwnkia/Build/Products/Release-iphonesimulator/JSONModel/JSONModel.framework.dSYM
    
    CompileC /Users/edz/Library/Developer/Xcode/DerivedData/App-bytlbhqqorqzqidyjovihkqwnkia/Build/Intermediates.noindex/Pods.build/Release-iphonesimulator/AFNetworking.build/Objects-normal/x86_64/AFURLResponseSerialization.o /var/folders/4h/hxvz7hb959j4pw0pvbq686x00000gn/T/CocoaPods-Lint-20200722-25225-196xw43-UIModule/Pods/AFNetworking/AFNetworking/AFURLResponseSerialization.m normal x86_64 objective-c com.apple.compilers.llvm.clang.1_0.compiler (in target 'AFNetworking' from project 'Pods')
        cd /var/folders/4h/hxvz7hb959j4pw0pvbq686x00000gn/T/CocoaPods-Lint-20200722-25225-196xw43-UIModule/Pods
        export LANG=en_US.US-ASCII
        /Applications/Xcode.app/Contents/Developer/Toolchains/XcodeDefault.xctoolchain/usr/bin/clang -x objective-c -target x86_64-apple-ios9.0-simulator -fmessage-length=0 -fdiagnostics-show-note-include-stack -fmacro-backtrace-limit=0 -std=gnu11 -fobjc-arc -fobjc-weak -fmodules -gmodules -fmodules-cache-path=/Users/edz/Library/Developer/Xcode/DerivedData/ModuleCache.noindex -fmodules-prune-interval=86400 -fmodules-prune-after=345600 -fbuild-session-file=/Users/edz/Library/Developer/Xcode/DerivedData/ModuleCache.noindex/Session.modulevalidation -fmodules-validate-once-per-build-session -Wnon-modular-include-in-framework-module -Werror=non-modular-include-in-framework-module -fmodule-name=AFNetworking -Wno-trigraphs -fpascal-strings -Os -fno-common -Wno-missing-field-initializers -Wno-missing-prototypes -Werror=return-type -Wdocumentation -Wunreachable-code -Wno-implicit-atomic-properties -Werror=deprecated-objc-isa-usage -Wno-objc-interface-ivars -Werror=objc-root-class -Wno-arc-repeated-use-of-weak -Wimplicit-retain-self -Wduplicate-method-match -Wno-missing-braces -Wparentheses -Wswitch -Wunused-function -Wno-unused-label -Wno-unused-parameter -Wunused-variable -Wunused-value -Wempty-body -Wuninitialized -Wconditional-uninitialized -Wno-unknown-pragmas -Wno-shadow -Wno-four-char-constants -Wno-conversion -Wconstant-conversion -Wint-conversion -Wbool-conversion -Wenum-conversion -Wno-float-conversion -Wnon-literal-null-conversion -Wobjc-literal-conversion -Wshorten-64-to-32 -Wpointer-sign -Wno-newline-eof -Wno-selector -Wno-strict-selector-match -Wundeclared-selector -Wdeprecated-implementations -DPOD_CONFIGURATION_RELEASE=1 -DCOCOAPODS=1 -DNS_BLOCK_ASSERTIONS=1 -DOBJC_OLD_DISPATCH_PROTOTYPES=0 -isysroot /Applications/Xcode.app/Contents/Developer/Platforms/iPhoneSimulator.platform/Developer/SDKs/iPhoneSimulator13.5.sdk -fasm-blocks -fstrict-aliasing -Wprotocol -Wdeprecated-declarations -g -Wno-sign-conversion -Winfinite-recursion -Wcomma -Wblock-capture-autoreleasing -Wstrict-prototypes -Wno-semicolon-before-method-body -Wunguarded-availability -fobjc-abi-version=2 -fobjc-legacy-dispatch -iquote /Users/edz/Library/Developer/Xcode/DerivedData/App-bytlbhqqorqzqidyjovihkqwnkia/Build/Intermediates.noindex/Pods.build/Release-iphonesimulator/AFNetworking.build/AFNetworking-generated-files.hmap -I/Users/edz/Library/Developer/Xcode/DerivedData/App-bytlbhqqorqzqidyjovihkqwnkia/Build/Intermediates.noindex/Pods.build/Release-iphonesimulator/AFNetworking.build/AFNetworking-own-target-headers.hmap -I/Users/edz/Library/Developer/Xcode/DerivedData/App-bytlbhqqorqzqidyjovihkqwnkia/Build/Intermediates.noindex/Pods.build/Release-iphonesimulator/AFNetworking.build/AFNetworking-all-non-framework-target-headers.hmap -ivfsoverlay /Users/edz/Library/Developer/Xcode/DerivedData/App-bytlbhqqorqzqidyjovihkqwnkia/Build/Intermediates.noindex/Pods.build/Release-iphonesimulator/AFNetworking.build/all-product-headers.yaml -iquote /Users/edz/Library/Developer/Xcode/DerivedData/App-bytlbhqqorqzqidyjovihkqwnkia/Build/Intermediates.noindex/Pods.build/Release-iphonesimulator/AFNetworking.build/AFNetworking-project-headers.hmap -I/Users/edz/Library/Developer/Xcode/DerivedData/App-bytlbhqqorqzqidyjovihkqwnkia/Build/Products/Release-iphonesimulator/AFNetworking/include -I/Users/edz/Library/Developer/Xcode/DerivedData/App-bytlbhqqorqzqidyjovihkqwnkia/Build/Intermediates.noindex/Pods.build/Release-iphonesimulator/AFNetworking.build/DerivedSources-normal/x86_64 -I/Users/edz/Library/Developer/Xcode/DerivedData/App-bytlbhqqorqzqidyjovihkqwnkia/Build/Intermediates.noindex/Pods.build/Release-iphonesimulator/AFNetworking.build/DerivedSources/x86_64 -I/Users/edz/Library/Developer/Xcode/DerivedData/App-bytlbhqqorqzqidyjovihkqwnkia/Build/Intermediates.noindex/Pods.build/Release-iphonesimulator/AFNetworking.build/DerivedSources -F/Users/edz/Library/Developer/Xcode/DerivedData/App-bytlbhqqorqzqidyjovihkqwnkia/Build/Products/Release-iphonesimulator/AFNetworking -Wincomplete-umbrella -w -Xanalyzer -analyzer-disable-all-checks -include /var/folders/4h/hxvz7hb959j4pw0pvbq686x00000gn/T/CocoaPods-Lint-20200722-25225-196xw43-UIModule/Pods/Target\ Support\ Files/AFNetworking/AFNetworking-prefix.pch -MMD -MT dependencies -MF /Users/edz/Library/Developer/Xcode/DerivedData/App-bytlbhqqorqzqidyjovihkqwnkia/Build/Intermediates.noindex/Pods.build/Release-iphonesimulator/AFNetworking.build/Objects-normal/x86_64/AFURLResponseSerialization.d --serialize-diagnostics /Users/edz/Library/Developer/Xcode/DerivedData/App-bytlbhqqorqzqidyjovihkqwnkia/Build/Intermediates.noindex/Pods.build/Release-iphonesimulator/AFNetworking.build/Objects-normal/x86_64/AFURLResponseSerialization.dia -c /var/folders/4h/hxvz7hb959j4pw0pvbq686x00000gn/T/CocoaPods-Lint-20200722-25225-196xw43-UIModule/Pods/AFNetworking/AFNetworking/AFURLResponseSerialization.m -o /Users/edz/Library/Developer/Xcode/DerivedData/App-bytlbhqqorqzqidyjovihkqwnkia/Build/Intermediates.noindex/Pods.build/Release-iphonesimulator/AFNetworking.build/Objects-normal/x86_64/AFURLResponseSerialization.o
    
    CompileC /Users/edz/Library/Developer/Xcode/DerivedData/App-bytlbhqqorqzqidyjovihkqwnkia/Build/Intermediates.noindex/Pods.build/Release-iphonesimulator/AFNetworking.build/Objects-normal/x86_64/AFURLRequestSerialization.o /var/folders/4h/hxvz7hb959j4pw0pvbq686x00000gn/T/CocoaPods-Lint-20200722-25225-196xw43-UIModule/Pods/AFNetworking/AFNetworking/AFURLRequestSerialization.m normal x86_64 objective-c com.apple.compilers.llvm.clang.1_0.compiler (in target 'AFNetworking' from project 'Pods')
        cd /var/folders/4h/hxvz7hb959j4pw0pvbq686x00000gn/T/CocoaPods-Lint-20200722-25225-196xw43-UIModule/Pods
        export LANG=en_US.US-ASCII
        /Applications/Xcode.app/Contents/Developer/Toolchains/XcodeDefault.xctoolchain/usr/bin/clang -x objective-c -target x86_64-apple-ios9.0-simulator -fmessage-length=0 -fdiagnostics-show-note-include-stack -fmacro-backtrace-limit=0 -std=gnu11 -fobjc-arc -fobjc-weak -fmodules -gmodules -fmodules-cache-path=/Users/edz/Library/Developer/Xcode/DerivedData/ModuleCache.noindex -fmodules-prune-interval=86400 -fmodules-prune-after=345600 -fbuild-session-file=/Users/edz/Library/Developer/Xcode/DerivedData/ModuleCache.noindex/Session.modulevalidation -fmodules-validate-once-per-build-session -Wnon-modular-include-in-framework-module -Werror=non-modular-include-in-framework-module -fmodule-name=AFNetworking -Wno-trigraphs -fpascal-strings -Os -fno-common -Wno-missing-field-initializers -Wno-missing-prototypes -Werror=return-type -Wdocumentation -Wunreachable-code -Wno-implicit-atomic-properties -Werror=deprecated-objc-isa-usage -Wno-objc-interface-ivars -Werror=objc-root-class -Wno-arc-repeated-use-of-weak -Wimplicit-retain-self -Wduplicate-method-match -Wno-missing-braces -Wparentheses -Wswitch -Wunused-function -Wno-unused-label -Wno-unused-parameter -Wunused-variable -Wunused-value -Wempty-body -Wuninitialized -Wconditional-uninitialized -Wno-unknown-pragmas -Wno-shadow -Wno-four-char-constants -Wno-conversion -Wconstant-conversion -Wint-conversion -Wbool-conversion -Wenum-conversion -Wno-float-conversion -Wnon-literal-null-conversion -Wobjc-literal-conversion -Wshorten-64-to-32 -Wpointer-sign -Wno-newline-eof -Wno-selector -Wno-strict-selector-match -Wundeclared-selector -Wdeprecated-implementations -DPOD_CONFIGURATION_RELEASE=1 -DCOCOAPODS=1 -DNS_BLOCK_ASSERTIONS=1 -DOBJC_OLD_DISPATCH_PROTOTYPES=0 -isysroot /Applications/Xcode.app/Contents/Developer/Platforms/iPhoneSimulator.platform/Developer/SDKs/iPhoneSimulator13.5.sdk -fasm-blocks -fstrict-aliasing -Wprotocol -Wdeprecated-declarations -g -Wno-sign-conversion -Winfinite-recursion -Wcomma -Wblock-capture-autoreleasing -Wstrict-prototypes -Wno-semicolon-before-method-body -Wunguarded-availability -fobjc-abi-version=2 -fobjc-legacy-dispatch -iquote /Users/edz/Library/Developer/Xcode/DerivedData/App-bytlbhqqorqzqidyjovihkqwnkia/Build/Intermediates.noindex/Pods.build/Release-iphonesimulator/AFNetworking.build/AFNetworking-generated-files.hmap -I/Users/edz/Library/Developer/Xcode/DerivedData/App-bytlbhqqorqzqidyjovihkqwnkia/Build/Intermediates.noindex/Pods.build/Release-iphonesimulator/AFNetworking.build/AFNetworking-own-target-headers.hmap -I/Users/edz/Library/Developer/Xcode/DerivedData/App-bytlbhqqorqzqidyjovihkqwnkia/Build/Intermediates.noindex/Pods.build/Release-iphonesimulator/AFNetworking.build/AFNetworking-all-non-framework-target-headers.hmap -ivfsoverlay /Users/edz/Library/Developer/Xcode/DerivedData/App-bytlbhqqorqzqidyjovihkqwnkia/Build/Intermediates.noindex/Pods.build/Release-iphonesimulator/AFNetworking.build/all-product-headers.yaml -iquote /Users/edz/Library/Developer/Xcode/DerivedData/App-bytlbhqqorqzqidyjovihkqwnkia/Build/Intermediates.noindex/Pods.build/Release-iphonesimulator/AFNetworking.build/AFNetworking-project-headers.hmap -I/Users/edz/Library/Developer/Xcode/DerivedData/App-bytlbhqqorqzqidyjovihkqwnkia/Build/Products/Release-iphonesimulator/AFNetworking/include -I/Users/edz/Library/Developer/Xcode/DerivedData/App-bytlbhqqorqzqidyjovihkqwnkia/Build/Intermediates.noindex/Pods.build/Release-iphonesimulator/AFNetworking.build/DerivedSources-normal/x86_64 -I/Users/edz/Library/Developer/Xcode/DerivedData/App-bytlbhqqorqzqidyjovihkqwnkia/Build/Intermediates.noindex/Pods.build/Release-iphonesimulator/AFNetworking.build/DerivedSources/x86_64 -I/Users/edz/Library/Developer/Xcode/DerivedData/App-bytlbhqqorqzqidyjovihkqwnkia/Build/Intermediates.noindex/Pods.build/Release-iphonesimulator/AFNetworking.build/DerivedSources -F/Users/edz/Library/Developer/Xcode/DerivedData/App-bytlbhqqorqzqidyjovihkqwnkia/Build/Products/Release-iphonesimulator/AFNetworking -Wincomplete-umbrella -w -Xanalyzer -analyzer-disable-all-checks -include /var/folders/4h/hxvz7hb959j4pw0pvbq686x00000gn/T/CocoaPods-Lint-20200722-25225-196xw43-UIModule/Pods/Target\ Support\ Files/AFNetworking/AFNetworking-prefix.pch -MMD -MT dependencies -MF /Users/edz/Library/Developer/Xcode/DerivedData/App-bytlbhqqorqzqidyjovihkqwnkia/Build/Intermediates.noindex/Pods.build/Release-iphonesimulator/AFNetworking.build/Objects-normal/x86_64/AFURLRequestSerialization.d --serialize-diagnostics /Users/edz/Library/Developer/Xcode/DerivedData/App-bytlbhqqorqzqidyjovihkqwnkia/Build/Intermediates.noindex/Pods.build/Release-iphonesimulator/AFNetworking.build/Objects-normal/x86_64/AFURLRequestSerialization.dia -c /var/folders/4h/hxvz7hb959j4pw0pvbq686x00000gn/T/CocoaPods-Lint-20200722-25225-196xw43-UIModule/Pods/AFNetworking/AFNetworking/AFURLRequestSerialization.m -o /Users/edz/Library/Developer/Xcode/DerivedData/App-bytlbhqqorqzqidyjovihkqwnkia/Build/Intermediates.noindex/Pods.build/Release-iphonesimulator/AFNetworking.build/Objects-normal/x86_64/AFURLRequestSerialization.o
    
    CompileC /Users/edz/Library/Developer/Xcode/DerivedData/App-bytlbhqqorqzqidyjovihkqwnkia/Build/Intermediates.noindex/Pods.build/Release-iphonesimulator/AFNetworking.build/Objects-normal/x86_64/AFSecurityPolicy.o /var/folders/4h/hxvz7hb959j4pw0pvbq686x00000gn/T/CocoaPods-Lint-20200722-25225-196xw43-UIModule/Pods/AFNetworking/AFNetworking/AFSecurityPolicy.m normal x86_64 objective-c com.apple.compilers.llvm.clang.1_0.compiler (in target 'AFNetworking' from project 'Pods')
        cd /var/folders/4h/hxvz7hb959j4pw0pvbq686x00000gn/T/CocoaPods-Lint-20200722-25225-196xw43-UIModule/Pods
        export LANG=en_US.US-ASCII
        /Applications/Xcode.app/Contents/Developer/Toolchains/XcodeDefault.xctoolchain/usr/bin/clang -x objective-c -target x86_64-apple-ios9.0-simulator -fmessage-length=0 -fdiagnostics-show-note-include-stack -fmacro-backtrace-limit=0 -std=gnu11 -fobjc-arc -fobjc-weak -fmodules -gmodules -fmodules-cache-path=/Users/edz/Library/Developer/Xcode/DerivedData/ModuleCache.noindex -fmodules-prune-interval=86400 -fmodules-prune-after=345600 -fbuild-session-file=/Users/edz/Library/Developer/Xcode/DerivedData/ModuleCache.noindex/Session.modulevalidation -fmodules-validate-once-per-build-session -Wnon-modular-include-in-framework-module -Werror=non-modular-include-in-framework-module -fmodule-name=AFNetworking -Wno-trigraphs -fpascal-strings -Os -fno-common -Wno-missing-field-initializers -Wno-missing-prototypes -Werror=return-type -Wdocumentation -Wunreachable-code -Wno-implicit-atomic-properties -Werror=deprecated-objc-isa-usage -Wno-objc-interface-ivars -Werror=objc-root-class -Wno-arc-repeated-use-of-weak -Wimplicit-retain-self -Wduplicate-method-match -Wno-missing-braces -Wparentheses -Wswitch -Wunused-function -Wno-unused-label -Wno-unused-parameter -Wunused-variable -Wunused-value -Wempty-body -Wuninitialized -Wconditional-uninitialized -Wno-unknown-pragmas -Wno-shadow -Wno-four-char-constants -Wno-conversion -Wconstant-conversion -Wint-conversion -Wbool-conversion -Wenum-conversion -Wno-float-conversion -Wnon-literal-null-conversion -Wobjc-literal-conversion -Wshorten-64-to-32 -Wpointer-sign -Wno-newline-eof -Wno-selector -Wno-strict-selector-match -Wundeclared-selector -Wdeprecated-implementations -DPOD_CONFIGURATION_RELEASE=1 -DCOCOAPODS=1 -DNS_BLOCK_ASSERTIONS=1 -DOBJC_OLD_DISPATCH_PROTOTYPES=0 -isysroot /Applications/Xcode.app/Contents/Developer/Platforms/iPhoneSimulator.platform/Developer/SDKs/iPhoneSimulator13.5.sdk -fasm-blocks -fstrict-aliasing -Wprotocol -Wdeprecated-declarations -g -Wno-sign-conversion -Winfinite-recursion -Wcomma -Wblock-capture-autoreleasing -Wstrict-prototypes -Wno-semicolon-before-method-body -Wunguarded-availability -fobjc-abi-version=2 -fobjc-legacy-dispatch -iquote /Users/edz/Library/Developer/Xcode/DerivedData/App-bytlbhqqorqzqidyjovihkqwnkia/Build/Intermediates.noindex/Pods.build/Release-iphonesimulator/AFNetworking.build/AFNetworking-generated-files.hmap -I/Users/edz/Library/Developer/Xcode/DerivedData/App-bytlbhqqorqzqidyjovihkqwnkia/Build/Intermediates.noindex/Pods.build/Release-iphonesimulator/AFNetworking.build/AFNetworking-own-target-headers.hmap -I/Users/edz/Library/Developer/Xcode/DerivedData/App-bytlbhqqorqzqidyjovihkqwnkia/Build/Intermediates.noindex/Pods.build/Release-iphonesimulator/AFNetworking.build/AFNetworking-all-non-framework-target-headers.hmap -ivfsoverlay /Users/edz/Library/Developer/Xcode/DerivedData/App-bytlbhqqorqzqidyjovihkqwnkia/Build/Intermediates.noindex/Pods.build/Release-iphonesimulator/AFNetworking.build/all-product-headers.yaml -iquote /Users/edz/Library/Developer/Xcode/DerivedData/App-bytlbhqqorqzqidyjovihkqwnkia/Build/Intermediates.noindex/Pods.build/Release-iphonesimulator/AFNetworking.build/AFNetworking-project-headers.hmap -I/Users/edz/Library/Developer/Xcode/DerivedData/App-bytlbhqqorqzqidyjovihkqwnkia/Build/Products/Release-iphonesimulator/AFNetworking/include -I/Users/edz/Library/Developer/Xcode/DerivedData/App-bytlbhqqorqzqidyjovihkqwnkia/Build/Intermediates.noindex/Pods.build/Release-iphonesimulator/AFNetworking.build/DerivedSources-normal/x86_64 -I/Users/edz/Library/Developer/Xcode/DerivedData/App-bytlbhqqorqzqidyjovihkqwnkia/Build/Intermediates.noindex/Pods.build/Release-iphonesimulator/AFNetworking.build/DerivedSources/x86_64 -I/Users/edz/Library/Developer/Xcode/DerivedData/App-bytlbhqqorqzqidyjovihkqwnkia/Build/Intermediates.noindex/Pods.build/Release-iphonesimulator/AFNetworking.build/DerivedSources -F/Users/edz/Library/Developer/Xcode/DerivedData/App-bytlbhqqorqzqidyjovihkqwnkia/Build/Products/Release-iphonesimulator/AFNetworking -Wincomplete-umbrella -w -Xanalyzer -analyzer-disable-all-checks -include /var/folders/4h/hxvz7hb959j4pw0pvbq686x00000gn/T/CocoaPods-Lint-20200722-25225-196xw43-UIModule/Pods/Target\ Support\ Files/AFNetworking/AFNetworking-prefix.pch -MMD -MT dependencies -MF /Users/edz/Library/Developer/Xcode/DerivedData/App-bytlbhqqorqzqidyjovihkqwnkia/Build/Intermediates.noindex/Pods.build/Release-iphonesimulator/AFNetworking.build/Objects-normal/x86_64/AFSecurityPolicy.d --serialize-diagnostics /Users/edz/Library/Developer/Xcode/DerivedData/App-bytlbhqqorqzqidyjovihkqwnkia/Build/Intermediates.noindex/Pods.build/Release-iphonesimulator/AFNetworking.build/Objects-normal/x86_64/AFSecurityPolicy.dia -c /var/folders/4h/hxvz7hb959j4pw0pvbq686x00000gn/T/CocoaPods-Lint-20200722-25225-196xw43-UIModule/Pods/AFNetworking/AFNetworking/AFSecurityPolicy.m -o /Users/edz/Library/Developer/Xcode/DerivedData/App-bytlbhqqorqzqidyjovihkqwnkia/Build/Intermediates.noindex/Pods.build/Release-iphonesimulator/AFNetworking.build/Objects-normal/x86_64/AFSecurityPolicy.o
    
    CompileC /Users/edz/Library/Developer/Xcode/DerivedData/App-bytlbhqqorqzqidyjovihkqwnkia/Build/Intermediates.noindex/Pods.build/Release-iphonesimulator/AFNetworking.build/Objects-normal/x86_64/AFNetworking_vers.o /Users/edz/Library/Developer/Xcode/DerivedData/App-bytlbhqqorqzqidyjovihkqwnkia/Build/Intermediates.noindex/Pods.build/Release-iphonesimulator/AFNetworking.build/DerivedSources/AFNetworking_vers.c normal x86_64 c com.apple.compilers.llvm.clang.1_0.compiler (in target 'AFNetworking' from project 'Pods')
        cd /var/folders/4h/hxvz7hb959j4pw0pvbq686x00000gn/T/CocoaPods-Lint-20200722-25225-196xw43-UIModule/Pods
        export LANG=en_US.US-ASCII
        /Applications/Xcode.app/Contents/Developer/Toolchains/XcodeDefault.xctoolchain/usr/bin/clang -x c -target x86_64-apple-ios9.0-simulator -fmessage-length=0 -fdiagnostics-show-note-include-stack -fmacro-backtrace-limit=0 -std=gnu11 -fmodules -gmodules -fmodules-cache-path=/Users/edz/Library/Developer/Xcode/DerivedData/ModuleCache.noindex -fmodules-prune-interval=86400 -fmodules-prune-after=345600 -fbuild-session-file=/Users/edz/Library/Developer/Xcode/DerivedData/ModuleCache.noindex/Session.modulevalidation -fmodules-validate-once-per-build-session -Wnon-modular-include-in-framework-module -Werror=non-modular-include-in-framework-module -fmodule-name=AFNetworking -Wno-trigraphs -fpascal-strings -Os -fno-common -Wno-missing-field-initializers -Wno-missing-prototypes -Werror=return-type -Wdocumentation -Wunreachable-code -Werror=deprecated-objc-isa-usage -Werror=objc-root-class -Wno-missing-braces -Wparentheses -Wswitch -Wunused-function -Wno-unused-label -Wno-unused-parameter -Wunused-variable -Wunused-value -Wempty-body -Wuninitialized -Wconditional-uninitialized -Wno-unknown-pragmas -Wno-shadow -Wno-four-char-constants -Wno-conversion -Wconstant-conversion -Wint-conversion -Wbool-conversion -Wenum-conversion -Wno-float-conversion -Wnon-literal-null-conversion -Wobjc-literal-conversion -Wshorten-64-to-32 -Wpointer-sign -Wno-newline-eof -DPOD_CONFIGURATION_RELEASE=1 -DCOCOAPODS=1 -isysroot /Applications/Xcode.app/Contents/Developer/Platforms/iPhoneSimulator.platform/Developer/SDKs/iPhoneSimulator13.5.sdk -fasm-blocks -fstrict-aliasing -Wdeprecated-declarations -g -Wno-sign-conversion -Winfinite-recursion -Wcomma -Wblock-capture-autoreleasing -Wstrict-prototypes -Wno-semicolon-before-method-body -Wunguarded-availability -iquote /Users/edz/Library/Developer/Xcode/DerivedData/App-bytlbhqqorqzqidyjovihkqwnkia/Build/Intermediates.noindex/Pods.build/Release-iphonesimulator/AFNetworking.build/AFNetworking-generated-files.hmap -I/Users/edz/Library/Developer/Xcode/DerivedData/App-bytlbhqqorqzqidyjovihkqwnkia/Build/Intermediates.noindex/Pods.build/Release-iphonesimulator/AFNetworking.build/AFNetworking-own-target-headers.hmap -I/Users/edz/Library/Developer/Xcode/DerivedData/App-bytlbhqqorqzqidyjovihkqwnkia/Build/Intermediates.noindex/Pods.build/Release-iphonesimulator/AFNetworking.build/AFNetworking-all-non-framework-target-headers.hmap -ivfsoverlay /Users/edz/Library/Developer/Xcode/DerivedData/App-bytlbhqqorqzqidyjovihkqwnkia/Build/Intermediates.noindex/Pods.build/Release-iphonesimulator/AFNetworking.build/all-product-headers.yaml -iquote /Users/edz/Library/Developer/Xcode/DerivedData/App-bytlbhqqorqzqidyjovihkqwnkia/Build/Intermediates.noindex/Pods.build/Release-iphonesimulator/AFNetworking.build/AFNetworking-project-headers.hmap -I/Users/edz/Library/Developer/Xcode/DerivedData/App-bytlbhqqorqzqidyjovihkqwnkia/Build/Products/Release-iphonesimulator/AFNetworking/include -I/Users/edz/Library/Developer/Xcode/DerivedData/App-bytlbhqqorqzqidyjovihkqwnkia/Build/Intermediates.noindex/Pods.build/Release-iphonesimulator/AFNetworking.build/DerivedSources-normal/x86_64 -I/Users/edz/Library/Developer/Xcode/DerivedData/App-bytlbhqqorqzqidyjovihkqwnkia/Build/Intermediates.noindex/Pods.build/Release-iphonesimulator/AFNetworking.build/DerivedSources/x86_64 -I/Users/edz/Library/Developer/Xcode/DerivedData/App-bytlbhqqorqzqidyjovihkqwnkia/Build/Intermediates.noindex/Pods.build/Release-iphonesimulator/AFNetworking.build/DerivedSources -F/Users/edz/Library/Developer/Xcode/DerivedData/App-bytlbhqqorqzqidyjovihkqwnkia/Build/Products/Release-iphonesimulator/AFNetworking -Wincomplete-umbrella -MMD -MT dependencies -MF /Users/edz/Library/Developer/Xcode/DerivedData/App-bytlbhqqorqzqidyjovihkqwnkia/Build/Intermediates.noindex/Pods.build/Release-iphonesimulator/AFNetworking.build/Objects-normal/x86_64/AFNetworking_vers.d --serialize-diagnostics /Users/edz/Library/Developer/Xcode/DerivedData/App-bytlbhqqorqzqidyjovihkqwnkia/Build/Intermediates.noindex/Pods.build/Release-iphonesimulator/AFNetworking.build/Objects-normal/x86_64/AFNetworking_vers.dia -c /Users/edz/Library/Developer/Xcode/DerivedData/App-bytlbhqqorqzqidyjovihkqwnkia/Build/Intermediates.noindex/Pods.build/Release-iphonesimulator/AFNetworking.build/DerivedSources/AFNetworking_vers.c -o /Users/edz/Library/Developer/Xcode/DerivedData/App-bytlbhqqorqzqidyjovihkqwnkia/Build/Intermediates.noindex/Pods.build/Release-iphonesimulator/AFNetworking.build/Objects-normal/x86_64/AFNetworking_vers.o
    
    CompileC /Users/edz/Library/Developer/Xcode/DerivedData/App-bytlbhqqorqzqidyjovihkqwnkia/Build/Intermediates.noindex/Pods.build/Release-iphonesimulator/AFNetworking.build/Objects-normal/x86_64/AFNetworking-dummy.o /var/folders/4h/hxvz7hb959j4pw0pvbq686x00000gn/T/CocoaPods-Lint-20200722-25225-196xw43-UIModule/Pods/Target\ Support\ Files/AFNetworking/AFNetworking-dummy.m normal x86_64 objective-c com.apple.compilers.llvm.clang.1_0.compiler (in target 'AFNetworking' from project 'Pods')
        cd /var/folders/4h/hxvz7hb959j4pw0pvbq686x00000gn/T/CocoaPods-Lint-20200722-25225-196xw43-UIModule/Pods
        export LANG=en_US.US-ASCII
        /Applications/Xcode.app/Contents/Developer/Toolchains/XcodeDefault.xctoolchain/usr/bin/clang -x objective-c -target x86_64-apple-ios9.0-simulator -fmessage-length=0 -fdiagnostics-show-note-include-stack -fmacro-backtrace-limit=0 -std=gnu11 -fobjc-arc -fobjc-weak -fmodules -gmodules -fmodules-cache-path=/Users/edz/Library/Developer/Xcode/DerivedData/ModuleCache.noindex -fmodules-prune-interval=86400 -fmodules-prune-after=345600 -fbuild-session-file=/Users/edz/Library/Developer/Xcode/DerivedData/ModuleCache.noindex/Session.modulevalidation -fmodules-validate-once-per-build-session -Wnon-modular-include-in-framework-module -Werror=non-modular-include-in-framework-module -fmodule-name=AFNetworking -Wno-trigraphs -fpascal-strings -Os -fno-common -Wno-missing-field-initializers -Wno-missing-prototypes -Werror=return-type -Wdocumentation -Wunreachable-code -Wno-implicit-atomic-properties -Werror=deprecated-objc-isa-usage -Wno-objc-interface-ivars -Werror=objc-root-class -Wno-arc-repeated-use-of-weak -Wimplicit-retain-self -Wduplicate-method-match -Wno-missing-braces -Wparentheses -Wswitch -Wunused-function -Wno-unused-label -Wno-unused-parameter -Wunused-variable -Wunused-value -Wempty-body -Wuninitialized -Wconditional-uninitialized -Wno-unknown-pragmas -Wno-shadow -Wno-four-char-constants -Wno-conversion -Wconstant-conversion -Wint-conversion -Wbool-conversion -Wenum-conversion -Wno-float-conversion -Wnon-literal-null-conversion -Wobjc-literal-conversion -Wshorten-64-to-32 -Wpointer-sign -Wno-newline-eof -Wno-selector -Wno-strict-selector-match -Wundeclared-selector -Wdeprecated-implementations -DPOD_CONFIGURATION_RELEASE=1 -DCOCOAPODS=1 -DNS_BLOCK_ASSERTIONS=1 -DOBJC_OLD_DISPATCH_PROTOTYPES=0 -isysroot /Applications/Xcode.app/Contents/Developer/Platforms/iPhoneSimulator.platform/Developer/SDKs/iPhoneSimulator13.5.sdk -fasm-blocks -fstrict-aliasing -Wprotocol -Wdeprecated-declarations -g -Wno-sign-conversion -Winfinite-recursion -Wcomma -Wblock-capture-autoreleasing -Wstrict-prototypes -Wno-semicolon-before-method-body -Wunguarded-availability -fobjc-abi-version=2 -fobjc-legacy-dispatch -iquote /Users/edz/Library/Developer/Xcode/DerivedData/App-bytlbhqqorqzqidyjovihkqwnkia/Build/Intermediates.noindex/Pods.build/Release-iphonesimulator/AFNetworking.build/AFNetworking-generated-files.hmap -I/Users/edz/Library/Developer/Xcode/DerivedData/App-bytlbhqqorqzqidyjovihkqwnkia/Build/Intermediates.noindex/Pods.build/Release-iphonesimulator/AFNetworking.build/AFNetworking-own-target-headers.hmap -I/Users/edz/Library/Developer/Xcode/DerivedData/App-bytlbhqqorqzqidyjovihkqwnkia/Build/Intermediates.noindex/Pods.build/Release-iphonesimulator/AFNetworking.build/AFNetworking-all-non-framework-target-headers.hmap -ivfsoverlay /Users/edz/Library/Developer/Xcode/DerivedData/App-bytlbhqqorqzqidyjovihkqwnkia/Build/Intermediates.noindex/Pods.build/Release-iphonesimulator/AFNetworking.build/all-product-headers.yaml -iquote /Users/edz/Library/Developer/Xcode/DerivedData/App-bytlbhqqorqzqidyjovihkqwnkia/Build/Intermediates.noindex/Pods.build/Release-iphonesimulator/AFNetworking.build/AFNetworking-project-headers.hmap -I/Users/edz/Library/Developer/Xcode/DerivedData/App-bytlbhqqorqzqidyjovihkqwnkia/Build/Products/Release-iphonesimulator/AFNetworking/include -I/Users/edz/Library/Developer/Xcode/DerivedData/App-bytlbhqqorqzqidyjovihkqwnkia/Build/Intermediates.noindex/Pods.build/Release-iphonesimulator/AFNetworking.build/DerivedSources-normal/x86_64 -I/Users/edz/Library/Developer/Xcode/DerivedData/App-bytlbhqqorqzqidyjovihkqwnkia/Build/Intermediates.noindex/Pods.build/Release-iphonesimulator/AFNetworking.build/DerivedSources/x86_64 -I/Users/edz/Library/Developer/Xcode/DerivedData/App-bytlbhqqorqzqidyjovihkqwnkia/Build/Intermediates.noindex/Pods.build/Release-iphonesimulator/AFNetworking.build/DerivedSources -F/Users/edz/Library/Developer/Xcode/DerivedData/App-bytlbhqqorqzqidyjovihkqwnkia/Build/Products/Release-iphonesimulator/AFNetworking -Wincomplete-umbrella -include /var/folders/4h/hxvz7hb959j4pw0pvbq686x00000gn/T/CocoaPods-Lint-20200722-25225-196xw43-UIModule/Pods/Target\ Support\ Files/AFNetworking/AFNetworking-prefix.pch -MMD -MT dependencies -MF /Users/edz/Library/Developer/Xcode/DerivedData/App-bytlbhqqorqzqidyjovihkqwnkia/Build/Intermediates.noindex/Pods.build/Release-iphonesimulator/AFNetworking.build/Objects-normal/x86_64/AFNetworking-dummy.d --serialize-diagnostics /Users/edz/Library/Developer/Xcode/DerivedData/App-bytlbhqqorqzqidyjovihkqwnkia/Build/Intermediates.noindex/Pods.build/Release-iphonesimulator/AFNetworking.build/Objects-normal/x86_64/AFNetworking-dummy.dia -c /var/folders/4h/hxvz7hb959j4pw0pvbq686x00000gn/T/CocoaPods-Lint-20200722-25225-196xw43-UIModule/Pods/Target\ Support\ Files/AFNetworking/AFNetworking-dummy.m -o /Users/edz/Library/Developer/Xcode/DerivedData/App-bytlbhqqorqzqidyjovihkqwnkia/Build/Intermediates.noindex/Pods.build/Release-iphonesimulator/AFNetworking.build/Objects-normal/x86_64/AFNetworking-dummy.o
    
    CompileC /Users/edz/Library/Developer/Xcode/DerivedData/App-bytlbhqqorqzqidyjovihkqwnkia/Build/Intermediates.noindex/Pods.build/Release-iphonesimulator/AFNetworking.build/Objects-normal/x86_64/AFNetworkReachabilityManager.o /var/folders/4h/hxvz7hb959j4pw0pvbq686x00000gn/T/CocoaPods-Lint-20200722-25225-196xw43-UIModule/Pods/AFNetworking/AFNetworking/AFNetworkReachabilityManager.m normal x86_64 objective-c com.apple.compilers.llvm.clang.1_0.compiler (in target 'AFNetworking' from project 'Pods')
        cd /var/folders/4h/hxvz7hb959j4pw0pvbq686x00000gn/T/CocoaPods-Lint-20200722-25225-196xw43-UIModule/Pods
        export LANG=en_US.US-ASCII
        /Applications/Xcode.app/Contents/Developer/Toolchains/XcodeDefault.xctoolchain/usr/bin/clang -x objective-c -target x86_64-apple-ios9.0-simulator -fmessage-length=0 -fdiagnostics-show-note-include-stack -fmacro-backtrace-limit=0 -std=gnu11 -fobjc-arc -fobjc-weak -fmodules -gmodules -fmodules-cache-path=/Users/edz/Library/Developer/Xcode/DerivedData/ModuleCache.noindex -fmodules-prune-interval=86400 -fmodules-prune-after=345600 -fbuild-session-file=/Users/edz/Library/Developer/Xcode/DerivedData/ModuleCache.noindex/Session.modulevalidation -fmodules-validate-once-per-build-session -Wnon-modular-include-in-framework-module -Werror=non-modular-include-in-framework-module -fmodule-name=AFNetworking -Wno-trigraphs -fpascal-strings -Os -fno-common -Wno-missing-field-initializers -Wno-missing-prototypes -Werror=return-type -Wdocumentation -Wunreachable-code -Wno-implicit-atomic-properties -Werror=deprecated-objc-isa-usage -Wno-objc-interface-ivars -Werror=objc-root-class -Wno-arc-repeated-use-of-weak -Wimplicit-retain-self -Wduplicate-method-match -Wno-missing-braces -Wparentheses -Wswitch -Wunused-function -Wno-unused-label -Wno-unused-parameter -Wunused-variable -Wunused-value -Wempty-body -Wuninitialized -Wconditional-uninitialized -Wno-unknown-pragmas -Wno-shadow -Wno-four-char-constants -Wno-conversion -Wconstant-conversion -Wint-conversion -Wbool-conversion -Wenum-conversion -Wno-float-conversion -Wnon-literal-null-conversion -Wobjc-literal-conversion -Wshorten-64-to-32 -Wpointer-sign -Wno-newline-eof -Wno-selector -Wno-strict-selector-match -Wundeclared-selector -Wdeprecated-implementations -DPOD_CONFIGURATION_RELEASE=1 -DCOCOAPODS=1 -DNS_BLOCK_ASSERTIONS=1 -DOBJC_OLD_DISPATCH_PROTOTYPES=0 -isysroot /Applications/Xcode.app/Contents/Developer/Platforms/iPhoneSimulator.platform/Developer/SDKs/iPhoneSimulator13.5.sdk -fasm-blocks -fstrict-aliasing -Wprotocol -Wdeprecated-declarations -g -Wno-sign-conversion -Winfinite-recursion -Wcomma -Wblock-capture-autoreleasing -Wstrict-prototypes -Wno-semicolon-before-method-body -Wunguarded-availability -fobjc-abi-version=2 -fobjc-legacy-dispatch -iquote /Users/edz/Library/Developer/Xcode/DerivedData/App-bytlbhqqorqzqidyjovihkqwnkia/Build/Intermediates.noindex/Pods.build/Release-iphonesimulator/AFNetworking.build/AFNetworking-generated-files.hmap -I/Users/edz/Library/Developer/Xcode/DerivedData/App-bytlbhqqorqzqidyjovihkqwnkia/Build/Intermediates.noindex/Pods.build/Release-iphonesimulator/AFNetworking.build/AFNetworking-own-target-headers.hmap -I/Users/edz/Library/Developer/Xcode/DerivedData/App-bytlbhqqorqzqidyjovihkqwnkia/Build/Intermediates.noindex/Pods.build/Release-iphonesimulator/AFNetworking.build/AFNetworking-all-non-framework-target-headers.hmap -ivfsoverlay /Users/edz/Library/Developer/Xcode/DerivedData/App-bytlbhqqorqzqidyjovihkqwnkia/Build/Intermediates.noindex/Pods.build/Release-iphonesimulator/AFNetworking.build/all-product-headers.yaml -iquote /Users/edz/Library/Developer/Xcode/DerivedData/App-bytlbhqqorqzqidyjovihkqwnkia/Build/Intermediates.noindex/Pods.build/Release-iphonesimulator/AFNetworking.build/AFNetworking-project-headers.hmap -I/Users/edz/Library/Developer/Xcode/DerivedData/App-bytlbhqqorqzqidyjovihkqwnkia/Build/Products/Release-iphonesimulator/AFNetworking/include -I/Users/edz/Library/Developer/Xcode/DerivedData/App-bytlbhqqorqzqidyjovihkqwnkia/Build/Intermediates.noindex/Pods.build/Release-iphonesimulator/AFNetworking.build/DerivedSources-normal/x86_64 -I/Users/edz/Library/Developer/Xcode/DerivedData/App-bytlbhqqorqzqidyjovihkqwnkia/Build/Intermediates.noindex/Pods.build/Release-iphonesimulator/AFNetworking.build/DerivedSources/x86_64 -I/Users/edz/Library/Developer/Xcode/DerivedData/App-bytlbhqqorqzqidyjovihkqwnkia/Build/Intermediates.noindex/Pods.build/Release-iphonesimulator/AFNetworking.build/DerivedSources -F/Users/edz/Library/Developer/Xcode/DerivedData/App-bytlbhqqorqzqidyjovihkqwnkia/Build/Products/Release-iphonesimulator/AFNetworking -Wincomplete-umbrella -w -Xanalyzer -analyzer-disable-all-checks -include /var/folders/4h/hxvz7hb959j4pw0pvbq686x00000gn/T/CocoaPods-Lint-20200722-25225-196xw43-UIModule/Pods/Target\ Support\ Files/AFNetworking/AFNetworking-prefix.pch -MMD -MT dependencies -MF /Users/edz/Library/Developer/Xcode/DerivedData/App-bytlbhqqorqzqidyjovihkqwnkia/Build/Intermediates.noindex/Pods.build/Release-iphonesimulator/AFNetworking.build/Objects-normal/x86_64/AFNetworkReachabilityManager.d --serialize-diagnostics /Users/edz/Library/Developer/Xcode/DerivedData/App-bytlbhqqorqzqidyjovihkqwnkia/Build/Intermediates.noindex/Pods.build/Release-iphonesimulator/AFNetworking.build/Objects-normal/x86_64/AFNetworkReachabilityManager.dia -c /var/folders/4h/hxvz7hb959j4pw0pvbq686x00000gn/T/CocoaPods-Lint-20200722-25225-196xw43-UIModule/Pods/AFNetworking/AFNetworking/AFNetworkReachabilityManager.m -o /Users/edz/Library/Developer/Xcode/DerivedData/App-bytlbhqqorqzqidyjovihkqwnkia/Build/Intermediates.noindex/Pods.build/Release-iphonesimulator/AFNetworking.build/Objects-normal/x86_64/AFNetworkReachabilityManager.o
    
    CompileC /Users/edz/Library/Developer/Xcode/DerivedData/App-bytlbhqqorqzqidyjovihkqwnkia/Build/Intermediates.noindex/Pods.build/Release-iphonesimulator/AFNetworking.build/Objects-normal/x86_64/AFNetworkActivityIndicatorManager.o /var/folders/4h/hxvz7hb959j4pw0pvbq686x00000gn/T/CocoaPods-Lint-20200722-25225-196xw43-UIModule/Pods/AFNetworking/UIKit+AFNetworking/AFNetworkActivityIndicatorManager.m normal x86_64 objective-c com.apple.compilers.llvm.clang.1_0.compiler (in target 'AFNetworking' from project 'Pods')
        cd /var/folders/4h/hxvz7hb959j4pw0pvbq686x00000gn/T/CocoaPods-Lint-20200722-25225-196xw43-UIModule/Pods
        export LANG=en_US.US-ASCII
        /Applications/Xcode.app/Contents/Developer/Toolchains/XcodeDefault.xctoolchain/usr/bin/clang -x objective-c -target x86_64-apple-ios9.0-simulator -fmessage-length=0 -fdiagnostics-show-note-include-stack -fmacro-backtrace-limit=0 -std=gnu11 -fobjc-arc -fobjc-weak -fmodules -gmodules -fmodules-cache-path=/Users/edz/Library/Developer/Xcode/DerivedData/ModuleCache.noindex -fmodules-prune-interval=86400 -fmodules-prune-after=345600 -fbuild-session-file=/Users/edz/Library/Developer/Xcode/DerivedData/ModuleCache.noindex/Session.modulevalidation -fmodules-validate-once-per-build-session -Wnon-modular-include-in-framework-module -Werror=non-modular-include-in-framework-module -fmodule-name=AFNetworking -Wno-trigraphs -fpascal-strings -Os -fno-common -Wno-missing-field-initializers -Wno-missing-prototypes -Werror=return-type -Wdocumentation -Wunreachable-code -Wno-implicit-atomic-properties -Werror=deprecated-objc-isa-usage -Wno-objc-interface-ivars -Werror=objc-root-class -Wno-arc-repeated-use-of-weak -Wimplicit-retain-self -Wduplicate-method-match -Wno-missing-braces -Wparentheses -Wswitch -Wunused-function -Wno-unused-label -Wno-unused-parameter -Wunused-variable -Wunused-value -Wempty-body -Wuninitialized -Wconditional-uninitialized -Wno-unknown-pragmas -Wno-shadow -Wno-four-char-constants -Wno-conversion -Wconstant-conversion -Wint-conversion -Wbool-conversion -Wenum-conversion -Wno-float-conversion -Wnon-literal-null-conversion -Wobjc-literal-conversion -Wshorten-64-to-32 -Wpointer-sign -Wno-newline-eof -Wno-selector -Wno-strict-selector-match -Wundeclared-selector -Wdeprecated-implementations -DPOD_CONFIGURATION_RELEASE=1 -DCOCOAPODS=1 -DNS_BLOCK_ASSERTIONS=1 -DOBJC_OLD_DISPATCH_PROTOTYPES=0 -isysroot /Applications/Xcode.app/Contents/Developer/Platforms/iPhoneSimulator.platform/Developer/SDKs/iPhoneSimulator13.5.sdk -fasm-blocks -fstrict-aliasing -Wprotocol -Wdeprecated-declarations -g -Wno-sign-conversion -Winfinite-recursion -Wcomma -Wblock-capture-autoreleasing -Wstrict-prototypes -Wno-semicolon-before-method-body -Wunguarded-availability -fobjc-abi-version=2 -fobjc-legacy-dispatch -iquote /Users/edz/Library/Developer/Xcode/DerivedData/App-bytlbhqqorqzqidyjovihkqwnkia/Build/Intermediates.noindex/Pods.build/Release-iphonesimulator/AFNetworking.build/AFNetworking-generated-files.hmap -I/Users/edz/Library/Developer/Xcode/DerivedData/App-bytlbhqqorqzqidyjovihkqwnkia/Build/Intermediates.noindex/Pods.build/Release-iphonesimulator/AFNetworking.build/AFNetworking-own-target-headers.hmap -I/Users/edz/Library/Developer/Xcode/DerivedData/App-bytlbhqqorqzqidyjovihkqwnkia/Build/Intermediates.noindex/Pods.build/Release-iphonesimulator/AFNetworking.build/AFNetworking-all-non-framework-target-headers.hmap -ivfsoverlay /Users/edz/Library/Developer/Xcode/DerivedData/App-bytlbhqqorqzqidyjovihkqwnkia/Build/Intermediates.noindex/Pods.build/Release-iphonesimulator/AFNetworking.build/all-product-headers.yaml -iquote /Users/edz/Library/Developer/Xcode/DerivedData/App-bytlbhqqorqzqidyjovihkqwnkia/Build/Intermediates.noindex/Pods.build/Release-iphonesimulator/AFNetworking.build/AFNetworking-project-headers.hmap -I/Users/edz/Library/Developer/Xcode/DerivedData/App-bytlbhqqorqzqidyjovihkqwnkia/Build/Products/Release-iphonesimulator/AFNetworking/include -I/Users/edz/Library/Developer/Xcode/DerivedData/App-bytlbhqqorqzqidyjovihkqwnkia/Build/Intermediates.noindex/Pods.build/Release-iphonesimulator/AFNetworking.build/DerivedSources-normal/x86_64 -I/Users/edz/Library/Developer/Xcode/DerivedData/App-bytlbhqqorqzqidyjovihkqwnkia/Build/Intermediates.noindex/Pods.build/Release-iphonesimulator/AFNetworking.build/DerivedSources/x86_64 -I/Users/edz/Library/Developer/Xcode/DerivedData/App-bytlbhqqorqzqidyjovihkqwnkia/Build/Intermediates.noindex/Pods.build/Release-iphonesimulator/AFNetworking.build/DerivedSources -F/Users/edz/Library/Developer/Xcode/DerivedData/App-bytlbhqqorqzqidyjovihkqwnkia/Build/Products/Release-iphonesimulator/AFNetworking -Wincomplete-umbrella -w -Xanalyzer -analyzer-disable-all-checks -include /var/folders/4h/hxvz7hb959j4pw0pvbq686x00000gn/T/CocoaPods-Lint-20200722-25225-196xw43-UIModule/Pods/Target\ Support\ Files/AFNetworking/AFNetworking-prefix.pch -MMD -MT dependencies -MF /Users/edz/Library/Developer/Xcode/DerivedData/App-bytlbhqqorqzqidyjovihkqwnkia/Build/Intermediates.noindex/Pods.build/Release-iphonesimulator/AFNetworking.build/Objects-normal/x86_64/AFNetworkActivityIndicatorManager.d --serialize-diagnostics /Users/edz/Library/Developer/Xcode/DerivedData/App-bytlbhqqorqzqidyjovihkqwnkia/Build/Intermediates.noindex/Pods.build/Release-iphonesimulator/AFNetworking.build/Objects-normal/x86_64/AFNetworkActivityIndicatorManager.dia -c /var/folders/4h/hxvz7hb959j4pw0pvbq686x00000gn/T/CocoaPods-Lint-20200722-25225-196xw43-UIModule/Pods/AFNetworking/UIKit+AFNetworking/AFNetworkActivityIndicatorManager.m -o /Users/edz/Library/Developer/Xcode/DerivedData/App-bytlbhqqorqzqidyjovihkqwnkia/Build/Intermediates.noindex/Pods.build/Release-iphonesimulator/AFNetworking.build/Objects-normal/x86_64/AFNetworkActivityIndicatorManager.o
    
    CompileC /Users/edz/Library/Developer/Xcode/DerivedData/App-bytlbhqqorqzqidyjovihkqwnkia/Build/Intermediates.noindex/Pods.build/Release-iphonesimulator/AFNetworking.build/Objects-normal/x86_64/AFImageDownloader.o /var/folders/4h/hxvz7hb959j4pw0pvbq686x00000gn/T/CocoaPods-Lint-20200722-25225-196xw43-UIModule/Pods/AFNetworking/UIKit+AFNetworking/AFImageDownloader.m normal x86_64 objective-c com.apple.compilers.llvm.clang.1_0.compiler (in target 'AFNetworking' from project 'Pods')
        cd /var/folders/4h/hxvz7hb959j4pw0pvbq686x00000gn/T/CocoaPods-Lint-20200722-25225-196xw43-UIModule/Pods
        export LANG=en_US.US-ASCII
        /Applications/Xcode.app/Contents/Developer/Toolchains/XcodeDefault.xctoolchain/usr/bin/clang -x objective-c -target x86_64-apple-ios9.0-simulator -fmessage-length=0 -fdiagnostics-show-note-include-stack -fmacro-backtrace-limit=0 -std=gnu11 -fobjc-arc -fobjc-weak -fmodules -gmodules -fmodules-cache-path=/Users/edz/Library/Developer/Xcode/DerivedData/ModuleCache.noindex -fmodules-prune-interval=86400 -fmodules-prune-after=345600 -fbuild-session-file=/Users/edz/Library/Developer/Xcode/DerivedData/ModuleCache.noindex/Session.modulevalidation -fmodules-validate-once-per-build-session -Wnon-modular-include-in-framework-module -Werror=non-modular-include-in-framework-module -fmodule-name=AFNetworking -Wno-trigraphs -fpascal-strings -Os -fno-common -Wno-missing-field-initializers -Wno-missing-prototypes -Werror=return-type -Wdocumentation -Wunreachable-code -Wno-implicit-atomic-properties -Werror=deprecated-objc-isa-usage -Wno-objc-interface-ivars -Werror=objc-root-class -Wno-arc-repeated-use-of-weak -Wimplicit-retain-self -Wduplicate-method-match -Wno-missing-braces -Wparentheses -Wswitch -Wunused-function -Wno-unused-label -Wno-unused-parameter -Wunused-variable -Wunused-value -Wempty-body -Wuninitialized -Wconditional-uninitialized -Wno-unknown-pragmas -Wno-shadow -Wno-four-char-constants -Wno-conversion -Wconstant-conversion -Wint-conversion -Wbool-conversion -Wenum-conversion -Wno-float-conversion -Wnon-literal-null-conversion -Wobjc-literal-conversion -Wshorten-64-to-32 -Wpointer-sign -Wno-newline-eof -Wno-selector -Wno-strict-selector-match -Wundeclared-selector -Wdeprecated-implementations -DPOD_CONFIGURATION_RELEASE=1 -DCOCOAPODS=1 -DNS_BLOCK_ASSERTIONS=1 -DOBJC_OLD_DISPATCH_PROTOTYPES=0 -isysroot /Applications/Xcode.app/Contents/Developer/Platforms/iPhoneSimulator.platform/Developer/SDKs/iPhoneSimulator13.5.sdk -fasm-blocks -fstrict-aliasing -Wprotocol -Wdeprecated-declarations -g -Wno-sign-conversion -Winfinite-recursion -Wcomma -Wblock-capture-autoreleasing -Wstrict-prototypes -Wno-semicolon-before-method-body -Wunguarded-availability -fobjc-abi-version=2 -fobjc-legacy-dispatch -iquote /Users/edz/Library/Developer/Xcode/DerivedData/App-bytlbhqqorqzqidyjovihkqwnkia/Build/Intermediates.noindex/Pods.build/Release-iphonesimulator/AFNetworking.build/AFNetworking-generated-files.hmap -I/Users/edz/Library/Developer/Xcode/DerivedData/App-bytlbhqqorqzqidyjovihkqwnkia/Build/Intermediates.noindex/Pods.build/Release-iphonesimulator/AFNetworking.build/AFNetworking-own-target-headers.hmap -I/Users/edz/Library/Developer/Xcode/DerivedData/App-bytlbhqqorqzqidyjovihkqwnkia/Build/Intermediates.noindex/Pods.build/Release-iphonesimulator/AFNetworking.build/AFNetworking-all-non-framework-target-headers.hmap -ivfsoverlay /Users/edz/Library/Developer/Xcode/DerivedData/App-bytlbhqqorqzqidyjovihkqwnkia/Build/Intermediates.noindex/Pods.build/Release-iphonesimulator/AFNetworking.build/all-product-headers.yaml -iquote /Users/edz/Library/Developer/Xcode/DerivedData/App-bytlbhqqorqzqidyjovihkqwnkia/Build/Intermediates.noindex/Pods.build/Release-iphonesimulator/AFNetworking.build/AFNetworking-project-headers.hmap -I/Users/edz/Library/Developer/Xcode/DerivedData/App-bytlbhqqorqzqidyjovihkqwnkia/Build/Products/Release-iphonesimulator/AFNetworking/include -I/Users/edz/Library/Developer/Xcode/DerivedData/App-bytlbhqqorqzqidyjovihkqwnkia/Build/Intermediates.noindex/Pods.build/Release-iphonesimulator/AFNetworking.build/DerivedSources-normal/x86_64 -I/Users/edz/Library/Developer/Xcode/DerivedData/App-bytlbhqqorqzqidyjovihkqwnkia/Build/Intermediates.noindex/Pods.build/Release-iphonesimulator/AFNetworking.build/DerivedSources/x86_64 -I/Users/edz/Library/Developer/Xcode/DerivedData/App-bytlbhqqorqzqidyjovihkqwnkia/Build/Intermediates.noindex/Pods.build/Release-iphonesimulator/AFNetworking.build/DerivedSources -F/Users/edz/Library/Developer/Xcode/DerivedData/App-bytlbhqqorqzqidyjovihkqwnkia/Build/Products/Release-iphonesimulator/AFNetworking -Wincomplete-umbrella -w -Xanalyzer -analyzer-disable-all-checks -include /var/folders/4h/hxvz7hb959j4pw0pvbq686x00000gn/T/CocoaPods-Lint-20200722-25225-196xw43-UIModule/Pods/Target\ Support\ Files/AFNetworking/AFNetworking-prefix.pch -MMD -MT dependencies -MF /Users/edz/Library/Developer/Xcode/DerivedData/App-bytlbhqqorqzqidyjovihkqwnkia/Build/Intermediates.noindex/Pods.build/Release-iphonesimulator/AFNetworking.build/Objects-normal/x86_64/AFImageDownloader.d --serialize-diagnostics /Users/edz/Library/Developer/Xcode/DerivedData/App-bytlbhqqorqzqidyjovihkqwnkia/Build/Intermediates.noindex/Pods.build/Release-iphonesimulator/AFNetworking.build/Objects-normal/x86_64/AFImageDownloader.dia -c /var/folders/4h/hxvz7hb959j4pw0pvbq686x00000gn/T/CocoaPods-Lint-20200722-25225-196xw43-UIModule/Pods/AFNetworking/UIKit+AFNetworking/AFImageDownloader.m -o /Users/edz/Library/Developer/Xcode/DerivedData/App-bytlbhqqorqzqidyjovihkqwnkia/Build/Intermediates.noindex/Pods.build/Release-iphonesimulator/AFNetworking.build/Objects-normal/x86_64/AFImageDownloader.o
    
    CompileC /Users/edz/Library/Developer/Xcode/DerivedData/App-bytlbhqqorqzqidyjovihkqwnkia/Build/Intermediates.noindex/Pods.build/Release-iphonesimulator/AFNetworking.build/Objects-normal/x86_64/AFHTTPSessionManager.o /var/folders/4h/hxvz7hb959j4pw0pvbq686x00000gn/T/CocoaPods-Lint-20200722-25225-196xw43-UIModule/Pods/AFNetworking/AFNetworking/AFHTTPSessionManager.m normal x86_64 objective-c com.apple.compilers.llvm.clang.1_0.compiler (in target 'AFNetworking' from project 'Pods')
        cd /var/folders/4h/hxvz7hb959j4pw0pvbq686x00000gn/T/CocoaPods-Lint-20200722-25225-196xw43-UIModule/Pods
        export LANG=en_US.US-ASCII
        /Applications/Xcode.app/Contents/Developer/Toolchains/XcodeDefault.xctoolchain/usr/bin/clang -x objective-c -target x86_64-apple-ios9.0-simulator -fmessage-length=0 -fdiagnostics-show-note-include-stack -fmacro-backtrace-limit=0 -std=gnu11 -fobjc-arc -fobjc-weak -fmodules -gmodules -fmodules-cache-path=/Users/edz/Library/Developer/Xcode/DerivedData/ModuleCache.noindex -fmodules-prune-interval=86400 -fmodules-prune-after=345600 -fbuild-session-file=/Users/edz/Library/Developer/Xcode/DerivedData/ModuleCache.noindex/Session.modulevalidation -fmodules-validate-once-per-build-session -Wnon-modular-include-in-framework-module -Werror=non-modular-include-in-framework-module -fmodule-name=AFNetworking -Wno-trigraphs -fpascal-strings -Os -fno-common -Wno-missing-field-initializers -Wno-missing-prototypes -Werror=return-type -Wdocumentation -Wunreachable-code -Wno-implicit-atomic-properties -Werror=deprecated-objc-isa-usage -Wno-objc-interface-ivars -Werror=objc-root-class -Wno-arc-repeated-use-of-weak -Wimplicit-retain-self -Wduplicate-method-match -Wno-missing-braces -Wparentheses -Wswitch -Wunused-function -Wno-unused-label -Wno-unused-parameter -Wunused-variable -Wunused-value -Wempty-body -Wuninitialized -Wconditional-uninitialized -Wno-unknown-pragmas -Wno-shadow -Wno-four-char-constants -Wno-conversion -Wconstant-conversion -Wint-conversion -Wbool-conversion -Wenum-conversion -Wno-float-conversion -Wnon-literal-null-conversion -Wobjc-literal-conversion -Wshorten-64-to-32 -Wpointer-sign -Wno-newline-eof -Wno-selector -Wno-strict-selector-match -Wundeclared-selector -Wdeprecated-implementations -DPOD_CONFIGURATION_RELEASE=1 -DCOCOAPODS=1 -DNS_BLOCK_ASSERTIONS=1 -DOBJC_OLD_DISPATCH_PROTOTYPES=0 -isysroot /Applications/Xcode.app/Contents/Developer/Platforms/iPhoneSimulator.platform/Developer/SDKs/iPhoneSimulator13.5.sdk -fasm-blocks -fstrict-aliasing -Wprotocol -Wdeprecated-declarations -g -Wno-sign-conversion -Winfinite-recursion -Wcomma -Wblock-capture-autoreleasing -Wstrict-prototypes -Wno-semicolon-before-method-body -Wunguarded-availability -fobjc-abi-version=2 -fobjc-legacy-dispatch -iquote /Users/edz/Library/Developer/Xcode/DerivedData/App-bytlbhqqorqzqidyjovihkqwnkia/Build/Intermediates.noindex/Pods.build/Release-iphonesimulator/AFNetworking.build/AFNetworking-generated-files.hmap -I/Users/edz/Library/Developer/Xcode/DerivedData/App-bytlbhqqorqzqidyjovihkqwnkia/Build/Intermediates.noindex/Pods.build/Release-iphonesimulator/AFNetworking.build/AFNetworking-own-target-headers.hmap -I/Users/edz/Library/Developer/Xcode/DerivedData/App-bytlbhqqorqzqidyjovihkqwnkia/Build/Intermediates.noindex/Pods.build/Release-iphonesimulator/AFNetworking.build/AFNetworking-all-non-framework-target-headers.hmap -ivfsoverlay /Users/edz/Library/Developer/Xcode/DerivedData/App-bytlbhqqorqzqidyjovihkqwnkia/Build/Intermediates.noindex/Pods.build/Release-iphonesimulator/AFNetworking.build/all-product-headers.yaml -iquote /Users/edz/Library/Developer/Xcode/DerivedData/App-bytlbhqqorqzqidyjovihkqwnkia/Build/Intermediates.noindex/Pods.build/Release-iphonesimulator/AFNetworking.build/AFNetworking-project-headers.hmap -I/Users/edz/Library/Developer/Xcode/DerivedData/App-bytlbhqqorqzqidyjovihkqwnkia/Build/Products/Release-iphonesimulator/AFNetworking/include -I/Users/edz/Library/Developer/Xcode/DerivedData/App-bytlbhqqorqzqidyjovihkqwnkia/Build/Intermediates.noindex/Pods.build/Release-iphonesimulator/AFNetworking.build/DerivedSources-normal/x86_64 -I/Users/edz/Library/Developer/Xcode/DerivedData/App-bytlbhqqorqzqidyjovihkqwnkia/Build/Intermediates.noindex/Pods.build/Release-iphonesimulator/AFNetworking.build/DerivedSources/x86_64 -I/Users/edz/Library/Developer/Xcode/DerivedData/App-bytlbhqqorqzqidyjovihkqwnkia/Build/Intermediates.noindex/Pods.build/Release-iphonesimulator/AFNetworking.build/DerivedSources -F/Users/edz/Library/Developer/Xcode/DerivedData/App-bytlbhqqorqzqidyjovihkqwnkia/Build/Products/Release-iphonesimulator/AFNetworking -Wincomplete-umbrella -w -Xanalyzer -analyzer-disable-all-checks -include /var/folders/4h/hxvz7hb959j4pw0pvbq686x00000gn/T/CocoaPods-Lint-20200722-25225-196xw43-UIModule/Pods/Target\ Support\ Files/AFNetworking/AFNetworking-prefix.pch -MMD -MT dependencies -MF /Users/edz/Library/Developer/Xcode/DerivedData/App-bytlbhqqorqzqidyjovihkqwnkia/Build/Intermediates.noindex/Pods.build/Release-iphonesimulator/AFNetworking.build/Objects-normal/x86_64/AFHTTPSessionManager.d --serialize-diagnostics /Users/edz/Library/Developer/Xcode/DerivedData/App-bytlbhqqorqzqidyjovihkqwnkia/Build/Intermediates.noindex/Pods.build/Release-iphonesimulator/AFNetworking.build/Objects-normal/x86_64/AFHTTPSessionManager.dia -c /var/folders/4h/hxvz7hb959j4pw0pvbq686x00000gn/T/CocoaPods-Lint-20200722-25225-196xw43-UIModule/Pods/AFNetworking/AFNetworking/AFHTTPSessionManager.m -o /Users/edz/Library/Developer/Xcode/DerivedData/App-bytlbhqqorqzqidyjovihkqwnkia/Build/Intermediates.noindex/Pods.build/Release-iphonesimulator/AFNetworking.build/Objects-normal/x86_64/AFHTTPSessionManager.o
    
    CompileC /Users/edz/Library/Developer/Xcode/DerivedData/App-bytlbhqqorqzqidyjovihkqwnkia/Build/Intermediates.noindex/Pods.build/Release-iphonesimulator/AFNetworking.build/Objects-normal/x86_64/AFAutoPurgingImageCache.o /var/folders/4h/hxvz7hb959j4pw0pvbq686x00000gn/T/CocoaPods-Lint-20200722-25225-196xw43-UIModule/Pods/AFNetworking/UIKit+AFNetworking/AFAutoPurgingImageCache.m normal x86_64 objective-c com.apple.compilers.llvm.clang.1_0.compiler (in target 'AFNetworking' from project 'Pods')
        cd /var/folders/4h/hxvz7hb959j4pw0pvbq686x00000gn/T/CocoaPods-Lint-20200722-25225-196xw43-UIModule/Pods
        export LANG=en_US.US-ASCII
        /Applications/Xcode.app/Contents/Developer/Toolchains/XcodeDefault.xctoolchain/usr/bin/clang -x objective-c -target x86_64-apple-ios9.0-simulator -fmessage-length=0 -fdiagnostics-show-note-include-stack -fmacro-backtrace-limit=0 -std=gnu11 -fobjc-arc -fobjc-weak -fmodules -gmodules -fmodules-cache-path=/Users/edz/Library/Developer/Xcode/DerivedData/ModuleCache.noindex -fmodules-prune-interval=86400 -fmodules-prune-after=345600 -fbuild-session-file=/Users/edz/Library/Developer/Xcode/DerivedData/ModuleCache.noindex/Session.modulevalidation -fmodules-validate-once-per-build-session -Wnon-modular-include-in-framework-module -Werror=non-modular-include-in-framework-module -fmodule-name=AFNetworking -Wno-trigraphs -fpascal-strings -Os -fno-common -Wno-missing-field-initializers -Wno-missing-prototypes -Werror=return-type -Wdocumentation -Wunreachable-code -Wno-implicit-atomic-properties -Werror=deprecated-objc-isa-usage -Wno-objc-interface-ivars -Werror=objc-root-class -Wno-arc-repeated-use-of-weak -Wimplicit-retain-self -Wduplicate-method-match -Wno-missing-braces -Wparentheses -Wswitch -Wunused-function -Wno-unused-label -Wno-unused-parameter -Wunused-variable -Wunused-value -Wempty-body -Wuninitialized -Wconditional-uninitialized -Wno-unknown-pragmas -Wno-shadow -Wno-four-char-constants -Wno-conversion -Wconstant-conversion -Wint-conversion -Wbool-conversion -Wenum-conversion -Wno-float-conversion -Wnon-literal-null-conversion -Wobjc-literal-conversion -Wshorten-64-to-32 -Wpointer-sign -Wno-newline-eof -Wno-selector -Wno-strict-selector-match -Wundeclared-selector -Wdeprecated-implementations -DPOD_CONFIGURATION_RELEASE=1 -DCOCOAPODS=1 -DNS_BLOCK_ASSERTIONS=1 -DOBJC_OLD_DISPATCH_PROTOTYPES=0 -isysroot /Applications/Xcode.app/Contents/Developer/Platforms/iPhoneSimulator.platform/Developer/SDKs/iPhoneSimulator13.5.sdk -fasm-blocks -fstrict-aliasing -Wprotocol -Wdeprecated-declarations -g -Wno-sign-conversion -Winfinite-recursion -Wcomma -Wblock-capture-autoreleasing -Wstrict-prototypes -Wno-semicolon-before-method-body -Wunguarded-availability -fobjc-abi-version=2 -fobjc-legacy-dispatch -iquote /Users/edz/Library/Developer/Xcode/DerivedData/App-bytlbhqqorqzqidyjovihkqwnkia/Build/Intermediates.noindex/Pods.build/Release-iphonesimulator/AFNetworking.build/AFNetworking-generated-files.hmap -I/Users/edz/Library/Developer/Xcode/DerivedData/App-bytlbhqqorqzqidyjovihkqwnkia/Build/Intermediates.noindex/Pods.build/Release-iphonesimulator/AFNetworking.build/AFNetworking-own-target-headers.hmap -I/Users/edz/Library/Developer/Xcode/DerivedData/App-bytlbhqqorqzqidyjovihkqwnkia/Build/Intermediates.noindex/Pods.build/Release-iphonesimulator/AFNetworking.build/AFNetworking-all-non-framework-target-headers.hmap -ivfsoverlay /Users/edz/Library/Developer/Xcode/DerivedData/App-bytlbhqqorqzqidyjovihkqwnkia/Build/Intermediates.noindex/Pods.build/Release-iphonesimulator/AFNetworking.build/all-product-headers.yaml -iquote /Users/edz/Library/Developer/Xcode/DerivedData/App-bytlbhqqorqzqidyjovihkqwnkia/Build/Intermediates.noindex/Pods.build/Release-iphonesimulator/AFNetworking.build/AFNetworking-project-headers.hmap -I/Users/edz/Library/Developer/Xcode/DerivedData/App-bytlbhqqorqzqidyjovihkqwnkia/Build/Products/Release-iphonesimulator/AFNetworking/include -I/Users/edz/Library/Developer/Xcode/DerivedData/App-bytlbhqqorqzqidyjovihkqwnkia/Build/Intermediates.noindex/Pods.build/Release-iphonesimulator/AFNetworking.build/DerivedSources-normal/x86_64 -I/Users/edz/Library/Developer/Xcode/DerivedData/App-bytlbhqqorqzqidyjovihkqwnkia/Build/Intermediates.noindex/Pods.build/Release-iphonesimulator/AFNetworking.build/DerivedSources/x86_64 -I/Users/edz/Library/Developer/Xcode/DerivedData/App-bytlbhqqorqzqidyjovihkqwnkia/Build/Intermediates.noindex/Pods.build/Release-iphonesimulator/AFNetworking.build/DerivedSources -F/Users/edz/Library/Developer/Xcode/DerivedData/App-bytlbhqqorqzqidyjovihkqwnkia/Build/Products/Release-iphonesimulator/AFNetworking -Wincomplete-umbrella -w -Xanalyzer -analyzer-disable-all-checks -include /var/folders/4h/hxvz7hb959j4pw0pvbq686x00000gn/T/CocoaPods-Lint-20200722-25225-196xw43-UIModule/Pods/Target\ Support\ Files/AFNetworking/AFNetworking-prefix.pch -MMD -MT dependencies -MF /Users/edz/Library/Developer/Xcode/DerivedData/App-bytlbhqqorqzqidyjovihkqwnkia/Build/Intermediates.noindex/Pods.build/Release-iphonesimulator/AFNetworking.build/Objects-normal/x86_64/AFAutoPurgingImageCache.d --serialize-diagnostics /Users/edz/Library/Developer/Xcode/DerivedData/App-bytlbhqqorqzqidyjovihkqwnkia/Build/Intermediates.noindex/Pods.build/Release-iphonesimulator/AFNetworking.build/Objects-normal/x86_64/AFAutoPurgingImageCache.dia -c /var/folders/4h/hxvz7hb959j4pw0pvbq686x00000gn/T/CocoaPods-Lint-20200722-25225-196xw43-UIModule/Pods/AFNetworking/UIKit+AFNetworking/AFAutoPurgingImageCache.m -o /Users/edz/Library/Developer/Xcode/DerivedData/App-bytlbhqqorqzqidyjovihkqwnkia/Build/Intermediates.noindex/Pods.build/Release-iphonesimulator/AFNetworking.build/Objects-normal/x86_64/AFAutoPurgingImageCache.o
    
    WriteAuxiliaryFile /Users/edz/Library/Developer/Xcode/DerivedData/App-bytlbhqqorqzqidyjovihkqwnkia/Build/Intermediates.noindex/Pods.build/Release-iphonesimulator/LSRFramework.build/LSRFramework.hmap (in target 'LSRFramework' from project 'Pods')
        cd /var/folders/4h/hxvz7hb959j4pw0pvbq686x00000gn/T/CocoaPods-Lint-20200722-25225-196xw43-UIModule/Pods
        write-file /Users/edz/Library/Developer/Xcode/DerivedData/App-bytlbhqqorqzqidyjovihkqwnkia/Build/Intermediates.noindex/Pods.build/Release-iphonesimulator/LSRFramework.build/LSRFramework.hmap
    
    WriteAuxiliaryFile /Users/edz/Library/Developer/Xcode/DerivedData/App-bytlbhqqorqzqidyjovihkqwnkia/Build/Intermediates.noindex/Pods.build/Release-iphonesimulator/LSRFramework.build/all-product-headers.yaml (in target 'LSRFramework' from project 'Pods')
        cd /var/folders/4h/hxvz7hb959j4pw0pvbq686x00000gn/T/CocoaPods-Lint-20200722-25225-196xw43-UIModule/Pods
        write-file /Users/edz/Library/Developer/Xcode/DerivedData/App-bytlbhqqorqzqidyjovihkqwnkia/Build/Intermediates.noindex/Pods.build/Release-iphonesimulator/LSRFramework.build/all-product-headers.yaml
    
    WriteAuxiliaryFile /Users/edz/Library/Developer/Xcode/DerivedData/App-bytlbhqqorqzqidyjovihkqwnkia/Build/Intermediates.noindex/Pods.build/Release-iphonesimulator/LSRFramework.build/LSRFramework-project-headers.hmap (in target 'LSRFramework' from project 'Pods')
        cd /var/folders/4h/hxvz7hb959j4pw0pvbq686x00000gn/T/CocoaPods-Lint-20200722-25225-196xw43-UIModule/Pods
        write-file /Users/edz/Library/Developer/Xcode/DerivedData/App-bytlbhqqorqzqidyjovihkqwnkia/Build/Intermediates.noindex/Pods.build/Release-iphonesimulator/LSRFramework.build/LSRFramework-project-headers.hmap
    
    WriteAuxiliaryFile /Users/edz/Library/Developer/Xcode/DerivedData/App-bytlbhqqorqzqidyjovihkqwnkia/Build/Intermediates.noindex/Pods.build/Release-iphonesimulator/LSRFramework.build/LSRFramework-own-target-headers.hmap (in target 'LSRFramework' from project 'Pods')
        cd /var/folders/4h/hxvz7hb959j4pw0pvbq686x00000gn/T/CocoaPods-Lint-20200722-25225-196xw43-UIModule/Pods
        write-file /Users/edz/Library/Developer/Xcode/DerivedData/App-bytlbhqqorqzqidyjovihkqwnkia/Build/Intermediates.noindex/Pods.build/Release-iphonesimulator/LSRFramework.build/LSRFramework-own-target-headers.hmap
    
    WriteAuxiliaryFile /Users/edz/Library/Developer/Xcode/DerivedData/App-bytlbhqqorqzqidyjovihkqwnkia/Build/Intermediates.noindex/Pods.build/Release-iphonesimulator/LSRFramework.build/LSRFramework-generated-files.hmap (in target 'LSRFramework' from project 'Pods')
        cd /var/folders/4h/hxvz7hb959j4pw0pvbq686x00000gn/T/CocoaPods-Lint-20200722-25225-196xw43-UIModule/Pods
        write-file /Users/edz/Library/Developer/Xcode/DerivedData/App-bytlbhqqorqzqidyjovihkqwnkia/Build/Intermediates.noindex/Pods.build/Release-iphonesimulator/LSRFramework.build/LSRFramework-generated-files.hmap
    
    WriteAuxiliaryFile /Users/edz/Library/Developer/Xcode/DerivedData/App-bytlbhqqorqzqidyjovihkqwnkia/Build/Intermediates.noindex/Pods.build/Release-iphonesimulator/LSRFramework.build/LSRFramework-all-target-headers.hmap (in target 'LSRFramework' from project 'Pods')
        cd /var/folders/4h/hxvz7hb959j4pw0pvbq686x00000gn/T/CocoaPods-Lint-20200722-25225-196xw43-UIModule/Pods
        write-file /Users/edz/Library/Developer/Xcode/DerivedData/App-bytlbhqqorqzqidyjovihkqwnkia/Build/Intermediates.noindex/Pods.build/Release-iphonesimulator/LSRFramework.build/LSRFramework-all-target-headers.hmap
    
    WriteAuxiliaryFile /Users/edz/Library/Developer/Xcode/DerivedData/App-bytlbhqqorqzqidyjovihkqwnkia/Build/Intermediates.noindex/Pods.build/Release-iphonesimulator/LSRFramework.build/LSRFramework-all-non-framework-target-headers.hmap (in target 'LSRFramework' from project 'Pods')
        cd /var/folders/4h/hxvz7hb959j4pw0pvbq686x00000gn/T/CocoaPods-Lint-20200722-25225-196xw43-UIModule/Pods
        write-file /Users/edz/Library/Developer/Xcode/DerivedData/App-bytlbhqqorqzqidyjovihkqwnkia/Build/Intermediates.noindex/Pods.build/Release-iphonesimulator/LSRFramework.build/LSRFramework-all-non-framework-target-headers.hmap
    
    CodeSign /Users/edz/Library/Developer/Xcode/DerivedData/App-bytlbhqqorqzqidyjovihkqwnkia/Build/Products/Release-iphonesimulator/SSZipArchive/SSZipArchive.framework (in target 'SSZipArchive' from project 'Pods')
        cd /var/folders/4h/hxvz7hb959j4pw0pvbq686x00000gn/T/CocoaPods-Lint-20200722-25225-196xw43-UIModule/Pods
        export CODESIGN_ALLOCATE=/Applications/Xcode.app/Contents/Developer/Toolchains/XcodeDefault.xctoolchain/usr/bin/codesign_allocate
        
    Signing Identity:     "-"
    
        /usr/bin/codesign --force --sign - --timestamp=none /Users/edz/Library/Developer/Xcode/DerivedData/App-bytlbhqqorqzqidyjovihkqwnkia/Build/Products/Release-iphonesimulator/SSZipArchive/SSZipArchive.framework
    
    CodeSign /Users/edz/Library/Developer/Xcode/DerivedData/App-bytlbhqqorqzqidyjovihkqwnkia/Build/Products/Release-iphonesimulator/Masonry/Masonry.framework (in target 'Masonry' from project 'Pods')
        cd /var/folders/4h/hxvz7hb959j4pw0pvbq686x00000gn/T/CocoaPods-Lint-20200722-25225-196xw43-UIModule/Pods
        export CODESIGN_ALLOCATE=/Applications/Xcode.app/Contents/Developer/Toolchains/XcodeDefault.xctoolchain/usr/bin/codesign_allocate
        
    Signing Identity:     "-"
    
        /usr/bin/codesign --force --sign - --timestamp=none /Users/edz/Library/Developer/Xcode/DerivedData/App-bytlbhqqorqzqidyjovihkqwnkia/Build/Products/Release-iphonesimulator/Masonry/Masonry.framework
    
    CodeSign /Users/edz/Library/Developer/Xcode/DerivedData/App-bytlbhqqorqzqidyjovihkqwnkia/Build/Products/Release-iphonesimulator/MBProgressHUD/MBProgressHUD.framework (in target 'MBProgressHUD' from project 'Pods')
        cd /var/folders/4h/hxvz7hb959j4pw0pvbq686x00000gn/T/CocoaPods-Lint-20200722-25225-196xw43-UIModule/Pods
        export CODESIGN_ALLOCATE=/Applications/Xcode.app/Contents/Developer/Toolchains/XcodeDefault.xctoolchain/usr/bin/codesign_allocate
        
    Signing Identity:     "-"
    
        /usr/bin/codesign --force --sign - --timestamp=none /Users/edz/Library/Developer/Xcode/DerivedData/App-bytlbhqqorqzqidyjovihkqwnkia/Build/Products/Release-iphonesimulator/MBProgressHUD/MBProgressHUD.framework
    
    WriteAuxiliaryFile /Users/edz/Library/Developer/Xcode/DerivedData/App-bytlbhqqorqzqidyjovihkqwnkia/Build/Intermediates.noindex/Pods.build/Release-iphonesimulator/LSRFramework.build/module.modulemap (in target 'LSRFramework' from project 'Pods')
        cd /var/folders/4h/hxvz7hb959j4pw0pvbq686x00000gn/T/CocoaPods-Lint-20200722-25225-196xw43-UIModule/Pods
        write-file /Users/edz/Library/Developer/Xcode/DerivedData/App-bytlbhqqorqzqidyjovihkqwnkia/Build/Intermediates.noindex/Pods.build/Release-iphonesimulator/LSRFramework.build/module.modulemap
    
    CodeSign /Users/edz/Library/Developer/Xcode/DerivedData/App-bytlbhqqorqzqidyjovihkqwnkia/Build/Products/Release-iphonesimulator/JSONModel/JSONModel.framework (in target 'JSONModel' from project 'Pods')
        cd /var/folders/4h/hxvz7hb959j4pw0pvbq686x00000gn/T/CocoaPods-Lint-20200722-25225-196xw43-UIModule/Pods
        export CODESIGN_ALLOCATE=/Applications/Xcode.app/Contents/Developer/Toolchains/XcodeDefault.xctoolchain/usr/bin/codesign_allocate
        
    Signing Identity:     "-"
    
        /usr/bin/codesign --force --sign - --timestamp=none /Users/edz/Library/Developer/Xcode/DerivedData/App-bytlbhqqorqzqidyjovihkqwnkia/Build/Products/Release-iphonesimulator/JSONModel/JSONModel.framework
    
    Ditto /Users/edz/Library/Developer/Xcode/DerivedData/App-bytlbhqqorqzqidyjovihkqwnkia/Build/Intermediates.noindex/Pods.build/Release-iphonesimulator/LSRFramework.build/module.modulemap /Users/edz/Library/Developer/Xcode/DerivedData/App-bytlbhqqorqzqidyjovihkqwnkia/Build/Products/Release-iphonesimulator/LSRFramework/LSRFramework.framework/Modules/module.modulemap (in target 'LSRFramework' from project 'Pods')
        cd /var/folders/4h/hxvz7hb959j4pw0pvbq686x00000gn/T/CocoaPods-Lint-20200722-25225-196xw43-UIModule/Pods
        builtin-copy -exclude .DS_Store -exclude CVS -exclude .svn -exclude .git -exclude .hg -resolve-src-symlinks /Users/edz/Library/Developer/Xcode/DerivedData/App-bytlbhqqorqzqidyjovihkqwnkia/Build/Intermediates.noindex/Pods.build/Release-iphonesimulator/LSRFramework.build/module.modulemap /Users/edz/Library/Developer/Xcode/DerivedData/App-bytlbhqqorqzqidyjovihkqwnkia/Build/Products/Release-iphonesimulator/LSRFramework/LSRFramework.framework/Modules
    
    RegisterExecutionPolicyException /Users/edz/Library/Developer/Xcode/DerivedData/App-bytlbhqqorqzqidyjovihkqwnkia/Build/Products/Release-iphonesimulator/SSZipArchive/SSZipArchive.framework (in target 'SSZipArchive' from project 'Pods')
        cd /var/folders/4h/hxvz7hb959j4pw0pvbq686x00000gn/T/CocoaPods-Lint-20200722-25225-196xw43-UIModule/Pods
        builtin-RegisterExecutionPolicyException /Users/edz/Library/Developer/Xcode/DerivedData/App-bytlbhqqorqzqidyjovihkqwnkia/Build/Products/Release-iphonesimulator/SSZipArchive/SSZipArchive.framework
    note: Execution policy exception registration failed and was skipped: Error Domain=NSPOSIXErrorDomain Code=1 "Operation not permitted" (in target 'SSZipArchive' from project 'Pods')
    
    RegisterExecutionPolicyException /Users/edz/Library/Developer/Xcode/DerivedData/App-bytlbhqqorqzqidyjovihkqwnkia/Build/Products/Release-iphonesimulator/Masonry/Masonry.framework (in target 'Masonry' from project 'Pods')
        cd /var/folders/4h/hxvz7hb959j4pw0pvbq686x00000gn/T/CocoaPods-Lint-20200722-25225-196xw43-UIModule/Pods
        builtin-RegisterExecutionPolicyException /Users/edz/Library/Developer/Xcode/DerivedData/App-bytlbhqqorqzqidyjovihkqwnkia/Build/Products/Release-iphonesimulator/Masonry/Masonry.framework
    note: Execution policy exception registration failed and was skipped: Error Domain=NSPOSIXErrorDomain Code=1 "Operation not permitted" (in target 'Masonry' from project 'Pods')
    
    Touch /Users/edz/Library/Developer/Xcode/DerivedData/App-bytlbhqqorqzqidyjovihkqwnkia/Build/Products/Release-iphonesimulator/SSZipArchive/SSZipArchive.framework (in target 'SSZipArchive' from project 'Pods')
        cd /var/folders/4h/hxvz7hb959j4pw0pvbq686x00000gn/T/CocoaPods-Lint-20200722-25225-196xw43-UIModule/Pods
        /usr/bin/touch -c /Users/edz/Library/Developer/Xcode/DerivedData/App-bytlbhqqorqzqidyjovihkqwnkia/Build/Products/Release-iphonesimulator/SSZipArchive/SSZipArchive.framework
    
    RegisterExecutionPolicyException /Users/edz/Library/Developer/Xcode/DerivedData/App-bytlbhqqorqzqidyjovihkqwnkia/Build/Products/Release-iphonesimulator/MBProgressHUD/MBProgressHUD.framework (in target 'MBProgressHUD' from project 'Pods')
        cd /var/folders/4h/hxvz7hb959j4pw0pvbq686x00000gn/T/CocoaPods-Lint-20200722-25225-196xw43-UIModule/Pods
        builtin-RegisterExecutionPolicyException /Users/edz/Library/Developer/Xcode/DerivedData/App-bytlbhqqorqzqidyjovihkqwnkia/Build/Products/Release-iphonesimulator/MBProgressHUD/MBProgressHUD.framework
    note: Execution policy exception registration failed and was skipped: Error Domain=NSPOSIXErrorDomain Code=1 "Operation not permitted" (in target 'MBProgressHUD' from project 'Pods')
    
    Touch /Users/edz/Library/Developer/Xcode/DerivedData/App-bytlbhqqorqzqidyjovihkqwnkia/Build/Products/Release-iphonesimulator/Masonry/Masonry.framework (in target 'Masonry' from project 'Pods')
        cd /var/folders/4h/hxvz7hb959j4pw0pvbq686x00000gn/T/CocoaPods-Lint-20200722-25225-196xw43-UIModule/Pods
        /usr/bin/touch -c /Users/edz/Library/Developer/Xcode/DerivedData/App-bytlbhqqorqzqidyjovihkqwnkia/Build/Products/Release-iphonesimulator/Masonry/Masonry.framework
    
    RegisterExecutionPolicyException /Users/edz/Library/Developer/Xcode/DerivedData/App-bytlbhqqorqzqidyjovihkqwnkia/Build/Products/Release-iphonesimulator/JSONModel/JSONModel.framework (in target 'JSONModel' from project 'Pods')
        cd /var/folders/4h/hxvz7hb959j4pw0pvbq686x00000gn/T/CocoaPods-Lint-20200722-25225-196xw43-UIModule/Pods
        builtin-RegisterExecutionPolicyException /Users/edz/Library/Developer/Xcode/DerivedData/App-bytlbhqqorqzqidyjovihkqwnkia/Build/Products/Release-iphonesimulator/JSONModel/JSONModel.framework
    note: Execution policy exception registration failed and was skipped: Error Domain=NSPOSIXErrorDomain Code=1 "Operation not permitted" (in target 'JSONModel' from project 'Pods')
    
    Touch /Users/edz/Library/Developer/Xcode/DerivedData/App-bytlbhqqorqzqidyjovihkqwnkia/Build/Products/Release-iphonesimulator/MBProgressHUD/MBProgressHUD.framework (in target 'MBProgressHUD' from project 'Pods')
        cd /var/folders/4h/hxvz7hb959j4pw0pvbq686x00000gn/T/CocoaPods-Lint-20200722-25225-196xw43-UIModule/Pods
        /usr/bin/touch -c /Users/edz/Library/Developer/Xcode/DerivedData/App-bytlbhqqorqzqidyjovihkqwnkia/Build/Products/Release-iphonesimulator/MBProgressHUD/MBProgressHUD.framework
    
    CpHeader /var/folders/4h/hxvz7hb959j4pw0pvbq686x00000gn/T/CocoaPods-Lint-20200722-25225-196xw43-UIModule/Pods/Target\ Support\ Files/LSRFramework/LSRFramework-umbrella.h /Users/edz/Library/Developer/Xcode/DerivedData/App-bytlbhqqorqzqidyjovihkqwnkia/Build/Products/Release-iphonesimulator/LSRFramework/LSRFramework.framework/Headers/LSRFramework-umbrella.h (in target 'LSRFramework' from project 'Pods')
        cd /var/folders/4h/hxvz7hb959j4pw0pvbq686x00000gn/T/CocoaPods-Lint-20200722-25225-196xw43-UIModule/Pods
        builtin-copy -exclude .DS_Store -exclude CVS -exclude .svn -exclude .git -exclude .hg -resolve-src-symlinks /var/folders/4h/hxvz7hb959j4pw0pvbq686x00000gn/T/CocoaPods-Lint-20200722-25225-196xw43-UIModule/Pods/Target\ Support\ Files/LSRFramework/LSRFramework-umbrella.h /Users/edz/Library/Developer/Xcode/DerivedData/App-bytlbhqqorqzqidyjovihkqwnkia/Build/Products/Release-iphonesimulator/LSRFramework/LSRFramework.framework/Headers
    
    CpHeader /var/folders/4h/hxvz7hb959j4pw0pvbq686x00000gn/T/CocoaPods-Lint-20200722-25225-196xw43-UIModule/Pods/LSRFramework/LSRFramework/Classes/Libraries/PureLayout/PureLayoutDefines.h /Users/edz/Library/Developer/Xcode/DerivedData/App-bytlbhqqorqzqidyjovihkqwnkia/Build/Products/Release-iphonesimulator/LSRFramework/LSRFramework.framework/Headers/PureLayoutDefines.h (in target 'LSRFramework' from project 'Pods')
        cd /var/folders/4h/hxvz7hb959j4pw0pvbq686x00000gn/T/CocoaPods-Lint-20200722-25225-196xw43-UIModule/Pods
        builtin-copy -exclude .DS_Store -exclude CVS -exclude .svn -exclude .git -exclude .hg -resolve-src-symlinks /var/folders/4h/hxvz7hb959j4pw0pvbq686x00000gn/T/CocoaPods-Lint-20200722-25225-196xw43-UIModule/Pods/LSRFramework/LSRFramework/Classes/Libraries/PureLayout/PureLayoutDefines.h /Users/edz/Library/Developer/Xcode/DerivedData/App-bytlbhqqorqzqidyjovihkqwnkia/Build/Products/Release-iphonesimulator/LSRFramework/LSRFramework.framework/Headers
    
    ProcessInfoPlistFile /Users/edz/Library/Developer/Xcode/DerivedData/App-bytlbhqqorqzqidyjovihkqwnkia/Build/Products/Release-iphonesimulator/LSRFramework/LSRFramework.framework/Info.plist /var/folders/4h/hxvz7hb959j4pw0pvbq686x00000gn/T/CocoaPods-Lint-20200722-25225-196xw43-UIModule/Pods/Target\ Support\ Files/LSRFramework/LSRFramework-Info.plist (in target 'LSRFramework' from project 'Pods')
        cd /var/folders/4h/hxvz7hb959j4pw0pvbq686x00000gn/T/CocoaPods-Lint-20200722-25225-196xw43-UIModule/Pods
        builtin-infoPlistUtility /var/folders/4h/hxvz7hb959j4pw0pvbq686x00000gn/T/CocoaPods-Lint-20200722-25225-196xw43-UIModule/Pods/Target\ Support\ Files/LSRFramework/LSRFramework-Info.plist -producttype com.apple.product-type.framework -expandbuildsettings -format binary -platform iphonesimulator -o /Users/edz/Library/Developer/Xcode/DerivedData/App-bytlbhqqorqzqidyjovihkqwnkia/Build/Products/Release-iphonesimulator/LSRFramework/LSRFramework.framework/Info.plist
    
    CpHeader /var/folders/4h/hxvz7hb959j4pw0pvbq686x00000gn/T/CocoaPods-Lint-20200722-25225-196xw43-UIModule/Pods/LSRFramework/LSRFramework/Classes/Libraries/PureLayout/PureLayout.h /Users/edz/Library/Developer/Xcode/DerivedData/App-bytlbhqqorqzqidyjovihkqwnkia/Build/Products/Release-iphonesimulator/LSRFramework/LSRFramework.framework/Headers/PureLayout.h (in target 'LSRFramework' from project 'Pods')
        cd /var/folders/4h/hxvz7hb959j4pw0pvbq686x00000gn/T/CocoaPods-Lint-20200722-25225-196xw43-UIModule/Pods
        builtin-copy -exclude .DS_Store -exclude CVS -exclude .svn -exclude .git -exclude .hg -resolve-src-symlinks /var/folders/4h/hxvz7hb959j4pw0pvbq686x00000gn/T/CocoaPods-Lint-20200722-25225-196xw43-UIModule/Pods/LSRFramework/LSRFramework/Classes/Libraries/PureLayout/PureLayout.h /Users/edz/Library/Developer/Xcode/DerivedData/App-bytlbhqqorqzqidyjovihkqwnkia/Build/Products/Release-iphonesimulator/LSRFramework/LSRFramework.framework/Headers
    
    CpHeader /var/folders/4h/hxvz7hb959j4pw0pvbq686x00000gn/T/CocoaPods-Lint-20200722-25225-196xw43-UIModule/Pods/LSRFramework/LSRFramework/Classes/Libraries/PureLayout/PureLayout+Internal.h /Users/edz/Library/Developer/Xcode/DerivedData/App-bytlbhqqorqzqidyjovihkqwnkia/Build/Products/Release-iphonesimulator/LSRFramework/LSRFramework.framework/Headers/PureLayout+Internal.h (in target 'LSRFramework' from project 'Pods')
        cd /var/folders/4h/hxvz7hb959j4pw0pvbq686x00000gn/T/CocoaPods-Lint-20200722-25225-196xw43-UIModule/Pods
        builtin-copy -exclude .DS_Store -exclude CVS -exclude .svn -exclude .git -exclude .hg -resolve-src-symlinks /var/folders/4h/hxvz7hb959j4pw0pvbq686x00000gn/T/CocoaPods-Lint-20200722-25225-196xw43-UIModule/Pods/LSRFramework/LSRFramework/Classes/Libraries/PureLayout/PureLayout+Internal.h /Users/edz/Library/Developer/Xcode/DerivedData/App-bytlbhqqorqzqidyjovihkqwnkia/Build/Products/Release-iphonesimulator/LSRFramework/LSRFramework.framework/Headers
    
    CpHeader /var/folders/4h/hxvz7hb959j4pw0pvbq686x00000gn/T/CocoaPods-Lint-20200722-25225-196xw43-UIModule/Pods/LSRFramework/LSRFramework/Classes/Libraries/PureLayout/NSLayoutConstraint+PureLayout.h /Users/edz/Library/Developer/Xcode/DerivedData/App-bytlbhqqorqzqidyjovihkqwnkia/Build/Products/Release-iphonesimulator/LSRFramework/LSRFramework.framework/Headers/NSLayoutConstraint+PureLayout.h (in target 'LSRFramework' from project 'Pods')
        cd /var/folders/4h/hxvz7hb959j4pw0pvbq686x00000gn/T/CocoaPods-Lint-20200722-25225-196xw43-UIModule/Pods
        builtin-copy -exclude .DS_Store -exclude CVS -exclude .svn -exclude .git -exclude .hg -resolve-src-symlinks /var/folders/4h/hxvz7hb959j4pw0pvbq686x00000gn/T/CocoaPods-Lint-20200722-25225-196xw43-UIModule/Pods/LSRFramework/LSRFramework/Classes/Libraries/PureLayout/NSLayoutConstraint+PureLayout.h /Users/edz/Library/Developer/Xcode/DerivedData/App-bytlbhqqorqzqidyjovihkqwnkia/Build/Products/Release-iphonesimulator/LSRFramework/LSRFramework.framework/Headers
    
    CpHeader /var/folders/4h/hxvz7hb959j4pw0pvbq686x00000gn/T/CocoaPods-Lint-20200722-25225-196xw43-UIModule/Pods/LSRFramework/LSRFramework/Classes/Libraries/PureLayout/NSArray+PureLayout.h /Users/edz/Library/Developer/Xcode/DerivedData/App-bytlbhqqorqzqidyjovihkqwnkia/Build/Products/Release-iphonesimulator/LSRFramework/LSRFramework.framework/Headers/NSArray+PureLayout.h (in target 'LSRFramework' from project 'Pods')
        cd /var/folders/4h/hxvz7hb959j4pw0pvbq686x00000gn/T/CocoaPods-Lint-20200722-25225-196xw43-UIModule/Pods
        builtin-copy -exclude .DS_Store -exclude CVS -exclude .svn -exclude .git -exclude .hg -resolve-src-symlinks /var/folders/4h/hxvz7hb959j4pw0pvbq686x00000gn/T/CocoaPods-Lint-20200722-25225-196xw43-UIModule/Pods/LSRFramework/LSRFramework/Classes/Libraries/PureLayout/NSArray+PureLayout.h /Users/edz/Library/Developer/Xcode/DerivedData/App-bytlbhqqorqzqidyjovihkqwnkia/Build/Products/Release-iphonesimulator/LSRFramework/LSRFramework.framework/Headers
    
    CpHeader /var/folders/4h/hxvz7hb959j4pw0pvbq686x00000gn/T/CocoaPods-Lint-20200722-25225-196xw43-UIModule/Pods/LSRFramework/LSRFramework/Classes/Libraries/PureLayout/ALView+PureLayout.h /Users/edz/Library/Developer/Xcode/DerivedData/App-bytlbhqqorqzqidyjovihkqwnkia/Build/Products/Release-iphonesimulator/LSRFramework/LSRFramework.framework/Headers/ALView+PureLayout.h (in target 'LSRFramework' from project 'Pods')
        cd /var/folders/4h/hxvz7hb959j4pw0pvbq686x00000gn/T/CocoaPods-Lint-20200722-25225-196xw43-UIModule/Pods
        builtin-copy -exclude .DS_Store -exclude CVS -exclude .svn -exclude .git -exclude .hg -resolve-src-symlinks /var/folders/4h/hxvz7hb959j4pw0pvbq686x00000gn/T/CocoaPods-Lint-20200722-25225-196xw43-UIModule/Pods/LSRFramework/LSRFramework/Classes/Libraries/PureLayout/ALView+PureLayout.h /Users/edz/Library/Developer/Xcode/DerivedData/App-bytlbhqqorqzqidyjovihkqwnkia/Build/Products/Release-iphonesimulator/LSRFramework/LSRFramework.framework/Headers
    
    CpHeader /var/folders/4h/hxvz7hb959j4pw0pvbq686x00000gn/T/CocoaPods-Lint-20200722-25225-196xw43-UIModule/Pods/LSRFramework/LSRFramework/Classes/LSRFramework.h /Users/edz/Library/Developer/Xcode/DerivedData/App-bytlbhqqorqzqidyjovihkqwnkia/Build/Products/Release-iphonesimulator/LSRFramework/LSRFramework.framework/Headers/LSRFramework.h (in target 'LSRFramework' from project 'Pods')
        cd /var/folders/4h/hxvz7hb959j4pw0pvbq686x00000gn/T/CocoaPods-Lint-20200722-25225-196xw43-UIModule/Pods
        builtin-copy -exclude .DS_Store -exclude CVS -exclude .svn -exclude .git -exclude .hg -resolve-src-symlinks /var/folders/4h/hxvz7hb959j4pw0pvbq686x00000gn/T/CocoaPods-Lint-20200722-25225-196xw43-UIModule/Pods/LSRFramework/LSRFramework/Classes/LSRFramework.h /Users/edz/Library/Developer/Xcode/DerivedData/App-bytlbhqqorqzqidyjovihkqwnkia/Build/Products/Release-iphonesimulator/LSRFramework/LSRFramework.framework/Headers
    
    CpHeader /var/folders/4h/hxvz7hb959j4pw0pvbq686x00000gn/T/CocoaPods-Lint-20200722-25225-196xw43-UIModule/Pods/LSRFramework/LSRFramework/Classes/Configurations/TTTFrameworkScreenParameters.h /Users/edz/Library/Developer/Xcode/DerivedData/App-bytlbhqqorqzqidyjovihkqwnkia/Build/Products/Release-iphonesimulator/LSRFramework/LSRFramework.framework/Headers/TTTFrameworkScreenParameters.h (in target 'LSRFramework' from project 'Pods')
        cd /var/folders/4h/hxvz7hb959j4pw0pvbq686x00000gn/T/CocoaPods-Lint-20200722-25225-196xw43-UIModule/Pods
        builtin-copy -exclude .DS_Store -exclude CVS -exclude .svn -exclude .git -exclude .hg -resolve-src-symlinks /var/folders/4h/hxvz7hb959j4pw0pvbq686x00000gn/T/CocoaPods-Lint-20200722-25225-196xw43-UIModule/Pods/LSRFramework/LSRFramework/Classes/Configurations/TTTFrameworkScreenParameters.h /Users/edz/Library/Developer/Xcode/DerivedData/App-bytlbhqqorqzqidyjovihkqwnkia/Build/Products/Release-iphonesimulator/LSRFramework/LSRFramework.framework/Headers
    
    CpHeader /var/folders/4h/hxvz7hb959j4pw0pvbq686x00000gn/T/CocoaPods-Lint-20200722-25225-196xw43-UIModule/Pods/LSRFramework/LSRFramework/Classes/Configurations/TTTFrameworkNetworkStatusDefines.h /Users/edz/Library/Developer/Xcode/DerivedData/App-bytlbhqqorqzqidyjovihkqwnkia/Build/Products/Release-iphonesimulator/LSRFramework/LSRFramework.framework/Headers/TTTFrameworkNetworkStatusDefines.h (in target 'LSRFramework' from project 'Pods')
        cd /var/folders/4h/hxvz7hb959j4pw0pvbq686x00000gn/T/CocoaPods-Lint-20200722-25225-196xw43-UIModule/Pods
        builtin-copy -exclude .DS_Store -exclude CVS -exclude .svn -exclude .git -exclude .hg -resolve-src-symlinks /var/folders/4h/hxvz7hb959j4pw0pvbq686x00000gn/T/CocoaPods-Lint-20200722-25225-196xw43-UIModule/Pods/LSRFramework/LSRFramework/Classes/Configurations/TTTFrameworkNetworkStatusDefines.h /Users/edz/Library/Developer/Xcode/DerivedData/App-bytlbhqqorqzqidyjovihkqwnkia/Build/Products/Release-iphonesimulator/LSRFramework/LSRFramework.framework/Headers
    
    CpHeader /var/folders/4h/hxvz7hb959j4pw0pvbq686x00000gn/T/CocoaPods-Lint-20200722-25225-196xw43-UIModule/Pods/LSRFramework/LSRFramework/Classes/Configurations/TTTFrameworkCommonDefines.h /Users/edz/Library/Developer/Xcode/DerivedData/App-bytlbhqqorqzqidyjovihkqwnkia/Build/Products/Release-iphonesimulator/LSRFramework/LSRFramework.framework/Headers/TTTFrameworkCommonDefines.h (in target 'LSRFramework' from project 'Pods')
        cd /var/folders/4h/hxvz7hb959j4pw0pvbq686x00000gn/T/CocoaPods-Lint-20200722-25225-196xw43-UIModule/Pods
        builtin-copy -exclude .DS_Store -exclude CVS -exclude .svn -exclude .git -exclude .hg -resolve-src-symlinks /var/folders/4h/hxvz7hb959j4pw0pvbq686x00000gn/T/CocoaPods-Lint-20200722-25225-196xw43-UIModule/Pods/LSRFramework/LSRFramework/Classes/Configurations/TTTFrameworkCommonDefines.h /Users/edz/Library/Developer/Xcode/DerivedData/App-bytlbhqqorqzqidyjovihkqwnkia/Build/Products/Release-iphonesimulator/LSRFramework/LSRFramework.framework/Headers
    
    CpHeader /var/folders/4h/hxvz7hb959j4pw0pvbq686x00000gn/T/CocoaPods-Lint-20200722-25225-196xw43-UIModule/Pods/LSRFramework/LSRFramework/Classes/Categories/UIView/UIView+Keyboard.h /Users/edz/Library/Developer/Xcode/DerivedData/App-bytlbhqqorqzqidyjovihkqwnkia/Build/Products/Release-iphonesimulator/LSRFramework/LSRFramework.framework/Headers/UIView+Keyboard.h (in target 'LSRFramework' from project 'Pods')
        cd /var/folders/4h/hxvz7hb959j4pw0pvbq686x00000gn/T/CocoaPods-Lint-20200722-25225-196xw43-UIModule/Pods
        builtin-copy -exclude .DS_Store -exclude CVS -exclude .svn -exclude .git -exclude .hg -resolve-src-symlinks /var/folders/4h/hxvz7hb959j4pw0pvbq686x00000gn/T/CocoaPods-Lint-20200722-25225-196xw43-UIModule/Pods/LSRFramework/LSRFramework/Classes/Categories/UIView/UIView+Keyboard.h /Users/edz/Library/Developer/Xcode/DerivedData/App-bytlbhqqorqzqidyjovihkqwnkia/Build/Products/Release-iphonesimulator/LSRFramework/LSRFramework.framework/Headers
    
    CpHeader /var/folders/4h/hxvz7hb959j4pw0pvbq686x00000gn/T/CocoaPods-Lint-20200722-25225-196xw43-UIModule/Pods/LSRFramework/LSRFramework/Classes/Categories/UIImage/UIImage+TTTFramework.h /Users/edz/Library/Developer/Xcode/DerivedData/App-bytlbhqqorqzqidyjovihkqwnkia/Build/Products/Release-iphonesimulator/LSRFramework/LSRFramework.framework/Headers/UIImage+TTTFramework.h (in target 'LSRFramework' from project 'Pods')
        cd /var/folders/4h/hxvz7hb959j4pw0pvbq686x00000gn/T/CocoaPods-Lint-20200722-25225-196xw43-UIModule/Pods
        builtin-copy -exclude .DS_Store -exclude CVS -exclude .svn -exclude .git -exclude .hg -resolve-src-symlinks /var/folders/4h/hxvz7hb959j4pw0pvbq686x00000gn/T/CocoaPods-Lint-20200722-25225-196xw43-UIModule/Pods/LSRFramework/LSRFramework/Classes/Categories/UIImage/UIImage+TTTFramework.h /Users/edz/Library/Developer/Xcode/DerivedData/App-bytlbhqqorqzqidyjovihkqwnkia/Build/Products/Release-iphonesimulator/LSRFramework/LSRFramework.framework/Headers
    
    CpHeader /var/folders/4h/hxvz7hb959j4pw0pvbq686x00000gn/T/CocoaPods-Lint-20200722-25225-196xw43-UIModule/Pods/LSRFramework/LSRFramework/Classes/Categories/UIImage/UIImage+Extension.h /Users/edz/Library/Developer/Xcode/DerivedData/App-bytlbhqqorqzqidyjovihkqwnkia/Build/Products/Release-iphonesimulator/LSRFramework/LSRFramework.framework/Headers/UIImage+Extension.h (in target 'LSRFramework' from project 'Pods')
        cd /var/folders/4h/hxvz7hb959j4pw0pvbq686x00000gn/T/CocoaPods-Lint-20200722-25225-196xw43-UIModule/Pods
        builtin-copy -exclude .DS_Store -exclude CVS -exclude .svn -exclude .git -exclude .hg -resolve-src-symlinks /var/folders/4h/hxvz7hb959j4pw0pvbq686x00000gn/T/CocoaPods-Lint-20200722-25225-196xw43-UIModule/Pods/LSRFramework/LSRFramework/Classes/Categories/UIImage/UIImage+Extension.h /Users/edz/Library/Developer/Xcode/DerivedData/App-bytlbhqqorqzqidyjovihkqwnkia/Build/Products/Release-iphonesimulator/LSRFramework/LSRFramework.framework/Headers
    
    CpHeader /var/folders/4h/hxvz7hb959j4pw0pvbq686x00000gn/T/CocoaPods-Lint-20200722-25225-196xw43-UIModule/Pods/LSRFramework/LSRFramework/Classes/Categories/UIImage/TTTFrameworkResourcesLoader.h /Users/edz/Library/Developer/Xcode/DerivedData/App-bytlbhqqorqzqidyjovihkqwnkia/Build/Products/Release-iphonesimulator/LSRFramework/LSRFramework.framework/Headers/TTTFrameworkResourcesLoader.h (in target 'LSRFramework' from project 'Pods')
        cd /var/folders/4h/hxvz7hb959j4pw0pvbq686x00000gn/T/CocoaPods-Lint-20200722-25225-196xw43-UIModule/Pods
        builtin-copy -exclude .DS_Store -exclude CVS -exclude .svn -exclude .git -exclude .hg -resolve-src-symlinks /var/folders/4h/hxvz7hb959j4pw0pvbq686x00000gn/T/CocoaPods-Lint-20200722-25225-196xw43-UIModule/Pods/LSRFramework/LSRFramework/Classes/Categories/UIImage/TTTFrameworkResourcesLoader.h /Users/edz/Library/Developer/Xcode/DerivedData/App-bytlbhqqorqzqidyjovihkqwnkia/Build/Products/Release-iphonesimulator/LSRFramework/LSRFramework.framework/Headers
    
    CpHeader /var/folders/4h/hxvz7hb959j4pw0pvbq686x00000gn/T/CocoaPods-Lint-20200722-25225-196xw43-UIModule/Pods/LSRFramework/LSRFramework/Classes/Categories/UIDevice/UIDevice+Orientation.h /Users/edz/Library/Developer/Xcode/DerivedData/App-bytlbhqqorqzqidyjovihkqwnkia/Build/Products/Release-iphonesimulator/LSRFramework/LSRFramework.framework/Headers/UIDevice+Orientation.h (in target 'LSRFramework' from project 'Pods')
        cd /var/folders/4h/hxvz7hb959j4pw0pvbq686x00000gn/T/CocoaPods-Lint-20200722-25225-196xw43-UIModule/Pods
        builtin-copy -exclude .DS_Store -exclude CVS -exclude .svn -exclude .git -exclude .hg -resolve-src-symlinks /var/folders/4h/hxvz7hb959j4pw0pvbq686x00000gn/T/CocoaPods-Lint-20200722-25225-196xw43-UIModule/Pods/LSRFramework/LSRFramework/Classes/Categories/UIDevice/UIDevice+Orientation.h /Users/edz/Library/Developer/Xcode/DerivedData/App-bytlbhqqorqzqidyjovihkqwnkia/Build/Products/Release-iphonesimulator/LSRFramework/LSRFramework.framework/Headers
    
    CpHeader /var/folders/4h/hxvz7hb959j4pw0pvbq686x00000gn/T/CocoaPods-Lint-20200722-25225-196xw43-UIModule/Pods/LSRFramework/LSRFramework/Classes/Categories/UIColor/UIColor+Extension.h /Users/edz/Library/Developer/Xcode/DerivedData/App-bytlbhqqorqzqidyjovihkqwnkia/Build/Products/Release-iphonesimulator/LSRFramework/LSRFramework.framework/Headers/UIColor+Extension.h (in target 'LSRFramework' from project 'Pods')
        cd /var/folders/4h/hxvz7hb959j4pw0pvbq686x00000gn/T/CocoaPods-Lint-20200722-25225-196xw43-UIModule/Pods
        builtin-copy -exclude .DS_Store -exclude CVS -exclude .svn -exclude .git -exclude .hg -resolve-src-symlinks /var/folders/4h/hxvz7hb959j4pw0pvbq686x00000gn/T/CocoaPods-Lint-20200722-25225-196xw43-UIModule/Pods/LSRFramework/LSRFramework/Classes/Categories/UIColor/UIColor+Extension.h /Users/edz/Library/Developer/Xcode/DerivedData/App-bytlbhqqorqzqidyjovihkqwnkia/Build/Products/Release-iphonesimulator/LSRFramework/LSRFramework.framework/Headers
    
    CpHeader /var/folders/4h/hxvz7hb959j4pw0pvbq686x00000gn/T/CocoaPods-Lint-20200722-25225-196xw43-UIModule/Pods/LSRFramework/LSRFramework/Classes/Categories/UIButton/UIButton+ImageWithColor.h /Users/edz/Library/Developer/Xcode/DerivedData/App-bytlbhqqorqzqidyjovihkqwnkia/Build/Products/Release-iphonesimulator/LSRFramework/LSRFramework.framework/Headers/UIButton+ImageWithColor.h (in target 'LSRFramework' from project 'Pods')
        cd /var/folders/4h/hxvz7hb959j4pw0pvbq686x00000gn/T/CocoaPods-Lint-20200722-25225-196xw43-UIModule/Pods
        builtin-copy -exclude .DS_Store -exclude CVS -exclude .svn -exclude .git -exclude .hg -resolve-src-symlinks /var/folders/4h/hxvz7hb959j4pw0pvbq686x00000gn/T/CocoaPods-Lint-20200722-25225-196xw43-UIModule/Pods/LSRFramework/LSRFramework/Classes/Categories/UIButton/UIButton+ImageWithColor.h /Users/edz/Library/Developer/Xcode/DerivedData/App-bytlbhqqorqzqidyjovihkqwnkia/Build/Products/Release-iphonesimulator/LSRFramework/LSRFramework.framework/Headers
    
    CpHeader /var/folders/4h/hxvz7hb959j4pw0pvbq686x00000gn/T/CocoaPods-Lint-20200722-25225-196xw43-UIModule/Pods/LSRFramework/LSRFramework/Classes/Categories/UIBarButtonItem/UIBarButtonItem+Extension.h /Users/edz/Library/Developer/Xcode/DerivedData/App-bytlbhqqorqzqidyjovihkqwnkia/Build/Products/Release-iphonesimulator/LSRFramework/LSRFramework.framework/Headers/UIBarButtonItem+Extension.h (in target 'LSRFramework' from project 'Pods')
        cd /var/folders/4h/hxvz7hb959j4pw0pvbq686x00000gn/T/CocoaPods-Lint-20200722-25225-196xw43-UIModule/Pods
        builtin-copy -exclude .DS_Store -exclude CVS -exclude .svn -exclude .git -exclude .hg -resolve-src-symlinks /var/folders/4h/hxvz7hb959j4pw0pvbq686x00000gn/T/CocoaPods-Lint-20200722-25225-196xw43-UIModule/Pods/LSRFramework/LSRFramework/Classes/Categories/UIBarButtonItem/UIBarButtonItem+Extension.h /Users/edz/Library/Developer/Xcode/DerivedData/App-bytlbhqqorqzqidyjovihkqwnkia/Build/Products/Release-iphonesimulator/LSRFramework/LSRFramework.framework/Headers
    
    CpHeader /var/folders/4h/hxvz7hb959j4pw0pvbq686x00000gn/T/CocoaPods-Lint-20200722-25225-196xw43-UIModule/Pods/LSRFramework/LSRFramework/Classes/Categories/NSString/NSString+Extension.h /Users/edz/Library/Developer/Xcode/DerivedData/App-bytlbhqqorqzqidyjovihkqwnkia/Build/Products/Release-iphonesimulator/LSRFramework/LSRFramework.framework/Headers/NSString+Extension.h (in target 'LSRFramework' from project 'Pods')
        cd /var/folders/4h/hxvz7hb959j4pw0pvbq686x00000gn/T/CocoaPods-Lint-20200722-25225-196xw43-UIModule/Pods
        builtin-copy -exclude .DS_Store -exclude CVS -exclude .svn -exclude .git -exclude .hg -resolve-src-symlinks /var/folders/4h/hxvz7hb959j4pw0pvbq686x00000gn/T/CocoaPods-Lint-20200722-25225-196xw43-UIModule/Pods/LSRFramework/LSRFramework/Classes/Categories/NSString/NSString+Extension.h /Users/edz/Library/Developer/Xcode/DerivedData/App-bytlbhqqorqzqidyjovihkqwnkia/Build/Products/Release-iphonesimulator/LSRFramework/LSRFramework.framework/Headers
    
    CpHeader /var/folders/4h/hxvz7hb959j4pw0pvbq686x00000gn/T/CocoaPods-Lint-20200722-25225-196xw43-UIModule/Pods/LSRFramework/LSRFramework/Classes/Categories/NSString/NSString+Emoji.h /Users/edz/Library/Developer/Xcode/DerivedData/App-bytlbhqqorqzqidyjovihkqwnkia/Build/Products/Release-iphonesimulator/LSRFramework/LSRFramework.framework/Headers/NSString+Emoji.h (in target 'LSRFramework' from project 'Pods')
        cd /var/folders/4h/hxvz7hb959j4pw0pvbq686x00000gn/T/CocoaPods-Lint-20200722-25225-196xw43-UIModule/Pods
        builtin-copy -exclude .DS_Store -exclude CVS -exclude .svn -exclude .git -exclude .hg -resolve-src-symlinks /var/folders/4h/hxvz7hb959j4pw0pvbq686x00000gn/T/CocoaPods-Lint-20200722-25225-196xw43-UIModule/Pods/LSRFramework/LSRFramework/Classes/Categories/NSString/NSString+Emoji.h /Users/edz/Library/Developer/Xcode/DerivedData/App-bytlbhqqorqzqidyjovihkqwnkia/Build/Products/Release-iphonesimulator/LSRFramework/LSRFramework.framework/Headers
    
    CpHeader /var/folders/4h/hxvz7hb959j4pw0pvbq686x00000gn/T/CocoaPods-Lint-20200722-25225-196xw43-UIModule/Pods/LSRFramework/LSRFramework/Classes/Categories/NSString/NSString+Directories.h /Users/edz/Library/Developer/Xcode/DerivedData/App-bytlbhqqorqzqidyjovihkqwnkia/Build/Products/Release-iphonesimulator/LSRFramework/LSRFramework.framework/Headers/NSString+Directories.h (in target 'LSRFramework' from project 'Pods')
        cd /var/folders/4h/hxvz7hb959j4pw0pvbq686x00000gn/T/CocoaPods-Lint-20200722-25225-196xw43-UIModule/Pods
        builtin-copy -exclude .DS_Store -exclude CVS -exclude .svn -exclude .git -exclude .hg -resolve-src-symlinks /var/folders/4h/hxvz7hb959j4pw0pvbq686x00000gn/T/CocoaPods-Lint-20200722-25225-196xw43-UIModule/Pods/LSRFramework/LSRFramework/Classes/Categories/NSString/NSString+Directories.h /Users/edz/Library/Developer/Xcode/DerivedData/App-bytlbhqqorqzqidyjovihkqwnkia/Build/Products/Release-iphonesimulator/LSRFramework/LSRFramework.framework/Headers
    
    CpHeader /var/folders/4h/hxvz7hb959j4pw0pvbq686x00000gn/T/CocoaPods-Lint-20200722-25225-196xw43-UIModule/Pods/LSRFramework/LSRFramework/Classes/Categories/NSObject/NSObject+Swizzle.h /Users/edz/Library/Developer/Xcode/DerivedData/App-bytlbhqqorqzqidyjovihkqwnkia/Build/Products/Release-iphonesimulator/LSRFramework/LSRFramework.framework/Headers/NSObject+Swizzle.h (in target 'LSRFramework' from project 'Pods')
        cd /var/folders/4h/hxvz7hb959j4pw0pvbq686x00000gn/T/CocoaPods-Lint-20200722-25225-196xw43-UIModule/Pods
        builtin-copy -exclude .DS_Store -exclude CVS -exclude .svn -exclude .git -exclude .hg -resolve-src-symlinks /var/folders/4h/hxvz7hb959j4pw0pvbq686x00000gn/T/CocoaPods-Lint-20200722-25225-196xw43-UIModule/Pods/LSRFramework/LSRFramework/Classes/Categories/NSObject/NSObject+Swizzle.h /Users/edz/Library/Developer/Xcode/DerivedData/App-bytlbhqqorqzqidyjovihkqwnkia/Build/Products/Release-iphonesimulator/LSRFramework/LSRFramework.framework/Headers
    
    CpHeader /var/folders/4h/hxvz7hb959j4pw0pvbq686x00000gn/T/CocoaPods-Lint-20200722-25225-196xw43-UIModule/Pods/LSRFramework/LSRFramework/Classes/Categories/NSObject/NSObject+Helper.h /Users/edz/Library/Developer/Xcode/DerivedData/App-bytlbhqqorqzqidyjovihkqwnkia/Build/Products/Release-iphonesimulator/LSRFramework/LSRFramework.framework/Headers/NSObject+Helper.h (in target 'LSRFramework' from project 'Pods')
        cd /var/folders/4h/hxvz7hb959j4pw0pvbq686x00000gn/T/CocoaPods-Lint-20200722-25225-196xw43-UIModule/Pods
        builtin-copy -exclude .DS_Store -exclude CVS -exclude .svn -exclude .git -exclude .hg -resolve-src-symlinks /var/folders/4h/hxvz7hb959j4pw0pvbq686x00000gn/T/CocoaPods-Lint-20200722-25225-196xw43-UIModule/Pods/LSRFramework/LSRFramework/Classes/Categories/NSObject/NSObject+Helper.h /Users/edz/Library/Developer/Xcode/DerivedData/App-bytlbhqqorqzqidyjovihkqwnkia/Build/Products/Release-iphonesimulator/LSRFramework/LSRFramework.framework/Headers
    
    CpHeader /var/folders/4h/hxvz7hb959j4pw0pvbq686x00000gn/T/CocoaPods-Lint-20200722-25225-196xw43-UIModule/Pods/LSRFramework/LSRFramework/Classes/BaseClasses/WebViewController/WKWebViewController.h /Users/edz/Library/Developer/Xcode/DerivedData/App-bytlbhqqorqzqidyjovihkqwnkia/Build/Products/Release-iphonesimulator/LSRFramework/LSRFramework.framework/Headers/WKWebViewController.h (in target 'LSRFramework' from project 'Pods')
        cd /var/folders/4h/hxvz7hb959j4pw0pvbq686x00000gn/T/CocoaPods-Lint-20200722-25225-196xw43-UIModule/Pods
        builtin-copy -exclude .DS_Store -exclude CVS -exclude .svn -exclude .git -exclude .hg -resolve-src-symlinks /var/folders/4h/hxvz7hb959j4pw0pvbq686x00000gn/T/CocoaPods-Lint-20200722-25225-196xw43-UIModule/Pods/LSRFramework/LSRFramework/Classes/BaseClasses/WebViewController/WKWebViewController.h /Users/edz/Library/Developer/Xcode/DerivedData/App-bytlbhqqorqzqidyjovihkqwnkia/Build/Products/Release-iphonesimulator/LSRFramework/LSRFramework.framework/Headers
    
    CpHeader /var/folders/4h/hxvz7hb959j4pw0pvbq686x00000gn/T/CocoaPods-Lint-20200722-25225-196xw43-UIModule/Pods/LSRFramework/LSRFramework/Classes/BaseClasses/UIViewController/UIViewController+TTTFramework.h /Users/edz/Library/Developer/Xcode/DerivedData/App-bytlbhqqorqzqidyjovihkqwnkia/Build/Products/Release-iphonesimulator/LSRFramework/LSRFramework.framework/Headers/UIViewController+TTTFramework.h (in target 'LSRFramework' from project 'Pods')
        cd /var/folders/4h/hxvz7hb959j4pw0pvbq686x00000gn/T/CocoaPods-Lint-20200722-25225-196xw43-UIModule/Pods
        builtin-copy -exclude .DS_Store -exclude CVS -exclude .svn -exclude .git -exclude .hg -resolve-src-symlinks /var/folders/4h/hxvz7hb959j4pw0pvbq686x00000gn/T/CocoaPods-Lint-20200722-25225-196xw43-UIModule/Pods/LSRFramework/LSRFramework/Classes/BaseClasses/UIViewController/UIViewController+TTTFramework.h /Users/edz/Library/Developer/Xcode/DerivedData/App-bytlbhqqorqzqidyjovihkqwnkia/Build/Products/Release-iphonesimulator/LSRFramework/LSRFramework.framework/Headers
    
    CpHeader /var/folders/4h/hxvz7hb959j4pw0pvbq686x00000gn/T/CocoaPods-Lint-20200722-25225-196xw43-UIModule/Pods/LSRFramework/LSRFramework/Classes/BaseClasses/UIViewController/UIViewController+Push_Present.h /Users/edz/Library/Developer/Xcode/DerivedData/App-bytlbhqqorqzqidyjovihkqwnkia/Build/Products/Release-iphonesimulator/LSRFramework/LSRFramework.framework/Headers/UIViewController+Push_Present.h (in target 'LSRFramework' from project 'Pods')
        cd /var/folders/4h/hxvz7hb959j4pw0pvbq686x00000gn/T/CocoaPods-Lint-20200722-25225-196xw43-UIModule/Pods
        builtin-copy -exclude .DS_Store -exclude CVS -exclude .svn -exclude .git -exclude .hg -resolve-src-symlinks /var/folders/4h/hxvz7hb959j4pw0pvbq686x00000gn/T/CocoaPods-Lint-20200722-25225-196xw43-UIModule/Pods/LSRFramework/LSRFramework/Classes/BaseClasses/UIViewController/UIViewController+Push_Present.h /Users/edz/Library/Developer/Xcode/DerivedData/App-bytlbhqqorqzqidyjovihkqwnkia/Build/Products/Release-iphonesimulator/LSRFramework/LSRFramework.framework/Headers
    
    CpHeader /var/folders/4h/hxvz7hb959j4pw0pvbq686x00000gn/T/CocoaPods-Lint-20200722-25225-196xw43-UIModule/Pods/LSRFramework/LSRFramework/Classes/BaseClasses/UIViewController/UIViewController+Protected.h /Users/edz/Library/Developer/Xcode/DerivedData/App-bytlbhqqorqzqidyjovihkqwnkia/Build/Products/Release-iphonesimulator/LSRFramework/LSRFramework.framework/Headers/UIViewController+Protected.h (in target 'LSRFramework' from project 'Pods')
        cd /var/folders/4h/hxvz7hb959j4pw0pvbq686x00000gn/T/CocoaPods-Lint-20200722-25225-196xw43-UIModule/Pods
        builtin-copy -exclude .DS_Store -exclude CVS -exclude .svn -exclude .git -exclude .hg -resolve-src-symlinks /var/folders/4h/hxvz7hb959j4pw0pvbq686x00000gn/T/CocoaPods-Lint-20200722-25225-196xw43-UIModule/Pods/LSRFramework/LSRFramework/Classes/BaseClasses/UIViewController/UIViewController+Protected.h /Users/edz/Library/Developer/Xcode/DerivedData/App-bytlbhqqorqzqidyjovihkqwnkia/Build/Products/Release-iphonesimulator/LSRFramework/LSRFramework.framework/Headers
    
    CpHeader /var/folders/4h/hxvz7hb959j4pw0pvbq686x00000gn/T/CocoaPods-Lint-20200722-25225-196xw43-UIModule/Pods/LSRFramework/LSRFramework/Classes/BaseClasses/UIViewController/UIViewController+NavigationBar.h /Users/edz/Library/Developer/Xcode/DerivedData/App-bytlbhqqorqzqidyjovihkqwnkia/Build/Products/Release-iphonesimulator/LSRFramework/LSRFramework.framework/Headers/UIViewController+NavigationBar.h (in target 'LSRFramework' from project 'Pods')
        cd /var/folders/4h/hxvz7hb959j4pw0pvbq686x00000gn/T/CocoaPods-Lint-20200722-25225-196xw43-UIModule/Pods
        builtin-copy -exclude .DS_Store -exclude CVS -exclude .svn -exclude .git -exclude .hg -resolve-src-symlinks /var/folders/4h/hxvz7hb959j4pw0pvbq686x00000gn/T/CocoaPods-Lint-20200722-25225-196xw43-UIModule/Pods/LSRFramework/LSRFramework/Classes/BaseClasses/UIViewController/UIViewController+NavigationBar.h /Users/edz/Library/Developer/Xcode/DerivedData/App-bytlbhqqorqzqidyjovihkqwnkia/Build/Products/Release-iphonesimulator/LSRFramework/LSRFramework.framework/Headers
    
    CpHeader /var/folders/4h/hxvz7hb959j4pw0pvbq686x00000gn/T/CocoaPods-Lint-20200722-25225-196xw43-UIModule/Pods/LSRFramework/LSRFramework/Classes/BaseClasses/UIViewController/UIViewController+Global.h /Users/edz/Library/Developer/Xcode/DerivedData/App-bytlbhqqorqzqidyjovihkqwnkia/Build/Products/Release-iphonesimulator/LSRFramework/LSRFramework.framework/Headers/UIViewController+Global.h (in target 'LSRFramework' from project 'Pods')
        cd /var/folders/4h/hxvz7hb959j4pw0pvbq686x00000gn/T/CocoaPods-Lint-20200722-25225-196xw43-UIModule/Pods
        builtin-copy -exclude .DS_Store -exclude CVS -exclude .svn -exclude .git -exclude .hg -resolve-src-symlinks /var/folders/4h/hxvz7hb959j4pw0pvbq686x00000gn/T/CocoaPods-Lint-20200722-25225-196xw43-UIModule/Pods/LSRFramework/LSRFramework/Classes/BaseClasses/UIViewController/UIViewController+Global.h /Users/edz/Library/Developer/Xcode/DerivedData/App-bytlbhqqorqzqidyjovihkqwnkia/Build/Products/Release-iphonesimulator/LSRFramework/LSRFramework.framework/Headers
    
    CpHeader /var/folders/4h/hxvz7hb959j4pw0pvbq686x00000gn/T/CocoaPods-Lint-20200722-25225-196xw43-UIModule/Pods/LSRFramework/LSRFramework/Classes/BaseClasses/UIViewController/UIViewController+Customized.h /Users/edz/Library/Developer/Xcode/DerivedData/App-bytlbhqqorqzqidyjovihkqwnkia/Build/Products/Release-iphonesimulator/LSRFramework/LSRFramework.framework/Headers/UIViewController+Customized.h (in target 'LSRFramework' from project 'Pods')
        cd /var/folders/4h/hxvz7hb959j4pw0pvbq686x00000gn/T/CocoaPods-Lint-20200722-25225-196xw43-UIModule/Pods
        builtin-copy -exclude .DS_Store -exclude CVS -exclude .svn -exclude .git -exclude .hg -resolve-src-symlinks /var/folders/4h/hxvz7hb959j4pw0pvbq686x00000gn/T/CocoaPods-Lint-20200722-25225-196xw43-UIModule/Pods/LSRFramework/LSRFramework/Classes/BaseClasses/UIViewController/UIViewController+Customized.h /Users/edz/Library/Developer/Xcode/DerivedData/App-bytlbhqqorqzqidyjovihkqwnkia/Build/Products/Release-iphonesimulator/LSRFramework/LSRFramework.framework/Headers
    
    CpHeader /var/folders/4h/hxvz7hb959j4pw0pvbq686x00000gn/T/CocoaPods-Lint-20200722-25225-196xw43-UIModule/Pods/LSRFramework/LSRFramework/Classes/BaseClasses/UIViewController/UIViewController+Alert.h /Users/edz/Library/Developer/Xcode/DerivedData/App-bytlbhqqorqzqidyjovihkqwnkia/Build/Products/Release-iphonesimulator/LSRFramework/LSRFramework.framework/Headers/UIViewController+Alert.h (in target 'LSRFramework' from project 'Pods')
        cd /var/folders/4h/hxvz7hb959j4pw0pvbq686x00000gn/T/CocoaPods-Lint-20200722-25225-196xw43-UIModule/Pods
        builtin-copy -exclude .DS_Store -exclude CVS -exclude .svn -exclude .git -exclude .hg -resolve-src-symlinks /var/folders/4h/hxvz7hb959j4pw0pvbq686x00000gn/T/CocoaPods-Lint-20200722-25225-196xw43-UIModule/Pods/LSRFramework/LSRFramework/Classes/BaseClasses/UIViewController/UIViewController+Alert.h /Users/edz/Library/Developer/Xcode/DerivedData/App-bytlbhqqorqzqidyjovihkqwnkia/Build/Products/Release-iphonesimulator/LSRFramework/LSRFramework.framework/Headers
    
    CpHeader /var/folders/4h/hxvz7hb959j4pw0pvbq686x00000gn/T/CocoaPods-Lint-20200722-25225-196xw43-UIModule/Pods/LSRFramework/LSRFramework/Classes/BaseClasses/UIViewController/UIViewController+.h /Users/edz/Library/Developer/Xcode/DerivedData/App-bytlbhqqorqzqidyjovihkqwnkia/Build/Products/Release-iphonesimulator/LSRFramework/LSRFramework.framework/Headers/UIViewController+.h (in target 'LSRFramework' from project 'Pods')
        cd /var/folders/4h/hxvz7hb959j4pw0pvbq686x00000gn/T/CocoaPods-Lint-20200722-25225-196xw43-UIModule/Pods
        builtin-copy -exclude .DS_Store -exclude CVS -exclude .svn -exclude .git -exclude .hg -resolve-src-symlinks /var/folders/4h/hxvz7hb959j4pw0pvbq686x00000gn/T/CocoaPods-Lint-20200722-25225-196xw43-UIModule/Pods/LSRFramework/LSRFramework/Classes/BaseClasses/UIViewController/UIViewController+.h /Users/edz/Library/Developer/Xcode/DerivedData/App-bytlbhqqorqzqidyjovihkqwnkia/Build/Products/Release-iphonesimulator/LSRFramework/LSRFramework.framework/Headers
    
    CpHeader /var/folders/4h/hxvz7hb959j4pw0pvbq686x00000gn/T/CocoaPods-Lint-20200722-25225-196xw43-UIModule/Pods/LSRFramework/LSRFramework/Classes/BaseClasses/UIViewController/Picker/UIViewController+Picker.h /Users/edz/Library/Developer/Xcode/DerivedData/App-bytlbhqqorqzqidyjovihkqwnkia/Build/Products/Release-iphonesimulator/LSRFramework/LSRFramework.framework/Headers/UIViewController+Picker.h (in target 'LSRFramework' from project 'Pods')
        cd /var/folders/4h/hxvz7hb959j4pw0pvbq686x00000gn/T/CocoaPods-Lint-20200722-25225-196xw43-UIModule/Pods
        builtin-copy -exclude .DS_Store -exclude CVS -exclude .svn -exclude .git -exclude .hg -resolve-src-symlinks /var/folders/4h/hxvz7hb959j4pw0pvbq686x00000gn/T/CocoaPods-Lint-20200722-25225-196xw43-UIModule/Pods/LSRFramework/LSRFramework/Classes/BaseClasses/UIViewController/Picker/UIViewController+Picker.h /Users/edz/Library/Developer/Xcode/DerivedData/App-bytlbhqqorqzqidyjovihkqwnkia/Build/Products/Release-iphonesimulator/LSRFramework/LSRFramework.framework/Headers
    
    CpHeader /var/folders/4h/hxvz7hb959j4pw0pvbq686x00000gn/T/CocoaPods-Lint-20200722-25225-196xw43-UIModule/Pods/LSRFramework/LSRFramework/Classes/BaseClasses/UIViewController/Picker/CTAssetsPickerController+Customized.h /Users/edz/Library/Developer/Xcode/DerivedData/App-bytlbhqqorqzqidyjovihkqwnkia/Build/Products/Release-iphonesimulator/LSRFramework/LSRFramework.framework/Headers/CTAssetsPickerController+Customized.h (in target 'LSRFramework' from project 'Pods')
        cd /var/folders/4h/hxvz7hb959j4pw0pvbq686x00000gn/T/CocoaPods-Lint-20200722-25225-196xw43-UIModule/Pods
        builtin-copy -exclude .DS_Store -exclude CVS -exclude .svn -exclude .git -exclude .hg -resolve-src-symlinks /var/folders/4h/hxvz7hb959j4pw0pvbq686x00000gn/T/CocoaPods-Lint-20200722-25225-196xw43-UIModule/Pods/LSRFramework/LSRFramework/Classes/BaseClasses/UIViewController/Picker/CTAssetsPickerController+Customized.h /Users/edz/Library/Developer/Xcode/DerivedData/App-bytlbhqqorqzqidyjovihkqwnkia/Build/Products/Release-iphonesimulator/LSRFramework/LSRFramework.framework/Headers
    
    CpHeader /var/folders/4h/hxvz7hb959j4pw0pvbq686x00000gn/T/CocoaPods-Lint-20200722-25225-196xw43-UIModule/Pods/LSRFramework/LSRFramework/Classes/BaseClasses/UIViewController/Picker/CTAssetsPageViewController+Customized.h /Users/edz/Library/Developer/Xcode/DerivedData/App-bytlbhqqorqzqidyjovihkqwnkia/Build/Products/Release-iphonesimulator/LSRFramework/LSRFramework.framework/Headers/CTAssetsPageViewController+Customized.h (in target 'LSRFramework' from project 'Pods')
        cd /var/folders/4h/hxvz7hb959j4pw0pvbq686x00000gn/T/CocoaPods-Lint-20200722-25225-196xw43-UIModule/Pods
        builtin-copy -exclude .DS_Store -exclude CVS -exclude .svn -exclude .git -exclude .hg -resolve-src-symlinks /var/folders/4h/hxvz7hb959j4pw0pvbq686x00000gn/T/CocoaPods-Lint-20200722-25225-196xw43-UIModule/Pods/LSRFramework/LSRFramework/Classes/BaseClasses/UIViewController/Picker/CTAssetsPageViewController+Customized.h /Users/edz/Library/Developer/Xcode/DerivedData/App-bytlbhqqorqzqidyjovihkqwnkia/Build/Products/Release-iphonesimulator/LSRFramework/LSRFramework.framework/Headers
    
    CpHeader /var/folders/4h/hxvz7hb959j4pw0pvbq686x00000gn/T/CocoaPods-Lint-20200722-25225-196xw43-UIModule/Pods/LSRFramework/LSRFramework/Classes/BaseClasses/UIViewController/Picker/CTAssetsGridViewController+Customized.h /Users/edz/Library/Developer/Xcode/DerivedData/App-bytlbhqqorqzqidyjovihkqwnkia/Build/Products/Release-iphonesimulator/LSRFramework/LSRFramework.framework/Headers/CTAssetsGridViewController+Customized.h (in target 'LSRFramework' from project 'Pods')
        cd /var/folders/4h/hxvz7hb959j4pw0pvbq686x00000gn/T/CocoaPods-Lint-20200722-25225-196xw43-UIModule/Pods
        builtin-copy -exclude .DS_Store -exclude CVS -exclude .svn -exclude .git -exclude .hg -resolve-src-symlinks /var/folders/4h/hxvz7hb959j4pw0pvbq686x00000gn/T/CocoaPods-Lint-20200722-25225-196xw43-UIModule/Pods/LSRFramework/LSRFramework/Classes/BaseClasses/UIViewController/Picker/CTAssetsGridViewController+Customized.h /Users/edz/Library/Developer/Xcode/DerivedData/App-bytlbhqqorqzqidyjovihkqwnkia/Build/Products/Release-iphonesimulator/LSRFramework/LSRFramework.framework/Headers
    
    CpHeader /var/folders/4h/hxvz7hb959j4pw0pvbq686x00000gn/T/CocoaPods-Lint-20200722-25225-196xw43-UIModule/Pods/LSRFramework/LSRFramework/Classes/BaseClasses/UIViewController/Picker/CTAssetItemViewController+Customized.h /Users/edz/Library/Developer/Xcode/DerivedData/App-bytlbhqqorqzqidyjovihkqwnkia/Build/Products/Release-iphonesimulator/LSRFramework/LSRFramework.framework/Headers/CTAssetItemViewController+Customized.h (in target 'LSRFramework' from project 'Pods')
        cd /var/folders/4h/hxvz7hb959j4pw0pvbq686x00000gn/T/CocoaPods-Lint-20200722-25225-196xw43-UIModule/Pods
        builtin-copy -exclude .DS_Store -exclude CVS -exclude .svn -exclude .git -exclude .hg -resolve-src-symlinks /var/folders/4h/hxvz7hb959j4pw0pvbq686x00000gn/T/CocoaPods-Lint-20200722-25225-196xw43-UIModule/Pods/LSRFramework/LSRFramework/Classes/BaseClasses/UIViewController/Picker/CTAssetItemViewController+Customized.h /Users/edz/Library/Developer/Xcode/DerivedData/App-bytlbhqqorqzqidyjovihkqwnkia/Build/Products/Release-iphonesimulator/LSRFramework/LSRFramework.framework/Headers
    
    CpHeader /var/folders/4h/hxvz7hb959j4pw0pvbq686x00000gn/T/CocoaPods-Lint-20200722-25225-196xw43-UIModule/Pods/LSRFramework/LSRFramework/Classes/BaseClasses/UIViewController/Picker/CTAssetCollectionViewController+Customized.h /Users/edz/Library/Developer/Xcode/DerivedData/App-bytlbhqqorqzqidyjovihkqwnkia/Build/Products/Release-iphonesimulator/LSRFramework/LSRFramework.framework/Headers/CTAssetCollectionViewController+Customized.h (in target 'LSRFramework' from project 'Pods')
        cd /var/folders/4h/hxvz7hb959j4pw0pvbq686x00000gn/T/CocoaPods-Lint-20200722-25225-196xw43-UIModule/Pods
        builtin-copy -exclude .DS_Store -exclude CVS -exclude .svn -exclude .git -exclude .hg -resolve-src-symlinks /var/folders/4h/hxvz7hb959j4pw0pvbq686x00000gn/T/CocoaPods-Lint-20200722-25225-196xw43-UIModule/Pods/LSRFramework/LSRFramework/Classes/BaseClasses/UIViewController/Picker/CTAssetCollectionViewController+Customized.h /Users/edz/Library/Developer/Xcode/DerivedData/App-bytlbhqqorqzqidyjovihkqwnkia/Build/Products/Release-iphonesimulator/LSRFramework/LSRFramework.framework/Headers
    
    CpHeader /var/folders/4h/hxvz7hb959j4pw0pvbq686x00000gn/T/CocoaPods-Lint-20200722-25225-196xw43-UIModule/Pods/LSRFramework/LSRFramework/Classes/BaseClasses/UIViewController/Picker/AssetsPicker/CTAssetsPickerController/Categories/UIImage+CTAssetsPickerController.h /Users/edz/Library/Developer/Xcode/DerivedData/App-bytlbhqqorqzqidyjovihkqwnkia/Build/Products/Release-iphonesimulator/LSRFramework/LSRFramework.framework/Headers/UIImage+CTAssetsPickerController.h (in target 'LSRFramework' from project 'Pods')
        cd /var/folders/4h/hxvz7hb959j4pw0pvbq686x00000gn/T/CocoaPods-Lint-20200722-25225-196xw43-UIModule/Pods
        builtin-copy -exclude .DS_Store -exclude CVS -exclude .svn -exclude .git -exclude .hg -resolve-src-symlinks /var/folders/4h/hxvz7hb959j4pw0pvbq686x00000gn/T/CocoaPods-Lint-20200722-25225-196xw43-UIModule/Pods/LSRFramework/LSRFramework/Classes/BaseClasses/UIViewController/Picker/AssetsPicker/CTAssetsPickerController/Categories/UIImage+CTAssetsPickerController.h /Users/edz/Library/Developer/Xcode/DerivedData/App-bytlbhqqorqzqidyjovihkqwnkia/Build/Products/Release-iphonesimulator/LSRFramework/LSRFramework.framework/Headers
    
    CpHeader /var/folders/4h/hxvz7hb959j4pw0pvbq686x00000gn/T/CocoaPods-Lint-20200722-25225-196xw43-UIModule/Pods/LSRFramework/LSRFramework/Classes/BaseClasses/UIViewController/Picker/AssetsPicker/CTAssetsPickerController/Categories/UICollectionView+CTAssetsPickerController.h /Users/edz/Library/Developer/Xcode/DerivedData/App-bytlbhqqorqzqidyjovihkqwnkia/Build/Products/Release-iphonesimulator/LSRFramework/LSRFramework.framework/Headers/UICollectionView+CTAssetsPickerController.h (in target 'LSRFramework' from project 'Pods')
        cd /var/folders/4h/hxvz7hb959j4pw0pvbq686x00000gn/T/CocoaPods-Lint-20200722-25225-196xw43-UIModule/Pods
        builtin-copy -exclude .DS_Store -exclude CVS -exclude .svn -exclude .git -exclude .hg -resolve-src-symlinks /var/folders/4h/hxvz7hb959j4pw0pvbq686x00000gn/T/CocoaPods-Lint-20200722-25225-196xw43-UIModule/Pods/LSRFramework/LSRFramework/Classes/BaseClasses/UIViewController/Picker/AssetsPicker/CTAssetsPickerController/Categories/UICollectionView+CTAssetsPickerController.h /Users/edz/Library/Developer/Xcode/DerivedData/App-bytlbhqqorqzqidyjovihkqwnkia/Build/Products/Release-iphonesimulator/LSRFramework/LSRFramework.framework/Headers
    
    CpHeader /var/folders/4h/hxvz7hb959j4pw0pvbq686x00000gn/T/CocoaPods-Lint-20200722-25225-196xw43-UIModule/Pods/LSRFramework/LSRFramework/Classes/BaseClasses/UIViewController/Picker/AssetsPicker/CTAssetsPickerController/Categories/PHAssetCollection+CTAssetsPickerController.h /Users/edz/Library/Developer/Xcode/DerivedData/App-bytlbhqqorqzqidyjovihkqwnkia/Build/Products/Release-iphonesimulator/LSRFramework/LSRFramework.framework/Headers/PHAssetCollection+CTAssetsPickerController.h (in target 'LSRFramework' from project 'Pods')
        cd /var/folders/4h/hxvz7hb959j4pw0pvbq686x00000gn/T/CocoaPods-Lint-20200722-25225-196xw43-UIModule/Pods
        builtin-copy -exclude .DS_Store -exclude CVS -exclude .svn -exclude .git -exclude .hg -resolve-src-symlinks /var/folders/4h/hxvz7hb959j4pw0pvbq686x00000gn/T/CocoaPods-Lint-20200722-25225-196xw43-UIModule/Pods/LSRFramework/LSRFramework/Classes/BaseClasses/UIViewController/Picker/AssetsPicker/CTAssetsPickerController/Categories/PHAssetCollection+CTAssetsPickerController.h /Users/edz/Library/Developer/Xcode/DerivedData/App-bytlbhqqorqzqidyjovihkqwnkia/Build/Products/Release-iphonesimulator/LSRFramework/LSRFramework.framework/Headers
    
    CpHeader /var/folders/4h/hxvz7hb959j4pw0pvbq686x00000gn/T/CocoaPods-Lint-20200722-25225-196xw43-UIModule/Pods/LSRFramework/LSRFramework/Classes/BaseClasses/UIViewController/Picker/AssetsPicker/CTAssetsPickerController/Categories/PHAsset+CTAssetsPickerController.h /Users/edz/Library/Developer/Xcode/DerivedData/App-bytlbhqqorqzqidyjovihkqwnkia/Build/Products/Release-iphonesimulator/LSRFramework/LSRFramework.framework/Headers/PHAsset+CTAssetsPickerController.h (in target 'LSRFramework' from project 'Pods')
        cd /var/folders/4h/hxvz7hb959j4pw0pvbq686x00000gn/T/CocoaPods-Lint-20200722-25225-196xw43-UIModule/Pods
        builtin-copy -exclude .DS_Store -exclude CVS -exclude .svn -exclude .git -exclude .hg -resolve-src-symlinks /var/folders/4h/hxvz7hb959j4pw0pvbq686x00000gn/T/CocoaPods-Lint-20200722-25225-196xw43-UIModule/Pods/LSRFramework/LSRFramework/Classes/BaseClasses/UIViewController/Picker/AssetsPicker/CTAssetsPickerController/Categories/PHAsset+CTAssetsPickerController.h /Users/edz/Library/Developer/Xcode/DerivedData/App-bytlbhqqorqzqidyjovihkqwnkia/Build/Products/Release-iphonesimulator/LSRFramework/LSRFramework.framework/Headers
    
    CpHeader /var/folders/4h/hxvz7hb959j4pw0pvbq686x00000gn/T/CocoaPods-Lint-20200722-25225-196xw43-UIModule/Pods/LSRFramework/LSRFramework/Classes/BaseClasses/UIViewController/Picker/AssetsPicker/CTAssetsPickerController/Categories/NSNumberFormatter+CTAssetsPickerController.h /Users/edz/Library/Developer/Xcode/DerivedData/App-bytlbhqqorqzqidyjovihkqwnkia/Build/Products/Release-iphonesimulator/LSRFramework/LSRFramework.framework/Headers/NSNumberFormatter+CTAssetsPickerController.h (in target 'LSRFramework' from project 'Pods')
        cd /var/folders/4h/hxvz7hb959j4pw0pvbq686x00000gn/T/CocoaPods-Lint-20200722-25225-196xw43-UIModule/Pods
        builtin-copy -exclude .DS_Store -exclude CVS -exclude .svn -exclude .git -exclude .hg -resolve-src-symlinks /var/folders/4h/hxvz7hb959j4pw0pvbq686x00000gn/T/CocoaPods-Lint-20200722-25225-196xw43-UIModule/Pods/LSRFramework/LSRFramework/Classes/BaseClasses/UIViewController/Picker/AssetsPicker/CTAssetsPickerController/Categories/NSNumberFormatter+CTAssetsPickerController.h /Users/edz/Library/Developer/Xcode/DerivedData/App-bytlbhqqorqzqidyjovihkqwnkia/Build/Products/Release-iphonesimulator/LSRFramework/LSRFramework.framework/Headers
    
    CpHeader /var/folders/4h/hxvz7hb959j4pw0pvbq686x00000gn/T/CocoaPods-Lint-20200722-25225-196xw43-UIModule/Pods/LSRFramework/LSRFramework/Classes/BaseClasses/UIViewController/Picker/AssetsPicker/CTAssetsPickerController/Categories/NSIndexSet+CTAssetsPickerController.h /Users/edz/Library/Developer/Xcode/DerivedData/App-bytlbhqqorqzqidyjovihkqwnkia/Build/Products/Release-iphonesimulator/LSRFramework/LSRFramework.framework/Headers/NSIndexSet+CTAssetsPickerController.h (in target 'LSRFramework' from project 'Pods')
        cd /var/folders/4h/hxvz7hb959j4pw0pvbq686x00000gn/T/CocoaPods-Lint-20200722-25225-196xw43-UIModule/Pods
        builtin-copy -exclude .DS_Store -exclude CVS -exclude .svn -exclude .git -exclude .hg -resolve-src-symlinks /var/folders/4h/hxvz7hb959j4pw0pvbq686x00000gn/T/CocoaPods-Lint-20200722-25225-196xw43-UIModule/Pods/LSRFramework/LSRFramework/Classes/BaseClasses/UIViewController/Picker/AssetsPicker/CTAssetsPickerController/Categories/NSIndexSet+CTAssetsPickerController.h /Users/edz/Library/Developer/Xcode/DerivedData/App-bytlbhqqorqzqidyjovihkqwnkia/Build/Products/Release-iphonesimulator/LSRFramework/LSRFramework.framework/Headers
    
    CpHeader /var/folders/4h/hxvz7hb959j4pw0pvbq686x00000gn/T/CocoaPods-Lint-20200722-25225-196xw43-UIModule/Pods/LSRFramework/LSRFramework/Classes/BaseClasses/UIViewController/Picker/AssetsPicker/CTAssetsPickerController/Categories/NSDateFormatter+CTAssetsPickerController.h /Users/edz/Library/Developer/Xcode/DerivedData/App-bytlbhqqorqzqidyjovihkqwnkia/Build/Products/Release-iphonesimulator/LSRFramework/LSRFramework.framework/Headers/NSDateFormatter+CTAssetsPickerController.h (in target 'LSRFramework' from project 'Pods')
        cd /var/folders/4h/hxvz7hb959j4pw0pvbq686x00000gn/T/CocoaPods-Lint-20200722-25225-196xw43-UIModule/Pods
        builtin-copy -exclude .DS_Store -exclude CVS -exclude .svn -exclude .git -exclude .hg -resolve-src-symlinks /var/folders/4h/hxvz7hb959j4pw0pvbq686x00000gn/T/CocoaPods-Lint-20200722-25225-196xw43-UIModule/Pods/LSRFramework/LSRFramework/Classes/BaseClasses/UIViewController/Picker/AssetsPicker/CTAssetsPickerController/Categories/NSDateFormatter+CTAssetsPickerController.h /Users/edz/Library/Developer/Xcode/DerivedData/App-bytlbhqqorqzqidyjovihkqwnkia/Build/Products/Release-iphonesimulator/LSRFramework/LSRFramework.framework/Headers
    
    CpHeader /var/folders/4h/hxvz7hb959j4pw0pvbq686x00000gn/T/CocoaPods-Lint-20200722-25225-196xw43-UIModule/Pods/LSRFramework/LSRFramework/Classes/BaseClasses/UIViewController/Picker/AssetsPicker/CTAssetsPickerController/Categories/NSBundle+CTAssetsPickerController.h /Users/edz/Library/Developer/Xcode/DerivedData/App-bytlbhqqorqzqidyjovihkqwnkia/Build/Products/Release-iphonesimulator/LSRFramework/LSRFramework.framework/Headers/NSBundle+CTAssetsPickerController.h (in target 'LSRFramework' from project 'Pods')
        cd /var/folders/4h/hxvz7hb959j4pw0pvbq686x00000gn/T/CocoaPods-Lint-20200722-25225-196xw43-UIModule/Pods
        builtin-copy -exclude .DS_Store -exclude CVS -exclude .svn -exclude .git -exclude .hg -resolve-src-symlinks /var/folders/4h/hxvz7hb959j4pw0pvbq686x00000gn/T/CocoaPods-Lint-20200722-25225-196xw43-UIModule/Pods/LSRFramework/LSRFramework/Classes/BaseClasses/UIViewController/Picker/AssetsPicker/CTAssetsPickerController/Categories/NSBundle+CTAssetsPickerController.h /Users/edz/Library/Developer/Xcode/DerivedData/App-bytlbhqqorqzqidyjovihkqwnkia/Build/Products/Release-iphonesimulator/LSRFramework/LSRFramework.framework/Headers
    
    CpHeader /var/folders/4h/hxvz7hb959j4pw0pvbq686x00000gn/T/CocoaPods-Lint-20200722-25225-196xw43-UIModule/Pods/LSRFramework/LSRFramework/Classes/BaseClasses/UIViewController/Picker/AssetsPicker/CTAssetsPickerController/Categories/CTAssetsPickerController+Internal.h /Users/edz/Library/Developer/Xcode/DerivedData/App-bytlbhqqorqzqidyjovihkqwnkia/Build/Products/Release-iphonesimulator/LSRFramework/LSRFramework.framework/Headers/CTAssetsPickerController+Internal.h (in target 'LSRFramework' from project 'Pods')
        cd /var/folders/4h/hxvz7hb959j4pw0pvbq686x00000gn/T/CocoaPods-Lint-20200722-25225-196xw43-UIModule/Pods
        builtin-copy -exclude .DS_Store -exclude CVS -exclude .svn -exclude .git -exclude .hg -resolve-src-symlinks /var/folders/4h/hxvz7hb959j4pw0pvbq686x00000gn/T/CocoaPods-Lint-20200722-25225-196xw43-UIModule/Pods/LSRFramework/LSRFramework/Classes/BaseClasses/UIViewController/Picker/AssetsPicker/CTAssetsPickerController/Categories/CTAssetsPickerController+Internal.h /Users/edz/Library/Developer/Xcode/DerivedData/App-bytlbhqqorqzqidyjovihkqwnkia/Build/Products/Release-iphonesimulator/LSRFramework/LSRFramework.framework/Headers
    
    CpHeader /var/folders/4h/hxvz7hb959j4pw0pvbq686x00000gn/T/CocoaPods-Lint-20200722-25225-196xw43-UIModule/Pods/LSRFramework/LSRFramework/Classes/BaseClasses/UIViewController/Picker/AssetsPicker/CTAssetsPickerController/CTAssetsViewControllerTransition.h /Users/edz/Library/Developer/Xcode/DerivedData/App-bytlbhqqorqzqidyjovihkqwnkia/Build/Products/Release-iphonesimulator/LSRFramework/LSRFramework.framework/Headers/CTAssetsViewControllerTransition.h (in target 'LSRFramework' from project 'Pods')
        cd /var/folders/4h/hxvz7hb959j4pw0pvbq686x00000gn/T/CocoaPods-Lint-20200722-25225-196xw43-UIModule/Pods
        builtin-copy -exclude .DS_Store -exclude CVS -exclude .svn -exclude .git -exclude .hg -resolve-src-symlinks /var/folders/4h/hxvz7hb959j4pw0pvbq686x00000gn/T/CocoaPods-Lint-20200722-25225-196xw43-UIModule/Pods/LSRFramework/LSRFramework/Classes/BaseClasses/UIViewController/Picker/AssetsPicker/CTAssetsPickerController/CTAssetsViewControllerTransition.h /Users/edz/Library/Developer/Xcode/DerivedData/App-bytlbhqqorqzqidyjovihkqwnkia/Build/Products/Release-iphonesimulator/LSRFramework/LSRFramework.framework/Headers
    
    CpHeader /var/folders/4h/hxvz7hb959j4pw0pvbq686x00000gn/T/CocoaPods-Lint-20200722-25225-196xw43-UIModule/Pods/LSRFramework/LSRFramework/Classes/BaseClasses/UIViewController/Picker/AssetsPicker/CTAssetsPickerController/CTAssetsPickerSettings.h /Users/edz/Library/Developer/Xcode/DerivedData/App-bytlbhqqorqzqidyjovihkqwnkia/Build/Products/Release-iphonesimulator/LSRFramework/LSRFramework.framework/Headers/CTAssetsPickerSettings.h (in target 'LSRFramework' from project 'Pods')
        cd /var/folders/4h/hxvz7hb959j4pw0pvbq686x00000gn/T/CocoaPods-Lint-20200722-25225-196xw43-UIModule/Pods
        builtin-copy -exclude .DS_Store -exclude CVS -exclude .svn -exclude .git -exclude .hg -resolve-src-symlinks /var/folders/4h/hxvz7hb959j4pw0pvbq686x00000gn/T/CocoaPods-Lint-20200722-25225-196xw43-UIModule/Pods/LSRFramework/LSRFramework/Classes/BaseClasses/UIViewController/Picker/AssetsPicker/CTAssetsPickerController/CTAssetsPickerSettings.h /Users/edz/Library/Developer/Xcode/DerivedData/App-bytlbhqqorqzqidyjovihkqwnkia/Build/Products/Release-iphonesimulator/LSRFramework/LSRFramework.framework/Headers
    
    CpHeader /var/folders/4h/hxvz7hb959j4pw0pvbq686x00000gn/T/CocoaPods-Lint-20200722-25225-196xw43-UIModule/Pods/LSRFramework/LSRFramework/Classes/BaseClasses/UIViewController/Picker/AssetsPicker/CTAssetsPickerController/CTAssetsPickerNoAssetsView.h /Users/edz/Library/Developer/Xcode/DerivedData/App-bytlbhqqorqzqidyjovihkqwnkia/Build/Products/Release-iphonesimulator/LSRFramework/LSRFramework.framework/Headers/CTAssetsPickerNoAssetsView.h (in target 'LSRFramework' from project 'Pods')
        cd /var/folders/4h/hxvz7hb959j4pw0pvbq686x00000gn/T/CocoaPods-Lint-20200722-25225-196xw43-UIModule/Pods
        builtin-copy -exclude .DS_Store -exclude CVS -exclude .svn -exclude .git -exclude .hg -resolve-src-symlinks /var/folders/4h/hxvz7hb959j4pw0pvbq686x00000gn/T/CocoaPods-Lint-20200722-25225-196xw43-UIModule/Pods/LSRFramework/LSRFramework/Classes/BaseClasses/UIViewController/Picker/AssetsPicker/CTAssetsPickerController/CTAssetsPickerNoAssetsView.h /Users/edz/Library/Developer/Xcode/DerivedData/App-bytlbhqqorqzqidyjovihkqwnkia/Build/Products/Release-iphonesimulator/LSRFramework/LSRFramework.framework/Headers
    
    CpHeader /var/folders/4h/hxvz7hb959j4pw0pvbq686x00000gn/T/CocoaPods-Lint-20200722-25225-196xw43-UIModule/Pods/LSRFramework/LSRFramework/Classes/BaseClasses/UIViewController/Picker/AssetsPicker/CTAssetsPickerController/CTAssetsPickerDefines.h /Users/edz/Library/Developer/Xcode/DerivedData/App-bytlbhqqorqzqidyjovihkqwnkia/Build/Products/Release-iphonesimulator/LSRFramework/LSRFramework.framework/Headers/CTAssetsPickerDefines.h (in target 'LSRFramework' from project 'Pods')
        cd /var/folders/4h/hxvz7hb959j4pw0pvbq686x00000gn/T/CocoaPods-Lint-20200722-25225-196xw43-UIModule/Pods
        builtin-copy -exclude .DS_Store -exclude CVS -exclude .svn -exclude .git -exclude .hg -resolve-src-symlinks /var/folders/4h/hxvz7hb959j4pw0pvbq686x00000gn/T/CocoaPods-Lint-20200722-25225-196xw43-UIModule/Pods/LSRFramework/LSRFramework/Classes/BaseClasses/UIViewController/Picker/AssetsPicker/CTAssetsPickerController/CTAssetsPickerDefines.h /Users/edz/Library/Developer/Xcode/DerivedData/App-bytlbhqqorqzqidyjovihkqwnkia/Build/Products/Release-iphonesimulator/LSRFramework/LSRFramework.framework/Headers
    
    CpHeader /var/folders/4h/hxvz7hb959j4pw0pvbq686x00000gn/T/CocoaPods-Lint-20200722-25225-196xw43-UIModule/Pods/LSRFramework/LSRFramework/Classes/BaseClasses/UIViewController/Picker/AssetsPicker/CTAssetsPickerController/CTAssetsPickerController.h /Users/edz/Library/Developer/Xcode/DerivedData/App-bytlbhqqorqzqidyjovihkqwnkia/Build/Products/Release-iphonesimulator/LSRFramework/LSRFramework.framework/Headers/CTAssetsPickerController.h (in target 'LSRFramework' from project 'Pods')
        cd /var/folders/4h/hxvz7hb959j4pw0pvbq686x00000gn/T/CocoaPods-Lint-20200722-25225-196xw43-UIModule/Pods
        builtin-copy -exclude .DS_Store -exclude CVS -exclude .svn -exclude .git -exclude .hg -resolve-src-symlinks /var/folders/4h/hxvz7hb959j4pw0pvbq686x00000gn/T/CocoaPods-Lint-20200722-25225-196xw43-UIModule/Pods/LSRFramework/LSRFramework/Classes/BaseClasses/UIViewController/Picker/AssetsPicker/CTAssetsPickerController/CTAssetsPickerController.h /Users/edz/Library/Developer/Xcode/DerivedData/App-bytlbhqqorqzqidyjovihkqwnkia/Build/Products/Release-iphonesimulator/LSRFramework/LSRFramework.framework/Headers
    
    CpHeader /var/folders/4h/hxvz7hb959j4pw0pvbq686x00000gn/T/CocoaPods-Lint-20200722-25225-196xw43-UIModule/Pods/LSRFramework/LSRFramework/Classes/BaseClasses/UIViewController/Picker/AssetsPicker/CTAssetsPickerController/CTAssetsPickerAccessDeniedView.h /Users/edz/Library/Developer/Xcode/DerivedData/App-bytlbhqqorqzqidyjovihkqwnkia/Build/Products/Release-iphonesimulator/LSRFramework/LSRFramework.framework/Headers/CTAssetsPickerAccessDeniedView.h (in target 'LSRFramework' from project 'Pods')
        cd /var/folders/4h/hxvz7hb959j4pw0pvbq686x00000gn/T/CocoaPods-Lint-20200722-25225-196xw43-UIModule/Pods
        builtin-copy -exclude .DS_Store -exclude CVS -exclude .svn -exclude .git -exclude .hg -resolve-src-symlinks /var/folders/4h/hxvz7hb959j4pw0pvbq686x00000gn/T/CocoaPods-Lint-20200722-25225-196xw43-UIModule/Pods/LSRFramework/LSRFramework/Classes/BaseClasses/UIViewController/Picker/AssetsPicker/CTAssetsPickerController/CTAssetsPickerAccessDeniedView.h /Users/edz/Library/Developer/Xcode/DerivedData/App-bytlbhqqorqzqidyjovihkqwnkia/Build/Products/Release-iphonesimulator/LSRFramework/LSRFramework.framework/Headers
    
    CpHeader /var/folders/4h/hxvz7hb959j4pw0pvbq686x00000gn/T/CocoaPods-Lint-20200722-25225-196xw43-UIModule/Pods/LSRFramework/LSRFramework/Classes/BaseClasses/UIViewController/Picker/AssetsPicker/CTAssetsPickerController/CTAssetsPageViewController.h /Users/edz/Library/Developer/Xcode/DerivedData/App-bytlbhqqorqzqidyjovihkqwnkia/Build/Products/Release-iphonesimulator/LSRFramework/LSRFramework.framework/Headers/CTAssetsPageViewController.h (in target 'LSRFramework' from project 'Pods')
        cd /var/folders/4h/hxvz7hb959j4pw0pvbq686x00000gn/T/CocoaPods-Lint-20200722-25225-196xw43-UIModule/Pods
        builtin-copy -exclude .DS_Store -exclude CVS -exclude .svn -exclude .git -exclude .hg -resolve-src-symlinks /var/folders/4h/hxvz7hb959j4pw0pvbq686x00000gn/T/CocoaPods-Lint-20200722-25225-196xw43-UIModule/Pods/LSRFramework/LSRFramework/Classes/BaseClasses/UIViewController/Picker/AssetsPicker/CTAssetsPickerController/CTAssetsPageViewController.h /Users/edz/Library/Developer/Xcode/DerivedData/App-bytlbhqqorqzqidyjovihkqwnkia/Build/Products/Release-iphonesimulator/LSRFramework/LSRFramework.framework/Headers
    
    CpHeader /var/folders/4h/hxvz7hb959j4pw0pvbq686x00000gn/T/CocoaPods-Lint-20200722-25225-196xw43-UIModule/Pods/LSRFramework/LSRFramework/Classes/BaseClasses/UIViewController/Picker/AssetsPicker/CTAssetsPickerController/CTAssetsGridViewLayout.h /Users/edz/Library/Developer/Xcode/DerivedData/App-bytlbhqqorqzqidyjovihkqwnkia/Build/Products/Release-iphonesimulator/LSRFramework/LSRFramework.framework/Headers/CTAssetsGridViewLayout.h (in target 'LSRFramework' from project 'Pods')
        cd /var/folders/4h/hxvz7hb959j4pw0pvbq686x00000gn/T/CocoaPods-Lint-20200722-25225-196xw43-UIModule/Pods
        builtin-copy -exclude .DS_Store -exclude CVS -exclude .svn -exclude .git -exclude .hg -resolve-src-symlinks /var/folders/4h/hxvz7hb959j4pw0pvbq686x00000gn/T/CocoaPods-Lint-20200722-25225-196xw43-UIModule/Pods/LSRFramework/LSRFramework/Classes/BaseClasses/UIViewController/Picker/AssetsPicker/CTAssetsPickerController/CTAssetsGridViewLayout.h /Users/edz/Library/Developer/Xcode/DerivedData/App-bytlbhqqorqzqidyjovihkqwnkia/Build/Products/Release-iphonesimulator/LSRFramework/LSRFramework.framework/Headers
    
    CpHeader /var/folders/4h/hxvz7hb959j4pw0pvbq686x00000gn/T/CocoaPods-Lint-20200722-25225-196xw43-UIModule/Pods/LSRFramework/LSRFramework/Classes/BaseClasses/UIViewController/Picker/AssetsPicker/CTAssetsPickerController/CTAssetsGridViewFooter.h /Users/edz/Library/Developer/Xcode/DerivedData/App-bytlbhqqorqzqidyjovihkqwnkia/Build/Products/Release-iphonesimulator/LSRFramework/LSRFramework.framework/Headers/CTAssetsGridViewFooter.h (in target 'LSRFramework' from project 'Pods')
        cd /var/folders/4h/hxvz7hb959j4pw0pvbq686x00000gn/T/CocoaPods-Lint-20200722-25225-196xw43-UIModule/Pods
        builtin-copy -exclude .DS_Store -exclude CVS -exclude .svn -exclude .git -exclude .hg -resolve-src-symlinks /var/folders/4h/hxvz7hb959j4pw0pvbq686x00000gn/T/CocoaPods-Lint-20200722-25225-196xw43-UIModule/Pods/LSRFramework/LSRFramework/Classes/BaseClasses/UIViewController/Picker/AssetsPicker/CTAssetsPickerController/CTAssetsGridViewFooter.h /Users/edz/Library/Developer/Xcode/DerivedData/App-bytlbhqqorqzqidyjovihkqwnkia/Build/Products/Release-iphonesimulator/LSRFramework/LSRFramework.framework/Headers
    
    CpHeader /var/folders/4h/hxvz7hb959j4pw0pvbq686x00000gn/T/CocoaPods-Lint-20200722-25225-196xw43-UIModule/Pods/LSRFramework/LSRFramework/Classes/BaseClasses/UIViewController/Picker/AssetsPicker/CTAssetsPickerController/CTAssetsGridViewController.h /Users/edz/Library/Developer/Xcode/DerivedData/App-bytlbhqqorqzqidyjovihkqwnkia/Build/Products/Release-iphonesimulator/LSRFramework/LSRFramework.framework/Headers/CTAssetsGridViewController.h (in target 'LSRFramework' from project 'Pods')
        cd /var/folders/4h/hxvz7hb959j4pw0pvbq686x00000gn/T/CocoaPods-Lint-20200722-25225-196xw43-UIModule/Pods
        builtin-copy -exclude .DS_Store -exclude CVS -exclude .svn -exclude .git -exclude .hg -resolve-src-symlinks /var/folders/4h/hxvz7hb959j4pw0pvbq686x00000gn/T/CocoaPods-Lint-20200722-25225-196xw43-UIModule/Pods/LSRFramework/LSRFramework/Classes/BaseClasses/UIViewController/Picker/AssetsPicker/CTAssetsPickerController/CTAssetsGridViewController.h /Users/edz/Library/Developer/Xcode/DerivedData/App-bytlbhqqorqzqidyjovihkqwnkia/Build/Products/Release-iphonesimulator/LSRFramework/LSRFramework.framework/Headers
    
    CpHeader /var/folders/4h/hxvz7hb959j4pw0pvbq686x00000gn/T/CocoaPods-Lint-20200722-25225-196xw43-UIModule/Pods/LSRFramework/LSRFramework/Classes/BaseClasses/UIViewController/Picker/AssetsPicker/CTAssetsPickerController/CTAssetsGridViewCell.h /Users/edz/Library/Developer/Xcode/DerivedData/App-bytlbhqqorqzqidyjovihkqwnkia/Build/Products/Release-iphonesimulator/LSRFramework/LSRFramework.framework/Headers/CTAssetsGridViewCell.h (in target 'LSRFramework' from project 'Pods')
        cd /var/folders/4h/hxvz7hb959j4pw0pvbq686x00000gn/T/CocoaPods-Lint-20200722-25225-196xw43-UIModule/Pods
        builtin-copy -exclude .DS_Store -exclude CVS -exclude .svn -exclude .git -exclude .hg -resolve-src-symlinks /var/folders/4h/hxvz7hb959j4pw0pvbq686x00000gn/T/CocoaPods-Lint-20200722-25225-196xw43-UIModule/Pods/LSRFramework/LSRFramework/Classes/BaseClasses/UIViewController/Picker/AssetsPicker/CTAssetsPickerController/CTAssetsGridViewCell.h /Users/edz/Library/Developer/Xcode/DerivedData/App-bytlbhqqorqzqidyjovihkqwnkia/Build/Products/Release-iphonesimulator/LSRFramework/LSRFramework.framework/Headers
    
    CpHeader /var/folders/4h/hxvz7hb959j4pw0pvbq686x00000gn/T/CocoaPods-Lint-20200722-25225-196xw43-UIModule/Pods/LSRFramework/LSRFramework/Classes/BaseClasses/UIViewController/Picker/AssetsPicker/CTAssetsPickerController/CTAssetThumbnailView.h /Users/edz/Library/Developer/Xcode/DerivedData/App-bytlbhqqorqzqidyjovihkqwnkia/Build/Products/Release-iphonesimulator/LSRFramework/LSRFramework.framework/Headers/CTAssetThumbnailView.h (in target 'LSRFramework' from project 'Pods')
        cd /var/folders/4h/hxvz7hb959j4pw0pvbq686x00000gn/T/CocoaPods-Lint-20200722-25225-196xw43-UIModule/Pods
        builtin-copy -exclude .DS_Store -exclude CVS -exclude .svn -exclude .git -exclude .hg -resolve-src-symlinks /var/folders/4h/hxvz7hb959j4pw0pvbq686x00000gn/T/CocoaPods-Lint-20200722-25225-196xw43-UIModule/Pods/LSRFramework/LSRFramework/Classes/BaseClasses/UIViewController/Picker/AssetsPicker/CTAssetsPickerController/CTAssetThumbnailView.h /Users/edz/Library/Developer/Xcode/DerivedData/App-bytlbhqqorqzqidyjovihkqwnkia/Build/Products/Release-iphonesimulator/LSRFramework/LSRFramework.framework/Headers
    
    CpHeader /var/folders/4h/hxvz7hb959j4pw0pvbq686x00000gn/T/CocoaPods-Lint-20200722-25225-196xw43-UIModule/Pods/LSRFramework/LSRFramework/Classes/BaseClasses/UIViewController/Picker/AssetsPicker/CTAssetsPickerController/CTAssetThumbnailStacks.h /Users/edz/Library/Developer/Xcode/DerivedData/App-bytlbhqqorqzqidyjovihkqwnkia/Build/Products/Release-iphonesimulator/LSRFramework/LSRFramework.framework/Headers/CTAssetThumbnailStacks.h (in target 'LSRFramework' from project 'Pods')
        cd /var/folders/4h/hxvz7hb959j4pw0pvbq686x00000gn/T/CocoaPods-Lint-20200722-25225-196xw43-UIModule/Pods
        builtin-copy -exclude .DS_Store -exclude CVS -exclude .svn -exclude .git -exclude .hg -resolve-src-symlinks /var/folders/4h/hxvz7hb959j4pw0pvbq686x00000gn/T/CocoaPods-Lint-20200722-25225-196xw43-UIModule/Pods/LSRFramework/LSRFramework/Classes/BaseClasses/UIViewController/Picker/AssetsPicker/CTAssetsPickerController/CTAssetThumbnailStacks.h /Users/edz/Library/Developer/Xcode/DerivedData/App-bytlbhqqorqzqidyjovihkqwnkia/Build/Products/Release-iphonesimulator/LSRFramework/LSRFramework.framework/Headers
    
    CpHeader /var/folders/4h/hxvz7hb959j4pw0pvbq686x00000gn/T/CocoaPods-Lint-20200722-25225-196xw43-UIModule/Pods/LSRFramework/LSRFramework/Classes/BaseClasses/UIViewController/Picker/AssetsPicker/CTAssetsPickerController/CTAssetThumbnailOverlay.h /Users/edz/Library/Developer/Xcode/DerivedData/App-bytlbhqqorqzqidyjovihkqwnkia/Build/Products/Release-iphonesimulator/LSRFramework/LSRFramework.framework/Headers/CTAssetThumbnailOverlay.h (in target 'LSRFramework' from project 'Pods')
        cd /var/folders/4h/hxvz7hb959j4pw0pvbq686x00000gn/T/CocoaPods-Lint-20200722-25225-196xw43-UIModule/Pods
        builtin-copy -exclude .DS_Store -exclude CVS -exclude .svn -exclude .git -exclude .hg -resolve-src-symlinks /var/folders/4h/hxvz7hb959j4pw0pvbq686x00000gn/T/CocoaPods-Lint-20200722-25225-196xw43-UIModule/Pods/LSRFramework/LSRFramework/Classes/BaseClasses/UIViewController/Picker/AssetsPicker/CTAssetsPickerController/CTAssetThumbnailOverlay.h /Users/edz/Library/Developer/Xcode/DerivedData/App-bytlbhqqorqzqidyjovihkqwnkia/Build/Products/Release-iphonesimulator/LSRFramework/LSRFramework.framework/Headers
    
    CpHeader /var/folders/4h/hxvz7hb959j4pw0pvbq686x00000gn/T/CocoaPods-Lint-20200722-25225-196xw43-UIModule/Pods/LSRFramework/LSRFramework/Classes/BaseClasses/UIViewController/Picker/AssetsPicker/CTAssetsPickerController/CTAssetScrollView.h /Users/edz/Library/Developer/Xcode/DerivedData/App-bytlbhqqorqzqidyjovihkqwnkia/Build/Products/Release-iphonesimulator/LSRFramework/LSRFramework.framework/Headers/CTAssetScrollView.h (in target 'LSRFramework' from project 'Pods')
        cd /var/folders/4h/hxvz7hb959j4pw0pvbq686x00000gn/T/CocoaPods-Lint-20200722-25225-196xw43-UIModule/Pods
        builtin-copy -exclude .DS_Store -exclude CVS -exclude .svn -exclude .git -exclude .hg -resolve-src-symlinks /var/folders/4h/hxvz7hb959j4pw0pvbq686x00000gn/T/CocoaPods-Lint-20200722-25225-196xw43-UIModule/Pods/LSRFramework/LSRFramework/Classes/BaseClasses/UIViewController/Picker/AssetsPicker/CTAssetsPickerController/CTAssetScrollView.h /Users/edz/Library/Developer/Xcode/DerivedData/App-bytlbhqqorqzqidyjovihkqwnkia/Build/Products/Release-iphonesimulator/LSRFramework/LSRFramework.framework/Headers
    
    CpHeader /var/folders/4h/hxvz7hb959j4pw0pvbq686x00000gn/T/CocoaPods-Lint-20200722-25225-196xw43-UIModule/Pods/LSRFramework/LSRFramework/Classes/BaseClasses/UIViewController/Picker/AssetsPicker/CTAssetsPickerController/CTAssetPlayButton.h /Users/edz/Library/Developer/Xcode/DerivedData/App-bytlbhqqorqzqidyjovihkqwnkia/Build/Products/Release-iphonesimulator/LSRFramework/LSRFramework.framework/Headers/CTAssetPlayButton.h (in target 'LSRFramework' from project 'Pods')
        cd /var/folders/4h/hxvz7hb959j4pw0pvbq686x00000gn/T/CocoaPods-Lint-20200722-25225-196xw43-UIModule/Pods
        builtin-copy -exclude .DS_Store -exclude CVS -exclude .svn -exclude .git -exclude .hg -resolve-src-symlinks /var/folders/4h/hxvz7hb959j4pw0pvbq686x00000gn/T/CocoaPods-Lint-20200722-25225-196xw43-UIModule/Pods/LSRFramework/LSRFramework/Classes/BaseClasses/UIViewController/Picker/AssetsPicker/CTAssetsPickerController/CTAssetPlayButton.h /Users/edz/Library/Developer/Xcode/DerivedData/App-bytlbhqqorqzqidyjovihkqwnkia/Build/Products/Release-iphonesimulator/LSRFramework/LSRFramework.framework/Headers
    
    CpHeader /var/folders/4h/hxvz7hb959j4pw0pvbq686x00000gn/T/CocoaPods-Lint-20200722-25225-196xw43-UIModule/Pods/LSRFramework/LSRFramework/Classes/BaseClasses/UIViewController/Picker/AssetsPicker/CTAssetsPickerController/CTAssetItemViewController.h /Users/edz/Library/Developer/Xcode/DerivedData/App-bytlbhqqorqzqidyjovihkqwnkia/Build/Products/Release-iphonesimulator/LSRFramework/LSRFramework.framework/Headers/CTAssetItemViewController.h (in target 'LSRFramework' from project 'Pods')
        cd /var/folders/4h/hxvz7hb959j4pw0pvbq686x00000gn/T/CocoaPods-Lint-20200722-25225-196xw43-UIModule/Pods
        builtin-copy -exclude .DS_Store -exclude CVS -exclude .svn -exclude .git -exclude .hg -resolve-src-symlinks /var/folders/4h/hxvz7hb959j4pw0pvbq686x00000gn/T/CocoaPods-Lint-20200722-25225-196xw43-UIModule/Pods/LSRFramework/LSRFramework/Classes/BaseClasses/UIViewController/Picker/AssetsPicker/CTAssetsPickerController/CTAssetItemViewController.h /Users/edz/Library/Developer/Xcode/DerivedData/App-bytlbhqqorqzqidyjovihkqwnkia/Build/Products/Release-iphonesimulator/LSRFramework/LSRFramework.framework/Headers
    
    CpHeader /var/folders/4h/hxvz7hb959j4pw0pvbq686x00000gn/T/CocoaPods-Lint-20200722-25225-196xw43-UIModule/Pods/LSRFramework/LSRFramework/Classes/BaseClasses/UIViewController/Picker/AssetsPicker/CTAssetsPickerController/CTAssetCollectionViewController.h /Users/edz/Library/Developer/Xcode/DerivedData/App-bytlbhqqorqzqidyjovihkqwnkia/Build/Products/Release-iphonesimulator/LSRFramework/LSRFramework.framework/Headers/CTAssetCollectionViewController.h (in target 'LSRFramework' from project 'Pods')
        cd /var/folders/4h/hxvz7hb959j4pw0pvbq686x00000gn/T/CocoaPods-Lint-20200722-25225-196xw43-UIModule/Pods
        builtin-copy -exclude .DS_Store -exclude CVS -exclude .svn -exclude .git -exclude .hg -resolve-src-symlinks /var/folders/4h/hxvz7hb959j4pw0pvbq686x00000gn/T/CocoaPods-Lint-20200722-25225-196xw43-UIModule/Pods/LSRFramework/LSRFramework/Classes/BaseClasses/UIViewController/Picker/AssetsPicker/CTAssetsPickerController/CTAssetCollectionViewController.h /Users/edz/Library/Developer/Xcode/DerivedData/App-bytlbhqqorqzqidyjovihkqwnkia/Build/Products/Release-iphonesimulator/LSRFramework/LSRFramework.framework/Headers
    
    CpHeader /var/folders/4h/hxvz7hb959j4pw0pvbq686x00000gn/T/CocoaPods-Lint-20200722-25225-196xw43-UIModule/Pods/LSRFramework/LSRFramework/Classes/BaseClasses/UIViewController/Picker/AssetsPicker/CTAssetsPickerController/CTAssetCollectionViewCell.h /Users/edz/Library/Developer/Xcode/DerivedData/App-bytlbhqqorqzqidyjovihkqwnkia/Build/Products/Release-iphonesimulator/LSRFramework/LSRFramework.framework/Headers/CTAssetCollectionViewCell.h (in target 'LSRFramework' from project 'Pods')
        cd /var/folders/4h/hxvz7hb959j4pw0pvbq686x00000gn/T/CocoaPods-Lint-20200722-25225-196xw43-UIModule/Pods
        builtin-copy -exclude .DS_Store -exclude CVS -exclude .svn -exclude .git -exclude .hg -resolve-src-symlinks /var/folders/4h/hxvz7hb959j4pw0pvbq686x00000gn/T/CocoaPods-Lint-20200722-25225-196xw43-UIModule/Pods/LSRFramework/LSRFramework/Classes/BaseClasses/UIViewController/Picker/AssetsPicker/CTAssetsPickerController/CTAssetCollectionViewCell.h /Users/edz/Library/Developer/Xcode/DerivedData/App-bytlbhqqorqzqidyjovihkqwnkia/Build/Products/Release-iphonesimulator/LSRFramework/LSRFramework.framework/Headers
    
    CpHeader /var/folders/4h/hxvz7hb959j4pw0pvbq686x00000gn/T/CocoaPods-Lint-20200722-25225-196xw43-UIModule/Pods/LSRFramework/LSRFramework/Classes/BaseClasses/UIViewController/Picker/AssetsPicker/CTAssetsPickerController/CTAssetCheckmark.h /Users/edz/Library/Developer/Xcode/DerivedData/App-bytlbhqqorqzqidyjovihkqwnkia/Build/Products/Release-iphonesimulator/LSRFramework/LSRFramework.framework/Headers/CTAssetCheckmark.h (in target 'LSRFramework' from project 'Pods')
        cd /var/folders/4h/hxvz7hb959j4pw0pvbq686x00000gn/T/CocoaPods-Lint-20200722-25225-196xw43-UIModule/Pods
        builtin-copy -exclude .DS_Store -exclude CVS -exclude .svn -exclude .git -exclude .hg -resolve-src-symlinks /var/folders/4h/hxvz7hb959j4pw0pvbq686x00000gn/T/CocoaPods-Lint-20200722-25225-196xw43-UIModule/Pods/LSRFramework/LSRFramework/Classes/BaseClasses/UIViewController/Picker/AssetsPicker/CTAssetsPickerController/CTAssetCheckmark.h /Users/edz/Library/Developer/Xcode/DerivedData/App-bytlbhqqorqzqidyjovihkqwnkia/Build/Products/Release-iphonesimulator/LSRFramework/LSRFramework.framework/Headers
    
    CpHeader /var/folders/4h/hxvz7hb959j4pw0pvbq686x00000gn/T/CocoaPods-Lint-20200722-25225-196xw43-UIModule/Pods/LSRFramework/LSRFramework/Classes/BaseClasses/UIViewController/Network/UIViewController+NetworkStatus.h /Users/edz/Library/Developer/Xcode/DerivedData/App-bytlbhqqorqzqidyjovihkqwnkia/Build/Products/Release-iphonesimulator/LSRFramework/LSRFramework.framework/Headers/UIViewController+NetworkStatus.h (in target 'LSRFramework' from project 'Pods')
        cd /var/folders/4h/hxvz7hb959j4pw0pvbq686x00000gn/T/CocoaPods-Lint-20200722-25225-196xw43-UIModule/Pods
        builtin-copy -exclude .DS_Store -exclude CVS -exclude .svn -exclude .git -exclude .hg -resolve-src-symlinks /var/folders/4h/hxvz7hb959j4pw0pvbq686x00000gn/T/CocoaPods-Lint-20200722-25225-196xw43-UIModule/Pods/LSRFramework/LSRFramework/Classes/BaseClasses/UIViewController/Network/UIViewController+NetworkStatus.h /Users/edz/Library/Developer/Xcode/DerivedData/App-bytlbhqqorqzqidyjovihkqwnkia/Build/Products/Release-iphonesimulator/LSRFramework/LSRFramework.framework/Headers
    
    CpHeader /var/folders/4h/hxvz7hb959j4pw0pvbq686x00000gn/T/CocoaPods-Lint-20200722-25225-196xw43-UIModule/Pods/LSRFramework/LSRFramework/Classes/BaseClasses/UIViewController/Network/NetworkMonitoring/Reachability/Reachability.h /Users/edz/Library/Developer/Xcode/DerivedData/App-bytlbhqqorqzqidyjovihkqwnkia/Build/Products/Release-iphonesimulator/LSRFramework/LSRFramework.framework/Headers/Reachability.h (in target 'LSRFramework' from project 'Pods')
        cd /var/folders/4h/hxvz7hb959j4pw0pvbq686x00000gn/T/CocoaPods-Lint-20200722-25225-196xw43-UIModule/Pods
        builtin-copy -exclude .DS_Store -exclude CVS -exclude .svn -exclude .git -exclude .hg -resolve-src-symlinks /var/folders/4h/hxvz7hb959j4pw0pvbq686x00000gn/T/CocoaPods-Lint-20200722-25225-196xw43-UIModule/Pods/LSRFramework/LSRFramework/Classes/BaseClasses/UIViewController/Network/NetworkMonitoring/Reachability/Reachability.h /Users/edz/Library/Developer/Xcode/DerivedData/App-bytlbhqqorqzqidyjovihkqwnkia/Build/Products/Release-iphonesimulator/LSRFramework/LSRFramework.framework/Headers
    
    CpHeader /var/folders/4h/hxvz7hb959j4pw0pvbq686x00000gn/T/CocoaPods-Lint-20200722-25225-196xw43-UIModule/Pods/LSRFramework/LSRFramework/Classes/BaseClasses/UIViewController/Network/NetworkMonitoring/Reachability+Extension.h /Users/edz/Library/Developer/Xcode/DerivedData/App-bytlbhqqorqzqidyjovihkqwnkia/Build/Products/Release-iphonesimulator/LSRFramework/LSRFramework.framework/Headers/Reachability+Extension.h (in target 'LSRFramework' from project 'Pods')
        cd /var/folders/4h/hxvz7hb959j4pw0pvbq686x00000gn/T/CocoaPods-Lint-20200722-25225-196xw43-UIModule/Pods
        builtin-copy -exclude .DS_Store -exclude CVS -exclude .svn -exclude .git -exclude .hg -resolve-src-symlinks /var/folders/4h/hxvz7hb959j4pw0pvbq686x00000gn/T/CocoaPods-Lint-20200722-25225-196xw43-UIModule/Pods/LSRFramework/LSRFramework/Classes/BaseClasses/UIViewController/Network/NetworkMonitoring/Reachability+Extension.h /Users/edz/Library/Developer/Xcode/DerivedData/App-bytlbhqqorqzqidyjovihkqwnkia/Build/Products/Release-iphonesimulator/LSRFramework/LSRFramework.framework/Headers
    
    CpHeader /var/folders/4h/hxvz7hb959j4pw0pvbq686x00000gn/T/CocoaPods-Lint-20200722-25225-196xw43-UIModule/Pods/LSRFramework/LSRFramework/Classes/BaseClasses/UIViewController/Network/NetworkMonitoring/AppNetworkMonitoring.h /Users/edz/Library/Developer/Xcode/DerivedData/App-bytlbhqqorqzqidyjovihkqwnkia/Build/Products/Release-iphonesimulator/LSRFramework/LSRFramework.framework/Headers/AppNetworkMonitoring.h (in target 'LSRFramework' from project 'Pods')
        cd /var/folders/4h/hxvz7hb959j4pw0pvbq686x00000gn/T/CocoaPods-Lint-20200722-25225-196xw43-UIModule/Pods
        builtin-copy -exclude .DS_Store -exclude CVS -exclude .svn -exclude .git -exclude .hg -resolve-src-symlinks /var/folders/4h/hxvz7hb959j4pw0pvbq686x00000gn/T/CocoaPods-Lint-20200722-25225-196xw43-UIModule/Pods/LSRFramework/LSRFramework/Classes/BaseClasses/UIViewController/Network/NetworkMonitoring/AppNetworkMonitoring.h /Users/edz/Library/Developer/Xcode/DerivedData/App-bytlbhqqorqzqidyjovihkqwnkia/Build/Products/Release-iphonesimulator/LSRFramework/LSRFramework.framework/Headers
    
    CpHeader /var/folders/4h/hxvz7hb959j4pw0pvbq686x00000gn/T/CocoaPods-Lint-20200722-25225-196xw43-UIModule/Pods/LSRFramework/LSRFramework/Classes/BaseClasses/UIViewController/Loading/UIViewController+Loading_Prompt.h /Users/edz/Library/Developer/Xcode/DerivedData/App-bytlbhqqorqzqidyjovihkqwnkia/Build/Products/Release-iphonesimulator/LSRFramework/LSRFramework.framework/Headers/UIViewController+Loading_Prompt.h (in target 'LSRFramework' from project 'Pods')
        cd /var/folders/4h/hxvz7hb959j4pw0pvbq686x00000gn/T/CocoaPods-Lint-20200722-25225-196xw43-UIModule/Pods
        builtin-copy -exclude .DS_Store -exclude CVS -exclude .svn -exclude .git -exclude .hg -resolve-src-symlinks /var/folders/4h/hxvz7hb959j4pw0pvbq686x00000gn/T/CocoaPods-Lint-20200722-25225-196xw43-UIModule/Pods/LSRFramework/LSRFramework/Classes/BaseClasses/UIViewController/Loading/UIViewController+Loading_Prompt.h /Users/edz/Library/Developer/Xcode/DerivedData/App-bytlbhqqorqzqidyjovihkqwnkia/Build/Products/Release-iphonesimulator/LSRFramework/LSRFramework.framework/Headers
    
    CpHeader /var/folders/4h/hxvz7hb959j4pw0pvbq686x00000gn/T/CocoaPods-Lint-20200722-25225-196xw43-UIModule/Pods/LSRFramework/LSRFramework/Classes/BaseClasses/UIViewController/Loading/UIViewController+LoadingSuperView.h /Users/edz/Library/Developer/Xcode/DerivedData/App-bytlbhqqorqzqidyjovihkqwnkia/Build/Products/Release-iphonesimulator/LSRFramework/LSRFramework.framework/Headers/UIViewController+LoadingSuperView.h (in target 'LSRFramework' from project 'Pods')
        cd /var/folders/4h/hxvz7hb959j4pw0pvbq686x00000gn/T/CocoaPods-Lint-20200722-25225-196xw43-UIModule/Pods
        builtin-copy -exclude .DS_Store -exclude CVS -exclude .svn -exclude .git -exclude .hg -resolve-src-symlinks /var/folders/4h/hxvz7hb959j4pw0pvbq686x00000gn/T/CocoaPods-Lint-20200722-25225-196xw43-UIModule/Pods/LSRFramework/LSRFramework/Classes/BaseClasses/UIViewController/Loading/UIViewController+LoadingSuperView.h /Users/edz/Library/Developer/Xcode/DerivedData/App-bytlbhqqorqzqidyjovihkqwnkia/Build/Products/Release-iphonesimulator/LSRFramework/LSRFramework.framework/Headers
    
    CpHeader /var/folders/4h/hxvz7hb959j4pw0pvbq686x00000gn/T/CocoaPods-Lint-20200722-25225-196xw43-UIModule/Pods/LSRFramework/LSRFramework/Classes/BaseClasses/UIViewController/Loading/UITableViewController+VisibleArea.h /Users/edz/Library/Developer/Xcode/DerivedData/App-bytlbhqqorqzqidyjovihkqwnkia/Build/Products/Release-iphonesimulator/LSRFramework/LSRFramework.framework/Headers/UITableViewController+VisibleArea.h (in target 'LSRFramework' from project 'Pods')
        cd /var/folders/4h/hxvz7hb959j4pw0pvbq686x00000gn/T/CocoaPods-Lint-20200722-25225-196xw43-UIModule/Pods
        builtin-copy -exclude .DS_Store -exclude CVS -exclude .svn -exclude .git -exclude .hg -resolve-src-symlinks /var/folders/4h/hxvz7hb959j4pw0pvbq686x00000gn/T/CocoaPods-Lint-20200722-25225-196xw43-UIModule/Pods/LSRFramework/LSRFramework/Classes/BaseClasses/UIViewController/Loading/UITableViewController+VisibleArea.h /Users/edz/Library/Developer/Xcode/DerivedData/App-bytlbhqqorqzqidyjovihkqwnkia/Build/Products/Release-iphonesimulator/LSRFramework/LSRFramework.framework/Headers
    
    CpHeader /var/folders/4h/hxvz7hb959j4pw0pvbq686x00000gn/T/CocoaPods-Lint-20200722-25225-196xw43-UIModule/Pods/LSRFramework/LSRFramework/Classes/BaseClasses/UIViewController/Loading/MBProgressHUD/MBProgressHUD+Extension.h /Users/edz/Library/Developer/Xcode/DerivedData/App-bytlbhqqorqzqidyjovihkqwnkia/Build/Products/Release-iphonesimulator/LSRFramework/LSRFramework.framework/Headers/MBProgressHUD+Extension.h (in target 'LSRFramework' from project 'Pods')
        cd /var/folders/4h/hxvz7hb959j4pw0pvbq686x00000gn/T/CocoaPods-Lint-20200722-25225-196xw43-UIModule/Pods
        builtin-copy -exclude .DS_Store -exclude CVS -exclude .svn -exclude .git -exclude .hg -resolve-src-symlinks /var/folders/4h/hxvz7hb959j4pw0pvbq686x00000gn/T/CocoaPods-Lint-20200722-25225-196xw43-UIModule/Pods/LSRFramework/LSRFramework/Classes/BaseClasses/UIViewController/Loading/MBProgressHUD/MBProgressHUD+Extension.h /Users/edz/Library/Developer/Xcode/DerivedData/App-bytlbhqqorqzqidyjovihkqwnkia/Build/Products/Release-iphonesimulator/LSRFramework/LSRFramework.framework/Headers
    
    CpHeader /var/folders/4h/hxvz7hb959j4pw0pvbq686x00000gn/T/CocoaPods-Lint-20200722-25225-196xw43-UIModule/Pods/LSRFramework/LSRFramework/Classes/BaseClasses/UIViewController/Loading/LoadingView/UIView+LoadingPrompt.h /Users/edz/Library/Developer/Xcode/DerivedData/App-bytlbhqqorqzqidyjovihkqwnkia/Build/Products/Release-iphonesimulator/LSRFramework/LSRFramework.framework/Headers/UIView+LoadingPrompt.h (in target 'LSRFramework' from project 'Pods')
        cd /var/folders/4h/hxvz7hb959j4pw0pvbq686x00000gn/T/CocoaPods-Lint-20200722-25225-196xw43-UIModule/Pods
        builtin-copy -exclude .DS_Store -exclude CVS -exclude .svn -exclude .git -exclude .hg -resolve-src-symlinks /var/folders/4h/hxvz7hb959j4pw0pvbq686x00000gn/T/CocoaPods-Lint-20200722-25225-196xw43-UIModule/Pods/LSRFramework/LSRFramework/Classes/BaseClasses/UIViewController/Loading/LoadingView/UIView+LoadingPrompt.h /Users/edz/Library/Developer/Xcode/DerivedData/App-bytlbhqqorqzqidyjovihkqwnkia/Build/Products/Release-iphonesimulator/LSRFramework/LSRFramework.framework/Headers
    
    CpHeader /var/folders/4h/hxvz7hb959j4pw0pvbq686x00000gn/T/CocoaPods-Lint-20200722-25225-196xw43-UIModule/Pods/LSRFramework/LSRFramework/Classes/BaseClasses/UIViewController/Loading/LoadingView/LoadingView.h /Users/edz/Library/Developer/Xcode/DerivedData/App-bytlbhqqorqzqidyjovihkqwnkia/Build/Products/Release-iphonesimulator/LSRFramework/LSRFramework.framework/Headers/LoadingView.h (in target 'LSRFramework' from project 'Pods')
        cd /var/folders/4h/hxvz7hb959j4pw0pvbq686x00000gn/T/CocoaPods-Lint-20200722-25225-196xw43-UIModule/Pods
        builtin-copy -exclude .DS_Store -exclude CVS -exclude .svn -exclude .git -exclude .hg -resolve-src-symlinks /var/folders/4h/hxvz7hb959j4pw0pvbq686x00000gn/T/CocoaPods-Lint-20200722-25225-196xw43-UIModule/Pods/LSRFramework/LSRFramework/Classes/BaseClasses/UIViewController/Loading/LoadingView/LoadingView.h /Users/edz/Library/Developer/Xcode/DerivedData/App-bytlbhqqorqzqidyjovihkqwnkia/Build/Products/Release-iphonesimulator/LSRFramework/LSRFramework.framework/Headers
    
    CpHeader /var/folders/4h/hxvz7hb959j4pw0pvbq686x00000gn/T/CocoaPods-Lint-20200722-25225-196xw43-UIModule/Pods/LSRFramework/LSRFramework/Classes/BaseClasses/TabBarViewController/UITabBarController+TabBar.h /Users/edz/Library/Developer/Xcode/DerivedData/App-bytlbhqqorqzqidyjovihkqwnkia/Build/Products/Release-iphonesimulator/LSRFramework/LSRFramework.framework/Headers/UITabBarController+TabBar.h (in target 'LSRFramework' from project 'Pods')
        cd /var/folders/4h/hxvz7hb959j4pw0pvbq686x00000gn/T/CocoaPods-Lint-20200722-25225-196xw43-UIModule/Pods
        builtin-copy -exclude .DS_Store -exclude CVS -exclude .svn -exclude .git -exclude .hg -resolve-src-symlinks /var/folders/4h/hxvz7hb959j4pw0pvbq686x00000gn/T/CocoaPods-Lint-20200722-25225-196xw43-UIModule/Pods/LSRFramework/LSRFramework/Classes/BaseClasses/TabBarViewController/UITabBarController+TabBar.h /Users/edz/Library/Developer/Xcode/DerivedData/App-bytlbhqqorqzqidyjovihkqwnkia/Build/Products/Release-iphonesimulator/LSRFramework/LSRFramework.framework/Headers
    
    CpHeader /var/folders/4h/hxvz7hb959j4pw0pvbq686x00000gn/T/CocoaPods-Lint-20200722-25225-196xw43-UIModule/Pods/LSRFramework/LSRFramework/Classes/BaseClasses/TabBarViewController/TabBarController.h /Users/edz/Library/Developer/Xcode/DerivedData/App-bytlbhqqorqzqidyjovihkqwnkia/Build/Products/Release-iphonesimulator/LSRFramework/LSRFramework.framework/Headers/TabBarController.h (in target 'LSRFramework' from project 'Pods')
        cd /var/folders/4h/hxvz7hb959j4pw0pvbq686x00000gn/T/CocoaPods-Lint-20200722-25225-196xw43-UIModule/Pods
        builtin-copy -exclude .DS_Store -exclude CVS -exclude .svn -exclude .git -exclude .hg -resolve-src-symlinks /var/folders/4h/hxvz7hb959j4pw0pvbq686x00000gn/T/CocoaPods-Lint-20200722-25225-196xw43-UIModule/Pods/LSRFramework/LSRFramework/Classes/BaseClasses/TabBarViewController/TabBarController.h /Users/edz/Library/Developer/Xcode/DerivedData/App-bytlbhqqorqzqidyjovihkqwnkia/Build/Products/Release-iphonesimulator/LSRFramework/LSRFramework.framework/Headers
    
    CpHeader /var/folders/4h/hxvz7hb959j4pw0pvbq686x00000gn/T/CocoaPods-Lint-20200722-25225-196xw43-UIModule/Pods/LSRFramework/LSRFramework/Classes/BaseClasses/NavigationController/UINavigationItem+Global.h /Users/edz/Library/Developer/Xcode/DerivedData/App-bytlbhqqorqzqidyjovihkqwnkia/Build/Products/Release-iphonesimulator/LSRFramework/LSRFramework.framework/Headers/UINavigationItem+Global.h (in target 'LSRFramework' from project 'Pods')
        cd /var/folders/4h/hxvz7hb959j4pw0pvbq686x00000gn/T/CocoaPods-Lint-20200722-25225-196xw43-UIModule/Pods
        builtin-copy -exclude .DS_Store -exclude CVS -exclude .svn -exclude .git -exclude .hg -resolve-src-symlinks /var/folders/4h/hxvz7hb959j4pw0pvbq686x00000gn/T/CocoaPods-Lint-20200722-25225-196xw43-UIModule/Pods/LSRFramework/LSRFramework/Classes/BaseClasses/NavigationController/UINavigationItem+Global.h /Users/edz/Library/Developer/Xcode/DerivedData/App-bytlbhqqorqzqidyjovihkqwnkia/Build/Products/Release-iphonesimulator/LSRFramework/LSRFramework.framework/Headers
    
    CpHeader /var/folders/4h/hxvz7hb959j4pw0pvbq686x00000gn/T/CocoaPods-Lint-20200722-25225-196xw43-UIModule/Pods/LSRFramework/LSRFramework/Classes/BaseClasses/NavigationController/UINavigationItem+Customized.h /Users/edz/Library/Developer/Xcode/DerivedData/App-bytlbhqqorqzqidyjovihkqwnkia/Build/Products/Release-iphonesimulator/LSRFramework/LSRFramework.framework/Headers/UINavigationItem+Customized.h (in target 'LSRFramework' from project 'Pods')
        cd /var/folders/4h/hxvz7hb959j4pw0pvbq686x00000gn/T/CocoaPods-Lint-20200722-25225-196xw43-UIModule/Pods
        builtin-copy -exclude .DS_Store -exclude CVS -exclude .svn -exclude .git -exclude .hg -resolve-src-symlinks /var/folders/4h/hxvz7hb959j4pw0pvbq686x00000gn/T/CocoaPods-Lint-20200722-25225-196xw43-UIModule/Pods/LSRFramework/LSRFramework/Classes/BaseClasses/NavigationController/UINavigationItem+Customized.h /Users/edz/Library/Developer/Xcode/DerivedData/App-bytlbhqqorqzqidyjovihkqwnkia/Build/Products/Release-iphonesimulator/LSRFramework/LSRFramework.framework/Headers
    
    CpHeader /var/folders/4h/hxvz7hb959j4pw0pvbq686x00000gn/T/CocoaPods-Lint-20200722-25225-196xw43-UIModule/Pods/LSRFramework/LSRFramework/Classes/BaseClasses/NavigationController/UINavigationItem+BarButtonItem.h /Users/edz/Library/Developer/Xcode/DerivedData/App-bytlbhqqorqzqidyjovihkqwnkia/Build/Products/Release-iphonesimulator/LSRFramework/LSRFramework.framework/Headers/UINavigationItem+BarButtonItem.h (in target 'LSRFramework' from project 'Pods')
        cd /var/folders/4h/hxvz7hb959j4pw0pvbq686x00000gn/T/CocoaPods-Lint-20200722-25225-196xw43-UIModule/Pods
        builtin-copy -exclude .DS_Store -exclude CVS -exclude .svn -exclude .git -exclude .hg -resolve-src-symlinks /var/folders/4h/hxvz7hb959j4pw0pvbq686x00000gn/T/CocoaPods-Lint-20200722-25225-196xw43-UIModule/Pods/LSRFramework/LSRFramework/Classes/BaseClasses/NavigationController/UINavigationItem+BarButtonItem.h /Users/edz/Library/Developer/Xcode/DerivedData/App-bytlbhqqorqzqidyjovihkqwnkia/Build/Products/Release-iphonesimulator/LSRFramework/LSRFramework.framework/Headers
    
    CpHeader /var/folders/4h/hxvz7hb959j4pw0pvbq686x00000gn/T/CocoaPods-Lint-20200722-25225-196xw43-UIModule/Pods/LSRFramework/LSRFramework/Classes/BaseClasses/NavigationController/UINavigationController+Customized.h /Users/edz/Library/Developer/Xcode/DerivedData/App-bytlbhqqorqzqidyjovihkqwnkia/Build/Products/Release-iphonesimulator/LSRFramework/LSRFramework.framework/Headers/UINavigationController+Customized.h (in target 'LSRFramework' from project 'Pods')
        cd /var/folders/4h/hxvz7hb959j4pw0pvbq686x00000gn/T/CocoaPods-Lint-20200722-25225-196xw43-UIModule/Pods
        builtin-copy -exclude .DS_Store -exclude CVS -exclude .svn -exclude .git -exclude .hg -resolve-src-symlinks /var/folders/4h/hxvz7hb959j4pw0pvbq686x00000gn/T/CocoaPods-Lint-20200722-25225-196xw43-UIModule/Pods/LSRFramework/LSRFramework/Classes/BaseClasses/NavigationController/UINavigationController+Customized.h /Users/edz/Library/Developer/Xcode/DerivedData/App-bytlbhqqorqzqidyjovihkqwnkia/Build/Products/Release-iphonesimulator/LSRFramework/LSRFramework.framework/Headers
    
    CpHeader /var/folders/4h/hxvz7hb959j4pw0pvbq686x00000gn/T/CocoaPods-Lint-20200722-25225-196xw43-UIModule/Pods/LSRFramework/LSRFramework/Classes/BaseClasses/NavigationController/UINavigationBar+Global.h /Users/edz/Library/Developer/Xcode/DerivedData/App-bytlbhqqorqzqidyjovihkqwnkia/Build/Products/Release-iphonesimulator/LSRFramework/LSRFramework.framework/Headers/UINavigationBar+Global.h (in target 'LSRFramework' from project 'Pods')
        cd /var/folders/4h/hxvz7hb959j4pw0pvbq686x00000gn/T/CocoaPods-Lint-20200722-25225-196xw43-UIModule/Pods
        builtin-copy -exclude .DS_Store -exclude CVS -exclude .svn -exclude .git -exclude .hg -resolve-src-symlinks /var/folders/4h/hxvz7hb959j4pw0pvbq686x00000gn/T/CocoaPods-Lint-20200722-25225-196xw43-UIModule/Pods/LSRFramework/LSRFramework/Classes/BaseClasses/NavigationController/UINavigationBar+Global.h /Users/edz/Library/Developer/Xcode/DerivedData/App-bytlbhqqorqzqidyjovihkqwnkia/Build/Products/Release-iphonesimulator/LSRFramework/LSRFramework.framework/Headers
    
    CpHeader /var/folders/4h/hxvz7hb959j4pw0pvbq686x00000gn/T/CocoaPods-Lint-20200722-25225-196xw43-UIModule/Pods/LSRFramework/LSRFramework/Classes/BaseClasses/NavigationController/UINavigationBar+Customized.h /Users/edz/Library/Developer/Xcode/DerivedData/App-bytlbhqqorqzqidyjovihkqwnkia/Build/Products/Release-iphonesimulator/LSRFramework/LSRFramework.framework/Headers/UINavigationBar+Customized.h (in target 'LSRFramework' from project 'Pods')
        cd /var/folders/4h/hxvz7hb959j4pw0pvbq686x00000gn/T/CocoaPods-Lint-20200722-25225-196xw43-UIModule/Pods
        builtin-copy -exclude .DS_Store -exclude CVS -exclude .svn -exclude .git -exclude .hg -resolve-src-symlinks /var/folders/4h/hxvz7hb959j4pw0pvbq686x00000gn/T/CocoaPods-Lint-20200722-25225-196xw43-UIModule/Pods/LSRFramework/LSRFramework/Classes/BaseClasses/NavigationController/UINavigationBar+Customized.h /Users/edz/Library/Developer/Xcode/DerivedData/App-bytlbhqqorqzqidyjovihkqwnkia/Build/Products/Release-iphonesimulator/LSRFramework/LSRFramework.framework/Headers
    
    CpHeader /var/folders/4h/hxvz7hb959j4pw0pvbq686x00000gn/T/CocoaPods-Lint-20200722-25225-196xw43-UIModule/Pods/LSRFramework/LSRFramework/Classes/BaseClasses/NavigationController/NavigationController.h /Users/edz/Library/Developer/Xcode/DerivedData/App-bytlbhqqorqzqidyjovihkqwnkia/Build/Products/Release-iphonesimulator/LSRFramework/LSRFramework.framework/Headers/NavigationController.h (in target 'LSRFramework' from project 'Pods')
        cd /var/folders/4h/hxvz7hb959j4pw0pvbq686x00000gn/T/CocoaPods-Lint-20200722-25225-196xw43-UIModule/Pods
        builtin-copy -exclude .DS_Store -exclude CVS -exclude .svn -exclude .git -exclude .hg -resolve-src-symlinks /var/folders/4h/hxvz7hb959j4pw0pvbq686x00000gn/T/CocoaPods-Lint-20200722-25225-196xw43-UIModule/Pods/LSRFramework/LSRFramework/Classes/BaseClasses/NavigationController/NavigationController.h /Users/edz/Library/Developer/Xcode/DerivedData/App-bytlbhqqorqzqidyjovihkqwnkia/Build/Products/Release-iphonesimulator/LSRFramework/LSRFramework.framework/Headers
    
    CpHeader /var/folders/4h/hxvz7hb959j4pw0pvbq686x00000gn/T/CocoaPods-Lint-20200722-25225-196xw43-UIModule/Pods/LSRFramework/LSRFramework/Classes/BaseClasses/NavigationController/NavigationController+Global.h /Users/edz/Library/Developer/Xcode/DerivedData/App-bytlbhqqorqzqidyjovihkqwnkia/Build/Products/Release-iphonesimulator/LSRFramework/LSRFramework.framework/Headers/NavigationController+Global.h (in target 'LSRFramework' from project 'Pods')
        cd /var/folders/4h/hxvz7hb959j4pw0pvbq686x00000gn/T/CocoaPods-Lint-20200722-25225-196xw43-UIModule/Pods
        builtin-copy -exclude .DS_Store -exclude CVS -exclude .svn -exclude .git -exclude .hg -resolve-src-symlinks /var/folders/4h/hxvz7hb959j4pw0pvbq686x00000gn/T/CocoaPods-Lint-20200722-25225-196xw43-UIModule/Pods/LSRFramework/LSRFramework/Classes/BaseClasses/NavigationController/NavigationController+Global.h /Users/edz/Library/Developer/Xcode/DerivedData/App-bytlbhqqorqzqidyjovihkqwnkia/Build/Products/Release-iphonesimulator/LSRFramework/LSRFramework.framework/Headers
    
    CpHeader /var/folders/4h/hxvz7hb959j4pw0pvbq686x00000gn/T/CocoaPods-Lint-20200722-25225-196xw43-UIModule/Pods/LSRFramework/LSRFramework/Classes/BaseClasses/NavigationController/NavigationBar.h /Users/edz/Library/Developer/Xcode/DerivedData/App-bytlbhqqorqzqidyjovihkqwnkia/Build/Products/Release-iphonesimulator/LSRFramework/LSRFramework.framework/Headers/NavigationBar.h (in target 'LSRFramework' from project 'Pods')
        cd /var/folders/4h/hxvz7hb959j4pw0pvbq686x00000gn/T/CocoaPods-Lint-20200722-25225-196xw43-UIModule/Pods
        builtin-copy -exclude .DS_Store -exclude CVS -exclude .svn -exclude .git -exclude .hg -resolve-src-symlinks /var/folders/4h/hxvz7hb959j4pw0pvbq686x00000gn/T/CocoaPods-Lint-20200722-25225-196xw43-UIModule/Pods/LSRFramework/LSRFramework/Classes/BaseClasses/NavigationController/NavigationBar.h /Users/edz/Library/Developer/Xcode/DerivedData/App-bytlbhqqorqzqidyjovihkqwnkia/Build/Products/Release-iphonesimulator/LSRFramework/LSRFramework.framework/Headers
    
    Touch /Users/edz/Library/Developer/Xcode/DerivedData/App-bytlbhqqorqzqidyjovihkqwnkia/Build/Products/Release-iphonesimulator/JSONModel/JSONModel.framework (in target 'JSONModel' from project 'Pods')
        cd /var/folders/4h/hxvz7hb959j4pw0pvbq686x00000gn/T/CocoaPods-Lint-20200722-25225-196xw43-UIModule/Pods
        /usr/bin/touch -c /Users/edz/Library/Developer/Xcode/DerivedData/App-bytlbhqqorqzqidyjovihkqwnkia/Build/Products/Release-iphonesimulator/JSONModel/JSONModel.framework
    
    WriteAuxiliaryFile /Users/edz/Library/Developer/Xcode/DerivedData/App-bytlbhqqorqzqidyjovihkqwnkia/Build/Intermediates.noindex/Pods.build/Release-iphonesimulator/LSRFramework.build/DerivedSources/LSRFramework_vers.c (in target 'LSRFramework' from project 'Pods')
        cd /var/folders/4h/hxvz7hb959j4pw0pvbq686x00000gn/T/CocoaPods-Lint-20200722-25225-196xw43-UIModule/Pods
        write-file /Users/edz/Library/Developer/Xcode/DerivedData/App-bytlbhqqorqzqidyjovihkqwnkia/Build/Intermediates.noindex/Pods.build/Release-iphonesimulator/LSRFramework.build/DerivedSources/LSRFramework_vers.c
    
    WriteAuxiliaryFile /Users/edz/Library/Developer/Xcode/DerivedData/App-bytlbhqqorqzqidyjovihkqwnkia/Build/Intermediates.noindex/Pods.build/Release-iphonesimulator/LSRFramework.build/Objects-normal/x86_64/LSRFramework.LinkFileList (in target 'LSRFramework' from project 'Pods')
        cd /var/folders/4h/hxvz7hb959j4pw0pvbq686x00000gn/T/CocoaPods-Lint-20200722-25225-196xw43-UIModule/Pods
        write-file /Users/edz/Library/Developer/Xcode/DerivedData/App-bytlbhqqorqzqidyjovihkqwnkia/Build/Intermediates.noindex/Pods.build/Release-iphonesimulator/LSRFramework.build/Objects-normal/x86_64/LSRFramework.LinkFileList
    
    CompileC /Users/edz/Library/Developer/Xcode/DerivedData/App-bytlbhqqorqzqidyjovihkqwnkia/Build/Intermediates.noindex/Pods.build/Release-iphonesimulator/LSRFramework.build/Objects-normal/x86_64/WKWebViewController.o /var/folders/4h/hxvz7hb959j4pw0pvbq686x00000gn/T/CocoaPods-Lint-20200722-25225-196xw43-UIModule/Pods/LSRFramework/LSRFramework/Classes/BaseClasses/WebViewController/WKWebViewController.mm normal x86_64 objective-c++ com.apple.compilers.llvm.clang.1_0.compiler (in target 'LSRFramework' from project 'Pods')
        cd /var/folders/4h/hxvz7hb959j4pw0pvbq686x00000gn/T/CocoaPods-Lint-20200722-25225-196xw43-UIModule/Pods
        export LANG=en_US.US-ASCII
        /Applications/Xcode.app/Contents/Developer/Toolchains/XcodeDefault.xctoolchain/usr/bin/clang -x objective-c++ -target x86_64-apple-ios11.0-simulator -fmessage-length=0 -fdiagnostics-show-note-include-stack -fmacro-backtrace-limit=0 -std=gnu++14 -stdlib=libc++ -fobjc-arc -fmodules -gmodules -fmodules-cache-path=/Users/edz/Library/Developer/Xcode/DerivedData/ModuleCache.noindex -fmodules-prune-interval=86400 -fmodules-prune-after=345600 -fbuild-session-file=/Users/edz/Library/Developer/Xcode/DerivedData/ModuleCache.noindex/Session.modulevalidation -fmodules-validate-once-per-build-session -Wnon-modular-include-in-framework-module -Werror=non-modular-include-in-framework-module -fmodule-name=LSRFramework -Wno-trigraphs -fpascal-strings -Os -fno-common -Wno-missing-field-initializers -Wno-missing-prototypes -Werror=return-type -Wdocumentation -Wunreachable-code -Wno-implicit-atomic-properties -Werror=deprecated-objc-isa-usage -Wno-objc-interface-ivars -Werror=objc-root-class -Wno-arc-repeated-use-of-weak -Wimplicit-retain-self -Wno-non-virtual-dtor -Wno-overloaded-virtual -Wno-exit-time-destructors -Wduplicate-method-match -Wno-missing-braces -Wparentheses -Wswitch -Wunused-function -Wno-unused-label -Wno-unused-parameter -Wunused-variable -Wunused-value -Wempty-body -Wuninitialized -Wconditional-uninitialized -Wno-unknown-pragmas -Wno-shadow -Wno-four-char-constants -Wno-conversion -Wconstant-conversion -Wint-conversion -Wbool-conversion -Wenum-conversion -Wno-float-conversion -Wnon-literal-null-conversion -Wobjc-literal-conversion -Wshorten-64-to-32 -Wno-newline-eof -Wno-selector -Wno-strict-selector-match -Wundeclared-selector -Wdeprecated-implementations -Wno-c++11-extensions -DPOD_CONFIGURATION_RELEASE=1 -DCOCOAPODS=1 -DTTTFRAMEWORK=1 -DNS_BLOCK_ASSERTIONS=1 -DOBJC_OLD_DISPATCH_PROTOTYPES=0 -isysroot /Applications/Xcode.app/Contents/Developer/Platforms/iPhoneSimulator.platform/Developer/SDKs/iPhoneSimulator13.5.sdk -fasm-blocks -fstrict-aliasing -Wprotocol -Wdeprecated-declarations -Winvalid-offsetof -g -fvisibility-inlines-hidden -Wno-sign-conversion -Winfinite-recursion -Wmove -Wcomma -Wblock-capture-autoreleasing -Wstrict-prototypes -Wrange-loop-analysis -Wno-semicolon-before-method-body -Wunguarded-availability -fobjc-abi-version=2 -fobjc-legacy-dispatch -iquote /Users/edz/Library/Developer/Xcode/DerivedData/App-bytlbhqqorqzqidyjovihkqwnkia/Build/Intermediates.noindex/Pods.build/Release-iphonesimulator/LSRFramework.build/LSRFramework-generated-files.hmap -I/Users/edz/Library/Developer/Xcode/DerivedData/App-bytlbhqqorqzqidyjovihkqwnkia/Build/Intermediates.noindex/Pods.build/Release-iphonesimulator/LSRFramework.build/LSRFramework-own-target-headers.hmap -I/Users/edz/Library/Developer/Xcode/DerivedData/App-bytlbhqqorqzqidyjovihkqwnkia/Build/Intermediates.noindex/Pods.build/Release-iphonesimulator/LSRFramework.build/LSRFramework-all-non-framework-target-headers.hmap -ivfsoverlay /Users/edz/Library/Developer/Xcode/DerivedData/App-bytlbhqqorqzqidyjovihkqwnkia/Build/Intermediates.noindex/Pods.build/Release-iphonesimulator/LSRFramework.build/all-product-headers.yaml -iquote /Users/edz/Library/Developer/Xcode/DerivedData/App-bytlbhqqorqzqidyjovihkqwnkia/Build/Intermediates.noindex/Pods.build/Release-iphonesimulator/LSRFramework.build/LSRFramework-project-headers.hmap -I/Users/edz/Library/Developer/Xcode/DerivedData/App-bytlbhqqorqzqidyjovihkqwnkia/Build/Products/Release-iphonesimulator/LSRFramework/include -I/Users/edz/Library/Developer/Xcode/DerivedData/App-bytlbhqqorqzqidyjovihkqwnkia/Build/Intermediates.noindex/Pods.build/Release-iphonesimulator/LSRFramework.build/DerivedSources-normal/x86_64 -I/Users/edz/Library/Developer/Xcode/DerivedData/App-bytlbhqqorqzqidyjovihkqwnkia/Build/Intermediates.noindex/Pods.build/Release-iphonesimulator/LSRFramework.build/DerivedSources/x86_64 -I/Users/edz/Library/Developer/Xcode/DerivedData/App-bytlbhqqorqzqidyjovihkqwnkia/Build/Intermediates.noindex/Pods.build/Release-iphonesimulator/LSRFramework.build/DerivedSources -F/Users/edz/Library/Developer/Xcode/DerivedData/App-bytlbhqqorqzqidyjovihkqwnkia/Build/Products/Release-iphonesimulator/LSRFramework -F/Users/edz/Library/Developer/Xcode/DerivedData/App-bytlbhqqorqzqidyjovihkqwnkia/Build/Products/Release-iphonesimulator/MBProgressHUD -F/Users/edz/Library/Developer/Xcode/DerivedData/App-bytlbhqqorqzqidyjovihkqwnkia/Build/Products/Release-iphonesimulator/Masonry -Wincomplete-umbrella -w -Xanalyzer -analyzer-disable-all-checks -include /var/folders/4h/hxvz7hb959j4pw0pvbq686x00000gn/T/CocoaPods-Lint-20200722-25225-196xw43-UIModule/Pods/Target\ Support\ Files/LSRFramework/LSRFramework-prefix.pch -MMD -MT dependencies -MF /Users/edz/Library/Developer/Xcode/DerivedData/App-bytlbhqqorqzqidyjovihkqwnkia/Build/Intermediates.noindex/Pods.build/Release-iphonesimulator/LSRFramework.build/Objects-normal/x86_64/WKWebViewController.d --serialize-diagnostics /Users/edz/Library/Developer/Xcode/DerivedData/App-bytlbhqqorqzqidyjovihkqwnkia/Build/Intermediates.noindex/Pods.build/Release-iphonesimulator/LSRFramework.build/Objects-normal/x86_64/WKWebViewController.dia -c /var/folders/4h/hxvz7hb959j4pw0pvbq686x00000gn/T/CocoaPods-Lint-20200722-25225-196xw43-UIModule/Pods/LSRFramework/LSRFramework/Classes/BaseClasses/WebViewController/WKWebViewController.mm -o /Users/edz/Library/Developer/Xcode/DerivedData/App-bytlbhqqorqzqidyjovihkqwnkia/Build/Intermediates.noindex/Pods.build/Release-iphonesimulator/LSRFramework.build/Objects-normal/x86_64/WKWebViewController.o
    
    CompileC /Users/edz/Library/Developer/Xcode/DerivedData/App-bytlbhqqorqzqidyjovihkqwnkia/Build/Intermediates.noindex/Pods.build/Release-iphonesimulator/LSRFramework.build/Objects-normal/x86_64/UIViewController+TTTFramework.o /var/folders/4h/hxvz7hb959j4pw0pvbq686x00000gn/T/CocoaPods-Lint-20200722-25225-196xw43-UIModule/Pods/LSRFramework/LSRFramework/Classes/BaseClasses/UIViewController/UIViewController+TTTFramework.m normal x86_64 objective-c com.apple.compilers.llvm.clang.1_0.compiler (in target 'LSRFramework' from project 'Pods')
        cd /var/folders/4h/hxvz7hb959j4pw0pvbq686x00000gn/T/CocoaPods-Lint-20200722-25225-196xw43-UIModule/Pods
        export LANG=en_US.US-ASCII
        /Applications/Xcode.app/Contents/Developer/Toolchains/XcodeDefault.xctoolchain/usr/bin/clang -x objective-c -target x86_64-apple-ios11.0-simulator -fmessage-length=0 -fdiagnostics-show-note-include-stack -fmacro-backtrace-limit=0 -std=gnu11 -fobjc-arc -fmodules -gmodules -fmodules-cache-path=/Users/edz/Library/Developer/Xcode/DerivedData/ModuleCache.noindex -fmodules-prune-interval=86400 -fmodules-prune-after=345600 -fbuild-session-file=/Users/edz/Library/Developer/Xcode/DerivedData/ModuleCache.noindex/Session.modulevalidation -fmodules-validate-once-per-build-session -Wnon-modular-include-in-framework-module -Werror=non-modular-include-in-framework-module -fmodule-name=LSRFramework -Wno-trigraphs -fpascal-strings -Os -fno-common -Wno-missing-field-initializers -Wno-missing-prototypes -Werror=return-type -Wdocumentation -Wunreachable-code -Wno-implicit-atomic-properties -Werror=deprecated-objc-isa-usage -Wno-objc-interface-ivars -Werror=objc-root-class -Wno-arc-repeated-use-of-weak -Wimplicit-retain-self -Wduplicate-method-match -Wno-missing-braces -Wparentheses -Wswitch -Wunused-function -Wno-unused-label -Wno-unused-parameter -Wunused-variable -Wunused-value -Wempty-body -Wuninitialized -Wconditional-uninitialized -Wno-unknown-pragmas -Wno-shadow -Wno-four-char-constants -Wno-conversion -Wconstant-conversion -Wint-conversion -Wbool-conversion -Wenum-conversion -Wno-float-conversion -Wnon-literal-null-conversion -Wobjc-literal-conversion -Wshorten-64-to-32 -Wpointer-sign -Wno-newline-eof -Wno-selector -Wno-strict-selector-match -Wundeclared-selector -Wdeprecated-implementations -DPOD_CONFIGURATION_RELEASE=1 -DCOCOAPODS=1 -DTTTFRAMEWORK=1 -DNS_BLOCK_ASSERTIONS=1 -DOBJC_OLD_DISPATCH_PROTOTYPES=0 -isysroot /Applications/Xcode.app/Contents/Developer/Platforms/iPhoneSimulator.platform/Developer/SDKs/iPhoneSimulator13.5.sdk -fasm-blocks -fstrict-aliasing -Wprotocol -Wdeprecated-declarations -g -Wno-sign-conversion -Winfinite-recursion -Wcomma -Wblock-capture-autoreleasing -Wstrict-prototypes -Wno-semicolon-before-method-body -Wunguarded-availability -fobjc-abi-version=2 -fobjc-legacy-dispatch -iquote /Users/edz/Library/Developer/Xcode/DerivedData/App-bytlbhqqorqzqidyjovihkqwnkia/Build/Intermediates.noindex/Pods.build/Release-iphonesimulator/LSRFramework.build/LSRFramework-generated-files.hmap -I/Users/edz/Library/Developer/Xcode/DerivedData/App-bytlbhqqorqzqidyjovihkqwnkia/Build/Intermediates.noindex/Pods.build/Release-iphonesimulator/LSRFramework.build/LSRFramework-own-target-headers.hmap -I/Users/edz/Library/Developer/Xcode/DerivedData/App-bytlbhqqorqzqidyjovihkqwnkia/Build/Intermediates.noindex/Pods.build/Release-iphonesimulator/LSRFramework.build/LSRFramework-all-non-framework-target-headers.hmap -ivfsoverlay /Users/edz/Library/Developer/Xcode/DerivedData/App-bytlbhqqorqzqidyjovihkqwnkia/Build/Intermediates.noindex/Pods.build/Release-iphonesimulator/LSRFramework.build/all-product-headers.yaml -iquote /Users/edz/Library/Developer/Xcode/DerivedData/App-bytlbhqqorqzqidyjovihkqwnkia/Build/Intermediates.noindex/Pods.build/Release-iphonesimulator/LSRFramework.build/LSRFramework-project-headers.hmap -I/Users/edz/Library/Developer/Xcode/DerivedData/App-bytlbhqqorqzqidyjovihkqwnkia/Build/Products/Release-iphonesimulator/LSRFramework/include -I/Users/edz/Library/Developer/Xcode/DerivedData/App-bytlbhqqorqzqidyjovihkqwnkia/Build/Intermediates.noindex/Pods.build/Release-iphonesimulator/LSRFramework.build/DerivedSources-normal/x86_64 -I/Users/edz/Library/Developer/Xcode/DerivedData/App-bytlbhqqorqzqidyjovihkqwnkia/Build/Intermediates.noindex/Pods.build/Release-iphonesimulator/LSRFramework.build/DerivedSources/x86_64 -I/Users/edz/Library/Developer/Xcode/DerivedData/App-bytlbhqqorqzqidyjovihkqwnkia/Build/Intermediates.noindex/Pods.build/Release-iphonesimulator/LSRFramework.build/DerivedSources -F/Users/edz/Library/Developer/Xcode/DerivedData/App-bytlbhqqorqzqidyjovihkqwnkia/Build/Products/Release-iphonesimulator/LSRFramework -F/Users/edz/Library/Developer/Xcode/DerivedData/App-bytlbhqqorqzqidyjovihkqwnkia/Build/Products/Release-iphonesimulator/MBProgressHUD -F/Users/edz/Library/Developer/Xcode/DerivedData/App-bytlbhqqorqzqidyjovihkqwnkia/Build/Products/Release-iphonesimulator/Masonry -Wincomplete-umbrella -w -Xanalyzer -analyzer-disable-all-checks -include /var/folders/4h/hxvz7hb959j4pw0pvbq686x00000gn/T/CocoaPods-Lint-20200722-25225-196xw43-UIModule/Pods/Target\ Support\ Files/LSRFramework/LSRFramework-prefix.pch -MMD -MT dependencies -MF /Users/edz/Library/Developer/Xcode/DerivedData/App-bytlbhqqorqzqidyjovihkqwnkia/Build/Intermediates.noindex/Pods.build/Release-iphonesimulator/LSRFramework.build/Objects-normal/x86_64/UIViewController+TTTFramework.d --serialize-diagnostics /Users/edz/Library/Developer/Xcode/DerivedData/App-bytlbhqqorqzqidyjovihkqwnkia/Build/Intermediates.noindex/Pods.build/Release-iphonesimulator/LSRFramework.build/Objects-normal/x86_64/UIViewController+TTTFramework.dia -c /var/folders/4h/hxvz7hb959j4pw0pvbq686x00000gn/T/CocoaPods-Lint-20200722-25225-196xw43-UIModule/Pods/LSRFramework/LSRFramework/Classes/BaseClasses/UIViewController/UIViewController+TTTFramework.m -o /Users/edz/Library/Developer/Xcode/DerivedData/App-bytlbhqqorqzqidyjovihkqwnkia/Build/Intermediates.noindex/Pods.build/Release-iphonesimulator/LSRFramework.build/Objects-normal/x86_64/UIViewController+TTTFramework.o
    
    CompileC /Users/edz/Library/Developer/Xcode/DerivedData/App-bytlbhqqorqzqidyjovihkqwnkia/Build/Intermediates.noindex/Pods.build/Release-iphonesimulator/LSRFramework.build/Objects-normal/x86_64/UIViewController+Push_Present.o /var/folders/4h/hxvz7hb959j4pw0pvbq686x00000gn/T/CocoaPods-Lint-20200722-25225-196xw43-UIModule/Pods/LSRFramework/LSRFramework/Classes/BaseClasses/UIViewController/UIViewController+Push_Present.m normal x86_64 objective-c com.apple.compilers.llvm.clang.1_0.compiler (in target 'LSRFramework' from project 'Pods')
        cd /var/folders/4h/hxvz7hb959j4pw0pvbq686x00000gn/T/CocoaPods-Lint-20200722-25225-196xw43-UIModule/Pods
        export LANG=en_US.US-ASCII
        /Applications/Xcode.app/Contents/Developer/Toolchains/XcodeDefault.xctoolchain/usr/bin/clang -x objective-c -target x86_64-apple-ios11.0-simulator -fmessage-length=0 -fdiagnostics-show-note-include-stack -fmacro-backtrace-limit=0 -std=gnu11 -fobjc-arc -fmodules -gmodules -fmodules-cache-path=/Users/edz/Library/Developer/Xcode/DerivedData/ModuleCache.noindex -fmodules-prune-interval=86400 -fmodules-prune-after=345600 -fbuild-session-file=/Users/edz/Library/Developer/Xcode/DerivedData/ModuleCache.noindex/Session.modulevalidation -fmodules-validate-once-per-build-session -Wnon-modular-include-in-framework-module -Werror=non-modular-include-in-framework-module -fmodule-name=LSRFramework -Wno-trigraphs -fpascal-strings -Os -fno-common -Wno-missing-field-initializers -Wno-missing-prototypes -Werror=return-type -Wdocumentation -Wunreachable-code -Wno-implicit-atomic-properties -Werror=deprecated-objc-isa-usage -Wno-objc-interface-ivars -Werror=objc-root-class -Wno-arc-repeated-use-of-weak -Wimplicit-retain-self -Wduplicate-method-match -Wno-missing-braces -Wparentheses -Wswitch -Wunused-function -Wno-unused-label -Wno-unused-parameter -Wunused-variable -Wunused-value -Wempty-body -Wuninitialized -Wconditional-uninitialized -Wno-unknown-pragmas -Wno-shadow -Wno-four-char-constants -Wno-conversion -Wconstant-conversion -Wint-conversion -Wbool-conversion -Wenum-conversion -Wno-float-conversion -Wnon-literal-null-conversion -Wobjc-literal-conversion -Wshorten-64-to-32 -Wpointer-sign -Wno-newline-eof -Wno-selector -Wno-strict-selector-match -Wundeclared-selector -Wdeprecated-implementations -DPOD_CONFIGURATION_RELEASE=1 -DCOCOAPODS=1 -DTTTFRAMEWORK=1 -DNS_BLOCK_ASSERTIONS=1 -DOBJC_OLD_DISPATCH_PROTOTYPES=0 -isysroot /Applications/Xcode.app/Contents/Developer/Platforms/iPhoneSimulator.platform/Developer/SDKs/iPhoneSimulator13.5.sdk -fasm-blocks -fstrict-aliasing -Wprotocol -Wdeprecated-declarations -g -Wno-sign-conversion -Winfinite-recursion -Wcomma -Wblock-capture-autoreleasing -Wstrict-prototypes -Wno-semicolon-before-method-body -Wunguarded-availability -fobjc-abi-version=2 -fobjc-legacy-dispatch -iquote /Users/edz/Library/Developer/Xcode/DerivedData/App-bytlbhqqorqzqidyjovihkqwnkia/Build/Intermediates.noindex/Pods.build/Release-iphonesimulator/LSRFramework.build/LSRFramework-generated-files.hmap -I/Users/edz/Library/Developer/Xcode/DerivedData/App-bytlbhqqorqzqidyjovihkqwnkia/Build/Intermediates.noindex/Pods.build/Release-iphonesimulator/LSRFramework.build/LSRFramework-own-target-headers.hmap -I/Users/edz/Library/Developer/Xcode/DerivedData/App-bytlbhqqorqzqidyjovihkqwnkia/Build/Intermediates.noindex/Pods.build/Release-iphonesimulator/LSRFramework.build/LSRFramework-all-non-framework-target-headers.hmap -ivfsoverlay /Users/edz/Library/Developer/Xcode/DerivedData/App-bytlbhqqorqzqidyjovihkqwnkia/Build/Intermediates.noindex/Pods.build/Release-iphonesimulator/LSRFramework.build/all-product-headers.yaml -iquote /Users/edz/Library/Developer/Xcode/DerivedData/App-bytlbhqqorqzqidyjovihkqwnkia/Build/Intermediates.noindex/Pods.build/Release-iphonesimulator/LSRFramework.build/LSRFramework-project-headers.hmap -I/Users/edz/Library/Developer/Xcode/DerivedData/App-bytlbhqqorqzqidyjovihkqwnkia/Build/Products/Release-iphonesimulator/LSRFramework/include -I/Users/edz/Library/Developer/Xcode/DerivedData/App-bytlbhqqorqzqidyjovihkqwnkia/Build/Intermediates.noindex/Pods.build/Release-iphonesimulator/LSRFramework.build/DerivedSources-normal/x86_64 -I/Users/edz/Library/Developer/Xcode/DerivedData/App-bytlbhqqorqzqidyjovihkqwnkia/Build/Intermediates.noindex/Pods.build/Release-iphonesimulator/LSRFramework.build/DerivedSources/x86_64 -I/Users/edz/Library/Developer/Xcode/DerivedData/App-bytlbhqqorqzqidyjovihkqwnkia/Build/Intermediates.noindex/Pods.build/Release-iphonesimulator/LSRFramework.build/DerivedSources -F/Users/edz/Library/Developer/Xcode/DerivedData/App-bytlbhqqorqzqidyjovihkqwnkia/Build/Products/Release-iphonesimulator/LSRFramework -F/Users/edz/Library/Developer/Xcode/DerivedData/App-bytlbhqqorqzqidyjovihkqwnkia/Build/Products/Release-iphonesimulator/MBProgressHUD -F/Users/edz/Library/Developer/Xcode/DerivedData/App-bytlbhqqorqzqidyjovihkqwnkia/Build/Products/Release-iphonesimulator/Masonry -Wincomplete-umbrella -w -Xanalyzer -analyzer-disable-all-checks -include /var/folders/4h/hxvz7hb959j4pw0pvbq686x00000gn/T/CocoaPods-Lint-20200722-25225-196xw43-UIModule/Pods/Target\ Support\ Files/LSRFramework/LSRFramework-prefix.pch -MMD -MT dependencies -MF /Users/edz/Library/Developer/Xcode/DerivedData/App-bytlbhqqorqzqidyjovihkqwnkia/Build/Intermediates.noindex/Pods.build/Release-iphonesimulator/LSRFramework.build/Objects-normal/x86_64/UIViewController+Push_Present.d --serialize-diagnostics /Users/edz/Library/Developer/Xcode/DerivedData/App-bytlbhqqorqzqidyjovihkqwnkia/Build/Intermediates.noindex/Pods.build/Release-iphonesimulator/LSRFramework.build/Objects-normal/x86_64/UIViewController+Push_Present.dia -c /var/folders/4h/hxvz7hb959j4pw0pvbq686x00000gn/T/CocoaPods-Lint-20200722-25225-196xw43-UIModule/Pods/LSRFramework/LSRFramework/Classes/BaseClasses/UIViewController/UIViewController+Push_Present.m -o /Users/edz/Library/Developer/Xcode/DerivedData/App-bytlbhqqorqzqidyjovihkqwnkia/Build/Intermediates.noindex/Pods.build/Release-iphonesimulator/LSRFramework.build/Objects-normal/x86_64/UIViewController+Push_Present.o
    
    CompileC /Users/edz/Library/Developer/Xcode/DerivedData/App-bytlbhqqorqzqidyjovihkqwnkia/Build/Intermediates.noindex/Pods.build/Release-iphonesimulator/LSRFramework.build/Objects-normal/x86_64/UIViewController+Protected.o /var/folders/4h/hxvz7hb959j4pw0pvbq686x00000gn/T/CocoaPods-Lint-20200722-25225-196xw43-UIModule/Pods/LSRFramework/LSRFramework/Classes/BaseClasses/UIViewController/UIViewController+Protected.m normal x86_64 objective-c com.apple.compilers.llvm.clang.1_0.compiler (in target 'LSRFramework' from project 'Pods')
        cd /var/folders/4h/hxvz7hb959j4pw0pvbq686x00000gn/T/CocoaPods-Lint-20200722-25225-196xw43-UIModule/Pods
        export LANG=en_US.US-ASCII
        /Applications/Xcode.app/Contents/Developer/Toolchains/XcodeDefault.xctoolchain/usr/bin/clang -x objective-c -target x86_64-apple-ios11.0-simulator -fmessage-length=0 -fdiagnostics-show-note-include-stack -fmacro-backtrace-limit=0 -std=gnu11 -fobjc-arc -fmodules -gmodules -fmodules-cache-path=/Users/edz/Library/Developer/Xcode/DerivedData/ModuleCache.noindex -fmodules-prune-interval=86400 -fmodules-prune-after=345600 -fbuild-session-file=/Users/edz/Library/Developer/Xcode/DerivedData/ModuleCache.noindex/Session.modulevalidation -fmodules-validate-once-per-build-session -Wnon-modular-include-in-framework-module -Werror=non-modular-include-in-framework-module -fmodule-name=LSRFramework -Wno-trigraphs -fpascal-strings -Os -fno-common -Wno-missing-field-initializers -Wno-missing-prototypes -Werror=return-type -Wdocumentation -Wunreachable-code -Wno-implicit-atomic-properties -Werror=deprecated-objc-isa-usage -Wno-objc-interface-ivars -Werror=objc-root-class -Wno-arc-repeated-use-of-weak -Wimplicit-retain-self -Wduplicate-method-match -Wno-missing-braces -Wparentheses -Wswitch -Wunused-function -Wno-unused-label -Wno-unused-parameter -Wunused-variable -Wunused-value -Wempty-body -Wuninitialized -Wconditional-uninitialized -Wno-unknown-pragmas -Wno-shadow -Wno-four-char-constants -Wno-conversion -Wconstant-conversion -Wint-conversion -Wbool-conversion -Wenum-conversion -Wno-float-conversion -Wnon-literal-null-conversion -Wobjc-literal-conversion -Wshorten-64-to-32 -Wpointer-sign -Wno-newline-eof -Wno-selector -Wno-strict-selector-match -Wundeclared-selector -Wdeprecated-implementations -DPOD_CONFIGURATION_RELEASE=1 -DCOCOAPODS=1 -DTTTFRAMEWORK=1 -DNS_BLOCK_ASSERTIONS=1 -DOBJC_OLD_DISPATCH_PROTOTYPES=0 -isysroot /Applications/Xcode.app/Contents/Developer/Platforms/iPhoneSimulator.platform/Developer/SDKs/iPhoneSimulator13.5.sdk -fasm-blocks -fstrict-aliasing -Wprotocol -Wdeprecated-declarations -g -Wno-sign-conversion -Winfinite-recursion -Wcomma -Wblock-capture-autoreleasing -Wstrict-prototypes -Wno-semicolon-before-method-body -Wunguarded-availability -fobjc-abi-version=2 -fobjc-legacy-dispatch -iquote /Users/edz/Library/Developer/Xcode/DerivedData/App-bytlbhqqorqzqidyjovihkqwnkia/Build/Intermediates.noindex/Pods.build/Release-iphonesimulator/LSRFramework.build/LSRFramework-generated-files.hmap -I/Users/edz/Library/Developer/Xcode/DerivedData/App-bytlbhqqorqzqidyjovihkqwnkia/Build/Intermediates.noindex/Pods.build/Release-iphonesimulator/LSRFramework.build/LSRFramework-own-target-headers.hmap -I/Users/edz/Library/Developer/Xcode/DerivedData/App-bytlbhqqorqzqidyjovihkqwnkia/Build/Intermediates.noindex/Pods.build/Release-iphonesimulator/LSRFramework.build/LSRFramework-all-non-framework-target-headers.hmap -ivfsoverlay /Users/edz/Library/Developer/Xcode/DerivedData/App-bytlbhqqorqzqidyjovihkqwnkia/Build/Intermediates.noindex/Pods.build/Release-iphonesimulator/LSRFramework.build/all-product-headers.yaml -iquote /Users/edz/Library/Developer/Xcode/DerivedData/App-bytlbhqqorqzqidyjovihkqwnkia/Build/Intermediates.noindex/Pods.build/Release-iphonesimulator/LSRFramework.build/LSRFramework-project-headers.hmap -I/Users/edz/Library/Developer/Xcode/DerivedData/App-bytlbhqqorqzqidyjovihkqwnkia/Build/Products/Release-iphonesimulator/LSRFramework/include -I/Users/edz/Library/Developer/Xcode/DerivedData/App-bytlbhqqorqzqidyjovihkqwnkia/Build/Intermediates.noindex/Pods.build/Release-iphonesimulator/LSRFramework.build/DerivedSources-normal/x86_64 -I/Users/edz/Library/Developer/Xcode/DerivedData/App-bytlbhqqorqzqidyjovihkqwnkia/Build/Intermediates.noindex/Pods.build/Release-iphonesimulator/LSRFramework.build/DerivedSources/x86_64 -I/Users/edz/Library/Developer/Xcode/DerivedData/App-bytlbhqqorqzqidyjovihkqwnkia/Build/Intermediates.noindex/Pods.build/Release-iphonesimulator/LSRFramework.build/DerivedSources -F/Users/edz/Library/Developer/Xcode/DerivedData/App-bytlbhqqorqzqidyjovihkqwnkia/Build/Products/Release-iphonesimulator/LSRFramework -F/Users/edz/Library/Developer/Xcode/DerivedData/App-bytlbhqqorqzqidyjovihkqwnkia/Build/Products/Release-iphonesimulator/MBProgressHUD -F/Users/edz/Library/Developer/Xcode/DerivedData/App-bytlbhqqorqzqidyjovihkqwnkia/Build/Products/Release-iphonesimulator/Masonry -Wincomplete-umbrella -w -Xanalyzer -analyzer-disable-all-checks -include /var/folders/4h/hxvz7hb959j4pw0pvbq686x00000gn/T/CocoaPods-Lint-20200722-25225-196xw43-UIModule/Pods/Target\ Support\ Files/LSRFramework/LSRFramework-prefix.pch -MMD -MT dependencies -MF /Users/edz/Library/Developer/Xcode/DerivedData/App-bytlbhqqorqzqidyjovihkqwnkia/Build/Intermediates.noindex/Pods.build/Release-iphonesimulator/LSRFramework.build/Objects-normal/x86_64/UIViewController+Protected.d --serialize-diagnostics /Users/edz/Library/Developer/Xcode/DerivedData/App-bytlbhqqorqzqidyjovihkqwnkia/Build/Intermediates.noindex/Pods.build/Release-iphonesimulator/LSRFramework.build/Objects-normal/x86_64/UIViewController+Protected.dia -c /var/folders/4h/hxvz7hb959j4pw0pvbq686x00000gn/T/CocoaPods-Lint-20200722-25225-196xw43-UIModule/Pods/LSRFramework/LSRFramework/Classes/BaseClasses/UIViewController/UIViewController+Protected.m -o /Users/edz/Library/Developer/Xcode/DerivedData/App-bytlbhqqorqzqidyjovihkqwnkia/Build/Intermediates.noindex/Pods.build/Release-iphonesimulator/LSRFramework.build/Objects-normal/x86_64/UIViewController+Protected.o
    
    CompileC /Users/edz/Library/Developer/Xcode/DerivedData/App-bytlbhqqorqzqidyjovihkqwnkia/Build/Intermediates.noindex/Pods.build/Release-iphonesimulator/LSRFramework.build/Objects-normal/x86_64/UIViewController+Picker.o /var/folders/4h/hxvz7hb959j4pw0pvbq686x00000gn/T/CocoaPods-Lint-20200722-25225-196xw43-UIModule/Pods/LSRFramework/LSRFramework/Classes/BaseClasses/UIViewController/Picker/UIViewController+Picker.m normal x86_64 objective-c com.apple.compilers.llvm.clang.1_0.compiler (in target 'LSRFramework' from project 'Pods')
        cd /var/folders/4h/hxvz7hb959j4pw0pvbq686x00000gn/T/CocoaPods-Lint-20200722-25225-196xw43-UIModule/Pods
        export LANG=en_US.US-ASCII
        /Applications/Xcode.app/Contents/Developer/Toolchains/XcodeDefault.xctoolchain/usr/bin/clang -x objective-c -target x86_64-apple-ios11.0-simulator -fmessage-length=0 -fdiagnostics-show-note-include-stack -fmacro-backtrace-limit=0 -std=gnu11 -fobjc-arc -fmodules -gmodules -fmodules-cache-path=/Users/edz/Library/Developer/Xcode/DerivedData/ModuleCache.noindex -fmodules-prune-interval=86400 -fmodules-prune-after=345600 -fbuild-session-file=/Users/edz/Library/Developer/Xcode/DerivedData/ModuleCache.noindex/Session.modulevalidation -fmodules-validate-once-per-build-session -Wnon-modular-include-in-framework-module -Werror=non-modular-include-in-framework-module -fmodule-name=LSRFramework -Wno-trigraphs -fpascal-strings -Os -fno-common -Wno-missing-field-initializers -Wno-missing-prototypes -Werror=return-type -Wdocumentation -Wunreachable-code -Wno-implicit-atomic-properties -Werror=deprecated-objc-isa-usage -Wno-objc-interface-ivars -Werror=objc-root-class -Wno-arc-repeated-use-of-weak -Wimplicit-retain-self -Wduplicate-method-match -Wno-missing-braces -Wparentheses -Wswitch -Wunused-function -Wno-unused-label -Wno-unused-parameter -Wunused-variable -Wunused-value -Wempty-body -Wuninitialized -Wconditional-uninitialized -Wno-unknown-pragmas -Wno-shadow -Wno-four-char-constants -Wno-conversion -Wconstant-conversion -Wint-conversion -Wbool-conversion -Wenum-conversion -Wno-float-conversion -Wnon-literal-null-conversion -Wobjc-literal-conversion -Wshorten-64-to-32 -Wpointer-sign -Wno-newline-eof -Wno-selector -Wno-strict-selector-match -Wundeclared-selector -Wdeprecated-implementations -DPOD_CONFIGURATION_RELEASE=1 -DCOCOAPODS=1 -DTTTFRAMEWORK=1 -DNS_BLOCK_ASSERTIONS=1 -DOBJC_OLD_DISPATCH_PROTOTYPES=0 -isysroot /Applications/Xcode.app/Contents/Developer/Platforms/iPhoneSimulator.platform/Developer/SDKs/iPhoneSimulator13.5.sdk -fasm-blocks -fstrict-aliasing -Wprotocol -Wdeprecated-declarations -g -Wno-sign-conversion -Winfinite-recursion -Wcomma -Wblock-capture-autoreleasing -Wstrict-prototypes -Wno-semicolon-before-method-body -Wunguarded-availability -fobjc-abi-version=2 -fobjc-legacy-dispatch -iquote /Users/edz/Library/Developer/Xcode/DerivedData/App-bytlbhqqorqzqidyjovihkqwnkia/Build/Intermediates.noindex/Pods.build/Release-iphonesimulator/LSRFramework.build/LSRFramework-generated-files.hmap -I/Users/edz/Library/Developer/Xcode/DerivedData/App-bytlbhqqorqzqidyjovihkqwnkia/Build/Intermediates.noindex/Pods.build/Release-iphonesimulator/LSRFramework.build/LSRFramework-own-target-headers.hmap -I/Users/edz/Library/Developer/Xcode/DerivedData/App-bytlbhqqorqzqidyjovihkqwnkia/Build/Intermediates.noindex/Pods.build/Release-iphonesimulator/LSRFramework.build/LSRFramework-all-non-framework-target-headers.hmap -ivfsoverlay /Users/edz/Library/Developer/Xcode/DerivedData/App-bytlbhqqorqzqidyjovihkqwnkia/Build/Intermediates.noindex/Pods.build/Release-iphonesimulator/LSRFramework.build/all-product-headers.yaml -iquote /Users/edz/Library/Developer/Xcode/DerivedData/App-bytlbhqqorqzqidyjovihkqwnkia/Build/Intermediates.noindex/Pods.build/Release-iphonesimulator/LSRFramework.build/LSRFramework-project-headers.hmap -I/Users/edz/Library/Developer/Xcode/DerivedData/App-bytlbhqqorqzqidyjovihkqwnkia/Build/Products/Release-iphonesimulator/LSRFramework/include -I/Users/edz/Library/Developer/Xcode/DerivedData/App-bytlbhqqorqzqidyjovihkqwnkia/Build/Intermediates.noindex/Pods.build/Release-iphonesimulator/LSRFramework.build/DerivedSources-normal/x86_64 -I/Users/edz/Library/Developer/Xcode/DerivedData/App-bytlbhqqorqzqidyjovihkqwnkia/Build/Intermediates.noindex/Pods.build/Release-iphonesimulator/LSRFramework.build/DerivedSources/x86_64 -I/Users/edz/Library/Developer/Xcode/DerivedData/App-bytlbhqqorqzqidyjovihkqwnkia/Build/Intermediates.noindex/Pods.build/Release-iphonesimulator/LSRFramework.build/DerivedSources -F/Users/edz/Library/Developer/Xcode/DerivedData/App-bytlbhqqorqzqidyjovihkqwnkia/Build/Products/Release-iphonesimulator/LSRFramework -F/Users/edz/Library/Developer/Xcode/DerivedData/App-bytlbhqqorqzqidyjovihkqwnkia/Build/Products/Release-iphonesimulator/MBProgressHUD -F/Users/edz/Library/Developer/Xcode/DerivedData/App-bytlbhqqorqzqidyjovihkqwnkia/Build/Products/Release-iphonesimulator/Masonry -Wincomplete-umbrella -w -Xanalyzer -analyzer-disable-all-checks -include /var/folders/4h/hxvz7hb959j4pw0pvbq686x00000gn/T/CocoaPods-Lint-20200722-25225-196xw43-UIModule/Pods/Target\ Support\ Files/LSRFramework/LSRFramework-prefix.pch -MMD -MT dependencies -MF /Users/edz/Library/Developer/Xcode/DerivedData/App-bytlbhqqorqzqidyjovihkqwnkia/Build/Intermediates.noindex/Pods.build/Release-iphonesimulator/LSRFramework.build/Objects-normal/x86_64/UIViewController+Picker.d --serialize-diagnostics /Users/edz/Library/Developer/Xcode/DerivedData/App-bytlbhqqorqzqidyjovihkqwnkia/Build/Intermediates.noindex/Pods.build/Release-iphonesimulator/LSRFramework.build/Objects-normal/x86_64/UIViewController+Picker.dia -c /var/folders/4h/hxvz7hb959j4pw0pvbq686x00000gn/T/CocoaPods-Lint-20200722-25225-196xw43-UIModule/Pods/LSRFramework/LSRFramework/Classes/BaseClasses/UIViewController/Picker/UIViewController+Picker.m -o /Users/edz/Library/Developer/Xcode/DerivedData/App-bytlbhqqorqzqidyjovihkqwnkia/Build/Intermediates.noindex/Pods.build/Release-iphonesimulator/LSRFramework.build/Objects-normal/x86_64/UIViewController+Picker.o
    
    CompileC /Users/edz/Library/Developer/Xcode/DerivedData/App-bytlbhqqorqzqidyjovihkqwnkia/Build/Intermediates.noindex/Pods.build/Release-iphonesimulator/LSRFramework.build/Objects-normal/x86_64/UIViewController+NetworkStatus.o /var/folders/4h/hxvz7hb959j4pw0pvbq686x00000gn/T/CocoaPods-Lint-20200722-25225-196xw43-UIModule/Pods/LSRFramework/LSRFramework/Classes/BaseClasses/UIViewController/Network/UIViewController+NetworkStatus.m normal x86_64 objective-c com.apple.compilers.llvm.clang.1_0.compiler (in target 'LSRFramework' from project 'Pods')
        cd /var/folders/4h/hxvz7hb959j4pw0pvbq686x00000gn/T/CocoaPods-Lint-20200722-25225-196xw43-UIModule/Pods
        export LANG=en_US.US-ASCII
        /Applications/Xcode.app/Contents/Developer/Toolchains/XcodeDefault.xctoolchain/usr/bin/clang -x objective-c -target x86_64-apple-ios11.0-simulator -fmessage-length=0 -fdiagnostics-show-note-include-stack -fmacro-backtrace-limit=0 -std=gnu11 -fobjc-arc -fmodules -gmodules -fmodules-cache-path=/Users/edz/Library/Developer/Xcode/DerivedData/ModuleCache.noindex -fmodules-prune-interval=86400 -fmodules-prune-after=345600 -fbuild-session-file=/Users/edz/Library/Developer/Xcode/DerivedData/ModuleCache.noindex/Session.modulevalidation -fmodules-validate-once-per-build-session -Wnon-modular-include-in-framework-module -Werror=non-modular-include-in-framework-module -fmodule-name=LSRFramework -Wno-trigraphs -fpascal-strings -Os -fno-common -Wno-missing-field-initializers -Wno-missing-prototypes -Werror=return-type -Wdocumentation -Wunreachable-code -Wno-implicit-atomic-properties -Werror=deprecated-objc-isa-usage -Wno-objc-interface-ivars -Werror=objc-root-class -Wno-arc-repeated-use-of-weak -Wimplicit-retain-self -Wduplicate-method-match -Wno-missing-braces -Wparentheses -Wswitch -Wunused-function -Wno-unused-label -Wno-unused-parameter -Wunused-variable -Wunused-value -Wempty-body -Wuninitialized -Wconditional-uninitialized -Wno-unknown-pragmas -Wno-shadow -Wno-four-char-constants -Wno-conversion -Wconstant-conversion -Wint-conversion -Wbool-conversion -Wenum-conversion -Wno-float-conversion -Wnon-literal-null-conversion -Wobjc-literal-conversion -Wshorten-64-to-32 -Wpointer-sign -Wno-newline-eof -Wno-selector -Wno-strict-selector-match -Wundeclared-selector -Wdeprecated-implementations -DPOD_CONFIGURATION_RELEASE=1 -DCOCOAPODS=1 -DTTTFRAMEWORK=1 -DNS_BLOCK_ASSERTIONS=1 -DOBJC_OLD_DISPATCH_PROTOTYPES=0 -isysroot /Applications/Xcode.app/Contents/Developer/Platforms/iPhoneSimulator.platform/Developer/SDKs/iPhoneSimulator13.5.sdk -fasm-blocks -fstrict-aliasing -Wprotocol -Wdeprecated-declarations -g -Wno-sign-conversion -Winfinite-recursion -Wcomma -Wblock-capture-autoreleasing -Wstrict-prototypes -Wno-semicolon-before-method-body -Wunguarded-availability -fobjc-abi-version=2 -fobjc-legacy-dispatch -iquote /Users/edz/Library/Developer/Xcode/DerivedData/App-bytlbhqqorqzqidyjovihkqwnkia/Build/Intermediates.noindex/Pods.build/Release-iphonesimulator/LSRFramework.build/LSRFramework-generated-files.hmap -I/Users/edz/Library/Developer/Xcode/DerivedData/App-bytlbhqqorqzqidyjovihkqwnkia/Build/Intermediates.noindex/Pods.build/Release-iphonesimulator/LSRFramework.build/LSRFramework-own-target-headers.hmap -I/Users/edz/Library/Developer/Xcode/DerivedData/App-bytlbhqqorqzqidyjovihkqwnkia/Build/Intermediates.noindex/Pods.build/Release-iphonesimulator/LSRFramework.build/LSRFramework-all-non-framework-target-headers.hmap -ivfsoverlay /Users/edz/Library/Developer/Xcode/DerivedData/App-bytlbhqqorqzqidyjovihkqwnkia/Build/Intermediates.noindex/Pods.build/Release-iphonesimulator/LSRFramework.build/all-product-headers.yaml -iquote /Users/edz/Library/Developer/Xcode/DerivedData/App-bytlbhqqorqzqidyjovihkqwnkia/Build/Intermediates.noindex/Pods.build/Release-iphonesimulator/LSRFramework.build/LSRFramework-project-headers.hmap -I/Users/edz/Library/Developer/Xcode/DerivedData/App-bytlbhqqorqzqidyjovihkqwnkia/Build/Products/Release-iphonesimulator/LSRFramework/include -I/Users/edz/Library/Developer/Xcode/DerivedData/App-bytlbhqqorqzqidyjovihkqwnkia/Build/Intermediates.noindex/Pods.build/Release-iphonesimulator/LSRFramework.build/DerivedSources-normal/x86_64 -I/Users/edz/Library/Developer/Xcode/DerivedData/App-bytlbhqqorqzqidyjovihkqwnkia/Build/Intermediates.noindex/Pods.build/Release-iphonesimulator/LSRFramework.build/DerivedSources/x86_64 -I/Users/edz/Library/Developer/Xcode/DerivedData/App-bytlbhqqorqzqidyjovihkqwnkia/Build/Intermediates.noindex/Pods.build/Release-iphonesimulator/LSRFramework.build/DerivedSources -F/Users/edz/Library/Developer/Xcode/DerivedData/App-bytlbhqqorqzqidyjovihkqwnkia/Build/Products/Release-iphonesimulator/LSRFramework -F/Users/edz/Library/Developer/Xcode/DerivedData/App-bytlbhqqorqzqidyjovihkqwnkia/Build/Products/Release-iphonesimulator/MBProgressHUD -F/Users/edz/Library/Developer/Xcode/DerivedData/App-bytlbhqqorqzqidyjovihkqwnkia/Build/Products/Release-iphonesimulator/Masonry -Wincomplete-umbrella -w -Xanalyzer -analyzer-disable-all-checks -include /var/folders/4h/hxvz7hb959j4pw0pvbq686x00000gn/T/CocoaPods-Lint-20200722-25225-196xw43-UIModule/Pods/Target\ Support\ Files/LSRFramework/LSRFramework-prefix.pch -MMD -MT dependencies -MF /Users/edz/Library/Developer/Xcode/DerivedData/App-bytlbhqqorqzqidyjovihkqwnkia/Build/Intermediates.noindex/Pods.build/Release-iphonesimulator/LSRFramework.build/Objects-normal/x86_64/UIViewController+NetworkStatus.d --serialize-diagnostics /Users/edz/Library/Developer/Xcode/DerivedData/App-bytlbhqqorqzqidyjovihkqwnkia/Build/Intermediates.noindex/Pods.build/Release-iphonesimulator/LSRFramework.build/Objects-normal/x86_64/UIViewController+NetworkStatus.dia -c /var/folders/4h/hxvz7hb959j4pw0pvbq686x00000gn/T/CocoaPods-Lint-20200722-25225-196xw43-UIModule/Pods/LSRFramework/LSRFramework/Classes/BaseClasses/UIViewController/Network/UIViewController+NetworkStatus.m -o /Users/edz/Library/Developer/Xcode/DerivedData/App-bytlbhqqorqzqidyjovihkqwnkia/Build/Intermediates.noindex/Pods.build/Release-iphonesimulator/LSRFramework.build/Objects-normal/x86_64/UIViewController+NetworkStatus.o
    
    CompileC /Users/edz/Library/Developer/Xcode/DerivedData/App-bytlbhqqorqzqidyjovihkqwnkia/Build/Intermediates.noindex/Pods.build/Release-iphonesimulator/LSRFramework.build/Objects-normal/x86_64/UIViewController+NavigationBar.o /var/folders/4h/hxvz7hb959j4pw0pvbq686x00000gn/T/CocoaPods-Lint-20200722-25225-196xw43-UIModule/Pods/LSRFramework/LSRFramework/Classes/BaseClasses/UIViewController/UIViewController+NavigationBar.m normal x86_64 objective-c com.apple.compilers.llvm.clang.1_0.compiler (in target 'LSRFramework' from project 'Pods')
        cd /var/folders/4h/hxvz7hb959j4pw0pvbq686x00000gn/T/CocoaPods-Lint-20200722-25225-196xw43-UIModule/Pods
        export LANG=en_US.US-ASCII
        /Applications/Xcode.app/Contents/Developer/Toolchains/XcodeDefault.xctoolchain/usr/bin/clang -x objective-c -target x86_64-apple-ios11.0-simulator -fmessage-length=0 -fdiagnostics-show-note-include-stack -fmacro-backtrace-limit=0 -std=gnu11 -fobjc-arc -fmodules -gmodules -fmodules-cache-path=/Users/edz/Library/Developer/Xcode/DerivedData/ModuleCache.noindex -fmodules-prune-interval=86400 -fmodules-prune-after=345600 -fbuild-session-file=/Users/edz/Library/Developer/Xcode/DerivedData/ModuleCache.noindex/Session.modulevalidation -fmodules-validate-once-per-build-session -Wnon-modular-include-in-framework-module -Werror=non-modular-include-in-framework-module -fmodule-name=LSRFramework -Wno-trigraphs -fpascal-strings -Os -fno-common -Wno-missing-field-initializers -Wno-missing-prototypes -Werror=return-type -Wdocumentation -Wunreachable-code -Wno-implicit-atomic-properties -Werror=deprecated-objc-isa-usage -Wno-objc-interface-ivars -Werror=objc-root-class -Wno-arc-repeated-use-of-weak -Wimplicit-retain-self -Wduplicate-method-match -Wno-missing-braces -Wparentheses -Wswitch -Wunused-function -Wno-unused-label -Wno-unused-parameter -Wunused-variable -Wunused-value -Wempty-body -Wuninitialized -Wconditional-uninitialized -Wno-unknown-pragmas -Wno-shadow -Wno-four-char-constants -Wno-conversion -Wconstant-conversion -Wint-conversion -Wbool-conversion -Wenum-conversion -Wno-float-conversion -Wnon-literal-null-conversion -Wobjc-literal-conversion -Wshorten-64-to-32 -Wpointer-sign -Wno-newline-eof -Wno-selector -Wno-strict-selector-match -Wundeclared-selector -Wdeprecated-implementations -DPOD_CONFIGURATION_RELEASE=1 -DCOCOAPODS=1 -DTTTFRAMEWORK=1 -DNS_BLOCK_ASSERTIONS=1 -DOBJC_OLD_DISPATCH_PROTOTYPES=0 -isysroot /Applications/Xcode.app/Contents/Developer/Platforms/iPhoneSimulator.platform/Developer/SDKs/iPhoneSimulator13.5.sdk -fasm-blocks -fstrict-aliasing -Wprotocol -Wdeprecated-declarations -g -Wno-sign-conversion -Winfinite-recursion -Wcomma -Wblock-capture-autoreleasing -Wstrict-prototypes -Wno-semicolon-before-method-body -Wunguarded-availability -fobjc-abi-version=2 -fobjc-legacy-dispatch -iquote /Users/edz/Library/Developer/Xcode/DerivedData/App-bytlbhqqorqzqidyjovihkqwnkia/Build/Intermediates.noindex/Pods.build/Release-iphonesimulator/LSRFramework.build/LSRFramework-generated-files.hmap -I/Users/edz/Library/Developer/Xcode/DerivedData/App-bytlbhqqorqzqidyjovihkqwnkia/Build/Intermediates.noindex/Pods.build/Release-iphonesimulator/LSRFramework.build/LSRFramework-own-target-headers.hmap -I/Users/edz/Library/Developer/Xcode/DerivedData/App-bytlbhqqorqzqidyjovihkqwnkia/Build/Intermediates.noindex/Pods.build/Release-iphonesimulator/LSRFramework.build/LSRFramework-all-non-framework-target-headers.hmap -ivfsoverlay /Users/edz/Library/Developer/Xcode/DerivedData/App-bytlbhqqorqzqidyjovihkqwnkia/Build/Intermediates.noindex/Pods.build/Release-iphonesimulator/LSRFramework.build/all-product-headers.yaml -iquote /Users/edz/Library/Developer/Xcode/DerivedData/App-bytlbhqqorqzqidyjovihkqwnkia/Build/Intermediates.noindex/Pods.build/Release-iphonesimulator/LSRFramework.build/LSRFramework-project-headers.hmap -I/Users/edz/Library/Developer/Xcode/DerivedData/App-bytlbhqqorqzqidyjovihkqwnkia/Build/Products/Release-iphonesimulator/LSRFramework/include -I/Users/edz/Library/Developer/Xcode/DerivedData/App-bytlbhqqorqzqidyjovihkqwnkia/Build/Intermediates.noindex/Pods.build/Release-iphonesimulator/LSRFramework.build/DerivedSources-normal/x86_64 -I/Users/edz/Library/Developer/Xcode/DerivedData/App-bytlbhqqorqzqidyjovihkqwnkia/Build/Intermediates.noindex/Pods.build/Release-iphonesimulator/LSRFramework.build/DerivedSources/x86_64 -I/Users/edz/Library/Developer/Xcode/DerivedData/App-bytlbhqqorqzqidyjovihkqwnkia/Build/Intermediates.noindex/Pods.build/Release-iphonesimulator/LSRFramework.build/DerivedSources -F/Users/edz/Library/Developer/Xcode/DerivedData/App-bytlbhqqorqzqidyjovihkqwnkia/Build/Products/Release-iphonesimulator/LSRFramework -F/Users/edz/Library/Developer/Xcode/DerivedData/App-bytlbhqqorqzqidyjovihkqwnkia/Build/Products/Release-iphonesimulator/MBProgressHUD -F/Users/edz/Library/Developer/Xcode/DerivedData/App-bytlbhqqorqzqidyjovihkqwnkia/Build/Products/Release-iphonesimulator/Masonry -Wincomplete-umbrella -w -Xanalyzer -analyzer-disable-all-checks -include /var/folders/4h/hxvz7hb959j4pw0pvbq686x00000gn/T/CocoaPods-Lint-20200722-25225-196xw43-UIModule/Pods/Target\ Support\ Files/LSRFramework/LSRFramework-prefix.pch -MMD -MT dependencies -MF /Users/edz/Library/Developer/Xcode/DerivedData/App-bytlbhqqorqzqidyjovihkqwnkia/Build/Intermediates.noindex/Pods.build/Release-iphonesimulator/LSRFramework.build/Objects-normal/x86_64/UIViewController+NavigationBar.d --serialize-diagnostics /Users/edz/Library/Developer/Xcode/DerivedData/App-bytlbhqqorqzqidyjovihkqwnkia/Build/Intermediates.noindex/Pods.build/Release-iphonesimulator/LSRFramework.build/Objects-normal/x86_64/UIViewController+NavigationBar.dia -c /var/folders/4h/hxvz7hb959j4pw0pvbq686x00000gn/T/CocoaPods-Lint-20200722-25225-196xw43-UIModule/Pods/LSRFramework/LSRFramework/Classes/BaseClasses/UIViewController/UIViewController+NavigationBar.m -o /Users/edz/Library/Developer/Xcode/DerivedData/App-bytlbhqqorqzqidyjovihkqwnkia/Build/Intermediates.noindex/Pods.build/Release-iphonesimulator/LSRFramework.build/Objects-normal/x86_64/UIViewController+NavigationBar.o
    
    CompileC /Users/edz/Library/Developer/Xcode/DerivedData/App-bytlbhqqorqzqidyjovihkqwnkia/Build/Intermediates.noindex/Pods.build/Release-iphonesimulator/LSRFramework.build/Objects-normal/x86_64/UIViewController+Loading_Prompt.o /var/folders/4h/hxvz7hb959j4pw0pvbq686x00000gn/T/CocoaPods-Lint-20200722-25225-196xw43-UIModule/Pods/LSRFramework/LSRFramework/Classes/BaseClasses/UIViewController/Loading/UIViewController+Loading_Prompt.m normal x86_64 objective-c com.apple.compilers.llvm.clang.1_0.compiler (in target 'LSRFramework' from project 'Pods')
        cd /var/folders/4h/hxvz7hb959j4pw0pvbq686x00000gn/T/CocoaPods-Lint-20200722-25225-196xw43-UIModule/Pods
        export LANG=en_US.US-ASCII
        /Applications/Xcode.app/Contents/Developer/Toolchains/XcodeDefault.xctoolchain/usr/bin/clang -x objective-c -target x86_64-apple-ios11.0-simulator -fmessage-length=0 -fdiagnostics-show-note-include-stack -fmacro-backtrace-limit=0 -std=gnu11 -fobjc-arc -fmodules -gmodules -fmodules-cache-path=/Users/edz/Library/Developer/Xcode/DerivedData/ModuleCache.noindex -fmodules-prune-interval=86400 -fmodules-prune-after=345600 -fbuild-session-file=/Users/edz/Library/Developer/Xcode/DerivedData/ModuleCache.noindex/Session.modulevalidation -fmodules-validate-once-per-build-session -Wnon-modular-include-in-framework-module -Werror=non-modular-include-in-framework-module -fmodule-name=LSRFramework -Wno-trigraphs -fpascal-strings -Os -fno-common -Wno-missing-field-initializers -Wno-missing-prototypes -Werror=return-type -Wdocumentation -Wunreachable-code -Wno-implicit-atomic-properties -Werror=deprecated-objc-isa-usage -Wno-objc-interface-ivars -Werror=objc-root-class -Wno-arc-repeated-use-of-weak -Wimplicit-retain-self -Wduplicate-method-match -Wno-missing-braces -Wparentheses -Wswitch -Wunused-function -Wno-unused-label -Wno-unused-parameter -Wunused-variable -Wunused-value -Wempty-body -Wuninitialized -Wconditional-uninitialized -Wno-unknown-pragmas -Wno-shadow -Wno-four-char-constants -Wno-conversion -Wconstant-conversion -Wint-conversion -Wbool-conversion -Wenum-conversion -Wno-float-conversion -Wnon-literal-null-conversion -Wobjc-literal-conversion -Wshorten-64-to-32 -Wpointer-sign -Wno-newline-eof -Wno-selector -Wno-strict-selector-match -Wundeclared-selector -Wdeprecated-implementations -DPOD_CONFIGURATION_RELEASE=1 -DCOCOAPODS=1 -DTTTFRAMEWORK=1 -DNS_BLOCK_ASSERTIONS=1 -DOBJC_OLD_DISPATCH_PROTOTYPES=0 -isysroot /Applications/Xcode.app/Contents/Developer/Platforms/iPhoneSimulator.platform/Developer/SDKs/iPhoneSimulator13.5.sdk -fasm-blocks -fstrict-aliasing -Wprotocol -Wdeprecated-declarations -g -Wno-sign-conversion -Winfinite-recursion -Wcomma -Wblock-capture-autoreleasing -Wstrict-prototypes -Wno-semicolon-before-method-body -Wunguarded-availability -fobjc-abi-version=2 -fobjc-legacy-dispatch -iquote /Users/edz/Library/Developer/Xcode/DerivedData/App-bytlbhqqorqzqidyjovihkqwnkia/Build/Intermediates.noindex/Pods.build/Release-iphonesimulator/LSRFramework.build/LSRFramework-generated-files.hmap -I/Users/edz/Library/Developer/Xcode/DerivedData/App-bytlbhqqorqzqidyjovihkqwnkia/Build/Intermediates.noindex/Pods.build/Release-iphonesimulator/LSRFramework.build/LSRFramework-own-target-headers.hmap -I/Users/edz/Library/Developer/Xcode/DerivedData/App-bytlbhqqorqzqidyjovihkqwnkia/Build/Intermediates.noindex/Pods.build/Release-iphonesimulator/LSRFramework.build/LSRFramework-all-non-framework-target-headers.hmap -ivfsoverlay /Users/edz/Library/Developer/Xcode/DerivedData/App-bytlbhqqorqzqidyjovihkqwnkia/Build/Intermediates.noindex/Pods.build/Release-iphonesimulator/LSRFramework.build/all-product-headers.yaml -iquote /Users/edz/Library/Developer/Xcode/DerivedData/App-bytlbhqqorqzqidyjovihkqwnkia/Build/Intermediates.noindex/Pods.build/Release-iphonesimulator/LSRFramework.build/LSRFramework-project-headers.hmap -I/Users/edz/Library/Developer/Xcode/DerivedData/App-bytlbhqqorqzqidyjovihkqwnkia/Build/Products/Release-iphonesimulator/LSRFramework/include -I/Users/edz/Library/Developer/Xcode/DerivedData/App-bytlbhqqorqzqidyjovihkqwnkia/Build/Intermediates.noindex/Pods.build/Release-iphonesimulator/LSRFramework.build/DerivedSources-normal/x86_64 -I/Users/edz/Library/Developer/Xcode/DerivedData/App-bytlbhqqorqzqidyjovihkqwnkia/Build/Intermediates.noindex/Pods.build/Release-iphonesimulator/LSRFramework.build/DerivedSources/x86_64 -I/Users/edz/Library/Developer/Xcode/DerivedData/App-bytlbhqqorqzqidyjovihkqwnkia/Build/Intermediates.noindex/Pods.build/Release-iphonesimulator/LSRFramework.build/DerivedSources -F/Users/edz/Library/Developer/Xcode/DerivedData/App-bytlbhqqorqzqidyjovihkqwnkia/Build/Products/Release-iphonesimulator/LSRFramework -F/Users/edz/Library/Developer/Xcode/DerivedData/App-bytlbhqqorqzqidyjovihkqwnkia/Build/Products/Release-iphonesimulator/MBProgressHUD -F/Users/edz/Library/Developer/Xcode/DerivedData/App-bytlbhqqorqzqidyjovihkqwnkia/Build/Products/Release-iphonesimulator/Masonry -Wincomplete-umbrella -w -Xanalyzer -analyzer-disable-all-checks -include /var/folders/4h/hxvz7hb959j4pw0pvbq686x00000gn/T/CocoaPods-Lint-20200722-25225-196xw43-UIModule/Pods/Target\ Support\ Files/LSRFramework/LSRFramework-prefix.pch -MMD -MT dependencies -MF /Users/edz/Library/Developer/Xcode/DerivedData/App-bytlbhqqorqzqidyjovihkqwnkia/Build/Intermediates.noindex/Pods.build/Release-iphonesimulator/LSRFramework.build/Objects-normal/x86_64/UIViewController+Loading_Prompt.d --serialize-diagnostics /Users/edz/Library/Developer/Xcode/DerivedData/App-bytlbhqqorqzqidyjovihkqwnkia/Build/Intermediates.noindex/Pods.build/Release-iphonesimulator/LSRFramework.build/Objects-normal/x86_64/UIViewController+Loading_Prompt.dia -c /var/folders/4h/hxvz7hb959j4pw0pvbq686x00000gn/T/CocoaPods-Lint-20200722-25225-196xw43-UIModule/Pods/LSRFramework/LSRFramework/Classes/BaseClasses/UIViewController/Loading/UIViewController+Loading_Prompt.m -o /Users/edz/Library/Developer/Xcode/DerivedData/App-bytlbhqqorqzqidyjovihkqwnkia/Build/Intermediates.noindex/Pods.build/Release-iphonesimulator/LSRFramework.build/Objects-normal/x86_64/UIViewController+Loading_Prompt.o
    
    CompileC /Users/edz/Library/Developer/Xcode/DerivedData/App-bytlbhqqorqzqidyjovihkqwnkia/Build/Intermediates.noindex/Pods.build/Release-iphonesimulator/LSRFramework.build/Objects-normal/x86_64/UIViewController+LoadingSuperView.o /var/folders/4h/hxvz7hb959j4pw0pvbq686x00000gn/T/CocoaPods-Lint-20200722-25225-196xw43-UIModule/Pods/LSRFramework/LSRFramework/Classes/BaseClasses/UIViewController/Loading/UIViewController+LoadingSuperView.m normal x86_64 objective-c com.apple.compilers.llvm.clang.1_0.compiler (in target 'LSRFramework' from project 'Pods')
        cd /var/folders/4h/hxvz7hb959j4pw0pvbq686x00000gn/T/CocoaPods-Lint-20200722-25225-196xw43-UIModule/Pods
        export LANG=en_US.US-ASCII
        /Applications/Xcode.app/Contents/Developer/Toolchains/XcodeDefault.xctoolchain/usr/bin/clang -x objective-c -target x86_64-apple-ios11.0-simulator -fmessage-length=0 -fdiagnostics-show-note-include-stack -fmacro-backtrace-limit=0 -std=gnu11 -fobjc-arc -fmodules -gmodules -fmodules-cache-path=/Users/edz/Library/Developer/Xcode/DerivedData/ModuleCache.noindex -fmodules-prune-interval=86400 -fmodules-prune-after=345600 -fbuild-session-file=/Users/edz/Library/Developer/Xcode/DerivedData/ModuleCache.noindex/Session.modulevalidation -fmodules-validate-once-per-build-session -Wnon-modular-include-in-framework-module -Werror=non-modular-include-in-framework-module -fmodule-name=LSRFramework -Wno-trigraphs -fpascal-strings -Os -fno-common -Wno-missing-field-initializers -Wno-missing-prototypes -Werror=return-type -Wdocumentation -Wunreachable-code -Wno-implicit-atomic-properties -Werror=deprecated-objc-isa-usage -Wno-objc-interface-ivars -Werror=objc-root-class -Wno-arc-repeated-use-of-weak -Wimplicit-retain-self -Wduplicate-method-match -Wno-missing-braces -Wparentheses -Wswitch -Wunused-function -Wno-unused-label -Wno-unused-parameter -Wunused-variable -Wunused-value -Wempty-body -Wuninitialized -Wconditional-uninitialized -Wno-unknown-pragmas -Wno-shadow -Wno-four-char-constants -Wno-conversion -Wconstant-conversion -Wint-conversion -Wbool-conversion -Wenum-conversion -Wno-float-conversion -Wnon-literal-null-conversion -Wobjc-literal-conversion -Wshorten-64-to-32 -Wpointer-sign -Wno-newline-eof -Wno-selector -Wno-strict-selector-match -Wundeclared-selector -Wdeprecated-implementations -DPOD_CONFIGURATION_RELEASE=1 -DCOCOAPODS=1 -DTTTFRAMEWORK=1 -DNS_BLOCK_ASSERTIONS=1 -DOBJC_OLD_DISPATCH_PROTOTYPES=0 -isysroot /Applications/Xcode.app/Contents/Developer/Platforms/iPhoneSimulator.platform/Developer/SDKs/iPhoneSimulator13.5.sdk -fasm-blocks -fstrict-aliasing -Wprotocol -Wdeprecated-declarations -g -Wno-sign-conversion -Winfinite-recursion -Wcomma -Wblock-capture-autoreleasing -Wstrict-prototypes -Wno-semicolon-before-method-body -Wunguarded-availability -fobjc-abi-version=2 -fobjc-legacy-dispatch -iquote /Users/edz/Library/Developer/Xcode/DerivedData/App-bytlbhqqorqzqidyjovihkqwnkia/Build/Intermediates.noindex/Pods.build/Release-iphonesimulator/LSRFramework.build/LSRFramework-generated-files.hmap -I/Users/edz/Library/Developer/Xcode/DerivedData/App-bytlbhqqorqzqidyjovihkqwnkia/Build/Intermediates.noindex/Pods.build/Release-iphonesimulator/LSRFramework.build/LSRFramework-own-target-headers.hmap -I/Users/edz/Library/Developer/Xcode/DerivedData/App-bytlbhqqorqzqidyjovihkqwnkia/Build/Intermediates.noindex/Pods.build/Release-iphonesimulator/LSRFramework.build/LSRFramework-all-non-framework-target-headers.hmap -ivfsoverlay /Users/edz/Library/Developer/Xcode/DerivedData/App-bytlbhqqorqzqidyjovihkqwnkia/Build/Intermediates.noindex/Pods.build/Release-iphonesimulator/LSRFramework.build/all-product-headers.yaml -iquote /Users/edz/Library/Developer/Xcode/DerivedData/App-bytlbhqqorqzqidyjovihkqwnkia/Build/Intermediates.noindex/Pods.build/Release-iphonesimulator/LSRFramework.build/LSRFramework-project-headers.hmap -I/Users/edz/Library/Developer/Xcode/DerivedData/App-bytlbhqqorqzqidyjovihkqwnkia/Build/Products/Release-iphonesimulator/LSRFramework/include -I/Users/edz/Library/Developer/Xcode/DerivedData/App-bytlbhqqorqzqidyjovihkqwnkia/Build/Intermediates.noindex/Pods.build/Release-iphonesimulator/LSRFramework.build/DerivedSources-normal/x86_64 -I/Users/edz/Library/Developer/Xcode/DerivedData/App-bytlbhqqorqzqidyjovihkqwnkia/Build/Intermediates.noindex/Pods.build/Release-iphonesimulator/LSRFramework.build/DerivedSources/x86_64 -I/Users/edz/Library/Developer/Xcode/DerivedData/App-bytlbhqqorqzqidyjovihkqwnkia/Build/Intermediates.noindex/Pods.build/Release-iphonesimulator/LSRFramework.build/DerivedSources -F/Users/edz/Library/Developer/Xcode/DerivedData/App-bytlbhqqorqzqidyjovihkqwnkia/Build/Products/Release-iphonesimulator/LSRFramework -F/Users/edz/Library/Developer/Xcode/DerivedData/App-bytlbhqqorqzqidyjovihkqwnkia/Build/Products/Release-iphonesimulator/MBProgressHUD -F/Users/edz/Library/Developer/Xcode/DerivedData/App-bytlbhqqorqzqidyjovihkqwnkia/Build/Products/Release-iphonesimulator/Masonry -Wincomplete-umbrella -w -Xanalyzer -analyzer-disable-all-checks -include /var/folders/4h/hxvz7hb959j4pw0pvbq686x00000gn/T/CocoaPods-Lint-20200722-25225-196xw43-UIModule/Pods/Target\ Support\ Files/LSRFramework/LSRFramework-prefix.pch -MMD -MT dependencies -MF /Users/edz/Library/Developer/Xcode/DerivedData/App-bytlbhqqorqzqidyjovihkqwnkia/Build/Intermediates.noindex/Pods.build/Release-iphonesimulator/LSRFramework.build/Objects-normal/x86_64/UIViewController+LoadingSuperView.d --serialize-diagnostics /Users/edz/Library/Developer/Xcode/DerivedData/App-bytlbhqqorqzqidyjovihkqwnkia/Build/Intermediates.noindex/Pods.build/Release-iphonesimulator/LSRFramework.build/Objects-normal/x86_64/UIViewController+LoadingSuperView.dia -c /var/folders/4h/hxvz7hb959j4pw0pvbq686x00000gn/T/CocoaPods-Lint-20200722-25225-196xw43-UIModule/Pods/LSRFramework/LSRFramework/Classes/BaseClasses/UIViewController/Loading/UIViewController+LoadingSuperView.m -o /Users/edz/Library/Developer/Xcode/DerivedData/App-bytlbhqqorqzqidyjovihkqwnkia/Build/Intermediates.noindex/Pods.build/Release-iphonesimulator/LSRFramework.build/Objects-normal/x86_64/UIViewController+LoadingSuperView.o
    
    CompileC /Users/edz/Library/Developer/Xcode/DerivedData/App-bytlbhqqorqzqidyjovihkqwnkia/Build/Intermediates.noindex/Pods.build/Release-iphonesimulator/LSRFramework.build/Objects-normal/x86_64/UIViewController+Global.o /var/folders/4h/hxvz7hb959j4pw0pvbq686x00000gn/T/CocoaPods-Lint-20200722-25225-196xw43-UIModule/Pods/LSRFramework/LSRFramework/Classes/BaseClasses/UIViewController/UIViewController+Global.m normal x86_64 objective-c com.apple.compilers.llvm.clang.1_0.compiler (in target 'LSRFramework' from project 'Pods')
        cd /var/folders/4h/hxvz7hb959j4pw0pvbq686x00000gn/T/CocoaPods-Lint-20200722-25225-196xw43-UIModule/Pods
        export LANG=en_US.US-ASCII
        /Applications/Xcode.app/Contents/Developer/Toolchains/XcodeDefault.xctoolchain/usr/bin/clang -x objective-c -target x86_64-apple-ios11.0-simulator -fmessage-length=0 -fdiagnostics-show-note-include-stack -fmacro-backtrace-limit=0 -std=gnu11 -fobjc-arc -fmodules -gmodules -fmodules-cache-path=/Users/edz/Library/Developer/Xcode/DerivedData/ModuleCache.noindex -fmodules-prune-interval=86400 -fmodules-prune-after=345600 -fbuild-session-file=/Users/edz/Library/Developer/Xcode/DerivedData/ModuleCache.noindex/Session.modulevalidation -fmodules-validate-once-per-build-session -Wnon-modular-include-in-framework-module -Werror=non-modular-include-in-framework-module -fmodule-name=LSRFramework -Wno-trigraphs -fpascal-strings -Os -fno-common -Wno-missing-field-initializers -Wno-missing-prototypes -Werror=return-type -Wdocumentation -Wunreachable-code -Wno-implicit-atomic-properties -Werror=deprecated-objc-isa-usage -Wno-objc-interface-ivars -Werror=objc-root-class -Wno-arc-repeated-use-of-weak -Wimplicit-retain-self -Wduplicate-method-match -Wno-missing-braces -Wparentheses -Wswitch -Wunused-function -Wno-unused-label -Wno-unused-parameter -Wunused-variable -Wunused-value -Wempty-body -Wuninitialized -Wconditional-uninitialized -Wno-unknown-pragmas -Wno-shadow -Wno-four-char-constants -Wno-conversion -Wconstant-conversion -Wint-conversion -Wbool-conversion -Wenum-conversion -Wno-float-conversion -Wnon-literal-null-conversion -Wobjc-literal-conversion -Wshorten-64-to-32 -Wpointer-sign -Wno-newline-eof -Wno-selector -Wno-strict-selector-match -Wundeclared-selector -Wdeprecated-implementations -DPOD_CONFIGURATION_RELEASE=1 -DCOCOAPODS=1 -DTTTFRAMEWORK=1 -DNS_BLOCK_ASSERTIONS=1 -DOBJC_OLD_DISPATCH_PROTOTYPES=0 -isysroot /Applications/Xcode.app/Contents/Developer/Platforms/iPhoneSimulator.platform/Developer/SDKs/iPhoneSimulator13.5.sdk -fasm-blocks -fstrict-aliasing -Wprotocol -Wdeprecated-declarations -g -Wno-sign-conversion -Winfinite-recursion -Wcomma -Wblock-capture-autoreleasing -Wstrict-prototypes -Wno-semicolon-before-method-body -Wunguarded-availability -fobjc-abi-version=2 -fobjc-legacy-dispatch -iquote /Users/edz/Library/Developer/Xcode/DerivedData/App-bytlbhqqorqzqidyjovihkqwnkia/Build/Intermediates.noindex/Pods.build/Release-iphonesimulator/LSRFramework.build/LSRFramework-generated-files.hmap -I/Users/edz/Library/Developer/Xcode/DerivedData/App-bytlbhqqorqzqidyjovihkqwnkia/Build/Intermediates.noindex/Pods.build/Release-iphonesimulator/LSRFramework.build/LSRFramework-own-target-headers.hmap -I/Users/edz/Library/Developer/Xcode/DerivedData/App-bytlbhqqorqzqidyjovihkqwnkia/Build/Intermediates.noindex/Pods.build/Release-iphonesimulator/LSRFramework.build/LSRFramework-all-non-framework-target-headers.hmap -ivfsoverlay /Users/edz/Library/Developer/Xcode/DerivedData/App-bytlbhqqorqzqidyjovihkqwnkia/Build/Intermediates.noindex/Pods.build/Release-iphonesimulator/LSRFramework.build/all-product-headers.yaml -iquote /Users/edz/Library/Developer/Xcode/DerivedData/App-bytlbhqqorqzqidyjovihkqwnkia/Build/Intermediates.noindex/Pods.build/Release-iphonesimulator/LSRFramework.build/LSRFramework-project-headers.hmap -I/Users/edz/Library/Developer/Xcode/DerivedData/App-bytlbhqqorqzqidyjovihkqwnkia/Build/Products/Release-iphonesimulator/LSRFramework/include -I/Users/edz/Library/Developer/Xcode/DerivedData/App-bytlbhqqorqzqidyjovihkqwnkia/Build/Intermediates.noindex/Pods.build/Release-iphonesimulator/LSRFramework.build/DerivedSources-normal/x86_64 -I/Users/edz/Library/Developer/Xcode/DerivedData/App-bytlbhqqorqzqidyjovihkqwnkia/Build/Intermediates.noindex/Pods.build/Release-iphonesimulator/LSRFramework.build/DerivedSources/x86_64 -I/Users/edz/Library/Developer/Xcode/DerivedData/App-bytlbhqqorqzqidyjovihkqwnkia/Build/Intermediates.noindex/Pods.build/Release-iphonesimulator/LSRFramework.build/DerivedSources -F/Users/edz/Library/Developer/Xcode/DerivedData/App-bytlbhqqorqzqidyjovihkqwnkia/Build/Products/Release-iphonesimulator/LSRFramework -F/Users/edz/Library/Developer/Xcode/DerivedData/App-bytlbhqqorqzqidyjovihkqwnkia/Build/Products/Release-iphonesimulator/MBProgressHUD -F/Users/edz/Library/Developer/Xcode/DerivedData/App-bytlbhqqorqzqidyjovihkqwnkia/Build/Products/Release-iphonesimulator/Masonry -Wincomplete-umbrella -w -Xanalyzer -analyzer-disable-all-checks -include /var/folders/4h/hxvz7hb959j4pw0pvbq686x00000gn/T/CocoaPods-Lint-20200722-25225-196xw43-UIModule/Pods/Target\ Support\ Files/LSRFramework/LSRFramework-prefix.pch -MMD -MT dependencies -MF /Users/edz/Library/Developer/Xcode/DerivedData/App-bytlbhqqorqzqidyjovihkqwnkia/Build/Intermediates.noindex/Pods.build/Release-iphonesimulator/LSRFramework.build/Objects-normal/x86_64/UIViewController+Global.d --serialize-diagnostics /Users/edz/Library/Developer/Xcode/DerivedData/App-bytlbhqqorqzqidyjovihkqwnkia/Build/Intermediates.noindex/Pods.build/Release-iphonesimulator/LSRFramework.build/Objects-normal/x86_64/UIViewController+Global.dia -c /var/folders/4h/hxvz7hb959j4pw0pvbq686x00000gn/T/CocoaPods-Lint-20200722-25225-196xw43-UIModule/Pods/LSRFramework/LSRFramework/Classes/BaseClasses/UIViewController/UIViewController+Global.m -o /Users/edz/Library/Developer/Xcode/DerivedData/App-bytlbhqqorqzqidyjovihkqwnkia/Build/Intermediates.noindex/Pods.build/Release-iphonesimulator/LSRFramework.build/Objects-normal/x86_64/UIViewController+Global.o
    
    CompileC /Users/edz/Library/Developer/Xcode/DerivedData/App-bytlbhqqorqzqidyjovihkqwnkia/Build/Intermediates.noindex/Pods.build/Release-iphonesimulator/LSRFramework.build/Objects-normal/x86_64/UIViewController+Customized.o /var/folders/4h/hxvz7hb959j4pw0pvbq686x00000gn/T/CocoaPods-Lint-20200722-25225-196xw43-UIModule/Pods/LSRFramework/LSRFramework/Classes/BaseClasses/UIViewController/UIViewController+Customized.m normal x86_64 objective-c com.apple.compilers.llvm.clang.1_0.compiler (in target 'LSRFramework' from project 'Pods')
        cd /var/folders/4h/hxvz7hb959j4pw0pvbq686x00000gn/T/CocoaPods-Lint-20200722-25225-196xw43-UIModule/Pods
        export LANG=en_US.US-ASCII
        /Applications/Xcode.app/Contents/Developer/Toolchains/XcodeDefault.xctoolchain/usr/bin/clang -x objective-c -target x86_64-apple-ios11.0-simulator -fmessage-length=0 -fdiagnostics-show-note-include-stack -fmacro-backtrace-limit=0 -std=gnu11 -fobjc-arc -fmodules -gmodules -fmodules-cache-path=/Users/edz/Library/Developer/Xcode/DerivedData/ModuleCache.noindex -fmodules-prune-interval=86400 -fmodules-prune-after=345600 -fbuild-session-file=/Users/edz/Library/Developer/Xcode/DerivedData/ModuleCache.noindex/Session.modulevalidation -fmodules-validate-once-per-build-session -Wnon-modular-include-in-framework-module -Werror=non-modular-include-in-framework-module -fmodule-name=LSRFramework -Wno-trigraphs -fpascal-strings -Os -fno-common -Wno-missing-field-initializers -Wno-missing-prototypes -Werror=return-type -Wdocumentation -Wunreachable-code -Wno-implicit-atomic-properties -Werror=deprecated-objc-isa-usage -Wno-objc-interface-ivars -Werror=objc-root-class -Wno-arc-repeated-use-of-weak -Wimplicit-retain-self -Wduplicate-method-match -Wno-missing-braces -Wparentheses -Wswitch -Wunused-function -Wno-unused-label -Wno-unused-parameter -Wunused-variable -Wunused-value -Wempty-body -Wuninitialized -Wconditional-uninitialized -Wno-unknown-pragmas -Wno-shadow -Wno-four-char-constants -Wno-conversion -Wconstant-conversion -Wint-conversion -Wbool-conversion -Wenum-conversion -Wno-float-conversion -Wnon-literal-null-conversion -Wobjc-literal-conversion -Wshorten-64-to-32 -Wpointer-sign -Wno-newline-eof -Wno-selector -Wno-strict-selector-match -Wundeclared-selector -Wdeprecated-implementations -DPOD_CONFIGURATION_RELEASE=1 -DCOCOAPODS=1 -DTTTFRAMEWORK=1 -DNS_BLOCK_ASSERTIONS=1 -DOBJC_OLD_DISPATCH_PROTOTYPES=0 -isysroot /Applications/Xcode.app/Contents/Developer/Platforms/iPhoneSimulator.platform/Developer/SDKs/iPhoneSimulator13.5.sdk -fasm-blocks -fstrict-aliasing -Wprotocol -Wdeprecated-declarations -g -Wno-sign-conversion -Winfinite-recursion -Wcomma -Wblock-capture-autoreleasing -Wstrict-prototypes -Wno-semicolon-before-method-body -Wunguarded-availability -fobjc-abi-version=2 -fobjc-legacy-dispatch -iquote /Users/edz/Library/Developer/Xcode/DerivedData/App-bytlbhqqorqzqidyjovihkqwnkia/Build/Intermediates.noindex/Pods.build/Release-iphonesimulator/LSRFramework.build/LSRFramework-generated-files.hmap -I/Users/edz/Library/Developer/Xcode/DerivedData/App-bytlbhqqorqzqidyjovihkqwnkia/Build/Intermediates.noindex/Pods.build/Release-iphonesimulator/LSRFramework.build/LSRFramework-own-target-headers.hmap -I/Users/edz/Library/Developer/Xcode/DerivedData/App-bytlbhqqorqzqidyjovihkqwnkia/Build/Intermediates.noindex/Pods.build/Release-iphonesimulator/LSRFramework.build/LSRFramework-all-non-framework-target-headers.hmap -ivfsoverlay /Users/edz/Library/Developer/Xcode/DerivedData/App-bytlbhqqorqzqidyjovihkqwnkia/Build/Intermediates.noindex/Pods.build/Release-iphonesimulator/LSRFramework.build/all-product-headers.yaml -iquote /Users/edz/Library/Developer/Xcode/DerivedData/App-bytlbhqqorqzqidyjovihkqwnkia/Build/Intermediates.noindex/Pods.build/Release-iphonesimulator/LSRFramework.build/LSRFramework-project-headers.hmap -I/Users/edz/Library/Developer/Xcode/DerivedData/App-bytlbhqqorqzqidyjovihkqwnkia/Build/Products/Release-iphonesimulator/LSRFramework/include -I/Users/edz/Library/Developer/Xcode/DerivedData/App-bytlbhqqorqzqidyjovihkqwnkia/Build/Intermediates.noindex/Pods.build/Release-iphonesimulator/LSRFramework.build/DerivedSources-normal/x86_64 -I/Users/edz/Library/Developer/Xcode/DerivedData/App-bytlbhqqorqzqidyjovihkqwnkia/Build/Intermediates.noindex/Pods.build/Release-iphonesimulator/LSRFramework.build/DerivedSources/x86_64 -I/Users/edz/Library/Developer/Xcode/DerivedData/App-bytlbhqqorqzqidyjovihkqwnkia/Build/Intermediates.noindex/Pods.build/Release-iphonesimulator/LSRFramework.build/DerivedSources -F/Users/edz/Library/Developer/Xcode/DerivedData/App-bytlbhqqorqzqidyjovihkqwnkia/Build/Products/Release-iphonesimulator/LSRFramework -F/Users/edz/Library/Developer/Xcode/DerivedData/App-bytlbhqqorqzqidyjovihkqwnkia/Build/Products/Release-iphonesimulator/MBProgressHUD -F/Users/edz/Library/Developer/Xcode/DerivedData/App-bytlbhqqorqzqidyjovihkqwnkia/Build/Products/Release-iphonesimulator/Masonry -Wincomplete-umbrella -w -Xanalyzer -analyzer-disable-all-checks -include /var/folders/4h/hxvz7hb959j4pw0pvbq686x00000gn/T/CocoaPods-Lint-20200722-25225-196xw43-UIModule/Pods/Target\ Support\ Files/LSRFramework/LSRFramework-prefix.pch -MMD -MT dependencies -MF /Users/edz/Library/Developer/Xcode/DerivedData/App-bytlbhqqorqzqidyjovihkqwnkia/Build/Intermediates.noindex/Pods.build/Release-iphonesimulator/LSRFramework.build/Objects-normal/x86_64/UIViewController+Customized.d --serialize-diagnostics /Users/edz/Library/Developer/Xcode/DerivedData/App-bytlbhqqorqzqidyjovihkqwnkia/Build/Intermediates.noindex/Pods.build/Release-iphonesimulator/LSRFramework.build/Objects-normal/x86_64/UIViewController+Customized.dia -c /var/folders/4h/hxvz7hb959j4pw0pvbq686x00000gn/T/CocoaPods-Lint-20200722-25225-196xw43-UIModule/Pods/LSRFramework/LSRFramework/Classes/BaseClasses/UIViewController/UIViewController+Customized.m -o /Users/edz/Library/Developer/Xcode/DerivedData/App-bytlbhqqorqzqidyjovihkqwnkia/Build/Intermediates.noindex/Pods.build/Release-iphonesimulator/LSRFramework.build/Objects-normal/x86_64/UIViewController+Customized.o
    
    CompileC /Users/edz/Library/Developer/Xcode/DerivedData/App-bytlbhqqorqzqidyjovihkqwnkia/Build/Intermediates.noindex/Pods.build/Release-iphonesimulator/LSRFramework.build/Objects-normal/x86_64/UIViewController+Alert.o /var/folders/4h/hxvz7hb959j4pw0pvbq686x00000gn/T/CocoaPods-Lint-20200722-25225-196xw43-UIModule/Pods/LSRFramework/LSRFramework/Classes/BaseClasses/UIViewController/UIViewController+Alert.m normal x86_64 objective-c com.apple.compilers.llvm.clang.1_0.compiler (in target 'LSRFramework' from project 'Pods')
        cd /var/folders/4h/hxvz7hb959j4pw0pvbq686x00000gn/T/CocoaPods-Lint-20200722-25225-196xw43-UIModule/Pods
        export LANG=en_US.US-ASCII
        /Applications/Xcode.app/Contents/Developer/Toolchains/XcodeDefault.xctoolchain/usr/bin/clang -x objective-c -target x86_64-apple-ios11.0-simulator -fmessage-length=0 -fdiagnostics-show-note-include-stack -fmacro-backtrace-limit=0 -std=gnu11 -fobjc-arc -fmodules -gmodules -fmodules-cache-path=/Users/edz/Library/Developer/Xcode/DerivedData/ModuleCache.noindex -fmodules-prune-interval=86400 -fmodules-prune-after=345600 -fbuild-session-file=/Users/edz/Library/Developer/Xcode/DerivedData/ModuleCache.noindex/Session.modulevalidation -fmodules-validate-once-per-build-session -Wnon-modular-include-in-framework-module -Werror=non-modular-include-in-framework-module -fmodule-name=LSRFramework -Wno-trigraphs -fpascal-strings -Os -fno-common -Wno-missing-field-initializers -Wno-missing-prototypes -Werror=return-type -Wdocumentation -Wunreachable-code -Wno-implicit-atomic-properties -Werror=deprecated-objc-isa-usage -Wno-objc-interface-ivars -Werror=objc-root-class -Wno-arc-repeated-use-of-weak -Wimplicit-retain-self -Wduplicate-method-match -Wno-missing-braces -Wparentheses -Wswitch -Wunused-function -Wno-unused-label -Wno-unused-parameter -Wunused-variable -Wunused-value -Wempty-body -Wuninitialized -Wconditional-uninitialized -Wno-unknown-pragmas -Wno-shadow -Wno-four-char-constants -Wno-conversion -Wconstant-conversion -Wint-conversion -Wbool-conversion -Wenum-conversion -Wno-float-conversion -Wnon-literal-null-conversion -Wobjc-literal-conversion -Wshorten-64-to-32 -Wpointer-sign -Wno-newline-eof -Wno-selector -Wno-strict-selector-match -Wundeclared-selector -Wdeprecated-implementations -DPOD_CONFIGURATION_RELEASE=1 -DCOCOAPODS=1 -DTTTFRAMEWORK=1 -DNS_BLOCK_ASSERTIONS=1 -DOBJC_OLD_DISPATCH_PROTOTYPES=0 -isysroot /Applications/Xcode.app/Contents/Developer/Platforms/iPhoneSimulator.platform/Developer/SDKs/iPhoneSimulator13.5.sdk -fasm-blocks -fstrict-aliasing -Wprotocol -Wdeprecated-declarations -g -Wno-sign-conversion -Winfinite-recursion -Wcomma -Wblock-capture-autoreleasing -Wstrict-prototypes -Wno-semicolon-before-method-body -Wunguarded-availability -fobjc-abi-version=2 -fobjc-legacy-dispatch -iquote /Users/edz/Library/Developer/Xcode/DerivedData/App-bytlbhqqorqzqidyjovihkqwnkia/Build/Intermediates.noindex/Pods.build/Release-iphonesimulator/LSRFramework.build/LSRFramework-generated-files.hmap -I/Users/edz/Library/Developer/Xcode/DerivedData/App-bytlbhqqorqzqidyjovihkqwnkia/Build/Intermediates.noindex/Pods.build/Release-iphonesimulator/LSRFramework.build/LSRFramework-own-target-headers.hmap -I/Users/edz/Library/Developer/Xcode/DerivedData/App-bytlbhqqorqzqidyjovihkqwnkia/Build/Intermediates.noindex/Pods.build/Release-iphonesimulator/LSRFramework.build/LSRFramework-all-non-framework-target-headers.hmap -ivfsoverlay /Users/edz/Library/Developer/Xcode/DerivedData/App-bytlbhqqorqzqidyjovihkqwnkia/Build/Intermediates.noindex/Pods.build/Release-iphonesimulator/LSRFramework.build/all-product-headers.yaml -iquote /Users/edz/Library/Developer/Xcode/DerivedData/App-bytlbhqqorqzqidyjovihkqwnkia/Build/Intermediates.noindex/Pods.build/Release-iphonesimulator/LSRFramework.build/LSRFramework-project-headers.hmap -I/Users/edz/Library/Developer/Xcode/DerivedData/App-bytlbhqqorqzqidyjovihkqwnkia/Build/Products/Release-iphonesimulator/LSRFramework/include -I/Users/edz/Library/Developer/Xcode/DerivedData/App-bytlbhqqorqzqidyjovihkqwnkia/Build/Intermediates.noindex/Pods.build/Release-iphonesimulator/LSRFramework.build/DerivedSources-normal/x86_64 -I/Users/edz/Library/Developer/Xcode/DerivedData/App-bytlbhqqorqzqidyjovihkqwnkia/Build/Intermediates.noindex/Pods.build/Release-iphonesimulator/LSRFramework.build/DerivedSources/x86_64 -I/Users/edz/Library/Developer/Xcode/DerivedData/App-bytlbhqqorqzqidyjovihkqwnkia/Build/Intermediates.noindex/Pods.build/Release-iphonesimulator/LSRFramework.build/DerivedSources -F/Users/edz/Library/Developer/Xcode/DerivedData/App-bytlbhqqorqzqidyjovihkqwnkia/Build/Products/Release-iphonesimulator/LSRFramework -F/Users/edz/Library/Developer/Xcode/DerivedData/App-bytlbhqqorqzqidyjovihkqwnkia/Build/Products/Release-iphonesimulator/MBProgressHUD -F/Users/edz/Library/Developer/Xcode/DerivedData/App-bytlbhqqorqzqidyjovihkqwnkia/Build/Products/Release-iphonesimulator/Masonry -Wincomplete-umbrella -w -Xanalyzer -analyzer-disable-all-checks -include /var/folders/4h/hxvz7hb959j4pw0pvbq686x00000gn/T/CocoaPods-Lint-20200722-25225-196xw43-UIModule/Pods/Target\ Support\ Files/LSRFramework/LSRFramework-prefix.pch -MMD -MT dependencies -MF /Users/edz/Library/Developer/Xcode/DerivedData/App-bytlbhqqorqzqidyjovihkqwnkia/Build/Intermediates.noindex/Pods.build/Release-iphonesimulator/LSRFramework.build/Objects-normal/x86_64/UIViewController+Alert.d --serialize-diagnostics /Users/edz/Library/Developer/Xcode/DerivedData/App-bytlbhqqorqzqidyjovihkqwnkia/Build/Intermediates.noindex/Pods.build/Release-iphonesimulator/LSRFramework.build/Objects-normal/x86_64/UIViewController+Alert.dia -c /var/folders/4h/hxvz7hb959j4pw0pvbq686x00000gn/T/CocoaPods-Lint-20200722-25225-196xw43-UIModule/Pods/LSRFramework/LSRFramework/Classes/BaseClasses/UIViewController/UIViewController+Alert.m -o /Users/edz/Library/Developer/Xcode/DerivedData/App-bytlbhqqorqzqidyjovihkqwnkia/Build/Intermediates.noindex/Pods.build/Release-iphonesimulator/LSRFramework.build/Objects-normal/x86_64/UIViewController+Alert.o
    
    CompileC /Users/edz/Library/Developer/Xcode/DerivedData/App-bytlbhqqorqzqidyjovihkqwnkia/Build/Intermediates.noindex/Pods.build/Release-iphonesimulator/LSRFramework.build/Objects-normal/x86_64/UIView+LoadingPrompt.o /var/folders/4h/hxvz7hb959j4pw0pvbq686x00000gn/T/CocoaPods-Lint-20200722-25225-196xw43-UIModule/Pods/LSRFramework/LSRFramework/Classes/BaseClasses/UIViewController/Loading/LoadingView/UIView+LoadingPrompt.m normal x86_64 objective-c com.apple.compilers.llvm.clang.1_0.compiler (in target 'LSRFramework' from project 'Pods')
        cd /var/folders/4h/hxvz7hb959j4pw0pvbq686x00000gn/T/CocoaPods-Lint-20200722-25225-196xw43-UIModule/Pods
        export LANG=en_US.US-ASCII
        /Applications/Xcode.app/Contents/Developer/Toolchains/XcodeDefault.xctoolchain/usr/bin/clang -x objective-c -target x86_64-apple-ios11.0-simulator -fmessage-length=0 -fdiagnostics-show-note-include-stack -fmacro-backtrace-limit=0 -std=gnu11 -fobjc-arc -fmodules -gmodules -fmodules-cache-path=/Users/edz/Library/Developer/Xcode/DerivedData/ModuleCache.noindex -fmodules-prune-interval=86400 -fmodules-prune-after=345600 -fbuild-session-file=/Users/edz/Library/Developer/Xcode/DerivedData/ModuleCache.noindex/Session.modulevalidation -fmodules-validate-once-per-build-session -Wnon-modular-include-in-framework-module -Werror=non-modular-include-in-framework-module -fmodule-name=LSRFramework -Wno-trigraphs -fpascal-strings -Os -fno-common -Wno-missing-field-initializers -Wno-missing-prototypes -Werror=return-type -Wdocumentation -Wunreachable-code -Wno-implicit-atomic-properties -Werror=deprecated-objc-isa-usage -Wno-objc-interface-ivars -Werror=objc-root-class -Wno-arc-repeated-use-of-weak -Wimplicit-retain-self -Wduplicate-method-match -Wno-missing-braces -Wparentheses -Wswitch -Wunused-function -Wno-unused-label -Wno-unused-parameter -Wunused-variable -Wunused-value -Wempty-body -Wuninitialized -Wconditional-uninitialized -Wno-unknown-pragmas -Wno-shadow -Wno-four-char-constants -Wno-conversion -Wconstant-conversion -Wint-conversion -Wbool-conversion -Wenum-conversion -Wno-float-conversion -Wnon-literal-null-conversion -Wobjc-literal-conversion -Wshorten-64-to-32 -Wpointer-sign -Wno-newline-eof -Wno-selector -Wno-strict-selector-match -Wundeclared-selector -Wdeprecated-implementations -DPOD_CONFIGURATION_RELEASE=1 -DCOCOAPODS=1 -DTTTFRAMEWORK=1 -DNS_BLOCK_ASSERTIONS=1 -DOBJC_OLD_DISPATCH_PROTOTYPES=0 -isysroot /Applications/Xcode.app/Contents/Developer/Platforms/iPhoneSimulator.platform/Developer/SDKs/iPhoneSimulator13.5.sdk -fasm-blocks -fstrict-aliasing -Wprotocol -Wdeprecated-declarations -g -Wno-sign-conversion -Winfinite-recursion -Wcomma -Wblock-capture-autoreleasing -Wstrict-prototypes -Wno-semicolon-before-method-body -Wunguarded-availability -fobjc-abi-version=2 -fobjc-legacy-dispatch -iquote /Users/edz/Library/Developer/Xcode/DerivedData/App-bytlbhqqorqzqidyjovihkqwnkia/Build/Intermediates.noindex/Pods.build/Release-iphonesimulator/LSRFramework.build/LSRFramework-generated-files.hmap -I/Users/edz/Library/Developer/Xcode/DerivedData/App-bytlbhqqorqzqidyjovihkqwnkia/Build/Intermediates.noindex/Pods.build/Release-iphonesimulator/LSRFramework.build/LSRFramework-own-target-headers.hmap -I/Users/edz/Library/Developer/Xcode/DerivedData/App-bytlbhqqorqzqidyjovihkqwnkia/Build/Intermediates.noindex/Pods.build/Release-iphonesimulator/LSRFramework.build/LSRFramework-all-non-framework-target-headers.hmap -ivfsoverlay /Users/edz/Library/Developer/Xcode/DerivedData/App-bytlbhqqorqzqidyjovihkqwnkia/Build/Intermediates.noindex/Pods.build/Release-iphonesimulator/LSRFramework.build/all-product-headers.yaml -iquote /Users/edz/Library/Developer/Xcode/DerivedData/App-bytlbhqqorqzqidyjovihkqwnkia/Build/Intermediates.noindex/Pods.build/Release-iphonesimulator/LSRFramework.build/LSRFramework-project-headers.hmap -I/Users/edz/Library/Developer/Xcode/DerivedData/App-bytlbhqqorqzqidyjovihkqwnkia/Build/Products/Release-iphonesimulator/LSRFramework/include -I/Users/edz/Library/Developer/Xcode/DerivedData/App-bytlbhqqorqzqidyjovihkqwnkia/Build/Intermediates.noindex/Pods.build/Release-iphonesimulator/LSRFramework.build/DerivedSources-normal/x86_64 -I/Users/edz/Library/Developer/Xcode/DerivedData/App-bytlbhqqorqzqidyjovihkqwnkia/Build/Intermediates.noindex/Pods.build/Release-iphonesimulator/LSRFramework.build/DerivedSources/x86_64 -I/Users/edz/Library/Developer/Xcode/DerivedData/App-bytlbhqqorqzqidyjovihkqwnkia/Build/Intermediates.noindex/Pods.build/Release-iphonesimulator/LSRFramework.build/DerivedSources -F/Users/edz/Library/Developer/Xcode/DerivedData/App-bytlbhqqorqzqidyjovihkqwnkia/Build/Products/Release-iphonesimulator/LSRFramework -F/Users/edz/Library/Developer/Xcode/DerivedData/App-bytlbhqqorqzqidyjovihkqwnkia/Build/Products/Release-iphonesimulator/MBProgressHUD -F/Users/edz/Library/Developer/Xcode/DerivedData/App-bytlbhqqorqzqidyjovihkqwnkia/Build/Products/Release-iphonesimulator/Masonry -Wincomplete-umbrella -w -Xanalyzer -analyzer-disable-all-checks -include /var/folders/4h/hxvz7hb959j4pw0pvbq686x00000gn/T/CocoaPods-Lint-20200722-25225-196xw43-UIModule/Pods/Target\ Support\ Files/LSRFramework/LSRFramework-prefix.pch -MMD -MT dependencies -MF /Users/edz/Library/Developer/Xcode/DerivedData/App-bytlbhqqorqzqidyjovihkqwnkia/Build/Intermediates.noindex/Pods.build/Release-iphonesimulator/LSRFramework.build/Objects-normal/x86_64/UIView+LoadingPrompt.d --serialize-diagnostics /Users/edz/Library/Developer/Xcode/DerivedData/App-bytlbhqqorqzqidyjovihkqwnkia/Build/Intermediates.noindex/Pods.build/Release-iphonesimulator/LSRFramework.build/Objects-normal/x86_64/UIView+LoadingPrompt.dia -c /var/folders/4h/hxvz7hb959j4pw0pvbq686x00000gn/T/CocoaPods-Lint-20200722-25225-196xw43-UIModule/Pods/LSRFramework/LSRFramework/Classes/BaseClasses/UIViewController/Loading/LoadingView/UIView+LoadingPrompt.m -o /Users/edz/Library/Developer/Xcode/DerivedData/App-bytlbhqqorqzqidyjovihkqwnkia/Build/Intermediates.noindex/Pods.build/Release-iphonesimulator/LSRFramework.build/Objects-normal/x86_64/UIView+LoadingPrompt.o
    
    CompileC /Users/edz/Library/Developer/Xcode/DerivedData/App-bytlbhqqorqzqidyjovihkqwnkia/Build/Intermediates.noindex/Pods.build/Release-iphonesimulator/LSRFramework.build/Objects-normal/x86_64/UIView+Keyboard.o /var/folders/4h/hxvz7hb959j4pw0pvbq686x00000gn/T/CocoaPods-Lint-20200722-25225-196xw43-UIModule/Pods/LSRFramework/LSRFramework/Classes/Categories/UIView/UIView+Keyboard.m normal x86_64 objective-c com.apple.compilers.llvm.clang.1_0.compiler (in target 'LSRFramework' from project 'Pods')
        cd /var/folders/4h/hxvz7hb959j4pw0pvbq686x00000gn/T/CocoaPods-Lint-20200722-25225-196xw43-UIModule/Pods
        export LANG=en_US.US-ASCII
        /Applications/Xcode.app/Contents/Developer/Toolchains/XcodeDefault.xctoolchain/usr/bin/clang -x objective-c -target x86_64-apple-ios11.0-simulator -fmessage-length=0 -fdiagnostics-show-note-include-stack -fmacro-backtrace-limit=0 -std=gnu11 -fobjc-arc -fmodules -gmodules -fmodules-cache-path=/Users/edz/Library/Developer/Xcode/DerivedData/ModuleCache.noindex -fmodules-prune-interval=86400 -fmodules-prune-after=345600 -fbuild-session-file=/Users/edz/Library/Developer/Xcode/DerivedData/ModuleCache.noindex/Session.modulevalidation -fmodules-validate-once-per-build-session -Wnon-modular-include-in-framework-module -Werror=non-modular-include-in-framework-module -fmodule-name=LSRFramework -Wno-trigraphs -fpascal-strings -Os -fno-common -Wno-missing-field-initializers -Wno-missing-prototypes -Werror=return-type -Wdocumentation -Wunreachable-code -Wno-implicit-atomic-properties -Werror=deprecated-objc-isa-usage -Wno-objc-interface-ivars -Werror=objc-root-class -Wno-arc-repeated-use-of-weak -Wimplicit-retain-self -Wduplicate-method-match -Wno-missing-braces -Wparentheses -Wswitch -Wunused-function -Wno-unused-label -Wno-unused-parameter -Wunused-variable -Wunused-value -Wempty-body -Wuninitialized -Wconditional-uninitialized -Wno-unknown-pragmas -Wno-shadow -Wno-four-char-constants -Wno-conversion -Wconstant-conversion -Wint-conversion -Wbool-conversion -Wenum-conversion -Wno-float-conversion -Wnon-literal-null-conversion -Wobjc-literal-conversion -Wshorten-64-to-32 -Wpointer-sign -Wno-newline-eof -Wno-selector -Wno-strict-selector-match -Wundeclared-selector -Wdeprecated-implementations -DPOD_CONFIGURATION_RELEASE=1 -DCOCOAPODS=1 -DTTTFRAMEWORK=1 -DNS_BLOCK_ASSERTIONS=1 -DOBJC_OLD_DISPATCH_PROTOTYPES=0 -isysroot /Applications/Xcode.app/Contents/Developer/Platforms/iPhoneSimulator.platform/Developer/SDKs/iPhoneSimulator13.5.sdk -fasm-blocks -fstrict-aliasing -Wprotocol -Wdeprecated-declarations -g -Wno-sign-conversion -Winfinite-recursion -Wcomma -Wblock-capture-autoreleasing -Wstrict-prototypes -Wno-semicolon-before-method-body -Wunguarded-availability -fobjc-abi-version=2 -fobjc-legacy-dispatch -iquote /Users/edz/Library/Developer/Xcode/DerivedData/App-bytlbhqqorqzqidyjovihkqwnkia/Build/Intermediates.noindex/Pods.build/Release-iphonesimulator/LSRFramework.build/LSRFramework-generated-files.hmap -I/Users/edz/Library/Developer/Xcode/DerivedData/App-bytlbhqqorqzqidyjovihkqwnkia/Build/Intermediates.noindex/Pods.build/Release-iphonesimulator/LSRFramework.build/LSRFramework-own-target-headers.hmap -I/Users/edz/Library/Developer/Xcode/DerivedData/App-bytlbhqqorqzqidyjovihkqwnkia/Build/Intermediates.noindex/Pods.build/Release-iphonesimulator/LSRFramework.build/LSRFramework-all-non-framework-target-headers.hmap -ivfsoverlay /Users/edz/Library/Developer/Xcode/DerivedData/App-bytlbhqqorqzqidyjovihkqwnkia/Build/Intermediates.noindex/Pods.build/Release-iphonesimulator/LSRFramework.build/all-product-headers.yaml -iquote /Users/edz/Library/Developer/Xcode/DerivedData/App-bytlbhqqorqzqidyjovihkqwnkia/Build/Intermediates.noindex/Pods.build/Release-iphonesimulator/LSRFramework.build/LSRFramework-project-headers.hmap -I/Users/edz/Library/Developer/Xcode/DerivedData/App-bytlbhqqorqzqidyjovihkqwnkia/Build/Products/Release-iphonesimulator/LSRFramework/include -I/Users/edz/Library/Developer/Xcode/DerivedData/App-bytlbhqqorqzqidyjovihkqwnkia/Build/Intermediates.noindex/Pods.build/Release-iphonesimulator/LSRFramework.build/DerivedSources-normal/x86_64 -I/Users/edz/Library/Developer/Xcode/DerivedData/App-bytlbhqqorqzqidyjovihkqwnkia/Build/Intermediates.noindex/Pods.build/Release-iphonesimulator/LSRFramework.build/DerivedSources/x86_64 -I/Users/edz/Library/Developer/Xcode/DerivedData/App-bytlbhqqorqzqidyjovihkqwnkia/Build/Intermediates.noindex/Pods.build/Release-iphonesimulator/LSRFramework.build/DerivedSources -F/Users/edz/Library/Developer/Xcode/DerivedData/App-bytlbhqqorqzqidyjovihkqwnkia/Build/Products/Release-iphonesimulator/LSRFramework -F/Users/edz/Library/Developer/Xcode/DerivedData/App-bytlbhqqorqzqidyjovihkqwnkia/Build/Products/Release-iphonesimulator/MBProgressHUD -F/Users/edz/Library/Developer/Xcode/DerivedData/App-bytlbhqqorqzqidyjovihkqwnkia/Build/Products/Release-iphonesimulator/Masonry -Wincomplete-umbrella -w -Xanalyzer -analyzer-disable-all-checks -include /var/folders/4h/hxvz7hb959j4pw0pvbq686x00000gn/T/CocoaPods-Lint-20200722-25225-196xw43-UIModule/Pods/Target\ Support\ Files/LSRFramework/LSRFramework-prefix.pch -MMD -MT dependencies -MF /Users/edz/Library/Developer/Xcode/DerivedData/App-bytlbhqqorqzqidyjovihkqwnkia/Build/Intermediates.noindex/Pods.build/Release-iphonesimulator/LSRFramework.build/Objects-normal/x86_64/UIView+Keyboard.d --serialize-diagnostics /Users/edz/Library/Developer/Xcode/DerivedData/App-bytlbhqqorqzqidyjovihkqwnkia/Build/Intermediates.noindex/Pods.build/Release-iphonesimulator/LSRFramework.build/Objects-normal/x86_64/UIView+Keyboard.dia -c /var/folders/4h/hxvz7hb959j4pw0pvbq686x00000gn/T/CocoaPods-Lint-20200722-25225-196xw43-UIModule/Pods/LSRFramework/LSRFramework/Classes/Categories/UIView/UIView+Keyboard.m -o /Users/edz/Library/Developer/Xcode/DerivedData/App-bytlbhqqorqzqidyjovihkqwnkia/Build/Intermediates.noindex/Pods.build/Release-iphonesimulator/LSRFramework.build/Objects-normal/x86_64/UIView+Keyboard.o
    
    CompileC /Users/edz/Library/Developer/Xcode/DerivedData/App-bytlbhqqorqzqidyjovihkqwnkia/Build/Intermediates.noindex/Pods.build/Release-iphonesimulator/LSRFramework.build/Objects-normal/x86_64/UITableViewController+VisibleArea.o /var/folders/4h/hxvz7hb959j4pw0pvbq686x00000gn/T/CocoaPods-Lint-20200722-25225-196xw43-UIModule/Pods/LSRFramework/LSRFramework/Classes/BaseClasses/UIViewController/Loading/UITableViewController+VisibleArea.m normal x86_64 objective-c com.apple.compilers.llvm.clang.1_0.compiler (in target 'LSRFramework' from project 'Pods')
        cd /var/folders/4h/hxvz7hb959j4pw0pvbq686x00000gn/T/CocoaPods-Lint-20200722-25225-196xw43-UIModule/Pods
        export LANG=en_US.US-ASCII
        /Applications/Xcode.app/Contents/Developer/Toolchains/XcodeDefault.xctoolchain/usr/bin/clang -x objective-c -target x86_64-apple-ios11.0-simulator -fmessage-length=0 -fdiagnostics-show-note-include-stack -fmacro-backtrace-limit=0 -std=gnu11 -fobjc-arc -fmodules -gmodules -fmodules-cache-path=/Users/edz/Library/Developer/Xcode/DerivedData/ModuleCache.noindex -fmodules-prune-interval=86400 -fmodules-prune-after=345600 -fbuild-session-file=/Users/edz/Library/Developer/Xcode/DerivedData/ModuleCache.noindex/Session.modulevalidation -fmodules-validate-once-per-build-session -Wnon-modular-include-in-framework-module -Werror=non-modular-include-in-framework-module -fmodule-name=LSRFramework -Wno-trigraphs -fpascal-strings -Os -fno-common -Wno-missing-field-initializers -Wno-missing-prototypes -Werror=return-type -Wdocumentation -Wunreachable-code -Wno-implicit-atomic-properties -Werror=deprecated-objc-isa-usage -Wno-objc-interface-ivars -Werror=objc-root-class -Wno-arc-repeated-use-of-weak -Wimplicit-retain-self -Wduplicate-method-match -Wno-missing-braces -Wparentheses -Wswitch -Wunused-function -Wno-unused-label -Wno-unused-parameter -Wunused-variable -Wunused-value -Wempty-body -Wuninitialized -Wconditional-uninitialized -Wno-unknown-pragmas -Wno-shadow -Wno-four-char-constants -Wno-conversion -Wconstant-conversion -Wint-conversion -Wbool-conversion -Wenum-conversion -Wno-float-conversion -Wnon-literal-null-conversion -Wobjc-literal-conversion -Wshorten-64-to-32 -Wpointer-sign -Wno-newline-eof -Wno-selector -Wno-strict-selector-match -Wundeclared-selector -Wdeprecated-implementations -DPOD_CONFIGURATION_RELEASE=1 -DCOCOAPODS=1 -DTTTFRAMEWORK=1 -DNS_BLOCK_ASSERTIONS=1 -DOBJC_OLD_DISPATCH_PROTOTYPES=0 -isysroot /Applications/Xcode.app/Contents/Developer/Platforms/iPhoneSimulator.platform/Developer/SDKs/iPhoneSimulator13.5.sdk -fasm-blocks -fstrict-aliasing -Wprotocol -Wdeprecated-declarations -g -Wno-sign-conversion -Winfinite-recursion -Wcomma -Wblock-capture-autoreleasing -Wstrict-prototypes -Wno-semicolon-before-method-body -Wunguarded-availability -fobjc-abi-version=2 -fobjc-legacy-dispatch -iquote /Users/edz/Library/Developer/Xcode/DerivedData/App-bytlbhqqorqzqidyjovihkqwnkia/Build/Intermediates.noindex/Pods.build/Release-iphonesimulator/LSRFramework.build/LSRFramework-generated-files.hmap -I/Users/edz/Library/Developer/Xcode/DerivedData/App-bytlbhqqorqzqidyjovihkqwnkia/Build/Intermediates.noindex/Pods.build/Release-iphonesimulator/LSRFramework.build/LSRFramework-own-target-headers.hmap -I/Users/edz/Library/Developer/Xcode/DerivedData/App-bytlbhqqorqzqidyjovihkqwnkia/Build/Intermediates.noindex/Pods.build/Release-iphonesimulator/LSRFramework.build/LSRFramework-all-non-framework-target-headers.hmap -ivfsoverlay /Users/edz/Library/Developer/Xcode/DerivedData/App-bytlbhqqorqzqidyjovihkqwnkia/Build/Intermediates.noindex/Pods.build/Release-iphonesimulator/LSRFramework.build/all-product-headers.yaml -iquote /Users/edz/Library/Developer/Xcode/DerivedData/App-bytlbhqqorqzqidyjovihkqwnkia/Build/Intermediates.noindex/Pods.build/Release-iphonesimulator/LSRFramework.build/LSRFramework-project-headers.hmap -I/Users/edz/Library/Developer/Xcode/DerivedData/App-bytlbhqqorqzqidyjovihkqwnkia/Build/Products/Release-iphonesimulator/LSRFramework/include -I/Users/edz/Library/Developer/Xcode/DerivedData/App-bytlbhqqorqzqidyjovihkqwnkia/Build/Intermediates.noindex/Pods.build/Release-iphonesimulator/LSRFramework.build/DerivedSources-normal/x86_64 -I/Users/edz/Library/Developer/Xcode/DerivedData/App-bytlbhqqorqzqidyjovihkqwnkia/Build/Intermediates.noindex/Pods.build/Release-iphonesimulator/LSRFramework.build/DerivedSources/x86_64 -I/Users/edz/Library/Developer/Xcode/DerivedData/App-bytlbhqqorqzqidyjovihkqwnkia/Build/Intermediates.noindex/Pods.build/Release-iphonesimulator/LSRFramework.build/DerivedSources -F/Users/edz/Library/Developer/Xcode/DerivedData/App-bytlbhqqorqzqidyjovihkqwnkia/Build/Products/Release-iphonesimulator/LSRFramework -F/Users/edz/Library/Developer/Xcode/DerivedData/App-bytlbhqqorqzqidyjovihkqwnkia/Build/Products/Release-iphonesimulator/MBProgressHUD -F/Users/edz/Library/Developer/Xcode/DerivedData/App-bytlbhqqorqzqidyjovihkqwnkia/Build/Products/Release-iphonesimulator/Masonry -Wincomplete-umbrella -w -Xanalyzer -analyzer-disable-all-checks -include /var/folders/4h/hxvz7hb959j4pw0pvbq686x00000gn/T/CocoaPods-Lint-20200722-25225-196xw43-UIModule/Pods/Target\ Support\ Files/LSRFramework/LSRFramework-prefix.pch -MMD -MT dependencies -MF /Users/edz/Library/Developer/Xcode/DerivedData/App-bytlbhqqorqzqidyjovihkqwnkia/Build/Intermediates.noindex/Pods.build/Release-iphonesimulator/LSRFramework.build/Objects-normal/x86_64/UITableViewController+VisibleArea.d --serialize-diagnostics /Users/edz/Library/Developer/Xcode/DerivedData/App-bytlbhqqorqzqidyjovihkqwnkia/Build/Intermediates.noindex/Pods.build/Release-iphonesimulator/LSRFramework.build/Objects-normal/x86_64/UITableViewController+VisibleArea.dia -c /var/folders/4h/hxvz7hb959j4pw0pvbq686x00000gn/T/CocoaPods-Lint-20200722-25225-196xw43-UIModule/Pods/LSRFramework/LSRFramework/Classes/BaseClasses/UIViewController/Loading/UITableViewController+VisibleArea.m -o /Users/edz/Library/Developer/Xcode/DerivedData/App-bytlbhqqorqzqidyjovihkqwnkia/Build/Intermediates.noindex/Pods.build/Release-iphonesimulator/LSRFramework.build/Objects-normal/x86_64/UITableViewController+VisibleArea.o
    
    CompileC /Users/edz/Library/Developer/Xcode/DerivedData/App-bytlbhqqorqzqidyjovihkqwnkia/Build/Intermediates.noindex/Pods.build/Release-iphonesimulator/LSRFramework.build/Objects-normal/x86_64/UITabBarController+TabBar.o /var/folders/4h/hxvz7hb959j4pw0pvbq686x00000gn/T/CocoaPods-Lint-20200722-25225-196xw43-UIModule/Pods/LSRFramework/LSRFramework/Classes/BaseClasses/TabBarViewController/UITabBarController+TabBar.m normal x86_64 objective-c com.apple.compilers.llvm.clang.1_0.compiler (in target 'LSRFramework' from project 'Pods')
        cd /var/folders/4h/hxvz7hb959j4pw0pvbq686x00000gn/T/CocoaPods-Lint-20200722-25225-196xw43-UIModule/Pods
        export LANG=en_US.US-ASCII
        /Applications/Xcode.app/Contents/Developer/Toolchains/XcodeDefault.xctoolchain/usr/bin/clang -x objective-c -target x86_64-apple-ios11.0-simulator -fmessage-length=0 -fdiagnostics-show-note-include-stack -fmacro-backtrace-limit=0 -std=gnu11 -fobjc-arc -fmodules -gmodules -fmodules-cache-path=/Users/edz/Library/Developer/Xcode/DerivedData/ModuleCache.noindex -fmodules-prune-interval=86400 -fmodules-prune-after=345600 -fbuild-session-file=/Users/edz/Library/Developer/Xcode/DerivedData/ModuleCache.noindex/Session.modulevalidation -fmodules-validate-once-per-build-session -Wnon-modular-include-in-framework-module -Werror=non-modular-include-in-framework-module -fmodule-name=LSRFramework -Wno-trigraphs -fpascal-strings -Os -fno-common -Wno-missing-field-initializers -Wno-missing-prototypes -Werror=return-type -Wdocumentation -Wunreachable-code -Wno-implicit-atomic-properties -Werror=deprecated-objc-isa-usage -Wno-objc-interface-ivars -Werror=objc-root-class -Wno-arc-repeated-use-of-weak -Wimplicit-retain-self -Wduplicate-method-match -Wno-missing-braces -Wparentheses -Wswitch -Wunused-function -Wno-unused-label -Wno-unused-parameter -Wunused-variable -Wunused-value -Wempty-body -Wuninitialized -Wconditional-uninitialized -Wno-unknown-pragmas -Wno-shadow -Wno-four-char-constants -Wno-conversion -Wconstant-conversion -Wint-conversion -Wbool-conversion -Wenum-conversion -Wno-float-conversion -Wnon-literal-null-conversion -Wobjc-literal-conversion -Wshorten-64-to-32 -Wpointer-sign -Wno-newline-eof -Wno-selector -Wno-strict-selector-match -Wundeclared-selector -Wdeprecated-implementations -DPOD_CONFIGURATION_RELEASE=1 -DCOCOAPODS=1 -DTTTFRAMEWORK=1 -DNS_BLOCK_ASSERTIONS=1 -DOBJC_OLD_DISPATCH_PROTOTYPES=0 -isysroot /Applications/Xcode.app/Contents/Developer/Platforms/iPhoneSimulator.platform/Developer/SDKs/iPhoneSimulator13.5.sdk -fasm-blocks -fstrict-aliasing -Wprotocol -Wdeprecated-declarations -g -Wno-sign-conversion -Winfinite-recursion -Wcomma -Wblock-capture-autoreleasing -Wstrict-prototypes -Wno-semicolon-before-method-body -Wunguarded-availability -fobjc-abi-version=2 -fobjc-legacy-dispatch -iquote /Users/edz/Library/Developer/Xcode/DerivedData/App-bytlbhqqorqzqidyjovihkqwnkia/Build/Intermediates.noindex/Pods.build/Release-iphonesimulator/LSRFramework.build/LSRFramework-generated-files.hmap -I/Users/edz/Library/Developer/Xcode/DerivedData/App-bytlbhqqorqzqidyjovihkqwnkia/Build/Intermediates.noindex/Pods.build/Release-iphonesimulator/LSRFramework.build/LSRFramework-own-target-headers.hmap -I/Users/edz/Library/Developer/Xcode/DerivedData/App-bytlbhqqorqzqidyjovihkqwnkia/Build/Intermediates.noindex/Pods.build/Release-iphonesimulator/LSRFramework.build/LSRFramework-all-non-framework-target-headers.hmap -ivfsoverlay /Users/edz/Library/Developer/Xcode/DerivedData/App-bytlbhqqorqzqidyjovihkqwnkia/Build/Intermediates.noindex/Pods.build/Release-iphonesimulator/LSRFramework.build/all-product-headers.yaml -iquote /Users/edz/Library/Developer/Xcode/DerivedData/App-bytlbhqqorqzqidyjovihkqwnkia/Build/Intermediates.noindex/Pods.build/Release-iphonesimulator/LSRFramework.build/LSRFramework-project-headers.hmap -I/Users/edz/Library/Developer/Xcode/DerivedData/App-bytlbhqqorqzqidyjovihkqwnkia/Build/Products/Release-iphonesimulator/LSRFramework/include -I/Users/edz/Library/Developer/Xcode/DerivedData/App-bytlbhqqorqzqidyjovihkqwnkia/Build/Intermediates.noindex/Pods.build/Release-iphonesimulator/LSRFramework.build/DerivedSources-normal/x86_64 -I/Users/edz/Library/Developer/Xcode/DerivedData/App-bytlbhqqorqzqidyjovihkqwnkia/Build/Intermediates.noindex/Pods.build/Release-iphonesimulator/LSRFramework.build/DerivedSources/x86_64 -I/Users/edz/Library/Developer/Xcode/DerivedData/App-bytlbhqqorqzqidyjovihkqwnkia/Build/Intermediates.noindex/Pods.build/Release-iphonesimulator/LSRFramework.build/DerivedSources -F/Users/edz/Library/Developer/Xcode/DerivedData/App-bytlbhqqorqzqidyjovihkqwnkia/Build/Products/Release-iphonesimulator/LSRFramework -F/Users/edz/Library/Developer/Xcode/DerivedData/App-bytlbhqqorqzqidyjovihkqwnkia/Build/Products/Release-iphonesimulator/MBProgressHUD -F/Users/edz/Library/Developer/Xcode/DerivedData/App-bytlbhqqorqzqidyjovihkqwnkia/Build/Products/Release-iphonesimulator/Masonry -Wincomplete-umbrella -w -Xanalyzer -analyzer-disable-all-checks -include /var/folders/4h/hxvz7hb959j4pw0pvbq686x00000gn/T/CocoaPods-Lint-20200722-25225-196xw43-UIModule/Pods/Target\ Support\ Files/LSRFramework/LSRFramework-prefix.pch -MMD -MT dependencies -MF /Users/edz/Library/Developer/Xcode/DerivedData/App-bytlbhqqorqzqidyjovihkqwnkia/Build/Intermediates.noindex/Pods.build/Release-iphonesimulator/LSRFramework.build/Objects-normal/x86_64/UITabBarController+TabBar.d --serialize-diagnostics /Users/edz/Library/Developer/Xcode/DerivedData/App-bytlbhqqorqzqidyjovihkqwnkia/Build/Intermediates.noindex/Pods.build/Release-iphonesimulator/LSRFramework.build/Objects-normal/x86_64/UITabBarController+TabBar.dia -c /var/folders/4h/hxvz7hb959j4pw0pvbq686x00000gn/T/CocoaPods-Lint-20200722-25225-196xw43-UIModule/Pods/LSRFramework/LSRFramework/Classes/BaseClasses/TabBarViewController/UITabBarController+TabBar.m -o /Users/edz/Library/Developer/Xcode/DerivedData/App-bytlbhqqorqzqidyjovihkqwnkia/Build/Intermediates.noindex/Pods.build/Release-iphonesimulator/LSRFramework.build/Objects-normal/x86_64/UITabBarController+TabBar.o
    
    CompileC /Users/edz/Library/Developer/Xcode/DerivedData/App-bytlbhqqorqzqidyjovihkqwnkia/Build/Intermediates.noindex/Pods.build/Release-iphonesimulator/LSRFramework.build/Objects-normal/x86_64/UINavigationItem+Global.o /var/folders/4h/hxvz7hb959j4pw0pvbq686x00000gn/T/CocoaPods-Lint-20200722-25225-196xw43-UIModule/Pods/LSRFramework/LSRFramework/Classes/BaseClasses/NavigationController/UINavigationItem+Global.m normal x86_64 objective-c com.apple.compilers.llvm.clang.1_0.compiler (in target 'LSRFramework' from project 'Pods')
        cd /var/folders/4h/hxvz7hb959j4pw0pvbq686x00000gn/T/CocoaPods-Lint-20200722-25225-196xw43-UIModule/Pods
        export LANG=en_US.US-ASCII
        /Applications/Xcode.app/Contents/Developer/Toolchains/XcodeDefault.xctoolchain/usr/bin/clang -x objective-c -target x86_64-apple-ios11.0-simulator -fmessage-length=0 -fdiagnostics-show-note-include-stack -fmacro-backtrace-limit=0 -std=gnu11 -fobjc-arc -fmodules -gmodules -fmodules-cache-path=/Users/edz/Library/Developer/Xcode/DerivedData/ModuleCache.noindex -fmodules-prune-interval=86400 -fmodules-prune-after=345600 -fbuild-session-file=/Users/edz/Library/Developer/Xcode/DerivedData/ModuleCache.noindex/Session.modulevalidation -fmodules-validate-once-per-build-session -Wnon-modular-include-in-framework-module -Werror=non-modular-include-in-framework-module -fmodule-name=LSRFramework -Wno-trigraphs -fpascal-strings -Os -fno-common -Wno-missing-field-initializers -Wno-missing-prototypes -Werror=return-type -Wdocumentation -Wunreachable-code -Wno-implicit-atomic-properties -Werror=deprecated-objc-isa-usage -Wno-objc-interface-ivars -Werror=objc-root-class -Wno-arc-repeated-use-of-weak -Wimplicit-retain-self -Wduplicate-method-match -Wno-missing-braces -Wparentheses -Wswitch -Wunused-function -Wno-unused-label -Wno-unused-parameter -Wunused-variable -Wunused-value -Wempty-body -Wuninitialized -Wconditional-uninitialized -Wno-unknown-pragmas -Wno-shadow -Wno-four-char-constants -Wno-conversion -Wconstant-conversion -Wint-conversion -Wbool-conversion -Wenum-conversion -Wno-float-conversion -Wnon-literal-null-conversion -Wobjc-literal-conversion -Wshorten-64-to-32 -Wpointer-sign -Wno-newline-eof -Wno-selector -Wno-strict-selector-match -Wundeclared-selector -Wdeprecated-implementations -DPOD_CONFIGURATION_RELEASE=1 -DCOCOAPODS=1 -DTTTFRAMEWORK=1 -DNS_BLOCK_ASSERTIONS=1 -DOBJC_OLD_DISPATCH_PROTOTYPES=0 -isysroot /Applications/Xcode.app/Contents/Developer/Platforms/iPhoneSimulator.platform/Developer/SDKs/iPhoneSimulator13.5.sdk -fasm-blocks -fstrict-aliasing -Wprotocol -Wdeprecated-declarations -g -Wno-sign-conversion -Winfinite-recursion -Wcomma -Wblock-capture-autoreleasing -Wstrict-prototypes -Wno-semicolon-before-method-body -Wunguarded-availability -fobjc-abi-version=2 -fobjc-legacy-dispatch -iquote /Users/edz/Library/Developer/Xcode/DerivedData/App-bytlbhqqorqzqidyjovihkqwnkia/Build/Intermediates.noindex/Pods.build/Release-iphonesimulator/LSRFramework.build/LSRFramework-generated-files.hmap -I/Users/edz/Library/Developer/Xcode/DerivedData/App-bytlbhqqorqzqidyjovihkqwnkia/Build/Intermediates.noindex/Pods.build/Release-iphonesimulator/LSRFramework.build/LSRFramework-own-target-headers.hmap -I/Users/edz/Library/Developer/Xcode/DerivedData/App-bytlbhqqorqzqidyjovihkqwnkia/Build/Intermediates.noindex/Pods.build/Release-iphonesimulator/LSRFramework.build/LSRFramework-all-non-framework-target-headers.hmap -ivfsoverlay /Users/edz/Library/Developer/Xcode/DerivedData/App-bytlbhqqorqzqidyjovihkqwnkia/Build/Intermediates.noindex/Pods.build/Release-iphonesimulator/LSRFramework.build/all-product-headers.yaml -iquote /Users/edz/Library/Developer/Xcode/DerivedData/App-bytlbhqqorqzqidyjovihkqwnkia/Build/Intermediates.noindex/Pods.build/Release-iphonesimulator/LSRFramework.build/LSRFramework-project-headers.hmap -I/Users/edz/Library/Developer/Xcode/DerivedData/App-bytlbhqqorqzqidyjovihkqwnkia/Build/Products/Release-iphonesimulator/LSRFramework/include -I/Users/edz/Library/Developer/Xcode/DerivedData/App-bytlbhqqorqzqidyjovihkqwnkia/Build/Intermediates.noindex/Pods.build/Release-iphonesimulator/LSRFramework.build/DerivedSources-normal/x86_64 -I/Users/edz/Library/Developer/Xcode/DerivedData/App-bytlbhqqorqzqidyjovihkqwnkia/Build/Intermediates.noindex/Pods.build/Release-iphonesimulator/LSRFramework.build/DerivedSources/x86_64 -I/Users/edz/Library/Developer/Xcode/DerivedData/App-bytlbhqqorqzqidyjovihkqwnkia/Build/Intermediates.noindex/Pods.build/Release-iphonesimulator/LSRFramework.build/DerivedSources -F/Users/edz/Library/Developer/Xcode/DerivedData/App-bytlbhqqorqzqidyjovihkqwnkia/Build/Products/Release-iphonesimulator/LSRFramework -F/Users/edz/Library/Developer/Xcode/DerivedData/App-bytlbhqqorqzqidyjovihkqwnkia/Build/Products/Release-iphonesimulator/MBProgressHUD -F/Users/edz/Library/Developer/Xcode/DerivedData/App-bytlbhqqorqzqidyjovihkqwnkia/Build/Products/Release-iphonesimulator/Masonry -Wincomplete-umbrella -w -Xanalyzer -analyzer-disable-all-checks -include /var/folders/4h/hxvz7hb959j4pw0pvbq686x00000gn/T/CocoaPods-Lint-20200722-25225-196xw43-UIModule/Pods/Target\ Support\ Files/LSRFramework/LSRFramework-prefix.pch -MMD -MT dependencies -MF /Users/edz/Library/Developer/Xcode/DerivedData/App-bytlbhqqorqzqidyjovihkqwnkia/Build/Intermediates.noindex/Pods.build/Release-iphonesimulator/LSRFramework.build/Objects-normal/x86_64/UINavigationItem+Global.d --serialize-diagnostics /Users/edz/Library/Developer/Xcode/DerivedData/App-bytlbhqqorqzqidyjovihkqwnkia/Build/Intermediates.noindex/Pods.build/Release-iphonesimulator/LSRFramework.build/Objects-normal/x86_64/UINavigationItem+Global.dia -c /var/folders/4h/hxvz7hb959j4pw0pvbq686x00000gn/T/CocoaPods-Lint-20200722-25225-196xw43-UIModule/Pods/LSRFramework/LSRFramework/Classes/BaseClasses/NavigationController/UINavigationItem+Global.m -o /Users/edz/Library/Developer/Xcode/DerivedData/App-bytlbhqqorqzqidyjovihkqwnkia/Build/Intermediates.noindex/Pods.build/Release-iphonesimulator/LSRFramework.build/Objects-normal/x86_64/UINavigationItem+Global.o
    
    CompileC /Users/edz/Library/Developer/Xcode/DerivedData/App-bytlbhqqorqzqidyjovihkqwnkia/Build/Intermediates.noindex/Pods.build/Release-iphonesimulator/LSRFramework.build/Objects-normal/x86_64/UINavigationItem+Customized.o /var/folders/4h/hxvz7hb959j4pw0pvbq686x00000gn/T/CocoaPods-Lint-20200722-25225-196xw43-UIModule/Pods/LSRFramework/LSRFramework/Classes/BaseClasses/NavigationController/UINavigationItem+Customized.m normal x86_64 objective-c com.apple.compilers.llvm.clang.1_0.compiler (in target 'LSRFramework' from project 'Pods')
        cd /var/folders/4h/hxvz7hb959j4pw0pvbq686x00000gn/T/CocoaPods-Lint-20200722-25225-196xw43-UIModule/Pods
        export LANG=en_US.US-ASCII
        /Applications/Xcode.app/Contents/Developer/Toolchains/XcodeDefault.xctoolchain/usr/bin/clang -x objective-c -target x86_64-apple-ios11.0-simulator -fmessage-length=0 -fdiagnostics-show-note-include-stack -fmacro-backtrace-limit=0 -std=gnu11 -fobjc-arc -fmodules -gmodules -fmodules-cache-path=/Users/edz/Library/Developer/Xcode/DerivedData/ModuleCache.noindex -fmodules-prune-interval=86400 -fmodules-prune-after=345600 -fbuild-session-file=/Users/edz/Library/Developer/Xcode/DerivedData/ModuleCache.noindex/Session.modulevalidation -fmodules-validate-once-per-build-session -Wnon-modular-include-in-framework-module -Werror=non-modular-include-in-framework-module -fmodule-name=LSRFramework -Wno-trigraphs -fpascal-strings -Os -fno-common -Wno-missing-field-initializers -Wno-missing-prototypes -Werror=return-type -Wdocumentation -Wunreachable-code -Wno-implicit-atomic-properties -Werror=deprecated-objc-isa-usage -Wno-objc-interface-ivars -Werror=objc-root-class -Wno-arc-repeated-use-of-weak -Wimplicit-retain-self -Wduplicate-method-match -Wno-missing-braces -Wparentheses -Wswitch -Wunused-function -Wno-unused-label -Wno-unused-parameter -Wunused-variable -Wunused-value -Wempty-body -Wuninitialized -Wconditional-uninitialized -Wno-unknown-pragmas -Wno-shadow -Wno-four-char-constants -Wno-conversion -Wconstant-conversion -Wint-conversion -Wbool-conversion -Wenum-conversion -Wno-float-conversion -Wnon-literal-null-conversion -Wobjc-literal-conversion -Wshorten-64-to-32 -Wpointer-sign -Wno-newline-eof -Wno-selector -Wno-strict-selector-match -Wundeclared-selector -Wdeprecated-implementations -DPOD_CONFIGURATION_RELEASE=1 -DCOCOAPODS=1 -DTTTFRAMEWORK=1 -DNS_BLOCK_ASSERTIONS=1 -DOBJC_OLD_DISPATCH_PROTOTYPES=0 -isysroot /Applications/Xcode.app/Contents/Developer/Platforms/iPhoneSimulator.platform/Developer/SDKs/iPhoneSimulator13.5.sdk -fasm-blocks -fstrict-aliasing -Wprotocol -Wdeprecated-declarations -g -Wno-sign-conversion -Winfinite-recursion -Wcomma -Wblock-capture-autoreleasing -Wstrict-prototypes -Wno-semicolon-before-method-body -Wunguarded-availability -fobjc-abi-version=2 -fobjc-legacy-dispatch -iquote /Users/edz/Library/Developer/Xcode/DerivedData/App-bytlbhqqorqzqidyjovihkqwnkia/Build/Intermediates.noindex/Pods.build/Release-iphonesimulator/LSRFramework.build/LSRFramework-generated-files.hmap -I/Users/edz/Library/Developer/Xcode/DerivedData/App-bytlbhqqorqzqidyjovihkqwnkia/Build/Intermediates.noindex/Pods.build/Release-iphonesimulator/LSRFramework.build/LSRFramework-own-target-headers.hmap -I/Users/edz/Library/Developer/Xcode/DerivedData/App-bytlbhqqorqzqidyjovihkqwnkia/Build/Intermediates.noindex/Pods.build/Release-iphonesimulator/LSRFramework.build/LSRFramework-all-non-framework-target-headers.hmap -ivfsoverlay /Users/edz/Library/Developer/Xcode/DerivedData/App-bytlbhqqorqzqidyjovihkqwnkia/Build/Intermediates.noindex/Pods.build/Release-iphonesimulator/LSRFramework.build/all-product-headers.yaml -iquote /Users/edz/Library/Developer/Xcode/DerivedData/App-bytlbhqqorqzqidyjovihkqwnkia/Build/Intermediates.noindex/Pods.build/Release-iphonesimulator/LSRFramework.build/LSRFramework-project-headers.hmap -I/Users/edz/Library/Developer/Xcode/DerivedData/App-bytlbhqqorqzqidyjovihkqwnkia/Build/Products/Release-iphonesimulator/LSRFramework/include -I/Users/edz/Library/Developer/Xcode/DerivedData/App-bytlbhqqorqzqidyjovihkqwnkia/Build/Intermediates.noindex/Pods.build/Release-iphonesimulator/LSRFramework.build/DerivedSources-normal/x86_64 -I/Users/edz/Library/Developer/Xcode/DerivedData/App-bytlbhqqorqzqidyjovihkqwnkia/Build/Intermediates.noindex/Pods.build/Release-iphonesimulator/LSRFramework.build/DerivedSources/x86_64 -I/Users/edz/Library/Developer/Xcode/DerivedData/App-bytlbhqqorqzqidyjovihkqwnkia/Build/Intermediates.noindex/Pods.build/Release-iphonesimulator/LSRFramework.build/DerivedSources -F/Users/edz/Library/Developer/Xcode/DerivedData/App-bytlbhqqorqzqidyjovihkqwnkia/Build/Products/Release-iphonesimulator/LSRFramework -F/Users/edz/Library/Developer/Xcode/DerivedData/App-bytlbhqqorqzqidyjovihkqwnkia/Build/Products/Release-iphonesimulator/MBProgressHUD -F/Users/edz/Library/Developer/Xcode/DerivedData/App-bytlbhqqorqzqidyjovihkqwnkia/Build/Products/Release-iphonesimulator/Masonry -Wincomplete-umbrella -w -Xanalyzer -analyzer-disable-all-checks -include /var/folders/4h/hxvz7hb959j4pw0pvbq686x00000gn/T/CocoaPods-Lint-20200722-25225-196xw43-UIModule/Pods/Target\ Support\ Files/LSRFramework/LSRFramework-prefix.pch -MMD -MT dependencies -MF /Users/edz/Library/Developer/Xcode/DerivedData/App-bytlbhqqorqzqidyjovihkqwnkia/Build/Intermediates.noindex/Pods.build/Release-iphonesimulator/LSRFramework.build/Objects-normal/x86_64/UINavigationItem+Customized.d --serialize-diagnostics /Users/edz/Library/Developer/Xcode/DerivedData/App-bytlbhqqorqzqidyjovihkqwnkia/Build/Intermediates.noindex/Pods.build/Release-iphonesimulator/LSRFramework.build/Objects-normal/x86_64/UINavigationItem+Customized.dia -c /var/folders/4h/hxvz7hb959j4pw0pvbq686x00000gn/T/CocoaPods-Lint-20200722-25225-196xw43-UIModule/Pods/LSRFramework/LSRFramework/Classes/BaseClasses/NavigationController/UINavigationItem+Customized.m -o /Users/edz/Library/Developer/Xcode/DerivedData/App-bytlbhqqorqzqidyjovihkqwnkia/Build/Intermediates.noindex/Pods.build/Release-iphonesimulator/LSRFramework.build/Objects-normal/x86_64/UINavigationItem+Customized.o
    
    CompileC /Users/edz/Library/Developer/Xcode/DerivedData/App-bytlbhqqorqzqidyjovihkqwnkia/Build/Intermediates.noindex/Pods.build/Release-iphonesimulator/LSRFramework.build/Objects-normal/x86_64/UINavigationItem+BarButtonItem.o /var/folders/4h/hxvz7hb959j4pw0pvbq686x00000gn/T/CocoaPods-Lint-20200722-25225-196xw43-UIModule/Pods/LSRFramework/LSRFramework/Classes/BaseClasses/NavigationController/UINavigationItem+BarButtonItem.m normal x86_64 objective-c com.apple.compilers.llvm.clang.1_0.compiler (in target 'LSRFramework' from project 'Pods')
        cd /var/folders/4h/hxvz7hb959j4pw0pvbq686x00000gn/T/CocoaPods-Lint-20200722-25225-196xw43-UIModule/Pods
        export LANG=en_US.US-ASCII
        /Applications/Xcode.app/Contents/Developer/Toolchains/XcodeDefault.xctoolchain/usr/bin/clang -x objective-c -target x86_64-apple-ios11.0-simulator -fmessage-length=0 -fdiagnostics-show-note-include-stack -fmacro-backtrace-limit=0 -std=gnu11 -fobjc-arc -fmodules -gmodules -fmodules-cache-path=/Users/edz/Library/Developer/Xcode/DerivedData/ModuleCache.noindex -fmodules-prune-interval=86400 -fmodules-prune-after=345600 -fbuild-session-file=/Users/edz/Library/Developer/Xcode/DerivedData/ModuleCache.noindex/Session.modulevalidation -fmodules-validate-once-per-build-session -Wnon-modular-include-in-framework-module -Werror=non-modular-include-in-framework-module -fmodule-name=LSRFramework -Wno-trigraphs -fpascal-strings -Os -fno-common -Wno-missing-field-initializers -Wno-missing-prototypes -Werror=return-type -Wdocumentation -Wunreachable-code -Wno-implicit-atomic-properties -Werror=deprecated-objc-isa-usage -Wno-objc-interface-ivars -Werror=objc-root-class -Wno-arc-repeated-use-of-weak -Wimplicit-retain-self -Wduplicate-method-match -Wno-missing-braces -Wparentheses -Wswitch -Wunused-function -Wno-unused-label -Wno-unused-parameter -Wunused-variable -Wunused-value -Wempty-body -Wuninitialized -Wconditional-uninitialized -Wno-unknown-pragmas -Wno-shadow -Wno-four-char-constants -Wno-conversion -Wconstant-conversion -Wint-conversion -Wbool-conversion -Wenum-conversion -Wno-float-conversion -Wnon-literal-null-conversion -Wobjc-literal-conversion -Wshorten-64-to-32 -Wpointer-sign -Wno-newline-eof -Wno-selector -Wno-strict-selector-match -Wundeclared-selector -Wdeprecated-implementations -DPOD_CONFIGURATION_RELEASE=1 -DCOCOAPODS=1 -DTTTFRAMEWORK=1 -DNS_BLOCK_ASSERTIONS=1 -DOBJC_OLD_DISPATCH_PROTOTYPES=0 -isysroot /Applications/Xcode.app/Contents/Developer/Platforms/iPhoneSimulator.platform/Developer/SDKs/iPhoneSimulator13.5.sdk -fasm-blocks -fstrict-aliasing -Wprotocol -Wdeprecated-declarations -g -Wno-sign-conversion -Winfinite-recursion -Wcomma -Wblock-capture-autoreleasing -Wstrict-prototypes -Wno-semicolon-before-method-body -Wunguarded-availability -fobjc-abi-version=2 -fobjc-legacy-dispatch -iquote /Users/edz/Library/Developer/Xcode/DerivedData/App-bytlbhqqorqzqidyjovihkqwnkia/Build/Intermediates.noindex/Pods.build/Release-iphonesimulator/LSRFramework.build/LSRFramework-generated-files.hmap -I/Users/edz/Library/Developer/Xcode/DerivedData/App-bytlbhqqorqzqidyjovihkqwnkia/Build/Intermediates.noindex/Pods.build/Release-iphonesimulator/LSRFramework.build/LSRFramework-own-target-headers.hmap -I/Users/edz/Library/Developer/Xcode/DerivedData/App-bytlbhqqorqzqidyjovihkqwnkia/Build/Intermediates.noindex/Pods.build/Release-iphonesimulator/LSRFramework.build/LSRFramework-all-non-framework-target-headers.hmap -ivfsoverlay /Users/edz/Library/Developer/Xcode/DerivedData/App-bytlbhqqorqzqidyjovihkqwnkia/Build/Intermediates.noindex/Pods.build/Release-iphonesimulator/LSRFramework.build/all-product-headers.yaml -iquote /Users/edz/Library/Developer/Xcode/DerivedData/App-bytlbhqqorqzqidyjovihkqwnkia/Build/Intermediates.noindex/Pods.build/Release-iphonesimulator/LSRFramework.build/LSRFramework-project-headers.hmap -I/Users/edz/Library/Developer/Xcode/DerivedData/App-bytlbhqqorqzqidyjovihkqwnkia/Build/Products/Release-iphonesimulator/LSRFramework/include -I/Users/edz/Library/Developer/Xcode/DerivedData/App-bytlbhqqorqzqidyjovihkqwnkia/Build/Intermediates.noindex/Pods.build/Release-iphonesimulator/LSRFramework.build/DerivedSources-normal/x86_64 -I/Users/edz/Library/Developer/Xcode/DerivedData/App-bytlbhqqorqzqidyjovihkqwnkia/Build/Intermediates.noindex/Pods.build/Release-iphonesimulator/LSRFramework.build/DerivedSources/x86_64 -I/Users/edz/Library/Developer/Xcode/DerivedData/App-bytlbhqqorqzqidyjovihkqwnkia/Build/Intermediates.noindex/Pods.build/Release-iphonesimulator/LSRFramework.build/DerivedSources -F/Users/edz/Library/Developer/Xcode/DerivedData/App-bytlbhqqorqzqidyjovihkqwnkia/Build/Products/Release-iphonesimulator/LSRFramework -F/Users/edz/Library/Developer/Xcode/DerivedData/App-bytlbhqqorqzqidyjovihkqwnkia/Build/Products/Release-iphonesimulator/MBProgressHUD -F/Users/edz/Library/Developer/Xcode/DerivedData/App-bytlbhqqorqzqidyjovihkqwnkia/Build/Products/Release-iphonesimulator/Masonry -Wincomplete-umbrella -w -Xanalyzer -analyzer-disable-all-checks -include /var/folders/4h/hxvz7hb959j4pw0pvbq686x00000gn/T/CocoaPods-Lint-20200722-25225-196xw43-UIModule/Pods/Target\ Support\ Files/LSRFramework/LSRFramework-prefix.pch -MMD -MT dependencies -MF /Users/edz/Library/Developer/Xcode/DerivedData/App-bytlbhqqorqzqidyjovihkqwnkia/Build/Intermediates.noindex/Pods.build/Release-iphonesimulator/LSRFramework.build/Objects-normal/x86_64/UINavigationItem+BarButtonItem.d --serialize-diagnostics /Users/edz/Library/Developer/Xcode/DerivedData/App-bytlbhqqorqzqidyjovihkqwnkia/Build/Intermediates.noindex/Pods.build/Release-iphonesimulator/LSRFramework.build/Objects-normal/x86_64/UINavigationItem+BarButtonItem.dia -c /var/folders/4h/hxvz7hb959j4pw0pvbq686x00000gn/T/CocoaPods-Lint-20200722-25225-196xw43-UIModule/Pods/LSRFramework/LSRFramework/Classes/BaseClasses/NavigationController/UINavigationItem+BarButtonItem.m -o /Users/edz/Library/Developer/Xcode/DerivedData/App-bytlbhqqorqzqidyjovihkqwnkia/Build/Intermediates.noindex/Pods.build/Release-iphonesimulator/LSRFramework.build/Objects-normal/x86_64/UINavigationItem+BarButtonItem.o
    
    CompileC /Users/edz/Library/Developer/Xcode/DerivedData/App-bytlbhqqorqzqidyjovihkqwnkia/Build/Intermediates.noindex/Pods.build/Release-iphonesimulator/LSRFramework.build/Objects-normal/x86_64/UINavigationController+Customized.o /var/folders/4h/hxvz7hb959j4pw0pvbq686x00000gn/T/CocoaPods-Lint-20200722-25225-196xw43-UIModule/Pods/LSRFramework/LSRFramework/Classes/BaseClasses/NavigationController/UINavigationController+Customized.m normal x86_64 objective-c com.apple.compilers.llvm.clang.1_0.compiler (in target 'LSRFramework' from project 'Pods')
        cd /var/folders/4h/hxvz7hb959j4pw0pvbq686x00000gn/T/CocoaPods-Lint-20200722-25225-196xw43-UIModule/Pods
        export LANG=en_US.US-ASCII
        /Applications/Xcode.app/Contents/Developer/Toolchains/XcodeDefault.xctoolchain/usr/bin/clang -x objective-c -target x86_64-apple-ios11.0-simulator -fmessage-length=0 -fdiagnostics-show-note-include-stack -fmacro-backtrace-limit=0 -std=gnu11 -fobjc-arc -fmodules -gmodules -fmodules-cache-path=/Users/edz/Library/Developer/Xcode/DerivedData/ModuleCache.noindex -fmodules-prune-interval=86400 -fmodules-prune-after=345600 -fbuild-session-file=/Users/edz/Library/Developer/Xcode/DerivedData/ModuleCache.noindex/Session.modulevalidation -fmodules-validate-once-per-build-session -Wnon-modular-include-in-framework-module -Werror=non-modular-include-in-framework-module -fmodule-name=LSRFramework -Wno-trigraphs -fpascal-strings -Os -fno-common -Wno-missing-field-initializers -Wno-missing-prototypes -Werror=return-type -Wdocumentation -Wunreachable-code -Wno-implicit-atomic-properties -Werror=deprecated-objc-isa-usage -Wno-objc-interface-ivars -Werror=objc-root-class -Wno-arc-repeated-use-of-weak -Wimplicit-retain-self -Wduplicate-method-match -Wno-missing-braces -Wparentheses -Wswitch -Wunused-function -Wno-unused-label -Wno-unused-parameter -Wunused-variable -Wunused-value -Wempty-body -Wuninitialized -Wconditional-uninitialized -Wno-unknown-pragmas -Wno-shadow -Wno-four-char-constants -Wno-conversion -Wconstant-conversion -Wint-conversion -Wbool-conversion -Wenum-conversion -Wno-float-conversion -Wnon-literal-null-conversion -Wobjc-literal-conversion -Wshorten-64-to-32 -Wpointer-sign -Wno-newline-eof -Wno-selector -Wno-strict-selector-match -Wundeclared-selector -Wdeprecated-implementations -DPOD_CONFIGURATION_RELEASE=1 -DCOCOAPODS=1 -DTTTFRAMEWORK=1 -DNS_BLOCK_ASSERTIONS=1 -DOBJC_OLD_DISPATCH_PROTOTYPES=0 -isysroot /Applications/Xcode.app/Contents/Developer/Platforms/iPhoneSimulator.platform/Developer/SDKs/iPhoneSimulator13.5.sdk -fasm-blocks -fstrict-aliasing -Wprotocol -Wdeprecated-declarations -g -Wno-sign-conversion -Winfinite-recursion -Wcomma -Wblock-capture-autoreleasing -Wstrict-prototypes -Wno-semicolon-before-method-body -Wunguarded-availability -fobjc-abi-version=2 -fobjc-legacy-dispatch -iquote /Users/edz/Library/Developer/Xcode/DerivedData/App-bytlbhqqorqzqidyjovihkqwnkia/Build/Intermediates.noindex/Pods.build/Release-iphonesimulator/LSRFramework.build/LSRFramework-generated-files.hmap -I/Users/edz/Library/Developer/Xcode/DerivedData/App-bytlbhqqorqzqidyjovihkqwnkia/Build/Intermediates.noindex/Pods.build/Release-iphonesimulator/LSRFramework.build/LSRFramework-own-target-headers.hmap -I/Users/edz/Library/Developer/Xcode/DerivedData/App-bytlbhqqorqzqidyjovihkqwnkia/Build/Intermediates.noindex/Pods.build/Release-iphonesimulator/LSRFramework.build/LSRFramework-all-non-framework-target-headers.hmap -ivfsoverlay /Users/edz/Library/Developer/Xcode/DerivedData/App-bytlbhqqorqzqidyjovihkqwnkia/Build/Intermediates.noindex/Pods.build/Release-iphonesimulator/LSRFramework.build/all-product-headers.yaml -iquote /Users/edz/Library/Developer/Xcode/DerivedData/App-bytlbhqqorqzqidyjovihkqwnkia/Build/Intermediates.noindex/Pods.build/Release-iphonesimulator/LSRFramework.build/LSRFramework-project-headers.hmap -I/Users/edz/Library/Developer/Xcode/DerivedData/App-bytlbhqqorqzqidyjovihkqwnkia/Build/Products/Release-iphonesimulator/LSRFramework/include -I/Users/edz/Library/Developer/Xcode/DerivedData/App-bytlbhqqorqzqidyjovihkqwnkia/Build/Intermediates.noindex/Pods.build/Release-iphonesimulator/LSRFramework.build/DerivedSources-normal/x86_64 -I/Users/edz/Library/Developer/Xcode/DerivedData/App-bytlbhqqorqzqidyjovihkqwnkia/Build/Intermediates.noindex/Pods.build/Release-iphonesimulator/LSRFramework.build/DerivedSources/x86_64 -I/Users/edz/Library/Developer/Xcode/DerivedData/App-bytlbhqqorqzqidyjovihkqwnkia/Build/Intermediates.noindex/Pods.build/Release-iphonesimulator/LSRFramework.build/DerivedSources -F/Users/edz/Library/Developer/Xcode/DerivedData/App-bytlbhqqorqzqidyjovihkqwnkia/Build/Products/Release-iphonesimulator/LSRFramework -F/Users/edz/Library/Developer/Xcode/DerivedData/App-bytlbhqqorqzqidyjovihkqwnkia/Build/Products/Release-iphonesimulator/MBProgressHUD -F/Users/edz/Library/Developer/Xcode/DerivedData/App-bytlbhqqorqzqidyjovihkqwnkia/Build/Products/Release-iphonesimulator/Masonry -Wincomplete-umbrella -w -Xanalyzer -analyzer-disable-all-checks -include /var/folders/4h/hxvz7hb959j4pw0pvbq686x00000gn/T/CocoaPods-Lint-20200722-25225-196xw43-UIModule/Pods/Target\ Support\ Files/LSRFramework/LSRFramework-prefix.pch -MMD -MT dependencies -MF /Users/edz/Library/Developer/Xcode/DerivedData/App-bytlbhqqorqzqidyjovihkqwnkia/Build/Intermediates.noindex/Pods.build/Release-iphonesimulator/LSRFramework.build/Objects-normal/x86_64/UINavigationController+Customized.d --serialize-diagnostics /Users/edz/Library/Developer/Xcode/DerivedData/App-bytlbhqqorqzqidyjovihkqwnkia/Build/Intermediates.noindex/Pods.build/Release-iphonesimulator/LSRFramework.build/Objects-normal/x86_64/UINavigationController+Customized.dia -c /var/folders/4h/hxvz7hb959j4pw0pvbq686x00000gn/T/CocoaPods-Lint-20200722-25225-196xw43-UIModule/Pods/LSRFramework/LSRFramework/Classes/BaseClasses/NavigationController/UINavigationController+Customized.m -o /Users/edz/Library/Developer/Xcode/DerivedData/App-bytlbhqqorqzqidyjovihkqwnkia/Build/Intermediates.noindex/Pods.build/Release-iphonesimulator/LSRFramework.build/Objects-normal/x86_64/UINavigationController+Customized.o
    
    CompileC /Users/edz/Library/Developer/Xcode/DerivedData/App-bytlbhqqorqzqidyjovihkqwnkia/Build/Intermediates.noindex/Pods.build/Release-iphonesimulator/LSRFramework.build/Objects-normal/x86_64/UINavigationBar+Global.o /var/folders/4h/hxvz7hb959j4pw0pvbq686x00000gn/T/CocoaPods-Lint-20200722-25225-196xw43-UIModule/Pods/LSRFramework/LSRFramework/Classes/BaseClasses/NavigationController/UINavigationBar+Global.m normal x86_64 objective-c com.apple.compilers.llvm.clang.1_0.compiler (in target 'LSRFramework' from project 'Pods')
        cd /var/folders/4h/hxvz7hb959j4pw0pvbq686x00000gn/T/CocoaPods-Lint-20200722-25225-196xw43-UIModule/Pods
        export LANG=en_US.US-ASCII
        /Applications/Xcode.app/Contents/Developer/Toolchains/XcodeDefault.xctoolchain/usr/bin/clang -x objective-c -target x86_64-apple-ios11.0-simulator -fmessage-length=0 -fdiagnostics-show-note-include-stack -fmacro-backtrace-limit=0 -std=gnu11 -fobjc-arc -fmodules -gmodules -fmodules-cache-path=/Users/edz/Library/Developer/Xcode/DerivedData/ModuleCache.noindex -fmodules-prune-interval=86400 -fmodules-prune-after=345600 -fbuild-session-file=/Users/edz/Library/Developer/Xcode/DerivedData/ModuleCache.noindex/Session.modulevalidation -fmodules-validate-once-per-build-session -Wnon-modular-include-in-framework-module -Werror=non-modular-include-in-framework-module -fmodule-name=LSRFramework -Wno-trigraphs -fpascal-strings -Os -fno-common -Wno-missing-field-initializers -Wno-missing-prototypes -Werror=return-type -Wdocumentation -Wunreachable-code -Wno-implicit-atomic-properties -Werror=deprecated-objc-isa-usage -Wno-objc-interface-ivars -Werror=objc-root-class -Wno-arc-repeated-use-of-weak -Wimplicit-retain-self -Wduplicate-method-match -Wno-missing-braces -Wparentheses -Wswitch -Wunused-function -Wno-unused-label -Wno-unused-parameter -Wunused-variable -Wunused-value -Wempty-body -Wuninitialized -Wconditional-uninitialized -Wno-unknown-pragmas -Wno-shadow -Wno-four-char-constants -Wno-conversion -Wconstant-conversion -Wint-conversion -Wbool-conversion -Wenum-conversion -Wno-float-conversion -Wnon-literal-null-conversion -Wobjc-literal-conversion -Wshorten-64-to-32 -Wpointer-sign -Wno-newline-eof -Wno-selector -Wno-strict-selector-match -Wundeclared-selector -Wdeprecated-implementations -DPOD_CONFIGURATION_RELEASE=1 -DCOCOAPODS=1 -DTTTFRAMEWORK=1 -DNS_BLOCK_ASSERTIONS=1 -DOBJC_OLD_DISPATCH_PROTOTYPES=0 -isysroot /Applications/Xcode.app/Contents/Developer/Platforms/iPhoneSimulator.platform/Developer/SDKs/iPhoneSimulator13.5.sdk -fasm-blocks -fstrict-aliasing -Wprotocol -Wdeprecated-declarations -g -Wno-sign-conversion -Winfinite-recursion -Wcomma -Wblock-capture-autoreleasing -Wstrict-prototypes -Wno-semicolon-before-method-body -Wunguarded-availability -fobjc-abi-version=2 -fobjc-legacy-dispatch -iquote /Users/edz/Library/Developer/Xcode/DerivedData/App-bytlbhqqorqzqidyjovihkqwnkia/Build/Intermediates.noindex/Pods.build/Release-iphonesimulator/LSRFramework.build/LSRFramework-generated-files.hmap -I/Users/edz/Library/Developer/Xcode/DerivedData/App-bytlbhqqorqzqidyjovihkqwnkia/Build/Intermediates.noindex/Pods.build/Release-iphonesimulator/LSRFramework.build/LSRFramework-own-target-headers.hmap -I/Users/edz/Library/Developer/Xcode/DerivedData/App-bytlbhqqorqzqidyjovihkqwnkia/Build/Intermediates.noindex/Pods.build/Release-iphonesimulator/LSRFramework.build/LSRFramework-all-non-framework-target-headers.hmap -ivfsoverlay /Users/edz/Library/Developer/Xcode/DerivedData/App-bytlbhqqorqzqidyjovihkqwnkia/Build/Intermediates.noindex/Pods.build/Release-iphonesimulator/LSRFramework.build/all-product-headers.yaml -iquote /Users/edz/Library/Developer/Xcode/DerivedData/App-bytlbhqqorqzqidyjovihkqwnkia/Build/Intermediates.noindex/Pods.build/Release-iphonesimulator/LSRFramework.build/LSRFramework-project-headers.hmap -I/Users/edz/Library/Developer/Xcode/DerivedData/App-bytlbhqqorqzqidyjovihkqwnkia/Build/Products/Release-iphonesimulator/LSRFramework/include -I/Users/edz/Library/Developer/Xcode/DerivedData/App-bytlbhqqorqzqidyjovihkqwnkia/Build/Intermediates.noindex/Pods.build/Release-iphonesimulator/LSRFramework.build/DerivedSources-normal/x86_64 -I/Users/edz/Library/Developer/Xcode/DerivedData/App-bytlbhqqorqzqidyjovihkqwnkia/Build/Intermediates.noindex/Pods.build/Release-iphonesimulator/LSRFramework.build/DerivedSources/x86_64 -I/Users/edz/Library/Developer/Xcode/DerivedData/App-bytlbhqqorqzqidyjovihkqwnkia/Build/Intermediates.noindex/Pods.build/Release-iphonesimulator/LSRFramework.build/DerivedSources -F/Users/edz/Library/Developer/Xcode/DerivedData/App-bytlbhqqorqzqidyjovihkqwnkia/Build/Products/Release-iphonesimulator/LSRFramework -F/Users/edz/Library/Developer/Xcode/DerivedData/App-bytlbhqqorqzqidyjovihkqwnkia/Build/Products/Release-iphonesimulator/MBProgressHUD -F/Users/edz/Library/Developer/Xcode/DerivedData/App-bytlbhqqorqzqidyjovihkqwnkia/Build/Products/Release-iphonesimulator/Masonry -Wincomplete-umbrella -w -Xanalyzer -analyzer-disable-all-checks -include /var/folders/4h/hxvz7hb959j4pw0pvbq686x00000gn/T/CocoaPods-Lint-20200722-25225-196xw43-UIModule/Pods/Target\ Support\ Files/LSRFramework/LSRFramework-prefix.pch -MMD -MT dependencies -MF /Users/edz/Library/Developer/Xcode/DerivedData/App-bytlbhqqorqzqidyjovihkqwnkia/Build/Intermediates.noindex/Pods.build/Release-iphonesimulator/LSRFramework.build/Objects-normal/x86_64/UINavigationBar+Global.d --serialize-diagnostics /Users/edz/Library/Developer/Xcode/DerivedData/App-bytlbhqqorqzqidyjovihkqwnkia/Build/Intermediates.noindex/Pods.build/Release-iphonesimulator/LSRFramework.build/Objects-normal/x86_64/UINavigationBar+Global.dia -c /var/folders/4h/hxvz7hb959j4pw0pvbq686x00000gn/T/CocoaPods-Lint-20200722-25225-196xw43-UIModule/Pods/LSRFramework/LSRFramework/Classes/BaseClasses/NavigationController/UINavigationBar+Global.m -o /Users/edz/Library/Developer/Xcode/DerivedData/App-bytlbhqqorqzqidyjovihkqwnkia/Build/Intermediates.noindex/Pods.build/Release-iphonesimulator/LSRFramework.build/Objects-normal/x86_64/UINavigationBar+Global.o
    
    CompileC /Users/edz/Library/Developer/Xcode/DerivedData/App-bytlbhqqorqzqidyjovihkqwnkia/Build/Intermediates.noindex/Pods.build/Release-iphonesimulator/LSRFramework.build/Objects-normal/x86_64/UINavigationBar+Customized.o /var/folders/4h/hxvz7hb959j4pw0pvbq686x00000gn/T/CocoaPods-Lint-20200722-25225-196xw43-UIModule/Pods/LSRFramework/LSRFramework/Classes/BaseClasses/NavigationController/UINavigationBar+Customized.m normal x86_64 objective-c com.apple.compilers.llvm.clang.1_0.compiler (in target 'LSRFramework' from project 'Pods')
        cd /var/folders/4h/hxvz7hb959j4pw0pvbq686x00000gn/T/CocoaPods-Lint-20200722-25225-196xw43-UIModule/Pods
        export LANG=en_US.US-ASCII
        /Applications/Xcode.app/Contents/Developer/Toolchains/XcodeDefault.xctoolchain/usr/bin/clang -x objective-c -target x86_64-apple-ios11.0-simulator -fmessage-length=0 -fdiagnostics-show-note-include-stack -fmacro-backtrace-limit=0 -std=gnu11 -fobjc-arc -fmodules -gmodules -fmodules-cache-path=/Users/edz/Library/Developer/Xcode/DerivedData/ModuleCache.noindex -fmodules-prune-interval=86400 -fmodules-prune-after=345600 -fbuild-session-file=/Users/edz/Library/Developer/Xcode/DerivedData/ModuleCache.noindex/Session.modulevalidation -fmodules-validate-once-per-build-session -Wnon-modular-include-in-framework-module -Werror=non-modular-include-in-framework-module -fmodule-name=LSRFramework -Wno-trigraphs -fpascal-strings -Os -fno-common -Wno-missing-field-initializers -Wno-missing-prototypes -Werror=return-type -Wdocumentation -Wunreachable-code -Wno-implicit-atomic-properties -Werror=deprecated-objc-isa-usage -Wno-objc-interface-ivars -Werror=objc-root-class -Wno-arc-repeated-use-of-weak -Wimplicit-retain-self -Wduplicate-method-match -Wno-missing-braces -Wparentheses -Wswitch -Wunused-function -Wno-unused-label -Wno-unused-parameter -Wunused-variable -Wunused-value -Wempty-body -Wuninitialized -Wconditional-uninitialized -Wno-unknown-pragmas -Wno-shadow -Wno-four-char-constants -Wno-conversion -Wconstant-conversion -Wint-conversion -Wbool-conversion -Wenum-conversion -Wno-float-conversion -Wnon-literal-null-conversion -Wobjc-literal-conversion -Wshorten-64-to-32 -Wpointer-sign -Wno-newline-eof -Wno-selector -Wno-strict-selector-match -Wundeclared-selector -Wdeprecated-implementations -DPOD_CONFIGURATION_RELEASE=1 -DCOCOAPODS=1 -DTTTFRAMEWORK=1 -DNS_BLOCK_ASSERTIONS=1 -DOBJC_OLD_DISPATCH_PROTOTYPES=0 -isysroot /Applications/Xcode.app/Contents/Developer/Platforms/iPhoneSimulator.platform/Developer/SDKs/iPhoneSimulator13.5.sdk -fasm-blocks -fstrict-aliasing -Wprotocol -Wdeprecated-declarations -g -Wno-sign-conversion -Winfinite-recursion -Wcomma -Wblock-capture-autoreleasing -Wstrict-prototypes -Wno-semicolon-before-method-body -Wunguarded-availability -fobjc-abi-version=2 -fobjc-legacy-dispatch -iquote /Users/edz/Library/Developer/Xcode/DerivedData/App-bytlbhqqorqzqidyjovihkqwnkia/Build/Intermediates.noindex/Pods.build/Release-iphonesimulator/LSRFramework.build/LSRFramework-generated-files.hmap -I/Users/edz/Library/Developer/Xcode/DerivedData/App-bytlbhqqorqzqidyjovihkqwnkia/Build/Intermediates.noindex/Pods.build/Release-iphonesimulator/LSRFramework.build/LSRFramework-own-target-headers.hmap -I/Users/edz/Library/Developer/Xcode/DerivedData/App-bytlbhqqorqzqidyjovihkqwnkia/Build/Intermediates.noindex/Pods.build/Release-iphonesimulator/LSRFramework.build/LSRFramework-all-non-framework-target-headers.hmap -ivfsoverlay /Users/edz/Library/Developer/Xcode/DerivedData/App-bytlbhqqorqzqidyjovihkqwnkia/Build/Intermediates.noindex/Pods.build/Release-iphonesimulator/LSRFramework.build/all-product-headers.yaml -iquote /Users/edz/Library/Developer/Xcode/DerivedData/App-bytlbhqqorqzqidyjovihkqwnkia/Build/Intermediates.noindex/Pods.build/Release-iphonesimulator/LSRFramework.build/LSRFramework-project-headers.hmap -I/Users/edz/Library/Developer/Xcode/DerivedData/App-bytlbhqqorqzqidyjovihkqwnkia/Build/Products/Release-iphonesimulator/LSRFramework/include -I/Users/edz/Library/Developer/Xcode/DerivedData/App-bytlbhqqorqzqidyjovihkqwnkia/Build/Intermediates.noindex/Pods.build/Release-iphonesimulator/LSRFramework.build/DerivedSources-normal/x86_64 -I/Users/edz/Library/Developer/Xcode/DerivedData/App-bytlbhqqorqzqidyjovihkqwnkia/Build/Intermediates.noindex/Pods.build/Release-iphonesimulator/LSRFramework.build/DerivedSources/x86_64 -I/Users/edz/Library/Developer/Xcode/DerivedData/App-bytlbhqqorqzqidyjovihkqwnkia/Build/Intermediates.noindex/Pods.build/Release-iphonesimulator/LSRFramework.build/DerivedSources -F/Users/edz/Library/Developer/Xcode/DerivedData/App-bytlbhqqorqzqidyjovihkqwnkia/Build/Products/Release-iphonesimulator/LSRFramework -F/Users/edz/Library/Developer/Xcode/DerivedData/App-bytlbhqqorqzqidyjovihkqwnkia/Build/Products/Release-iphonesimulator/MBProgressHUD -F/Users/edz/Library/Developer/Xcode/DerivedData/App-bytlbhqqorqzqidyjovihkqwnkia/Build/Products/Release-iphonesimulator/Masonry -Wincomplete-umbrella -w -Xanalyzer -analyzer-disable-all-checks -include /var/folders/4h/hxvz7hb959j4pw0pvbq686x00000gn/T/CocoaPods-Lint-20200722-25225-196xw43-UIModule/Pods/Target\ Support\ Files/LSRFramework/LSRFramework-prefix.pch -MMD -MT dependencies -MF /Users/edz/Library/Developer/Xcode/DerivedData/App-bytlbhqqorqzqidyjovihkqwnkia/Build/Intermediates.noindex/Pods.build/Release-iphonesimulator/LSRFramework.build/Objects-normal/x86_64/UINavigationBar+Customized.d --serialize-diagnostics /Users/edz/Library/Developer/Xcode/DerivedData/App-bytlbhqqorqzqidyjovihkqwnkia/Build/Intermediates.noindex/Pods.build/Release-iphonesimulator/LSRFramework.build/Objects-normal/x86_64/UINavigationBar+Customized.dia -c /var/folders/4h/hxvz7hb959j4pw0pvbq686x00000gn/T/CocoaPods-Lint-20200722-25225-196xw43-UIModule/Pods/LSRFramework/LSRFramework/Classes/BaseClasses/NavigationController/UINavigationBar+Customized.m -o /Users/edz/Library/Developer/Xcode/DerivedData/App-bytlbhqqorqzqidyjovihkqwnkia/Build/Intermediates.noindex/Pods.build/Release-iphonesimulator/LSRFramework.build/Objects-normal/x86_64/UINavigationBar+Customized.o
    
    CompileC /Users/edz/Library/Developer/Xcode/DerivedData/App-bytlbhqqorqzqidyjovihkqwnkia/Build/Intermediates.noindex/Pods.build/Release-iphonesimulator/LSRFramework.build/Objects-normal/x86_64/UIImage+TTTFramework.o /var/folders/4h/hxvz7hb959j4pw0pvbq686x00000gn/T/CocoaPods-Lint-20200722-25225-196xw43-UIModule/Pods/LSRFramework/LSRFramework/Classes/Categories/UIImage/UIImage+TTTFramework.m normal x86_64 objective-c com.apple.compilers.llvm.clang.1_0.compiler (in target 'LSRFramework' from project 'Pods')
        cd /var/folders/4h/hxvz7hb959j4pw0pvbq686x00000gn/T/CocoaPods-Lint-20200722-25225-196xw43-UIModule/Pods
        export LANG=en_US.US-ASCII
        /Applications/Xcode.app/Contents/Developer/Toolchains/XcodeDefault.xctoolchain/usr/bin/clang -x objective-c -target x86_64-apple-ios11.0-simulator -fmessage-length=0 -fdiagnostics-show-note-include-stack -fmacro-backtrace-limit=0 -std=gnu11 -fobjc-arc -fmodules -gmodules -fmodules-cache-path=/Users/edz/Library/Developer/Xcode/DerivedData/ModuleCache.noindex -fmodules-prune-interval=86400 -fmodules-prune-after=345600 -fbuild-session-file=/Users/edz/Library/Developer/Xcode/DerivedData/ModuleCache.noindex/Session.modulevalidation -fmodules-validate-once-per-build-session -Wnon-modular-include-in-framework-module -Werror=non-modular-include-in-framework-module -fmodule-name=LSRFramework -Wno-trigraphs -fpascal-strings -Os -fno-common -Wno-missing-field-initializers -Wno-missing-prototypes -Werror=return-type -Wdocumentation -Wunreachable-code -Wno-implicit-atomic-properties -Werror=deprecated-objc-isa-usage -Wno-objc-interface-ivars -Werror=objc-root-class -Wno-arc-repeated-use-of-weak -Wimplicit-retain-self -Wduplicate-method-match -Wno-missing-braces -Wparentheses -Wswitch -Wunused-function -Wno-unused-label -Wno-unused-parameter -Wunused-variable -Wunused-value -Wempty-body -Wuninitialized -Wconditional-uninitialized -Wno-unknown-pragmas -Wno-shadow -Wno-four-char-constants -Wno-conversion -Wconstant-conversion -Wint-conversion -Wbool-conversion -Wenum-conversion -Wno-float-conversion -Wnon-literal-null-conversion -Wobjc-literal-conversion -Wshorten-64-to-32 -Wpointer-sign -Wno-newline-eof -Wno-selector -Wno-strict-selector-match -Wundeclared-selector -Wdeprecated-implementations -DPOD_CONFIGURATION_RELEASE=1 -DCOCOAPODS=1 -DTTTFRAMEWORK=1 -DNS_BLOCK_ASSERTIONS=1 -DOBJC_OLD_DISPATCH_PROTOTYPES=0 -isysroot /Applications/Xcode.app/Contents/Developer/Platforms/iPhoneSimulator.platform/Developer/SDKs/iPhoneSimulator13.5.sdk -fasm-blocks -fstrict-aliasing -Wprotocol -Wdeprecated-declarations -g -Wno-sign-conversion -Winfinite-recursion -Wcomma -Wblock-capture-autoreleasing -Wstrict-prototypes -Wno-semicolon-before-method-body -Wunguarded-availability -fobjc-abi-version=2 -fobjc-legacy-dispatch -iquote /Users/edz/Library/Developer/Xcode/DerivedData/App-bytlbhqqorqzqidyjovihkqwnkia/Build/Intermediates.noindex/Pods.build/Release-iphonesimulator/LSRFramework.build/LSRFramework-generated-files.hmap -I/Users/edz/Library/Developer/Xcode/DerivedData/App-bytlbhqqorqzqidyjovihkqwnkia/Build/Intermediates.noindex/Pods.build/Release-iphonesimulator/LSRFramework.build/LSRFramework-own-target-headers.hmap -I/Users/edz/Library/Developer/Xcode/DerivedData/App-bytlbhqqorqzqidyjovihkqwnkia/Build/Intermediates.noindex/Pods.build/Release-iphonesimulator/LSRFramework.build/LSRFramework-all-non-framework-target-headers.hmap -ivfsoverlay /Users/edz/Library/Developer/Xcode/DerivedData/App-bytlbhqqorqzqidyjovihkqwnkia/Build/Intermediates.noindex/Pods.build/Release-iphonesimulator/LSRFramework.build/all-product-headers.yaml -iquote /Users/edz/Library/Developer/Xcode/DerivedData/App-bytlbhqqorqzqidyjovihkqwnkia/Build/Intermediates.noindex/Pods.build/Release-iphonesimulator/LSRFramework.build/LSRFramework-project-headers.hmap -I/Users/edz/Library/Developer/Xcode/DerivedData/App-bytlbhqqorqzqidyjovihkqwnkia/Build/Products/Release-iphonesimulator/LSRFramework/include -I/Users/edz/Library/Developer/Xcode/DerivedData/App-bytlbhqqorqzqidyjovihkqwnkia/Build/Intermediates.noindex/Pods.build/Release-iphonesimulator/LSRFramework.build/DerivedSources-normal/x86_64 -I/Users/edz/Library/Developer/Xcode/DerivedData/App-bytlbhqqorqzqidyjovihkqwnkia/Build/Intermediates.noindex/Pods.build/Release-iphonesimulator/LSRFramework.build/DerivedSources/x86_64 -I/Users/edz/Library/Developer/Xcode/DerivedData/App-bytlbhqqorqzqidyjovihkqwnkia/Build/Intermediates.noindex/Pods.build/Release-iphonesimulator/LSRFramework.build/DerivedSources -F/Users/edz/Library/Developer/Xcode/DerivedData/App-bytlbhqqorqzqidyjovihkqwnkia/Build/Products/Release-iphonesimulator/LSRFramework -F/Users/edz/Library/Developer/Xcode/DerivedData/App-bytlbhqqorqzqidyjovihkqwnkia/Build/Products/Release-iphonesimulator/MBProgressHUD -F/Users/edz/Library/Developer/Xcode/DerivedData/App-bytlbhqqorqzqidyjovihkqwnkia/Build/Products/Release-iphonesimulator/Masonry -Wincomplete-umbrella -w -Xanalyzer -analyzer-disable-all-checks -include /var/folders/4h/hxvz7hb959j4pw0pvbq686x00000gn/T/CocoaPods-Lint-20200722-25225-196xw43-UIModule/Pods/Target\ Support\ Files/LSRFramework/LSRFramework-prefix.pch -MMD -MT dependencies -MF /Users/edz/Library/Developer/Xcode/DerivedData/App-bytlbhqqorqzqidyjovihkqwnkia/Build/Intermediates.noindex/Pods.build/Release-iphonesimulator/LSRFramework.build/Objects-normal/x86_64/UIImage+TTTFramework.d --serialize-diagnostics /Users/edz/Library/Developer/Xcode/DerivedData/App-bytlbhqqorqzqidyjovihkqwnkia/Build/Intermediates.noindex/Pods.build/Release-iphonesimulator/LSRFramework.build/Objects-normal/x86_64/UIImage+TTTFramework.dia -c /var/folders/4h/hxvz7hb959j4pw0pvbq686x00000gn/T/CocoaPods-Lint-20200722-25225-196xw43-UIModule/Pods/LSRFramework/LSRFramework/Classes/Categories/UIImage/UIImage+TTTFramework.m -o /Users/edz/Library/Developer/Xcode/DerivedData/App-bytlbhqqorqzqidyjovihkqwnkia/Build/Intermediates.noindex/Pods.build/Release-iphonesimulator/LSRFramework.build/Objects-normal/x86_64/UIImage+TTTFramework.o
    
    CompileC /Users/edz/Library/Developer/Xcode/DerivedData/App-bytlbhqqorqzqidyjovihkqwnkia/Build/Intermediates.noindex/Pods.build/Release-iphonesimulator/LSRFramework.build/Objects-normal/x86_64/UIImage+Extension.o /var/folders/4h/hxvz7hb959j4pw0pvbq686x00000gn/T/CocoaPods-Lint-20200722-25225-196xw43-UIModule/Pods/LSRFramework/LSRFramework/Classes/Categories/UIImage/UIImage+Extension.m normal x86_64 objective-c com.apple.compilers.llvm.clang.1_0.compiler (in target 'LSRFramework' from project 'Pods')
        cd /var/folders/4h/hxvz7hb959j4pw0pvbq686x00000gn/T/CocoaPods-Lint-20200722-25225-196xw43-UIModule/Pods
        export LANG=en_US.US-ASCII
        /Applications/Xcode.app/Contents/Developer/Toolchains/XcodeDefault.xctoolchain/usr/bin/clang -x objective-c -target x86_64-apple-ios11.0-simulator -fmessage-length=0 -fdiagnostics-show-note-include-stack -fmacro-backtrace-limit=0 -std=gnu11 -fobjc-arc -fmodules -gmodules -fmodules-cache-path=/Users/edz/Library/Developer/Xcode/DerivedData/ModuleCache.noindex -fmodules-prune-interval=86400 -fmodules-prune-after=345600 -fbuild-session-file=/Users/edz/Library/Developer/Xcode/DerivedData/ModuleCache.noindex/Session.modulevalidation -fmodules-validate-once-per-build-session -Wnon-modular-include-in-framework-module -Werror=non-modular-include-in-framework-module -fmodule-name=LSRFramework -Wno-trigraphs -fpascal-strings -Os -fno-common -Wno-missing-field-initializers -Wno-missing-prototypes -Werror=return-type -Wdocumentation -Wunreachable-code -Wno-implicit-atomic-properties -Werror=deprecated-objc-isa-usage -Wno-objc-interface-ivars -Werror=objc-root-class -Wno-arc-repeated-use-of-weak -Wimplicit-retain-self -Wduplicate-method-match -Wno-missing-braces -Wparentheses -Wswitch -Wunused-function -Wno-unused-label -Wno-unused-parameter -Wunused-variable -Wunused-value -Wempty-body -Wuninitialized -Wconditional-uninitialized -Wno-unknown-pragmas -Wno-shadow -Wno-four-char-constants -Wno-conversion -Wconstant-conversion -Wint-conversion -Wbool-conversion -Wenum-conversion -Wno-float-conversion -Wnon-literal-null-conversion -Wobjc-literal-conversion -Wshorten-64-to-32 -Wpointer-sign -Wno-newline-eof -Wno-selector -Wno-strict-selector-match -Wundeclared-selector -Wdeprecated-implementations -DPOD_CONFIGURATION_RELEASE=1 -DCOCOAPODS=1 -DTTTFRAMEWORK=1 -DNS_BLOCK_ASSERTIONS=1 -DOBJC_OLD_DISPATCH_PROTOTYPES=0 -isysroot /Applications/Xcode.app/Contents/Developer/Platforms/iPhoneSimulator.platform/Developer/SDKs/iPhoneSimulator13.5.sdk -fasm-blocks -fstrict-aliasing -Wprotocol -Wdeprecated-declarations -g -Wno-sign-conversion -Winfinite-recursion -Wcomma -Wblock-capture-autoreleasing -Wstrict-prototypes -Wno-semicolon-before-method-body -Wunguarded-availability -fobjc-abi-version=2 -fobjc-legacy-dispatch -iquote /Users/edz/Library/Developer/Xcode/DerivedData/App-bytlbhqqorqzqidyjovihkqwnkia/Build/Intermediates.noindex/Pods.build/Release-iphonesimulator/LSRFramework.build/LSRFramework-generated-files.hmap -I/Users/edz/Library/Developer/Xcode/DerivedData/App-bytlbhqqorqzqidyjovihkqwnkia/Build/Intermediates.noindex/Pods.build/Release-iphonesimulator/LSRFramework.build/LSRFramework-own-target-headers.hmap -I/Users/edz/Library/Developer/Xcode/DerivedData/App-bytlbhqqorqzqidyjovihkqwnkia/Build/Intermediates.noindex/Pods.build/Release-iphonesimulator/LSRFramework.build/LSRFramework-all-non-framework-target-headers.hmap -ivfsoverlay /Users/edz/Library/Developer/Xcode/DerivedData/App-bytlbhqqorqzqidyjovihkqwnkia/Build/Intermediates.noindex/Pods.build/Release-iphonesimulator/LSRFramework.build/all-product-headers.yaml -iquote /Users/edz/Library/Developer/Xcode/DerivedData/App-bytlbhqqorqzqidyjovihkqwnkia/Build/Intermediates.noindex/Pods.build/Release-iphonesimulator/LSRFramework.build/LSRFramework-project-headers.hmap -I/Users/edz/Library/Developer/Xcode/DerivedData/App-bytlbhqqorqzqidyjovihkqwnkia/Build/Products/Release-iphonesimulator/LSRFramework/include -I/Users/edz/Library/Developer/Xcode/DerivedData/App-bytlbhqqorqzqidyjovihkqwnkia/Build/Intermediates.noindex/Pods.build/Release-iphonesimulator/LSRFramework.build/DerivedSources-normal/x86_64 -I/Users/edz/Library/Developer/Xcode/DerivedData/App-bytlbhqqorqzqidyjovihkqwnkia/Build/Intermediates.noindex/Pods.build/Release-iphonesimulator/LSRFramework.build/DerivedSources/x86_64 -I/Users/edz/Library/Developer/Xcode/DerivedData/App-bytlbhqqorqzqidyjovihkqwnkia/Build/Intermediates.noindex/Pods.build/Release-iphonesimulator/LSRFramework.build/DerivedSources -F/Users/edz/Library/Developer/Xcode/DerivedData/App-bytlbhqqorqzqidyjovihkqwnkia/Build/Products/Release-iphonesimulator/LSRFramework -F/Users/edz/Library/Developer/Xcode/DerivedData/App-bytlbhqqorqzqidyjovihkqwnkia/Build/Products/Release-iphonesimulator/MBProgressHUD -F/Users/edz/Library/Developer/Xcode/DerivedData/App-bytlbhqqorqzqidyjovihkqwnkia/Build/Products/Release-iphonesimulator/Masonry -Wincomplete-umbrella -w -Xanalyzer -analyzer-disable-all-checks -include /var/folders/4h/hxvz7hb959j4pw0pvbq686x00000gn/T/CocoaPods-Lint-20200722-25225-196xw43-UIModule/Pods/Target\ Support\ Files/LSRFramework/LSRFramework-prefix.pch -MMD -MT dependencies -MF /Users/edz/Library/Developer/Xcode/DerivedData/App-bytlbhqqorqzqidyjovihkqwnkia/Build/Intermediates.noindex/Pods.build/Release-iphonesimulator/LSRFramework.build/Objects-normal/x86_64/UIImage+Extension.d --serialize-diagnostics /Users/edz/Library/Developer/Xcode/DerivedData/App-bytlbhqqorqzqidyjovihkqwnkia/Build/Intermediates.noindex/Pods.build/Release-iphonesimulator/LSRFramework.build/Objects-normal/x86_64/UIImage+Extension.dia -c /var/folders/4h/hxvz7hb959j4pw0pvbq686x00000gn/T/CocoaPods-Lint-20200722-25225-196xw43-UIModule/Pods/LSRFramework/LSRFramework/Classes/Categories/UIImage/UIImage+Extension.m -o /Users/edz/Library/Developer/Xcode/DerivedData/App-bytlbhqqorqzqidyjovihkqwnkia/Build/Intermediates.noindex/Pods.build/Release-iphonesimulator/LSRFramework.build/Objects-normal/x86_64/UIImage+Extension.o
    
    CompileC /Users/edz/Library/Developer/Xcode/DerivedData/App-bytlbhqqorqzqidyjovihkqwnkia/Build/Intermediates.noindex/Pods.build/Release-iphonesimulator/LSRFramework.build/Objects-normal/x86_64/UIImage+CTAssetsPickerController.o /var/folders/4h/hxvz7hb959j4pw0pvbq686x00000gn/T/CocoaPods-Lint-20200722-25225-196xw43-UIModule/Pods/LSRFramework/LSRFramework/Classes/BaseClasses/UIViewController/Picker/AssetsPicker/CTAssetsPickerController/Categories/UIImage+CTAssetsPickerController.m normal x86_64 objective-c com.apple.compilers.llvm.clang.1_0.compiler (in target 'LSRFramework' from project 'Pods')
        cd /var/folders/4h/hxvz7hb959j4pw0pvbq686x00000gn/T/CocoaPods-Lint-20200722-25225-196xw43-UIModule/Pods
        export LANG=en_US.US-ASCII
        /Applications/Xcode.app/Contents/Developer/Toolchains/XcodeDefault.xctoolchain/usr/bin/clang -x objective-c -target x86_64-apple-ios11.0-simulator -fmessage-length=0 -fdiagnostics-show-note-include-stack -fmacro-backtrace-limit=0 -std=gnu11 -fobjc-arc -fmodules -gmodules -fmodules-cache-path=/Users/edz/Library/Developer/Xcode/DerivedData/ModuleCache.noindex -fmodules-prune-interval=86400 -fmodules-prune-after=345600 -fbuild-session-file=/Users/edz/Library/Developer/Xcode/DerivedData/ModuleCache.noindex/Session.modulevalidation -fmodules-validate-once-per-build-session -Wnon-modular-include-in-framework-module -Werror=non-modular-include-in-framework-module -fmodule-name=LSRFramework -Wno-trigraphs -fpascal-strings -Os -fno-common -Wno-missing-field-initializers -Wno-missing-prototypes -Werror=return-type -Wdocumentation -Wunreachable-code -Wno-implicit-atomic-properties -Werror=deprecated-objc-isa-usage -Wno-objc-interface-ivars -Werror=objc-root-class -Wno-arc-repeated-use-of-weak -Wimplicit-retain-self -Wduplicate-method-match -Wno-missing-braces -Wparentheses -Wswitch -Wunused-function -Wno-unused-label -Wno-unused-parameter -Wunused-variable -Wunused-value -Wempty-body -Wuninitialized -Wconditional-uninitialized -Wno-unknown-pragmas -Wno-shadow -Wno-four-char-constants -Wno-conversion -Wconstant-conversion -Wint-conversion -Wbool-conversion -Wenum-conversion -Wno-float-conversion -Wnon-literal-null-conversion -Wobjc-literal-conversion -Wshorten-64-to-32 -Wpointer-sign -Wno-newline-eof -Wno-selector -Wno-strict-selector-match -Wundeclared-selector -Wdeprecated-implementations -DPOD_CONFIGURATION_RELEASE=1 -DCOCOAPODS=1 -DTTTFRAMEWORK=1 -DNS_BLOCK_ASSERTIONS=1 -DOBJC_OLD_DISPATCH_PROTOTYPES=0 -isysroot /Applications/Xcode.app/Contents/Developer/Platforms/iPhoneSimulator.platform/Developer/SDKs/iPhoneSimulator13.5.sdk -fasm-blocks -fstrict-aliasing -Wprotocol -Wdeprecated-declarations -g -Wno-sign-conversion -Winfinite-recursion -Wcomma -Wblock-capture-autoreleasing -Wstrict-prototypes -Wno-semicolon-before-method-body -Wunguarded-availability -fobjc-abi-version=2 -fobjc-legacy-dispatch -iquote /Users/edz/Library/Developer/Xcode/DerivedData/App-bytlbhqqorqzqidyjovihkqwnkia/Build/Intermediates.noindex/Pods.build/Release-iphonesimulator/LSRFramework.build/LSRFramework-generated-files.hmap -I/Users/edz/Library/Developer/Xcode/DerivedData/App-bytlbhqqorqzqidyjovihkqwnkia/Build/Intermediates.noindex/Pods.build/Release-iphonesimulator/LSRFramework.build/LSRFramework-own-target-headers.hmap -I/Users/edz/Library/Developer/Xcode/DerivedData/App-bytlbhqqorqzqidyjovihkqwnkia/Build/Intermediates.noindex/Pods.build/Release-iphonesimulator/LSRFramework.build/LSRFramework-all-non-framework-target-headers.hmap -ivfsoverlay /Users/edz/Library/Developer/Xcode/DerivedData/App-bytlbhqqorqzqidyjovihkqwnkia/Build/Intermediates.noindex/Pods.build/Release-iphonesimulator/LSRFramework.build/all-product-headers.yaml -iquote /Users/edz/Library/Developer/Xcode/DerivedData/App-bytlbhqqorqzqidyjovihkqwnkia/Build/Intermediates.noindex/Pods.build/Release-iphonesimulator/LSRFramework.build/LSRFramework-project-headers.hmap -I/Users/edz/Library/Developer/Xcode/DerivedData/App-bytlbhqqorqzqidyjovihkqwnkia/Build/Products/Release-iphonesimulator/LSRFramework/include -I/Users/edz/Library/Developer/Xcode/DerivedData/App-bytlbhqqorqzqidyjovihkqwnkia/Build/Intermediates.noindex/Pods.build/Release-iphonesimulator/LSRFramework.build/DerivedSources-normal/x86_64 -I/Users/edz/Library/Developer/Xcode/DerivedData/App-bytlbhqqorqzqidyjovihkqwnkia/Build/Intermediates.noindex/Pods.build/Release-iphonesimulator/LSRFramework.build/DerivedSources/x86_64 -I/Users/edz/Library/Developer/Xcode/DerivedData/App-bytlbhqqorqzqidyjovihkqwnkia/Build/Intermediates.noindex/Pods.build/Release-iphonesimulator/LSRFramework.build/DerivedSources -F/Users/edz/Library/Developer/Xcode/DerivedData/App-bytlbhqqorqzqidyjovihkqwnkia/Build/Products/Release-iphonesimulator/LSRFramework -F/Users/edz/Library/Developer/Xcode/DerivedData/App-bytlbhqqorqzqidyjovihkqwnkia/Build/Products/Release-iphonesimulator/MBProgressHUD -F/Users/edz/Library/Developer/Xcode/DerivedData/App-bytlbhqqorqzqidyjovihkqwnkia/Build/Products/Release-iphonesimulator/Masonry -Wincomplete-umbrella -w -Xanalyzer -analyzer-disable-all-checks -include /var/folders/4h/hxvz7hb959j4pw0pvbq686x00000gn/T/CocoaPods-Lint-20200722-25225-196xw43-UIModule/Pods/Target\ Support\ Files/LSRFramework/LSRFramework-prefix.pch -MMD -MT dependencies -MF /Users/edz/Library/Developer/Xcode/DerivedData/App-bytlbhqqorqzqidyjovihkqwnkia/Build/Intermediates.noindex/Pods.build/Release-iphonesimulator/LSRFramework.build/Objects-normal/x86_64/UIImage+CTAssetsPickerController.d --serialize-diagnostics /Users/edz/Library/Developer/Xcode/DerivedData/App-bytlbhqqorqzqidyjovihkqwnkia/Build/Intermediates.noindex/Pods.build/Release-iphonesimulator/LSRFramework.build/Objects-normal/x86_64/UIImage+CTAssetsPickerController.dia -c /var/folders/4h/hxvz7hb959j4pw0pvbq686x00000gn/T/CocoaPods-Lint-20200722-25225-196xw43-UIModule/Pods/LSRFramework/LSRFramework/Classes/BaseClasses/UIViewController/Picker/AssetsPicker/CTAssetsPickerController/Categories/UIImage+CTAssetsPickerController.m -o /Users/edz/Library/Developer/Xcode/DerivedData/App-bytlbhqqorqzqidyjovihkqwnkia/Build/Intermediates.noindex/Pods.build/Release-iphonesimulator/LSRFramework.build/Objects-normal/x86_64/UIImage+CTAssetsPickerController.o
    
    CompileC /Users/edz/Library/Developer/Xcode/DerivedData/App-bytlbhqqorqzqidyjovihkqwnkia/Build/Intermediates.noindex/Pods.build/Release-iphonesimulator/LSRFramework.build/Objects-normal/x86_64/UIDevice+Orientation.o /var/folders/4h/hxvz7hb959j4pw0pvbq686x00000gn/T/CocoaPods-Lint-20200722-25225-196xw43-UIModule/Pods/LSRFramework/LSRFramework/Classes/Categories/UIDevice/UIDevice+Orientation.m normal x86_64 objective-c com.apple.compilers.llvm.clang.1_0.compiler (in target 'LSRFramework' from project 'Pods')
        cd /var/folders/4h/hxvz7hb959j4pw0pvbq686x00000gn/T/CocoaPods-Lint-20200722-25225-196xw43-UIModule/Pods
        export LANG=en_US.US-ASCII
        /Applications/Xcode.app/Contents/Developer/Toolchains/XcodeDefault.xctoolchain/usr/bin/clang -x objective-c -target x86_64-apple-ios11.0-simulator -fmessage-length=0 -fdiagnostics-show-note-include-stack -fmacro-backtrace-limit=0 -std=gnu11 -fobjc-arc -fmodules -gmodules -fmodules-cache-path=/Users/edz/Library/Developer/Xcode/DerivedData/ModuleCache.noindex -fmodules-prune-interval=86400 -fmodules-prune-after=345600 -fbuild-session-file=/Users/edz/Library/Developer/Xcode/DerivedData/ModuleCache.noindex/Session.modulevalidation -fmodules-validate-once-per-build-session -Wnon-modular-include-in-framework-module -Werror=non-modular-include-in-framework-module -fmodule-name=LSRFramework -Wno-trigraphs -fpascal-strings -Os -fno-common -Wno-missing-field-initializers -Wno-missing-prototypes -Werror=return-type -Wdocumentation -Wunreachable-code -Wno-implicit-atomic-properties -Werror=deprecated-objc-isa-usage -Wno-objc-interface-ivars -Werror=objc-root-class -Wno-arc-repeated-use-of-weak -Wimplicit-retain-self -Wduplicate-method-match -Wno-missing-braces -Wparentheses -Wswitch -Wunused-function -Wno-unused-label -Wno-unused-parameter -Wunused-variable -Wunused-value -Wempty-body -Wuninitialized -Wconditional-uninitialized -Wno-unknown-pragmas -Wno-shadow -Wno-four-char-constants -Wno-conversion -Wconstant-conversion -Wint-conversion -Wbool-conversion -Wenum-conversion -Wno-float-conversion -Wnon-literal-null-conversion -Wobjc-literal-conversion -Wshorten-64-to-32 -Wpointer-sign -Wno-newline-eof -Wno-selector -Wno-strict-selector-match -Wundeclared-selector -Wdeprecated-implementations -DPOD_CONFIGURATION_RELEASE=1 -DCOCOAPODS=1 -DTTTFRAMEWORK=1 -DNS_BLOCK_ASSERTIONS=1 -DOBJC_OLD_DISPATCH_PROTOTYPES=0 -isysroot /Applications/Xcode.app/Contents/Developer/Platforms/iPhoneSimulator.platform/Developer/SDKs/iPhoneSimulator13.5.sdk -fasm-blocks -fstrict-aliasing -Wprotocol -Wdeprecated-declarations -g -Wno-sign-conversion -Winfinite-recursion -Wcomma -Wblock-capture-autoreleasing -Wstrict-prototypes -Wno-semicolon-before-method-body -Wunguarded-availability -fobjc-abi-version=2 -fobjc-legacy-dispatch -iquote /Users/edz/Library/Developer/Xcode/DerivedData/App-bytlbhqqorqzqidyjovihkqwnkia/Build/Intermediates.noindex/Pods.build/Release-iphonesimulator/LSRFramework.build/LSRFramework-generated-files.hmap -I/Users/edz/Library/Developer/Xcode/DerivedData/App-bytlbhqqorqzqidyjovihkqwnkia/Build/Intermediates.noindex/Pods.build/Release-iphonesimulator/LSRFramework.build/LSRFramework-own-target-headers.hmap -I/Users/edz/Library/Developer/Xcode/DerivedData/App-bytlbhqqorqzqidyjovihkqwnkia/Build/Intermediates.noindex/Pods.build/Release-iphonesimulator/LSRFramework.build/LSRFramework-all-non-framework-target-headers.hmap -ivfsoverlay /Users/edz/Library/Developer/Xcode/DerivedData/App-bytlbhqqorqzqidyjovihkqwnkia/Build/Intermediates.noindex/Pods.build/Release-iphonesimulator/LSRFramework.build/all-product-headers.yaml -iquote /Users/edz/Library/Developer/Xcode/DerivedData/App-bytlbhqqorqzqidyjovihkqwnkia/Build/Intermediates.noindex/Pods.build/Release-iphonesimulator/LSRFramework.build/LSRFramework-project-headers.hmap -I/Users/edz/Library/Developer/Xcode/DerivedData/App-bytlbhqqorqzqidyjovihkqwnkia/Build/Products/Release-iphonesimulator/LSRFramework/include -I/Users/edz/Library/Developer/Xcode/DerivedData/App-bytlbhqqorqzqidyjovihkqwnkia/Build/Intermediates.noindex/Pods.build/Release-iphonesimulator/LSRFramework.build/DerivedSources-normal/x86_64 -I/Users/edz/Library/Developer/Xcode/DerivedData/App-bytlbhqqorqzqidyjovihkqwnkia/Build/Intermediates.noindex/Pods.build/Release-iphonesimulator/LSRFramework.build/DerivedSources/x86_64 -I/Users/edz/Library/Developer/Xcode/DerivedData/App-bytlbhqqorqzqidyjovihkqwnkia/Build/Intermediates.noindex/Pods.build/Release-iphonesimulator/LSRFramework.build/DerivedSources -F/Users/edz/Library/Developer/Xcode/DerivedData/App-bytlbhqqorqzqidyjovihkqwnkia/Build/Products/Release-iphonesimulator/LSRFramework -F/Users/edz/Library/Developer/Xcode/DerivedData/App-bytlbhqqorqzqidyjovihkqwnkia/Build/Products/Release-iphonesimulator/MBProgressHUD -F/Users/edz/Library/Developer/Xcode/DerivedData/App-bytlbhqqorqzqidyjovihkqwnkia/Build/Products/Release-iphonesimulator/Masonry -Wincomplete-umbrella -w -Xanalyzer -analyzer-disable-all-checks -include /var/folders/4h/hxvz7hb959j4pw0pvbq686x00000gn/T/CocoaPods-Lint-20200722-25225-196xw43-UIModule/Pods/Target\ Support\ Files/LSRFramework/LSRFramework-prefix.pch -MMD -MT dependencies -MF /Users/edz/Library/Developer/Xcode/DerivedData/App-bytlbhqqorqzqidyjovihkqwnkia/Build/Intermediates.noindex/Pods.build/Release-iphonesimulator/LSRFramework.build/Objects-normal/x86_64/UIDevice+Orientation.d --serialize-diagnostics /Users/edz/Library/Developer/Xcode/DerivedData/App-bytlbhqqorqzqidyjovihkqwnkia/Build/Intermediates.noindex/Pods.build/Release-iphonesimulator/LSRFramework.build/Objects-normal/x86_64/UIDevice+Orientation.dia -c /var/folders/4h/hxvz7hb959j4pw0pvbq686x00000gn/T/CocoaPods-Lint-20200722-25225-196xw43-UIModule/Pods/LSRFramework/LSRFramework/Classes/Categories/UIDevice/UIDevice+Orientation.m -o /Users/edz/Library/Developer/Xcode/DerivedData/App-bytlbhqqorqzqidyjovihkqwnkia/Build/Intermediates.noindex/Pods.build/Release-iphonesimulator/LSRFramework.build/Objects-normal/x86_64/UIDevice+Orientation.o
    
    CompileC /Users/edz/Library/Developer/Xcode/DerivedData/App-bytlbhqqorqzqidyjovihkqwnkia/Build/Intermediates.noindex/Pods.build/Release-iphonesimulator/LSRFramework.build/Objects-normal/x86_64/UIColor+Extension.o /var/folders/4h/hxvz7hb959j4pw0pvbq686x00000gn/T/CocoaPods-Lint-20200722-25225-196xw43-UIModule/Pods/LSRFramework/LSRFramework/Classes/Categories/UIColor/UIColor+Extension.m normal x86_64 objective-c com.apple.compilers.llvm.clang.1_0.compiler (in target 'LSRFramework' from project 'Pods')
        cd /var/folders/4h/hxvz7hb959j4pw0pvbq686x00000gn/T/CocoaPods-Lint-20200722-25225-196xw43-UIModule/Pods
        export LANG=en_US.US-ASCII
        /Applications/Xcode.app/Contents/Developer/Toolchains/XcodeDefault.xctoolchain/usr/bin/clang -x objective-c -target x86_64-apple-ios11.0-simulator -fmessage-length=0 -fdiagnostics-show-note-include-stack -fmacro-backtrace-limit=0 -std=gnu11 -fobjc-arc -fmodules -gmodules -fmodules-cache-path=/Users/edz/Library/Developer/Xcode/DerivedData/ModuleCache.noindex -fmodules-prune-interval=86400 -fmodules-prune-after=345600 -fbuild-session-file=/Users/edz/Library/Developer/Xcode/DerivedData/ModuleCache.noindex/Session.modulevalidation -fmodules-validate-once-per-build-session -Wnon-modular-include-in-framework-module -Werror=non-modular-include-in-framework-module -fmodule-name=LSRFramework -Wno-trigraphs -fpascal-strings -Os -fno-common -Wno-missing-field-initializers -Wno-missing-prototypes -Werror=return-type -Wdocumentation -Wunreachable-code -Wno-implicit-atomic-properties -Werror=deprecated-objc-isa-usage -Wno-objc-interface-ivars -Werror=objc-root-class -Wno-arc-repeated-use-of-weak -Wimplicit-retain-self -Wduplicate-method-match -Wno-missing-braces -Wparentheses -Wswitch -Wunused-function -Wno-unused-label -Wno-unused-parameter -Wunused-variable -Wunused-value -Wempty-body -Wuninitialized -Wconditional-uninitialized -Wno-unknown-pragmas -Wno-shadow -Wno-four-char-constants -Wno-conversion -Wconstant-conversion -Wint-conversion -Wbool-conversion -Wenum-conversion -Wno-float-conversion -Wnon-literal-null-conversion -Wobjc-literal-conversion -Wshorten-64-to-32 -Wpointer-sign -Wno-newline-eof -Wno-selector -Wno-strict-selector-match -Wundeclared-selector -Wdeprecated-implementations -DPOD_CONFIGURATION_RELEASE=1 -DCOCOAPODS=1 -DTTTFRAMEWORK=1 -DNS_BLOCK_ASSERTIONS=1 -DOBJC_OLD_DISPATCH_PROTOTYPES=0 -isysroot /Applications/Xcode.app/Contents/Developer/Platforms/iPhoneSimulator.platform/Developer/SDKs/iPhoneSimulator13.5.sdk -fasm-blocks -fstrict-aliasing -Wprotocol -Wdeprecated-declarations -g -Wno-sign-conversion -Winfinite-recursion -Wcomma -Wblock-capture-autoreleasing -Wstrict-prototypes -Wno-semicolon-before-method-body -Wunguarded-availability -fobjc-abi-version=2 -fobjc-legacy-dispatch -iquote /Users/edz/Library/Developer/Xcode/DerivedData/App-bytlbhqqorqzqidyjovihkqwnkia/Build/Intermediates.noindex/Pods.build/Release-iphonesimulator/LSRFramework.build/LSRFramework-generated-files.hmap -I/Users/edz/Library/Developer/Xcode/DerivedData/App-bytlbhqqorqzqidyjovihkqwnkia/Build/Intermediates.noindex/Pods.build/Release-iphonesimulator/LSRFramework.build/LSRFramework-own-target-headers.hmap -I/Users/edz/Library/Developer/Xcode/DerivedData/App-bytlbhqqorqzqidyjovihkqwnkia/Build/Intermediates.noindex/Pods.build/Release-iphonesimulator/LSRFramework.build/LSRFramework-all-non-framework-target-headers.hmap -ivfsoverlay /Users/edz/Library/Developer/Xcode/DerivedData/App-bytlbhqqorqzqidyjovihkqwnkia/Build/Intermediates.noindex/Pods.build/Release-iphonesimulator/LSRFramework.build/all-product-headers.yaml -iquote /Users/edz/Library/Developer/Xcode/DerivedData/App-bytlbhqqorqzqidyjovihkqwnkia/Build/Intermediates.noindex/Pods.build/Release-iphonesimulator/LSRFramework.build/LSRFramework-project-headers.hmap -I/Users/edz/Library/Developer/Xcode/DerivedData/App-bytlbhqqorqzqidyjovihkqwnkia/Build/Products/Release-iphonesimulator/LSRFramework/include -I/Users/edz/Library/Developer/Xcode/DerivedData/App-bytlbhqqorqzqidyjovihkqwnkia/Build/Intermediates.noindex/Pods.build/Release-iphonesimulator/LSRFramework.build/DerivedSources-normal/x86_64 -I/Users/edz/Library/Developer/Xcode/DerivedData/App-bytlbhqqorqzqidyjovihkqwnkia/Build/Intermediates.noindex/Pods.build/Release-iphonesimulator/LSRFramework.build/DerivedSources/x86_64 -I/Users/edz/Library/Developer/Xcode/DerivedData/App-bytlbhqqorqzqidyjovihkqwnkia/Build/Intermediates.noindex/Pods.build/Release-iphonesimulator/LSRFramework.build/DerivedSources -F/Users/edz/Library/Developer/Xcode/DerivedData/App-bytlbhqqorqzqidyjovihkqwnkia/Build/Products/Release-iphonesimulator/LSRFramework -F/Users/edz/Library/Developer/Xcode/DerivedData/App-bytlbhqqorqzqidyjovihkqwnkia/Build/Products/Release-iphonesimulator/MBProgressHUD -F/Users/edz/Library/Developer/Xcode/DerivedData/App-bytlbhqqorqzqidyjovihkqwnkia/Build/Products/Release-iphonesimulator/Masonry -Wincomplete-umbrella -w -Xanalyzer -analyzer-disable-all-checks -include /var/folders/4h/hxvz7hb959j4pw0pvbq686x00000gn/T/CocoaPods-Lint-20200722-25225-196xw43-UIModule/Pods/Target\ Support\ Files/LSRFramework/LSRFramework-prefix.pch -MMD -MT dependencies -MF /Users/edz/Library/Developer/Xcode/DerivedData/App-bytlbhqqorqzqidyjovihkqwnkia/Build/Intermediates.noindex/Pods.build/Release-iphonesimulator/LSRFramework.build/Objects-normal/x86_64/UIColor+Extension.d --serialize-diagnostics /Users/edz/Library/Developer/Xcode/DerivedData/App-bytlbhqqorqzqidyjovihkqwnkia/Build/Intermediates.noindex/Pods.build/Release-iphonesimulator/LSRFramework.build/Objects-normal/x86_64/UIColor+Extension.dia -c /var/folders/4h/hxvz7hb959j4pw0pvbq686x00000gn/T/CocoaPods-Lint-20200722-25225-196xw43-UIModule/Pods/LSRFramework/LSRFramework/Classes/Categories/UIColor/UIColor+Extension.m -o /Users/edz/Library/Developer/Xcode/DerivedData/App-bytlbhqqorqzqidyjovihkqwnkia/Build/Intermediates.noindex/Pods.build/Release-iphonesimulator/LSRFramework.build/Objects-normal/x86_64/UIColor+Extension.o
    
    CompileC /Users/edz/Library/Developer/Xcode/DerivedData/App-bytlbhqqorqzqidyjovihkqwnkia/Build/Intermediates.noindex/Pods.build/Release-iphonesimulator/LSRFramework.build/Objects-normal/x86_64/UICollectionView+CTAssetsPickerController.o /var/folders/4h/hxvz7hb959j4pw0pvbq686x00000gn/T/CocoaPods-Lint-20200722-25225-196xw43-UIModule/Pods/LSRFramework/LSRFramework/Classes/BaseClasses/UIViewController/Picker/AssetsPicker/CTAssetsPickerController/Categories/UICollectionView+CTAssetsPickerController.m normal x86_64 objective-c com.apple.compilers.llvm.clang.1_0.compiler (in target 'LSRFramework' from project 'Pods')
        cd /var/folders/4h/hxvz7hb959j4pw0pvbq686x00000gn/T/CocoaPods-Lint-20200722-25225-196xw43-UIModule/Pods
        export LANG=en_US.US-ASCII
        /Applications/Xcode.app/Contents/Developer/Toolchains/XcodeDefault.xctoolchain/usr/bin/clang -x objective-c -target x86_64-apple-ios11.0-simulator -fmessage-length=0 -fdiagnostics-show-note-include-stack -fmacro-backtrace-limit=0 -std=gnu11 -fobjc-arc -fmodules -gmodules -fmodules-cache-path=/Users/edz/Library/Developer/Xcode/DerivedData/ModuleCache.noindex -fmodules-prune-interval=86400 -fmodules-prune-after=345600 -fbuild-session-file=/Users/edz/Library/Developer/Xcode/DerivedData/ModuleCache.noindex/Session.modulevalidation -fmodules-validate-once-per-build-session -Wnon-modular-include-in-framework-module -Werror=non-modular-include-in-framework-module -fmodule-name=LSRFramework -Wno-trigraphs -fpascal-strings -Os -fno-common -Wno-missing-field-initializers -Wno-missing-prototypes -Werror=return-type -Wdocumentation -Wunreachable-code -Wno-implicit-atomic-properties -Werror=deprecated-objc-isa-usage -Wno-objc-interface-ivars -Werror=objc-root-class -Wno-arc-repeated-use-of-weak -Wimplicit-retain-self -Wduplicate-method-match -Wno-missing-braces -Wparentheses -Wswitch -Wunused-function -Wno-unused-label -Wno-unused-parameter -Wunused-variable -Wunused-value -Wempty-body -Wuninitialized -Wconditional-uninitialized -Wno-unknown-pragmas -Wno-shadow -Wno-four-char-constants -Wno-conversion -Wconstant-conversion -Wint-conversion -Wbool-conversion -Wenum-conversion -Wno-float-conversion -Wnon-literal-null-conversion -Wobjc-literal-conversion -Wshorten-64-to-32 -Wpointer-sign -Wno-newline-eof -Wno-selector -Wno-strict-selector-match -Wundeclared-selector -Wdeprecated-implementations -DPOD_CONFIGURATION_RELEASE=1 -DCOCOAPODS=1 -DTTTFRAMEWORK=1 -DNS_BLOCK_ASSERTIONS=1 -DOBJC_OLD_DISPATCH_PROTOTYPES=0 -isysroot /Applications/Xcode.app/Contents/Developer/Platforms/iPhoneSimulator.platform/Developer/SDKs/iPhoneSimulator13.5.sdk -fasm-blocks -fstrict-aliasing -Wprotocol -Wdeprecated-declarations -g -Wno-sign-conversion -Winfinite-recursion -Wcomma -Wblock-capture-autoreleasing -Wstrict-prototypes -Wno-semicolon-before-method-body -Wunguarded-availability -fobjc-abi-version=2 -fobjc-legacy-dispatch -iquote /Users/edz/Library/Developer/Xcode/DerivedData/App-bytlbhqqorqzqidyjovihkqwnkia/Build/Intermediates.noindex/Pods.build/Release-iphonesimulator/LSRFramework.build/LSRFramework-generated-files.hmap -I/Users/edz/Library/Developer/Xcode/DerivedData/App-bytlbhqqorqzqidyjovihkqwnkia/Build/Intermediates.noindex/Pods.build/Release-iphonesimulator/LSRFramework.build/LSRFramework-own-target-headers.hmap -I/Users/edz/Library/Developer/Xcode/DerivedData/App-bytlbhqqorqzqidyjovihkqwnkia/Build/Intermediates.noindex/Pods.build/Release-iphonesimulator/LSRFramework.build/LSRFramework-all-non-framework-target-headers.hmap -ivfsoverlay /Users/edz/Library/Developer/Xcode/DerivedData/App-bytlbhqqorqzqidyjovihkqwnkia/Build/Intermediates.noindex/Pods.build/Release-iphonesimulator/LSRFramework.build/all-product-headers.yaml -iquote /Users/edz/Library/Developer/Xcode/DerivedData/App-bytlbhqqorqzqidyjovihkqwnkia/Build/Intermediates.noindex/Pods.build/Release-iphonesimulator/LSRFramework.build/LSRFramework-project-headers.hmap -I/Users/edz/Library/Developer/Xcode/DerivedData/App-bytlbhqqorqzqidyjovihkqwnkia/Build/Products/Release-iphonesimulator/LSRFramework/include -I/Users/edz/Library/Developer/Xcode/DerivedData/App-bytlbhqqorqzqidyjovihkqwnkia/Build/Intermediates.noindex/Pods.build/Release-iphonesimulator/LSRFramework.build/DerivedSources-normal/x86_64 -I/Users/edz/Library/Developer/Xcode/DerivedData/App-bytlbhqqorqzqidyjovihkqwnkia/Build/Intermediates.noindex/Pods.build/Release-iphonesimulator/LSRFramework.build/DerivedSources/x86_64 -I/Users/edz/Library/Developer/Xcode/DerivedData/App-bytlbhqqorqzqidyjovihkqwnkia/Build/Intermediates.noindex/Pods.build/Release-iphonesimulator/LSRFramework.build/DerivedSources -F/Users/edz/Library/Developer/Xcode/DerivedData/App-bytlbhqqorqzqidyjovihkqwnkia/Build/Products/Release-iphonesimulator/LSRFramework -F/Users/edz/Library/Developer/Xcode/DerivedData/App-bytlbhqqorqzqidyjovihkqwnkia/Build/Products/Release-iphonesimulator/MBProgressHUD -F/Users/edz/Library/Developer/Xcode/DerivedData/App-bytlbhqqorqzqidyjovihkqwnkia/Build/Products/Release-iphonesimulator/Masonry -Wincomplete-umbrella -w -Xanalyzer -analyzer-disable-all-checks -include /var/folders/4h/hxvz7hb959j4pw0pvbq686x00000gn/T/CocoaPods-Lint-20200722-25225-196xw43-UIModule/Pods/Target\ Support\ Files/LSRFramework/LSRFramework-prefix.pch -MMD -MT dependencies -MF /Users/edz/Library/Developer/Xcode/DerivedData/App-bytlbhqqorqzqidyjovihkqwnkia/Build/Intermediates.noindex/Pods.build/Release-iphonesimulator/LSRFramework.build/Objects-normal/x86_64/UICollectionView+CTAssetsPickerController.d --serialize-diagnostics /Users/edz/Library/Developer/Xcode/DerivedData/App-bytlbhqqorqzqidyjovihkqwnkia/Build/Intermediates.noindex/Pods.build/Release-iphonesimulator/LSRFramework.build/Objects-normal/x86_64/UICollectionView+CTAssetsPickerController.dia -c /var/folders/4h/hxvz7hb959j4pw0pvbq686x00000gn/T/CocoaPods-Lint-20200722-25225-196xw43-UIModule/Pods/LSRFramework/LSRFramework/Classes/BaseClasses/UIViewController/Picker/AssetsPicker/CTAssetsPickerController/Categories/UICollectionView+CTAssetsPickerController.m -o /Users/edz/Library/Developer/Xcode/DerivedData/App-bytlbhqqorqzqidyjovihkqwnkia/Build/Intermediates.noindex/Pods.build/Release-iphonesimulator/LSRFramework.build/Objects-normal/x86_64/UICollectionView+CTAssetsPickerController.o
    
    CompileC /Users/edz/Library/Developer/Xcode/DerivedData/App-bytlbhqqorqzqidyjovihkqwnkia/Build/Intermediates.noindex/Pods.build/Release-iphonesimulator/LSRFramework.build/Objects-normal/x86_64/UIButton+ImageWithColor.o /var/folders/4h/hxvz7hb959j4pw0pvbq686x00000gn/T/CocoaPods-Lint-20200722-25225-196xw43-UIModule/Pods/LSRFramework/LSRFramework/Classes/Categories/UIButton/UIButton+ImageWithColor.m normal x86_64 objective-c com.apple.compilers.llvm.clang.1_0.compiler (in target 'LSRFramework' from project 'Pods')
        cd /var/folders/4h/hxvz7hb959j4pw0pvbq686x00000gn/T/CocoaPods-Lint-20200722-25225-196xw43-UIModule/Pods
        export LANG=en_US.US-ASCII
        /Applications/Xcode.app/Contents/Developer/Toolchains/XcodeDefault.xctoolchain/usr/bin/clang -x objective-c -target x86_64-apple-ios11.0-simulator -fmessage-length=0 -fdiagnostics-show-note-include-stack -fmacro-backtrace-limit=0 -std=gnu11 -fobjc-arc -fmodules -gmodules -fmodules-cache-path=/Users/edz/Library/Developer/Xcode/DerivedData/ModuleCache.noindex -fmodules-prune-interval=86400 -fmodules-prune-after=345600 -fbuild-session-file=/Users/edz/Library/Developer/Xcode/DerivedData/ModuleCache.noindex/Session.modulevalidation -fmodules-validate-once-per-build-session -Wnon-modular-include-in-framework-module -Werror=non-modular-include-in-framework-module -fmodule-name=LSRFramework -Wno-trigraphs -fpascal-strings -Os -fno-common -Wno-missing-field-initializers -Wno-missing-prototypes -Werror=return-type -Wdocumentation -Wunreachable-code -Wno-implicit-atomic-properties -Werror=deprecated-objc-isa-usage -Wno-objc-interface-ivars -Werror=objc-root-class -Wno-arc-repeated-use-of-weak -Wimplicit-retain-self -Wduplicate-method-match -Wno-missing-braces -Wparentheses -Wswitch -Wunused-function -Wno-unused-label -Wno-unused-parameter -Wunused-variable -Wunused-value -Wempty-body -Wuninitialized -Wconditional-uninitialized -Wno-unknown-pragmas -Wno-shadow -Wno-four-char-constants -Wno-conversion -Wconstant-conversion -Wint-conversion -Wbool-conversion -Wenum-conversion -Wno-float-conversion -Wnon-literal-null-conversion -Wobjc-literal-conversion -Wshorten-64-to-32 -Wpointer-sign -Wno-newline-eof -Wno-selector -Wno-strict-selector-match -Wundeclared-selector -Wdeprecated-implementations -DPOD_CONFIGURATION_RELEASE=1 -DCOCOAPODS=1 -DTTTFRAMEWORK=1 -DNS_BLOCK_ASSERTIONS=1 -DOBJC_OLD_DISPATCH_PROTOTYPES=0 -isysroot /Applications/Xcode.app/Contents/Developer/Platforms/iPhoneSimulator.platform/Developer/SDKs/iPhoneSimulator13.5.sdk -fasm-blocks -fstrict-aliasing -Wprotocol -Wdeprecated-declarations -g -Wno-sign-conversion -Winfinite-recursion -Wcomma -Wblock-capture-autoreleasing -Wstrict-prototypes -Wno-semicolon-before-method-body -Wunguarded-availability -fobjc-abi-version=2 -fobjc-legacy-dispatch -iquote /Users/edz/Library/Developer/Xcode/DerivedData/App-bytlbhqqorqzqidyjovihkqwnkia/Build/Intermediates.noindex/Pods.build/Release-iphonesimulator/LSRFramework.build/LSRFramework-generated-files.hmap -I/Users/edz/Library/Developer/Xcode/DerivedData/App-bytlbhqqorqzqidyjovihkqwnkia/Build/Intermediates.noindex/Pods.build/Release-iphonesimulator/LSRFramework.build/LSRFramework-own-target-headers.hmap -I/Users/edz/Library/Developer/Xcode/DerivedData/App-bytlbhqqorqzqidyjovihkqwnkia/Build/Intermediates.noindex/Pods.build/Release-iphonesimulator/LSRFramework.build/LSRFramework-all-non-framework-target-headers.hmap -ivfsoverlay /Users/edz/Library/Developer/Xcode/DerivedData/App-bytlbhqqorqzqidyjovihkqwnkia/Build/Intermediates.noindex/Pods.build/Release-iphonesimulator/LSRFramework.build/all-product-headers.yaml -iquote /Users/edz/Library/Developer/Xcode/DerivedData/App-bytlbhqqorqzqidyjovihkqwnkia/Build/Intermediates.noindex/Pods.build/Release-iphonesimulator/LSRFramework.build/LSRFramework-project-headers.hmap -I/Users/edz/Library/Developer/Xcode/DerivedData/App-bytlbhqqorqzqidyjovihkqwnkia/Build/Products/Release-iphonesimulator/LSRFramework/include -I/Users/edz/Library/Developer/Xcode/DerivedData/App-bytlbhqqorqzqidyjovihkqwnkia/Build/Intermediates.noindex/Pods.build/Release-iphonesimulator/LSRFramework.build/DerivedSources-normal/x86_64 -I/Users/edz/Library/Developer/Xcode/DerivedData/App-bytlbhqqorqzqidyjovihkqwnkia/Build/Intermediates.noindex/Pods.build/Release-iphonesimulator/LSRFramework.build/DerivedSources/x86_64 -I/Users/edz/Library/Developer/Xcode/DerivedData/App-bytlbhqqorqzqidyjovihkqwnkia/Build/Intermediates.noindex/Pods.build/Release-iphonesimulator/LSRFramework.build/DerivedSources -F/Users/edz/Library/Developer/Xcode/DerivedData/App-bytlbhqqorqzqidyjovihkqwnkia/Build/Products/Release-iphonesimulator/LSRFramework -F/Users/edz/Library/Developer/Xcode/DerivedData/App-bytlbhqqorqzqidyjovihkqwnkia/Build/Products/Release-iphonesimulator/MBProgressHUD -F/Users/edz/Library/Developer/Xcode/DerivedData/App-bytlbhqqorqzqidyjovihkqwnkia/Build/Products/Release-iphonesimulator/Masonry -Wincomplete-umbrella -w -Xanalyzer -analyzer-disable-all-checks -include /var/folders/4h/hxvz7hb959j4pw0pvbq686x00000gn/T/CocoaPods-Lint-20200722-25225-196xw43-UIModule/Pods/Target\ Support\ Files/LSRFramework/LSRFramework-prefix.pch -MMD -MT dependencies -MF /Users/edz/Library/Developer/Xcode/DerivedData/App-bytlbhqqorqzqidyjovihkqwnkia/Build/Intermediates.noindex/Pods.build/Release-iphonesimulator/LSRFramework.build/Objects-normal/x86_64/UIButton+ImageWithColor.d --serialize-diagnostics /Users/edz/Library/Developer/Xcode/DerivedData/App-bytlbhqqorqzqidyjovihkqwnkia/Build/Intermediates.noindex/Pods.build/Release-iphonesimulator/LSRFramework.build/Objects-normal/x86_64/UIButton+ImageWithColor.dia -c /var/folders/4h/hxvz7hb959j4pw0pvbq686x00000gn/T/CocoaPods-Lint-20200722-25225-196xw43-UIModule/Pods/LSRFramework/LSRFramework/Classes/Categories/UIButton/UIButton+ImageWithColor.m -o /Users/edz/Library/Developer/Xcode/DerivedData/App-bytlbhqqorqzqidyjovihkqwnkia/Build/Intermediates.noindex/Pods.build/Release-iphonesimulator/LSRFramework.build/Objects-normal/x86_64/UIButton+ImageWithColor.o
    
    CompileC /Users/edz/Library/Developer/Xcode/DerivedData/App-bytlbhqqorqzqidyjovihkqwnkia/Build/Intermediates.noindex/Pods.build/Release-iphonesimulator/LSRFramework.build/Objects-normal/x86_64/UIBarButtonItem+Extension.o /var/folders/4h/hxvz7hb959j4pw0pvbq686x00000gn/T/CocoaPods-Lint-20200722-25225-196xw43-UIModule/Pods/LSRFramework/LSRFramework/Classes/Categories/UIBarButtonItem/UIBarButtonItem+Extension.m normal x86_64 objective-c com.apple.compilers.llvm.clang.1_0.compiler (in target 'LSRFramework' from project 'Pods')
        cd /var/folders/4h/hxvz7hb959j4pw0pvbq686x00000gn/T/CocoaPods-Lint-20200722-25225-196xw43-UIModule/Pods
        export LANG=en_US.US-ASCII
        /Applications/Xcode.app/Contents/Developer/Toolchains/XcodeDefault.xctoolchain/usr/bin/clang -x objective-c -target x86_64-apple-ios11.0-simulator -fmessage-length=0 -fdiagnostics-show-note-include-stack -fmacro-backtrace-limit=0 -std=gnu11 -fobjc-arc -fmodules -gmodules -fmodules-cache-path=/Users/edz/Library/Developer/Xcode/DerivedData/ModuleCache.noindex -fmodules-prune-interval=86400 -fmodules-prune-after=345600 -fbuild-session-file=/Users/edz/Library/Developer/Xcode/DerivedData/ModuleCache.noindex/Session.modulevalidation -fmodules-validate-once-per-build-session -Wnon-modular-include-in-framework-module -Werror=non-modular-include-in-framework-module -fmodule-name=LSRFramework -Wno-trigraphs -fpascal-strings -Os -fno-common -Wno-missing-field-initializers -Wno-missing-prototypes -Werror=return-type -Wdocumentation -Wunreachable-code -Wno-implicit-atomic-properties -Werror=deprecated-objc-isa-usage -Wno-objc-interface-ivars -Werror=objc-root-class -Wno-arc-repeated-use-of-weak -Wimplicit-retain-self -Wduplicate-method-match -Wno-missing-braces -Wparentheses -Wswitch -Wunused-function -Wno-unused-label -Wno-unused-parameter -Wunused-variable -Wunused-value -Wempty-body -Wuninitialized -Wconditional-uninitialized -Wno-unknown-pragmas -Wno-shadow -Wno-four-char-constants -Wno-conversion -Wconstant-conversion -Wint-conversion -Wbool-conversion -Wenum-conversion -Wno-float-conversion -Wnon-literal-null-conversion -Wobjc-literal-conversion -Wshorten-64-to-32 -Wpointer-sign -Wno-newline-eof -Wno-selector -Wno-strict-selector-match -Wundeclared-selector -Wdeprecated-implementations -DPOD_CONFIGURATION_RELEASE=1 -DCOCOAPODS=1 -DTTTFRAMEWORK=1 -DNS_BLOCK_ASSERTIONS=1 -DOBJC_OLD_DISPATCH_PROTOTYPES=0 -isysroot /Applications/Xcode.app/Contents/Developer/Platforms/iPhoneSimulator.platform/Developer/SDKs/iPhoneSimulator13.5.sdk -fasm-blocks -fstrict-aliasing -Wprotocol -Wdeprecated-declarations -g -Wno-sign-conversion -Winfinite-recursion -Wcomma -Wblock-capture-autoreleasing -Wstrict-prototypes -Wno-semicolon-before-method-body -Wunguarded-availability -fobjc-abi-version=2 -fobjc-legacy-dispatch -iquote /Users/edz/Library/Developer/Xcode/DerivedData/App-bytlbhqqorqzqidyjovihkqwnkia/Build/Intermediates.noindex/Pods.build/Release-iphonesimulator/LSRFramework.build/LSRFramework-generated-files.hmap -I/Users/edz/Library/Developer/Xcode/DerivedData/App-bytlbhqqorqzqidyjovihkqwnkia/Build/Intermediates.noindex/Pods.build/Release-iphonesimulator/LSRFramework.build/LSRFramework-own-target-headers.hmap -I/Users/edz/Library/Developer/Xcode/DerivedData/App-bytlbhqqorqzqidyjovihkqwnkia/Build/Intermediates.noindex/Pods.build/Release-iphonesimulator/LSRFramework.build/LSRFramework-all-non-framework-target-headers.hmap -ivfsoverlay /Users/edz/Library/Developer/Xcode/DerivedData/App-bytlbhqqorqzqidyjovihkqwnkia/Build/Intermediates.noindex/Pods.build/Release-iphonesimulator/LSRFramework.build/all-product-headers.yaml -iquote /Users/edz/Library/Developer/Xcode/DerivedData/App-bytlbhqqorqzqidyjovihkqwnkia/Build/Intermediates.noindex/Pods.build/Release-iphonesimulator/LSRFramework.build/LSRFramework-project-headers.hmap -I/Users/edz/Library/Developer/Xcode/DerivedData/App-bytlbhqqorqzqidyjovihkqwnkia/Build/Products/Release-iphonesimulator/LSRFramework/include -I/Users/edz/Library/Developer/Xcode/DerivedData/App-bytlbhqqorqzqidyjovihkqwnkia/Build/Intermediates.noindex/Pods.build/Release-iphonesimulator/LSRFramework.build/DerivedSources-normal/x86_64 -I/Users/edz/Library/Developer/Xcode/DerivedData/App-bytlbhqqorqzqidyjovihkqwnkia/Build/Intermediates.noindex/Pods.build/Release-iphonesimulator/LSRFramework.build/DerivedSources/x86_64 -I/Users/edz/Library/Developer/Xcode/DerivedData/App-bytlbhqqorqzqidyjovihkqwnkia/Build/Intermediates.noindex/Pods.build/Release-iphonesimulator/LSRFramework.build/DerivedSources -F/Users/edz/Library/Developer/Xcode/DerivedData/App-bytlbhqqorqzqidyjovihkqwnkia/Build/Products/Release-iphonesimulator/LSRFramework -F/Users/edz/Library/Developer/Xcode/DerivedData/App-bytlbhqqorqzqidyjovihkqwnkia/Build/Products/Release-iphonesimulator/MBProgressHUD -F/Users/edz/Library/Developer/Xcode/DerivedData/App-bytlbhqqorqzqidyjovihkqwnkia/Build/Products/Release-iphonesimulator/Masonry -Wincomplete-umbrella -w -Xanalyzer -analyzer-disable-all-checks -include /var/folders/4h/hxvz7hb959j4pw0pvbq686x00000gn/T/CocoaPods-Lint-20200722-25225-196xw43-UIModule/Pods/Target\ Support\ Files/LSRFramework/LSRFramework-prefix.pch -MMD -MT dependencies -MF /Users/edz/Library/Developer/Xcode/DerivedData/App-bytlbhqqorqzqidyjovihkqwnkia/Build/Intermediates.noindex/Pods.build/Release-iphonesimulator/LSRFramework.build/Objects-normal/x86_64/UIBarButtonItem+Extension.d --serialize-diagnostics /Users/edz/Library/Developer/Xcode/DerivedData/App-bytlbhqqorqzqidyjovihkqwnkia/Build/Intermediates.noindex/Pods.build/Release-iphonesimulator/LSRFramework.build/Objects-normal/x86_64/UIBarButtonItem+Extension.dia -c /var/folders/4h/hxvz7hb959j4pw0pvbq686x00000gn/T/CocoaPods-Lint-20200722-25225-196xw43-UIModule/Pods/LSRFramework/LSRFramework/Classes/Categories/UIBarButtonItem/UIBarButtonItem+Extension.m -o /Users/edz/Library/Developer/Xcode/DerivedData/App-bytlbhqqorqzqidyjovihkqwnkia/Build/Intermediates.noindex/Pods.build/Release-iphonesimulator/LSRFramework.build/Objects-normal/x86_64/UIBarButtonItem+Extension.o
    
    CompileC /Users/edz/Library/Developer/Xcode/DerivedData/App-bytlbhqqorqzqidyjovihkqwnkia/Build/Intermediates.noindex/Pods.build/Release-iphonesimulator/LSRFramework.build/Objects-normal/x86_64/TabBarController.o /var/folders/4h/hxvz7hb959j4pw0pvbq686x00000gn/T/CocoaPods-Lint-20200722-25225-196xw43-UIModule/Pods/LSRFramework/LSRFramework/Classes/BaseClasses/TabBarViewController/TabBarController.m normal x86_64 objective-c com.apple.compilers.llvm.clang.1_0.compiler (in target 'LSRFramework' from project 'Pods')
        cd /var/folders/4h/hxvz7hb959j4pw0pvbq686x00000gn/T/CocoaPods-Lint-20200722-25225-196xw43-UIModule/Pods
        export LANG=en_US.US-ASCII
        /Applications/Xcode.app/Contents/Developer/Toolchains/XcodeDefault.xctoolchain/usr/bin/clang -x objective-c -target x86_64-apple-ios11.0-simulator -fmessage-length=0 -fdiagnostics-show-note-include-stack -fmacro-backtrace-limit=0 -std=gnu11 -fobjc-arc -fmodules -gmodules -fmodules-cache-path=/Users/edz/Library/Developer/Xcode/DerivedData/ModuleCache.noindex -fmodules-prune-interval=86400 -fmodules-prune-after=345600 -fbuild-session-file=/Users/edz/Library/Developer/Xcode/DerivedData/ModuleCache.noindex/Session.modulevalidation -fmodules-validate-once-per-build-session -Wnon-modular-include-in-framework-module -Werror=non-modular-include-in-framework-module -fmodule-name=LSRFramework -Wno-trigraphs -fpascal-strings -Os -fno-common -Wno-missing-field-initializers -Wno-missing-prototypes -Werror=return-type -Wdocumentation -Wunreachable-code -Wno-implicit-atomic-properties -Werror=deprecated-objc-isa-usage -Wno-objc-interface-ivars -Werror=objc-root-class -Wno-arc-repeated-use-of-weak -Wimplicit-retain-self -Wduplicate-method-match -Wno-missing-braces -Wparentheses -Wswitch -Wunused-function -Wno-unused-label -Wno-unused-parameter -Wunused-variable -Wunused-value -Wempty-body -Wuninitialized -Wconditional-uninitialized -Wno-unknown-pragmas -Wno-shadow -Wno-four-char-constants -Wno-conversion -Wconstant-conversion -Wint-conversion -Wbool-conversion -Wenum-conversion -Wno-float-conversion -Wnon-literal-null-conversion -Wobjc-literal-conversion -Wshorten-64-to-32 -Wpointer-sign -Wno-newline-eof -Wno-selector -Wno-strict-selector-match -Wundeclared-selector -Wdeprecated-implementations -DPOD_CONFIGURATION_RELEASE=1 -DCOCOAPODS=1 -DTTTFRAMEWORK=1 -DNS_BLOCK_ASSERTIONS=1 -DOBJC_OLD_DISPATCH_PROTOTYPES=0 -isysroot /Applications/Xcode.app/Contents/Developer/Platforms/iPhoneSimulator.platform/Developer/SDKs/iPhoneSimulator13.5.sdk -fasm-blocks -fstrict-aliasing -Wprotocol -Wdeprecated-declarations -g -Wno-sign-conversion -Winfinite-recursion -Wcomma -Wblock-capture-autoreleasing -Wstrict-prototypes -Wno-semicolon-before-method-body -Wunguarded-availability -fobjc-abi-version=2 -fobjc-legacy-dispatch -iquote /Users/edz/Library/Developer/Xcode/DerivedData/App-bytlbhqqorqzqidyjovihkqwnkia/Build/Intermediates.noindex/Pods.build/Release-iphonesimulator/LSRFramework.build/LSRFramework-generated-files.hmap -I/Users/edz/Library/Developer/Xcode/DerivedData/App-bytlbhqqorqzqidyjovihkqwnkia/Build/Intermediates.noindex/Pods.build/Release-iphonesimulator/LSRFramework.build/LSRFramework-own-target-headers.hmap -I/Users/edz/Library/Developer/Xcode/DerivedData/App-bytlbhqqorqzqidyjovihkqwnkia/Build/Intermediates.noindex/Pods.build/Release-iphonesimulator/LSRFramework.build/LSRFramework-all-non-framework-target-headers.hmap -ivfsoverlay /Users/edz/Library/Developer/Xcode/DerivedData/App-bytlbhqqorqzqidyjovihkqwnkia/Build/Intermediates.noindex/Pods.build/Release-iphonesimulator/LSRFramework.build/all-product-headers.yaml -iquote /Users/edz/Library/Developer/Xcode/DerivedData/App-bytlbhqqorqzqidyjovihkqwnkia/Build/Intermediates.noindex/Pods.build/Release-iphonesimulator/LSRFramework.build/LSRFramework-project-headers.hmap -I/Users/edz/Library/Developer/Xcode/DerivedData/App-bytlbhqqorqzqidyjovihkqwnkia/Build/Products/Release-iphonesimulator/LSRFramework/include -I/Users/edz/Library/Developer/Xcode/DerivedData/App-bytlbhqqorqzqidyjovihkqwnkia/Build/Intermediates.noindex/Pods.build/Release-iphonesimulator/LSRFramework.build/DerivedSources-normal/x86_64 -I/Users/edz/Library/Developer/Xcode/DerivedData/App-bytlbhqqorqzqidyjovihkqwnkia/Build/Intermediates.noindex/Pods.build/Release-iphonesimulator/LSRFramework.build/DerivedSources/x86_64 -I/Users/edz/Library/Developer/Xcode/DerivedData/App-bytlbhqqorqzqidyjovihkqwnkia/Build/Intermediates.noindex/Pods.build/Release-iphonesimulator/LSRFramework.build/DerivedSources -F/Users/edz/Library/Developer/Xcode/DerivedData/App-bytlbhqqorqzqidyjovihkqwnkia/Build/Products/Release-iphonesimulator/LSRFramework -F/Users/edz/Library/Developer/Xcode/DerivedData/App-bytlbhqqorqzqidyjovihkqwnkia/Build/Products/Release-iphonesimulator/MBProgressHUD -F/Users/edz/Library/Developer/Xcode/DerivedData/App-bytlbhqqorqzqidyjovihkqwnkia/Build/Products/Release-iphonesimulator/Masonry -Wincomplete-umbrella -w -Xanalyzer -analyzer-disable-all-checks -include /var/folders/4h/hxvz7hb959j4pw0pvbq686x00000gn/T/CocoaPods-Lint-20200722-25225-196xw43-UIModule/Pods/Target\ Support\ Files/LSRFramework/LSRFramework-prefix.pch -MMD -MT dependencies -MF /Users/edz/Library/Developer/Xcode/DerivedData/App-bytlbhqqorqzqidyjovihkqwnkia/Build/Intermediates.noindex/Pods.build/Release-iphonesimulator/LSRFramework.build/Objects-normal/x86_64/TabBarController.d --serialize-diagnostics /Users/edz/Library/Developer/Xcode/DerivedData/App-bytlbhqqorqzqidyjovihkqwnkia/Build/Intermediates.noindex/Pods.build/Release-iphonesimulator/LSRFramework.build/Objects-normal/x86_64/TabBarController.dia -c /var/folders/4h/hxvz7hb959j4pw0pvbq686x00000gn/T/CocoaPods-Lint-20200722-25225-196xw43-UIModule/Pods/LSRFramework/LSRFramework/Classes/BaseClasses/TabBarViewController/TabBarController.m -o /Users/edz/Library/Developer/Xcode/DerivedData/App-bytlbhqqorqzqidyjovihkqwnkia/Build/Intermediates.noindex/Pods.build/Release-iphonesimulator/LSRFramework.build/Objects-normal/x86_64/TabBarController.o
    
    CompileC /Users/edz/Library/Developer/Xcode/DerivedData/App-bytlbhqqorqzqidyjovihkqwnkia/Build/Intermediates.noindex/Pods.build/Release-iphonesimulator/LSRFramework.build/Objects-normal/x86_64/TTTFrameworkResourcesLoader.o /var/folders/4h/hxvz7hb959j4pw0pvbq686x00000gn/T/CocoaPods-Lint-20200722-25225-196xw43-UIModule/Pods/LSRFramework/LSRFramework/Classes/Categories/UIImage/TTTFrameworkResourcesLoader.m normal x86_64 objective-c com.apple.compilers.llvm.clang.1_0.compiler (in target 'LSRFramework' from project 'Pods')
        cd /var/folders/4h/hxvz7hb959j4pw0pvbq686x00000gn/T/CocoaPods-Lint-20200722-25225-196xw43-UIModule/Pods
        export LANG=en_US.US-ASCII
        /Applications/Xcode.app/Contents/Developer/Toolchains/XcodeDefault.xctoolchain/usr/bin/clang -x objective-c -target x86_64-apple-ios11.0-simulator -fmessage-length=0 -fdiagnostics-show-note-include-stack -fmacro-backtrace-limit=0 -std=gnu11 -fobjc-arc -fmodules -gmodules -fmodules-cache-path=/Users/edz/Library/Developer/Xcode/DerivedData/ModuleCache.noindex -fmodules-prune-interval=86400 -fmodules-prune-after=345600 -fbuild-session-file=/Users/edz/Library/Developer/Xcode/DerivedData/ModuleCache.noindex/Session.modulevalidation -fmodules-validate-once-per-build-session -Wnon-modular-include-in-framework-module -Werror=non-modular-include-in-framework-module -fmodule-name=LSRFramework -Wno-trigraphs -fpascal-strings -Os -fno-common -Wno-missing-field-initializers -Wno-missing-prototypes -Werror=return-type -Wdocumentation -Wunreachable-code -Wno-implicit-atomic-properties -Werror=deprecated-objc-isa-usage -Wno-objc-interface-ivars -Werror=objc-root-class -Wno-arc-repeated-use-of-weak -Wimplicit-retain-self -Wduplicate-method-match -Wno-missing-braces -Wparentheses -Wswitch -Wunused-function -Wno-unused-label -Wno-unused-parameter -Wunused-variable -Wunused-value -Wempty-body -Wuninitialized -Wconditional-uninitialized -Wno-unknown-pragmas -Wno-shadow -Wno-four-char-constants -Wno-conversion -Wconstant-conversion -Wint-conversion -Wbool-conversion -Wenum-conversion -Wno-float-conversion -Wnon-literal-null-conversion -Wobjc-literal-conversion -Wshorten-64-to-32 -Wpointer-sign -Wno-newline-eof -Wno-selector -Wno-strict-selector-match -Wundeclared-selector -Wdeprecated-implementations -DPOD_CONFIGURATION_RELEASE=1 -DCOCOAPODS=1 -DTTTFRAMEWORK=1 -DNS_BLOCK_ASSERTIONS=1 -DOBJC_OLD_DISPATCH_PROTOTYPES=0 -isysroot /Applications/Xcode.app/Contents/Developer/Platforms/iPhoneSimulator.platform/Developer/SDKs/iPhoneSimulator13.5.sdk -fasm-blocks -fstrict-aliasing -Wprotocol -Wdeprecated-declarations -g -Wno-sign-conversion -Winfinite-recursion -Wcomma -Wblock-capture-autoreleasing -Wstrict-prototypes -Wno-semicolon-before-method-body -Wunguarded-availability -fobjc-abi-version=2 -fobjc-legacy-dispatch -iquote /Users/edz/Library/Developer/Xcode/DerivedData/App-bytlbhqqorqzqidyjovihkqwnkia/Build/Intermediates.noindex/Pods.build/Release-iphonesimulator/LSRFramework.build/LSRFramework-generated-files.hmap -I/Users/edz/Library/Developer/Xcode/DerivedData/App-bytlbhqqorqzqidyjovihkqwnkia/Build/Intermediates.noindex/Pods.build/Release-iphonesimulator/LSRFramework.build/LSRFramework-own-target-headers.hmap -I/Users/edz/Library/Developer/Xcode/DerivedData/App-bytlbhqqorqzqidyjovihkqwnkia/Build/Intermediates.noindex/Pods.build/Release-iphonesimulator/LSRFramework.build/LSRFramework-all-non-framework-target-headers.hmap -ivfsoverlay /Users/edz/Library/Developer/Xcode/DerivedData/App-bytlbhqqorqzqidyjovihkqwnkia/Build/Intermediates.noindex/Pods.build/Release-iphonesimulator/LSRFramework.build/all-product-headers.yaml -iquote /Users/edz/Library/Developer/Xcode/DerivedData/App-bytlbhqqorqzqidyjovihkqwnkia/Build/Intermediates.noindex/Pods.build/Release-iphonesimulator/LSRFramework.build/LSRFramework-project-headers.hmap -I/Users/edz/Library/Developer/Xcode/DerivedData/App-bytlbhqqorqzqidyjovihkqwnkia/Build/Products/Release-iphonesimulator/LSRFramework/include -I/Users/edz/Library/Developer/Xcode/DerivedData/App-bytlbhqqorqzqidyjovihkqwnkia/Build/Intermediates.noindex/Pods.build/Release-iphonesimulator/LSRFramework.build/DerivedSources-normal/x86_64 -I/Users/edz/Library/Developer/Xcode/DerivedData/App-bytlbhqqorqzqidyjovihkqwnkia/Build/Intermediates.noindex/Pods.build/Release-iphonesimulator/LSRFramework.build/DerivedSources/x86_64 -I/Users/edz/Library/Developer/Xcode/DerivedData/App-bytlbhqqorqzqidyjovihkqwnkia/Build/Intermediates.noindex/Pods.build/Release-iphonesimulator/LSRFramework.build/DerivedSources -F/Users/edz/Library/Developer/Xcode/DerivedData/App-bytlbhqqorqzqidyjovihkqwnkia/Build/Products/Release-iphonesimulator/LSRFramework -F/Users/edz/Library/Developer/Xcode/DerivedData/App-bytlbhqqorqzqidyjovihkqwnkia/Build/Products/Release-iphonesimulator/MBProgressHUD -F/Users/edz/Library/Developer/Xcode/DerivedData/App-bytlbhqqorqzqidyjovihkqwnkia/Build/Products/Release-iphonesimulator/Masonry -Wincomplete-umbrella -w -Xanalyzer -analyzer-disable-all-checks -include /var/folders/4h/hxvz7hb959j4pw0pvbq686x00000gn/T/CocoaPods-Lint-20200722-25225-196xw43-UIModule/Pods/Target\ Support\ Files/LSRFramework/LSRFramework-prefix.pch -MMD -MT dependencies -MF /Users/edz/Library/Developer/Xcode/DerivedData/App-bytlbhqqorqzqidyjovihkqwnkia/Build/Intermediates.noindex/Pods.build/Release-iphonesimulator/LSRFramework.build/Objects-normal/x86_64/TTTFrameworkResourcesLoader.d --serialize-diagnostics /Users/edz/Library/Developer/Xcode/DerivedData/App-bytlbhqqorqzqidyjovihkqwnkia/Build/Intermediates.noindex/Pods.build/Release-iphonesimulator/LSRFramework.build/Objects-normal/x86_64/TTTFrameworkResourcesLoader.dia -c /var/folders/4h/hxvz7hb959j4pw0pvbq686x00000gn/T/CocoaPods-Lint-20200722-25225-196xw43-UIModule/Pods/LSRFramework/LSRFramework/Classes/Categories/UIImage/TTTFrameworkResourcesLoader.m -o /Users/edz/Library/Developer/Xcode/DerivedData/App-bytlbhqqorqzqidyjovihkqwnkia/Build/Intermediates.noindex/Pods.build/Release-iphonesimulator/LSRFramework.build/Objects-normal/x86_64/TTTFrameworkResourcesLoader.o
    
    CompileC /Users/edz/Library/Developer/Xcode/DerivedData/App-bytlbhqqorqzqidyjovihkqwnkia/Build/Intermediates.noindex/Pods.build/Release-iphonesimulator/LSRFramework.build/Objects-normal/x86_64/Reachability.o /var/folders/4h/hxvz7hb959j4pw0pvbq686x00000gn/T/CocoaPods-Lint-20200722-25225-196xw43-UIModule/Pods/LSRFramework/LSRFramework/Classes/BaseClasses/UIViewController/Network/NetworkMonitoring/Reachability/Reachability.m normal x86_64 objective-c com.apple.compilers.llvm.clang.1_0.compiler (in target 'LSRFramework' from project 'Pods')
        cd /var/folders/4h/hxvz7hb959j4pw0pvbq686x00000gn/T/CocoaPods-Lint-20200722-25225-196xw43-UIModule/Pods
        export LANG=en_US.US-ASCII
        /Applications/Xcode.app/Contents/Developer/Toolchains/XcodeDefault.xctoolchain/usr/bin/clang -x objective-c -target x86_64-apple-ios11.0-simulator -fmessage-length=0 -fdiagnostics-show-note-include-stack -fmacro-backtrace-limit=0 -std=gnu11 -fobjc-arc -fmodules -gmodules -fmodules-cache-path=/Users/edz/Library/Developer/Xcode/DerivedData/ModuleCache.noindex -fmodules-prune-interval=86400 -fmodules-prune-after=345600 -fbuild-session-file=/Users/edz/Library/Developer/Xcode/DerivedData/ModuleCache.noindex/Session.modulevalidation -fmodules-validate-once-per-build-session -Wnon-modular-include-in-framework-module -Werror=non-modular-include-in-framework-module -fmodule-name=LSRFramework -Wno-trigraphs -fpascal-strings -Os -fno-common -Wno-missing-field-initializers -Wno-missing-prototypes -Werror=return-type -Wdocumentation -Wunreachable-code -Wno-implicit-atomic-properties -Werror=deprecated-objc-isa-usage -Wno-objc-interface-ivars -Werror=objc-root-class -Wno-arc-repeated-use-of-weak -Wimplicit-retain-self -Wduplicate-method-match -Wno-missing-braces -Wparentheses -Wswitch -Wunused-function -Wno-unused-label -Wno-unused-parameter -Wunused-variable -Wunused-value -Wempty-body -Wuninitialized -Wconditional-uninitialized -Wno-unknown-pragmas -Wno-shadow -Wno-four-char-constants -Wno-conversion -Wconstant-conversion -Wint-conversion -Wbool-conversion -Wenum-conversion -Wno-float-conversion -Wnon-literal-null-conversion -Wobjc-literal-conversion -Wshorten-64-to-32 -Wpointer-sign -Wno-newline-eof -Wno-selector -Wno-strict-selector-match -Wundeclared-selector -Wdeprecated-implementations -DPOD_CONFIGURATION_RELEASE=1 -DCOCOAPODS=1 -DTTTFRAMEWORK=1 -DNS_BLOCK_ASSERTIONS=1 -DOBJC_OLD_DISPATCH_PROTOTYPES=0 -isysroot /Applications/Xcode.app/Contents/Developer/Platforms/iPhoneSimulator.platform/Developer/SDKs/iPhoneSimulator13.5.sdk -fasm-blocks -fstrict-aliasing -Wprotocol -Wdeprecated-declarations -g -Wno-sign-conversion -Winfinite-recursion -Wcomma -Wblock-capture-autoreleasing -Wstrict-prototypes -Wno-semicolon-before-method-body -Wunguarded-availability -fobjc-abi-version=2 -fobjc-legacy-dispatch -iquote /Users/edz/Library/Developer/Xcode/DerivedData/App-bytlbhqqorqzqidyjovihkqwnkia/Build/Intermediates.noindex/Pods.build/Release-iphonesimulator/LSRFramework.build/LSRFramework-generated-files.hmap -I/Users/edz/Library/Developer/Xcode/DerivedData/App-bytlbhqqorqzqidyjovihkqwnkia/Build/Intermediates.noindex/Pods.build/Release-iphonesimulator/LSRFramework.build/LSRFramework-own-target-headers.hmap -I/Users/edz/Library/Developer/Xcode/DerivedData/App-bytlbhqqorqzqidyjovihkqwnkia/Build/Intermediates.noindex/Pods.build/Release-iphonesimulator/LSRFramework.build/LSRFramework-all-non-framework-target-headers.hmap -ivfsoverlay /Users/edz/Library/Developer/Xcode/DerivedData/App-bytlbhqqorqzqidyjovihkqwnkia/Build/Intermediates.noindex/Pods.build/Release-iphonesimulator/LSRFramework.build/all-product-headers.yaml -iquote /Users/edz/Library/Developer/Xcode/DerivedData/App-bytlbhqqorqzqidyjovihkqwnkia/Build/Intermediates.noindex/Pods.build/Release-iphonesimulator/LSRFramework.build/LSRFramework-project-headers.hmap -I/Users/edz/Library/Developer/Xcode/DerivedData/App-bytlbhqqorqzqidyjovihkqwnkia/Build/Products/Release-iphonesimulator/LSRFramework/include -I/Users/edz/Library/Developer/Xcode/DerivedData/App-bytlbhqqorqzqidyjovihkqwnkia/Build/Intermediates.noindex/Pods.build/Release-iphonesimulator/LSRFramework.build/DerivedSources-normal/x86_64 -I/Users/edz/Library/Developer/Xcode/DerivedData/App-bytlbhqqorqzqidyjovihkqwnkia/Build/Intermediates.noindex/Pods.build/Release-iphonesimulator/LSRFramework.build/DerivedSources/x86_64 -I/Users/edz/Library/Developer/Xcode/DerivedData/App-bytlbhqqorqzqidyjovihkqwnkia/Build/Intermediates.noindex/Pods.build/Release-iphonesimulator/LSRFramework.build/DerivedSources -F/Users/edz/Library/Developer/Xcode/DerivedData/App-bytlbhqqorqzqidyjovihkqwnkia/Build/Products/Release-iphonesimulator/LSRFramework -F/Users/edz/Library/Developer/Xcode/DerivedData/App-bytlbhqqorqzqidyjovihkqwnkia/Build/Products/Release-iphonesimulator/MBProgressHUD -F/Users/edz/Library/Developer/Xcode/DerivedData/App-bytlbhqqorqzqidyjovihkqwnkia/Build/Products/Release-iphonesimulator/Masonry -Wincomplete-umbrella -w -Xanalyzer -analyzer-disable-all-checks -include /var/folders/4h/hxvz7hb959j4pw0pvbq686x00000gn/T/CocoaPods-Lint-20200722-25225-196xw43-UIModule/Pods/Target\ Support\ Files/LSRFramework/LSRFramework-prefix.pch -MMD -MT dependencies -MF /Users/edz/Library/Developer/Xcode/DerivedData/App-bytlbhqqorqzqidyjovihkqwnkia/Build/Intermediates.noindex/Pods.build/Release-iphonesimulator/LSRFramework.build/Objects-normal/x86_64/Reachability.d --serialize-diagnostics /Users/edz/Library/Developer/Xcode/DerivedData/App-bytlbhqqorqzqidyjovihkqwnkia/Build/Intermediates.noindex/Pods.build/Release-iphonesimulator/LSRFramework.build/Objects-normal/x86_64/Reachability.dia -c /var/folders/4h/hxvz7hb959j4pw0pvbq686x00000gn/T/CocoaPods-Lint-20200722-25225-196xw43-UIModule/Pods/LSRFramework/LSRFramework/Classes/BaseClasses/UIViewController/Network/NetworkMonitoring/Reachability/Reachability.m -o /Users/edz/Library/Developer/Xcode/DerivedData/App-bytlbhqqorqzqidyjovihkqwnkia/Build/Intermediates.noindex/Pods.build/Release-iphonesimulator/LSRFramework.build/Objects-normal/x86_64/Reachability.o
    
    CompileC /Users/edz/Library/Developer/Xcode/DerivedData/App-bytlbhqqorqzqidyjovihkqwnkia/Build/Intermediates.noindex/Pods.build/Release-iphonesimulator/LSRFramework.build/Objects-normal/x86_64/Reachability+Extension.o /var/folders/4h/hxvz7hb959j4pw0pvbq686x00000gn/T/CocoaPods-Lint-20200722-25225-196xw43-UIModule/Pods/LSRFramework/LSRFramework/Classes/BaseClasses/UIViewController/Network/NetworkMonitoring/Reachability+Extension.m normal x86_64 objective-c com.apple.compilers.llvm.clang.1_0.compiler (in target 'LSRFramework' from project 'Pods')
        cd /var/folders/4h/hxvz7hb959j4pw0pvbq686x00000gn/T/CocoaPods-Lint-20200722-25225-196xw43-UIModule/Pods
        export LANG=en_US.US-ASCII
        /Applications/Xcode.app/Contents/Developer/Toolchains/XcodeDefault.xctoolchain/usr/bin/clang -x objective-c -target x86_64-apple-ios11.0-simulator -fmessage-length=0 -fdiagnostics-show-note-include-stack -fmacro-backtrace-limit=0 -std=gnu11 -fobjc-arc -fmodules -gmodules -fmodules-cache-path=/Users/edz/Library/Developer/Xcode/DerivedData/ModuleCache.noindex -fmodules-prune-interval=86400 -fmodules-prune-after=345600 -fbuild-session-file=/Users/edz/Library/Developer/Xcode/DerivedData/ModuleCache.noindex/Session.modulevalidation -fmodules-validate-once-per-build-session -Wnon-modular-include-in-framework-module -Werror=non-modular-include-in-framework-module -fmodule-name=LSRFramework -Wno-trigraphs -fpascal-strings -Os -fno-common -Wno-missing-field-initializers -Wno-missing-prototypes -Werror=return-type -Wdocumentation -Wunreachable-code -Wno-implicit-atomic-properties -Werror=deprecated-objc-isa-usage -Wno-objc-interface-ivars -Werror=objc-root-class -Wno-arc-repeated-use-of-weak -Wimplicit-retain-self -Wduplicate-method-match -Wno-missing-braces -Wparentheses -Wswitch -Wunused-function -Wno-unused-label -Wno-unused-parameter -Wunused-variable -Wunused-value -Wempty-body -Wuninitialized -Wconditional-uninitialized -Wno-unknown-pragmas -Wno-shadow -Wno-four-char-constants -Wno-conversion -Wconstant-conversion -Wint-conversion -Wbool-conversion -Wenum-conversion -Wno-float-conversion -Wnon-literal-null-conversion -Wobjc-literal-conversion -Wshorten-64-to-32 -Wpointer-sign -Wno-newline-eof -Wno-selector -Wno-strict-selector-match -Wundeclared-selector -Wdeprecated-implementations -DPOD_CONFIGURATION_RELEASE=1 -DCOCOAPODS=1 -DTTTFRAMEWORK=1 -DNS_BLOCK_ASSERTIONS=1 -DOBJC_OLD_DISPATCH_PROTOTYPES=0 -isysroot /Applications/Xcode.app/Contents/Developer/Platforms/iPhoneSimulator.platform/Developer/SDKs/iPhoneSimulator13.5.sdk -fasm-blocks -fstrict-aliasing -Wprotocol -Wdeprecated-declarations -g -Wno-sign-conversion -Winfinite-recursion -Wcomma -Wblock-capture-autoreleasing -Wstrict-prototypes -Wno-semicolon-before-method-body -Wunguarded-availability -fobjc-abi-version=2 -fobjc-legacy-dispatch -iquote /Users/edz/Library/Developer/Xcode/DerivedData/App-bytlbhqqorqzqidyjovihkqwnkia/Build/Intermediates.noindex/Pods.build/Release-iphonesimulator/LSRFramework.build/LSRFramework-generated-files.hmap -I/Users/edz/Library/Developer/Xcode/DerivedData/App-bytlbhqqorqzqidyjovihkqwnkia/Build/Intermediates.noindex/Pods.build/Release-iphonesimulator/LSRFramework.build/LSRFramework-own-target-headers.hmap -I/Users/edz/Library/Developer/Xcode/DerivedData/App-bytlbhqqorqzqidyjovihkqwnkia/Build/Intermediates.noindex/Pods.build/Release-iphonesimulator/LSRFramework.build/LSRFramework-all-non-framework-target-headers.hmap -ivfsoverlay /Users/edz/Library/Developer/Xcode/DerivedData/App-bytlbhqqorqzqidyjovihkqwnkia/Build/Intermediates.noindex/Pods.build/Release-iphonesimulator/LSRFramework.build/all-product-headers.yaml -iquote /Users/edz/Library/Developer/Xcode/DerivedData/App-bytlbhqqorqzqidyjovihkqwnkia/Build/Intermediates.noindex/Pods.build/Release-iphonesimulator/LSRFramework.build/LSRFramework-project-headers.hmap -I/Users/edz/Library/Developer/Xcode/DerivedData/App-bytlbhqqorqzqidyjovihkqwnkia/Build/Products/Release-iphonesimulator/LSRFramework/include -I/Users/edz/Library/Developer/Xcode/DerivedData/App-bytlbhqqorqzqidyjovihkqwnkia/Build/Intermediates.noindex/Pods.build/Release-iphonesimulator/LSRFramework.build/DerivedSources-normal/x86_64 -I/Users/edz/Library/Developer/Xcode/DerivedData/App-bytlbhqqorqzqidyjovihkqwnkia/Build/Intermediates.noindex/Pods.build/Release-iphonesimulator/LSRFramework.build/DerivedSources/x86_64 -I/Users/edz/Library/Developer/Xcode/DerivedData/App-bytlbhqqorqzqidyjovihkqwnkia/Build/Intermediates.noindex/Pods.build/Release-iphonesimulator/LSRFramework.build/DerivedSources -F/Users/edz/Library/Developer/Xcode/DerivedData/App-bytlbhqqorqzqidyjovihkqwnkia/Build/Products/Release-iphonesimulator/LSRFramework -F/Users/edz/Library/Developer/Xcode/DerivedData/App-bytlbhqqorqzqidyjovihkqwnkia/Build/Products/Release-iphonesimulator/MBProgressHUD -F/Users/edz/Library/Developer/Xcode/DerivedData/App-bytlbhqqorqzqidyjovihkqwnkia/Build/Products/Release-iphonesimulator/Masonry -Wincomplete-umbrella -w -Xanalyzer -analyzer-disable-all-checks -include /var/folders/4h/hxvz7hb959j4pw0pvbq686x00000gn/T/CocoaPods-Lint-20200722-25225-196xw43-UIModule/Pods/Target\ Support\ Files/LSRFramework/LSRFramework-prefix.pch -MMD -MT dependencies -MF /Users/edz/Library/Developer/Xcode/DerivedData/App-bytlbhqqorqzqidyjovihkqwnkia/Build/Intermediates.noindex/Pods.build/Release-iphonesimulator/LSRFramework.build/Objects-normal/x86_64/Reachability+Extension.d --serialize-diagnostics /Users/edz/Library/Developer/Xcode/DerivedData/App-bytlbhqqorqzqidyjovihkqwnkia/Build/Intermediates.noindex/Pods.build/Release-iphonesimulator/LSRFramework.build/Objects-normal/x86_64/Reachability+Extension.dia -c /var/folders/4h/hxvz7hb959j4pw0pvbq686x00000gn/T/CocoaPods-Lint-20200722-25225-196xw43-UIModule/Pods/LSRFramework/LSRFramework/Classes/BaseClasses/UIViewController/Network/NetworkMonitoring/Reachability+Extension.m -o /Users/edz/Library/Developer/Xcode/DerivedData/App-bytlbhqqorqzqidyjovihkqwnkia/Build/Intermediates.noindex/Pods.build/Release-iphonesimulator/LSRFramework.build/Objects-normal/x86_64/Reachability+Extension.o
    
    CompileC /Users/edz/Library/Developer/Xcode/DerivedData/App-bytlbhqqorqzqidyjovihkqwnkia/Build/Intermediates.noindex/Pods.build/Release-iphonesimulator/LSRFramework.build/Objects-normal/x86_64/PHAssetCollection+CTAssetsPickerController.o /var/folders/4h/hxvz7hb959j4pw0pvbq686x00000gn/T/CocoaPods-Lint-20200722-25225-196xw43-UIModule/Pods/LSRFramework/LSRFramework/Classes/BaseClasses/UIViewController/Picker/AssetsPicker/CTAssetsPickerController/Categories/PHAssetCollection+CTAssetsPickerController.m normal x86_64 objective-c com.apple.compilers.llvm.clang.1_0.compiler (in target 'LSRFramework' from project 'Pods')
        cd /var/folders/4h/hxvz7hb959j4pw0pvbq686x00000gn/T/CocoaPods-Lint-20200722-25225-196xw43-UIModule/Pods
        export LANG=en_US.US-ASCII
        /Applications/Xcode.app/Contents/Developer/Toolchains/XcodeDefault.xctoolchain/usr/bin/clang -x objective-c -target x86_64-apple-ios11.0-simulator -fmessage-length=0 -fdiagnostics-show-note-include-stack -fmacro-backtrace-limit=0 -std=gnu11 -fobjc-arc -fmodules -gmodules -fmodules-cache-path=/Users/edz/Library/Developer/Xcode/DerivedData/ModuleCache.noindex -fmodules-prune-interval=86400 -fmodules-prune-after=345600 -fbuild-session-file=/Users/edz/Library/Developer/Xcode/DerivedData/ModuleCache.noindex/Session.modulevalidation -fmodules-validate-once-per-build-session -Wnon-modular-include-in-framework-module -Werror=non-modular-include-in-framework-module -fmodule-name=LSRFramework -Wno-trigraphs -fpascal-strings -Os -fno-common -Wno-missing-field-initializers -Wno-missing-prototypes -Werror=return-type -Wdocumentation -Wunreachable-code -Wno-implicit-atomic-properties -Werror=deprecated-objc-isa-usage -Wno-objc-interface-ivars -Werror=objc-root-class -Wno-arc-repeated-use-of-weak -Wimplicit-retain-self -Wduplicate-method-match -Wno-missing-braces -Wparentheses -Wswitch -Wunused-function -Wno-unused-label -Wno-unused-parameter -Wunused-variable -Wunused-value -Wempty-body -Wuninitialized -Wconditional-uninitialized -Wno-unknown-pragmas -Wno-shadow -Wno-four-char-constants -Wno-conversion -Wconstant-conversion -Wint-conversion -Wbool-conversion -Wenum-conversion -Wno-float-conversion -Wnon-literal-null-conversion -Wobjc-literal-conversion -Wshorten-64-to-32 -Wpointer-sign -Wno-newline-eof -Wno-selector -Wno-strict-selector-match -Wundeclared-selector -Wdeprecated-implementations -DPOD_CONFIGURATION_RELEASE=1 -DCOCOAPODS=1 -DTTTFRAMEWORK=1 -DNS_BLOCK_ASSERTIONS=1 -DOBJC_OLD_DISPATCH_PROTOTYPES=0 -isysroot /Applications/Xcode.app/Contents/Developer/Platforms/iPhoneSimulator.platform/Developer/SDKs/iPhoneSimulator13.5.sdk -fasm-blocks -fstrict-aliasing -Wprotocol -Wdeprecated-declarations -g -Wno-sign-conversion -Winfinite-recursion -Wcomma -Wblock-capture-autoreleasing -Wstrict-prototypes -Wno-semicolon-before-method-body -Wunguarded-availability -fobjc-abi-version=2 -fobjc-legacy-dispatch -iquote /Users/edz/Library/Developer/Xcode/DerivedData/App-bytlbhqqorqzqidyjovihkqwnkia/Build/Intermediates.noindex/Pods.build/Release-iphonesimulator/LSRFramework.build/LSRFramework-generated-files.hmap -I/Users/edz/Library/Developer/Xcode/DerivedData/App-bytlbhqqorqzqidyjovihkqwnkia/Build/Intermediates.noindex/Pods.build/Release-iphonesimulator/LSRFramework.build/LSRFramework-own-target-headers.hmap -I/Users/edz/Library/Developer/Xcode/DerivedData/App-bytlbhqqorqzqidyjovihkqwnkia/Build/Intermediates.noindex/Pods.build/Release-iphonesimulator/LSRFramework.build/LSRFramework-all-non-framework-target-headers.hmap -ivfsoverlay /Users/edz/Library/Developer/Xcode/DerivedData/App-bytlbhqqorqzqidyjovihkqwnkia/Build/Intermediates.noindex/Pods.build/Release-iphonesimulator/LSRFramework.build/all-product-headers.yaml -iquote /Users/edz/Library/Developer/Xcode/DerivedData/App-bytlbhqqorqzqidyjovihkqwnkia/Build/Intermediates.noindex/Pods.build/Release-iphonesimulator/LSRFramework.build/LSRFramework-project-headers.hmap -I/Users/edz/Library/Developer/Xcode/DerivedData/App-bytlbhqqorqzqidyjovihkqwnkia/Build/Products/Release-iphonesimulator/LSRFramework/include -I/Users/edz/Library/Developer/Xcode/DerivedData/App-bytlbhqqorqzqidyjovihkqwnkia/Build/Intermediates.noindex/Pods.build/Release-iphonesimulator/LSRFramework.build/DerivedSources-normal/x86_64 -I/Users/edz/Library/Developer/Xcode/DerivedData/App-bytlbhqqorqzqidyjovihkqwnkia/Build/Intermediates.noindex/Pods.build/Release-iphonesimulator/LSRFramework.build/DerivedSources/x86_64 -I/Users/edz/Library/Developer/Xcode/DerivedData/App-bytlbhqqorqzqidyjovihkqwnkia/Build/Intermediates.noindex/Pods.build/Release-iphonesimulator/LSRFramework.build/DerivedSources -F/Users/edz/Library/Developer/Xcode/DerivedData/App-bytlbhqqorqzqidyjovihkqwnkia/Build/Products/Release-iphonesimulator/LSRFramework -F/Users/edz/Library/Developer/Xcode/DerivedData/App-bytlbhqqorqzqidyjovihkqwnkia/Build/Products/Release-iphonesimulator/MBProgressHUD -F/Users/edz/Library/Developer/Xcode/DerivedData/App-bytlbhqqorqzqidyjovihkqwnkia/Build/Products/Release-iphonesimulator/Masonry -Wincomplete-umbrella -w -Xanalyzer -analyzer-disable-all-checks -include /var/folders/4h/hxvz7hb959j4pw0pvbq686x00000gn/T/CocoaPods-Lint-20200722-25225-196xw43-UIModule/Pods/Target\ Support\ Files/LSRFramework/LSRFramework-prefix.pch -MMD -MT dependencies -MF /Users/edz/Library/Developer/Xcode/DerivedData/App-bytlbhqqorqzqidyjovihkqwnkia/Build/Intermediates.noindex/Pods.build/Release-iphonesimulator/LSRFramework.build/Objects-normal/x86_64/PHAssetCollection+CTAssetsPickerController.d --serialize-diagnostics /Users/edz/Library/Developer/Xcode/DerivedData/App-bytlbhqqorqzqidyjovihkqwnkia/Build/Intermediates.noindex/Pods.build/Release-iphonesimulator/LSRFramework.build/Objects-normal/x86_64/PHAssetCollection+CTAssetsPickerController.dia -c /var/folders/4h/hxvz7hb959j4pw0pvbq686x00000gn/T/CocoaPods-Lint-20200722-25225-196xw43-UIModule/Pods/LSRFramework/LSRFramework/Classes/BaseClasses/UIViewController/Picker/AssetsPicker/CTAssetsPickerController/Categories/PHAssetCollection+CTAssetsPickerController.m -o /Users/edz/Library/Developer/Xcode/DerivedData/App-bytlbhqqorqzqidyjovihkqwnkia/Build/Intermediates.noindex/Pods.build/Release-iphonesimulator/LSRFramework.build/Objects-normal/x86_64/PHAssetCollection+CTAssetsPickerController.o
    
    CompileC /Users/edz/Library/Developer/Xcode/DerivedData/App-bytlbhqqorqzqidyjovihkqwnkia/Build/Intermediates.noindex/Pods.build/Release-iphonesimulator/LSRFramework.build/Objects-normal/x86_64/PHAsset+CTAssetsPickerController.o /var/folders/4h/hxvz7hb959j4pw0pvbq686x00000gn/T/CocoaPods-Lint-20200722-25225-196xw43-UIModule/Pods/LSRFramework/LSRFramework/Classes/BaseClasses/UIViewController/Picker/AssetsPicker/CTAssetsPickerController/Categories/PHAsset+CTAssetsPickerController.m normal x86_64 objective-c com.apple.compilers.llvm.clang.1_0.compiler (in target 'LSRFramework' from project 'Pods')
        cd /var/folders/4h/hxvz7hb959j4pw0pvbq686x00000gn/T/CocoaPods-Lint-20200722-25225-196xw43-UIModule/Pods
        export LANG=en_US.US-ASCII
        /Applications/Xcode.app/Contents/Developer/Toolchains/XcodeDefault.xctoolchain/usr/bin/clang -x objective-c -target x86_64-apple-ios11.0-simulator -fmessage-length=0 -fdiagnostics-show-note-include-stack -fmacro-backtrace-limit=0 -std=gnu11 -fobjc-arc -fmodules -gmodules -fmodules-cache-path=/Users/edz/Library/Developer/Xcode/DerivedData/ModuleCache.noindex -fmodules-prune-interval=86400 -fmodules-prune-after=345600 -fbuild-session-file=/Users/edz/Library/Developer/Xcode/DerivedData/ModuleCache.noindex/Session.modulevalidation -fmodules-validate-once-per-build-session -Wnon-modular-include-in-framework-module -Werror=non-modular-include-in-framework-module -fmodule-name=LSRFramework -Wno-trigraphs -fpascal-strings -Os -fno-common -Wno-missing-field-initializers -Wno-missing-prototypes -Werror=return-type -Wdocumentation -Wunreachable-code -Wno-implicit-atomic-properties -Werror=deprecated-objc-isa-usage -Wno-objc-interface-ivars -Werror=objc-root-class -Wno-arc-repeated-use-of-weak -Wimplicit-retain-self -Wduplicate-method-match -Wno-missing-braces -Wparentheses -Wswitch -Wunused-function -Wno-unused-label -Wno-unused-parameter -Wunused-variable -Wunused-value -Wempty-body -Wuninitialized -Wconditional-uninitialized -Wno-unknown-pragmas -Wno-shadow -Wno-four-char-constants -Wno-conversion -Wconstant-conversion -Wint-conversion -Wbool-conversion -Wenum-conversion -Wno-float-conversion -Wnon-literal-null-conversion -Wobjc-literal-conversion -Wshorten-64-to-32 -Wpointer-sign -Wno-newline-eof -Wno-selector -Wno-strict-selector-match -Wundeclared-selector -Wdeprecated-implementations -DPOD_CONFIGURATION_RELEASE=1 -DCOCOAPODS=1 -DTTTFRAMEWORK=1 -DNS_BLOCK_ASSERTIONS=1 -DOBJC_OLD_DISPATCH_PROTOTYPES=0 -isysroot /Applications/Xcode.app/Contents/Developer/Platforms/iPhoneSimulator.platform/Developer/SDKs/iPhoneSimulator13.5.sdk -fasm-blocks -fstrict-aliasing -Wprotocol -Wdeprecated-declarations -g -Wno-sign-conversion -Winfinite-recursion -Wcomma -Wblock-capture-autoreleasing -Wstrict-prototypes -Wno-semicolon-before-method-body -Wunguarded-availability -fobjc-abi-version=2 -fobjc-legacy-dispatch -iquote /Users/edz/Library/Developer/Xcode/DerivedData/App-bytlbhqqorqzqidyjovihkqwnkia/Build/Intermediates.noindex/Pods.build/Release-iphonesimulator/LSRFramework.build/LSRFramework-generated-files.hmap -I/Users/edz/Library/Developer/Xcode/DerivedData/App-bytlbhqqorqzqidyjovihkqwnkia/Build/Intermediates.noindex/Pods.build/Release-iphonesimulator/LSRFramework.build/LSRFramework-own-target-headers.hmap -I/Users/edz/Library/Developer/Xcode/DerivedData/App-bytlbhqqorqzqidyjovihkqwnkia/Build/Intermediates.noindex/Pods.build/Release-iphonesimulator/LSRFramework.build/LSRFramework-all-non-framework-target-headers.hmap -ivfsoverlay /Users/edz/Library/Developer/Xcode/DerivedData/App-bytlbhqqorqzqidyjovihkqwnkia/Build/Intermediates.noindex/Pods.build/Release-iphonesimulator/LSRFramework.build/all-product-headers.yaml -iquote /Users/edz/Library/Developer/Xcode/DerivedData/App-bytlbhqqorqzqidyjovihkqwnkia/Build/Intermediates.noindex/Pods.build/Release-iphonesimulator/LSRFramework.build/LSRFramework-project-headers.hmap -I/Users/edz/Library/Developer/Xcode/DerivedData/App-bytlbhqqorqzqidyjovihkqwnkia/Build/Products/Release-iphonesimulator/LSRFramework/include -I/Users/edz/Library/Developer/Xcode/DerivedData/App-bytlbhqqorqzqidyjovihkqwnkia/Build/Intermediates.noindex/Pods.build/Release-iphonesimulator/LSRFramework.build/DerivedSources-normal/x86_64 -I/Users/edz/Library/Developer/Xcode/DerivedData/App-bytlbhqqorqzqidyjovihkqwnkia/Build/Intermediates.noindex/Pods.build/Release-iphonesimulator/LSRFramework.build/DerivedSources/x86_64 -I/Users/edz/Library/Developer/Xcode/DerivedData/App-bytlbhqqorqzqidyjovihkqwnkia/Build/Intermediates.noindex/Pods.build/Release-iphonesimulator/LSRFramework.build/DerivedSources -F/Users/edz/Library/Developer/Xcode/DerivedData/App-bytlbhqqorqzqidyjovihkqwnkia/Build/Products/Release-iphonesimulator/LSRFramework -F/Users/edz/Library/Developer/Xcode/DerivedData/App-bytlbhqqorqzqidyjovihkqwnkia/Build/Products/Release-iphonesimulator/MBProgressHUD -F/Users/edz/Library/Developer/Xcode/DerivedData/App-bytlbhqqorqzqidyjovihkqwnkia/Build/Products/Release-iphonesimulator/Masonry -Wincomplete-umbrella -w -Xanalyzer -analyzer-disable-all-checks -include /var/folders/4h/hxvz7hb959j4pw0pvbq686x00000gn/T/CocoaPods-Lint-20200722-25225-196xw43-UIModule/Pods/Target\ Support\ Files/LSRFramework/LSRFramework-prefix.pch -MMD -MT dependencies -MF /Users/edz/Library/Developer/Xcode/DerivedData/App-bytlbhqqorqzqidyjovihkqwnkia/Build/Intermediates.noindex/Pods.build/Release-iphonesimulator/LSRFramework.build/Objects-normal/x86_64/PHAsset+CTAssetsPickerController.d --serialize-diagnostics /Users/edz/Library/Developer/Xcode/DerivedData/App-bytlbhqqorqzqidyjovihkqwnkia/Build/Intermediates.noindex/Pods.build/Release-iphonesimulator/LSRFramework.build/Objects-normal/x86_64/PHAsset+CTAssetsPickerController.dia -c /var/folders/4h/hxvz7hb959j4pw0pvbq686x00000gn/T/CocoaPods-Lint-20200722-25225-196xw43-UIModule/Pods/LSRFramework/LSRFramework/Classes/BaseClasses/UIViewController/Picker/AssetsPicker/CTAssetsPickerController/Categories/PHAsset+CTAssetsPickerController.m -o /Users/edz/Library/Developer/Xcode/DerivedData/App-bytlbhqqorqzqidyjovihkqwnkia/Build/Intermediates.noindex/Pods.build/Release-iphonesimulator/LSRFramework.build/Objects-normal/x86_64/PHAsset+CTAssetsPickerController.o
    
    CompileC /Users/edz/Library/Developer/Xcode/DerivedData/App-bytlbhqqorqzqidyjovihkqwnkia/Build/Intermediates.noindex/Pods.build/Release-iphonesimulator/LSRFramework.build/Objects-normal/x86_64/NavigationController.o /var/folders/4h/hxvz7hb959j4pw0pvbq686x00000gn/T/CocoaPods-Lint-20200722-25225-196xw43-UIModule/Pods/LSRFramework/LSRFramework/Classes/BaseClasses/NavigationController/NavigationController.m normal x86_64 objective-c com.apple.compilers.llvm.clang.1_0.compiler (in target 'LSRFramework' from project 'Pods')
        cd /var/folders/4h/hxvz7hb959j4pw0pvbq686x00000gn/T/CocoaPods-Lint-20200722-25225-196xw43-UIModule/Pods
        export LANG=en_US.US-ASCII
        /Applications/Xcode.app/Contents/Developer/Toolchains/XcodeDefault.xctoolchain/usr/bin/clang -x objective-c -target x86_64-apple-ios11.0-simulator -fmessage-length=0 -fdiagnostics-show-note-include-stack -fmacro-backtrace-limit=0 -std=gnu11 -fobjc-arc -fmodules -gmodules -fmodules-cache-path=/Users/edz/Library/Developer/Xcode/DerivedData/ModuleCache.noindex -fmodules-prune-interval=86400 -fmodules-prune-after=345600 -fbuild-session-file=/Users/edz/Library/Developer/Xcode/DerivedData/ModuleCache.noindex/Session.modulevalidation -fmodules-validate-once-per-build-session -Wnon-modular-include-in-framework-module -Werror=non-modular-include-in-framework-module -fmodule-name=LSRFramework -Wno-trigraphs -fpascal-strings -Os -fno-common -Wno-missing-field-initializers -Wno-missing-prototypes -Werror=return-type -Wdocumentation -Wunreachable-code -Wno-implicit-atomic-properties -Werror=deprecated-objc-isa-usage -Wno-objc-interface-ivars -Werror=objc-root-class -Wno-arc-repeated-use-of-weak -Wimplicit-retain-self -Wduplicate-method-match -Wno-missing-braces -Wparentheses -Wswitch -Wunused-function -Wno-unused-label -Wno-unused-parameter -Wunused-variable -Wunused-value -Wempty-body -Wuninitialized -Wconditional-uninitialized -Wno-unknown-pragmas -Wno-shadow -Wno-four-char-constants -Wno-conversion -Wconstant-conversion -Wint-conversion -Wbool-conversion -Wenum-conversion -Wno-float-conversion -Wnon-literal-null-conversion -Wobjc-literal-conversion -Wshorten-64-to-32 -Wpointer-sign -Wno-newline-eof -Wno-selector -Wno-strict-selector-match -Wundeclared-selector -Wdeprecated-implementations -DPOD_CONFIGURATION_RELEASE=1 -DCOCOAPODS=1 -DTTTFRAMEWORK=1 -DNS_BLOCK_ASSERTIONS=1 -DOBJC_OLD_DISPATCH_PROTOTYPES=0 -isysroot /Applications/Xcode.app/Contents/Developer/Platforms/iPhoneSimulator.platform/Developer/SDKs/iPhoneSimulator13.5.sdk -fasm-blocks -fstrict-aliasing -Wprotocol -Wdeprecated-declarations -g -Wno-sign-conversion -Winfinite-recursion -Wcomma -Wblock-capture-autoreleasing -Wstrict-prototypes -Wno-semicolon-before-method-body -Wunguarded-availability -fobjc-abi-version=2 -fobjc-legacy-dispatch -iquote /Users/edz/Library/Developer/Xcode/DerivedData/App-bytlbhqqorqzqidyjovihkqwnkia/Build/Intermediates.noindex/Pods.build/Release-iphonesimulator/LSRFramework.build/LSRFramework-generated-files.hmap -I/Users/edz/Library/Developer/Xcode/DerivedData/App-bytlbhqqorqzqidyjovihkqwnkia/Build/Intermediates.noindex/Pods.build/Release-iphonesimulator/LSRFramework.build/LSRFramework-own-target-headers.hmap -I/Users/edz/Library/Developer/Xcode/DerivedData/App-bytlbhqqorqzqidyjovihkqwnkia/Build/Intermediates.noindex/Pods.build/Release-iphonesimulator/LSRFramework.build/LSRFramework-all-non-framework-target-headers.hmap -ivfsoverlay /Users/edz/Library/Developer/Xcode/DerivedData/App-bytlbhqqorqzqidyjovihkqwnkia/Build/Intermediates.noindex/Pods.build/Release-iphonesimulator/LSRFramework.build/all-product-headers.yaml -iquote /Users/edz/Library/Developer/Xcode/DerivedData/App-bytlbhqqorqzqidyjovihkqwnkia/Build/Intermediates.noindex/Pods.build/Release-iphonesimulator/LSRFramework.build/LSRFramework-project-headers.hmap -I/Users/edz/Library/Developer/Xcode/DerivedData/App-bytlbhqqorqzqidyjovihkqwnkia/Build/Products/Release-iphonesimulator/LSRFramework/include -I/Users/edz/Library/Developer/Xcode/DerivedData/App-bytlbhqqorqzqidyjovihkqwnkia/Build/Intermediates.noindex/Pods.build/Release-iphonesimulator/LSRFramework.build/DerivedSources-normal/x86_64 -I/Users/edz/Library/Developer/Xcode/DerivedData/App-bytlbhqqorqzqidyjovihkqwnkia/Build/Intermediates.noindex/Pods.build/Release-iphonesimulator/LSRFramework.build/DerivedSources/x86_64 -I/Users/edz/Library/Developer/Xcode/DerivedData/App-bytlbhqqorqzqidyjovihkqwnkia/Build/Intermediates.noindex/Pods.build/Release-iphonesimulator/LSRFramework.build/DerivedSources -F/Users/edz/Library/Developer/Xcode/DerivedData/App-bytlbhqqorqzqidyjovihkqwnkia/Build/Products/Release-iphonesimulator/LSRFramework -F/Users/edz/Library/Developer/Xcode/DerivedData/App-bytlbhqqorqzqidyjovihkqwnkia/Build/Products/Release-iphonesimulator/MBProgressHUD -F/Users/edz/Library/Developer/Xcode/DerivedData/App-bytlbhqqorqzqidyjovihkqwnkia/Build/Products/Release-iphonesimulator/Masonry -Wincomplete-umbrella -w -Xanalyzer -analyzer-disable-all-checks -include /var/folders/4h/hxvz7hb959j4pw0pvbq686x00000gn/T/CocoaPods-Lint-20200722-25225-196xw43-UIModule/Pods/Target\ Support\ Files/LSRFramework/LSRFramework-prefix.pch -MMD -MT dependencies -MF /Users/edz/Library/Developer/Xcode/DerivedData/App-bytlbhqqorqzqidyjovihkqwnkia/Build/Intermediates.noindex/Pods.build/Release-iphonesimulator/LSRFramework.build/Objects-normal/x86_64/NavigationController.d --serialize-diagnostics /Users/edz/Library/Developer/Xcode/DerivedData/App-bytlbhqqorqzqidyjovihkqwnkia/Build/Intermediates.noindex/Pods.build/Release-iphonesimulator/LSRFramework.build/Objects-normal/x86_64/NavigationController.dia -c /var/folders/4h/hxvz7hb959j4pw0pvbq686x00000gn/T/CocoaPods-Lint-20200722-25225-196xw43-UIModule/Pods/LSRFramework/LSRFramework/Classes/BaseClasses/NavigationController/NavigationController.m -o /Users/edz/Library/Developer/Xcode/DerivedData/App-bytlbhqqorqzqidyjovihkqwnkia/Build/Intermediates.noindex/Pods.build/Release-iphonesimulator/LSRFramework.build/Objects-normal/x86_64/NavigationController.o
    
    CompileC /Users/edz/Library/Developer/Xcode/DerivedData/App-bytlbhqqorqzqidyjovihkqwnkia/Build/Intermediates.noindex/Pods.build/Release-iphonesimulator/LSRFramework.build/Objects-normal/x86_64/NavigationController+Global.o /var/folders/4h/hxvz7hb959j4pw0pvbq686x00000gn/T/CocoaPods-Lint-20200722-25225-196xw43-UIModule/Pods/LSRFramework/LSRFramework/Classes/BaseClasses/NavigationController/NavigationController+Global.m normal x86_64 objective-c com.apple.compilers.llvm.clang.1_0.compiler (in target 'LSRFramework' from project 'Pods')
        cd /var/folders/4h/hxvz7hb959j4pw0pvbq686x00000gn/T/CocoaPods-Lint-20200722-25225-196xw43-UIModule/Pods
        export LANG=en_US.US-ASCII
        /Applications/Xcode.app/Contents/Developer/Toolchains/XcodeDefault.xctoolchain/usr/bin/clang -x objective-c -target x86_64-apple-ios11.0-simulator -fmessage-length=0 -fdiagnostics-show-note-include-stack -fmacro-backtrace-limit=0 -std=gnu11 -fobjc-arc -fmodules -gmodules -fmodules-cache-path=/Users/edz/Library/Developer/Xcode/DerivedData/ModuleCache.noindex -fmodules-prune-interval=86400 -fmodules-prune-after=345600 -fbuild-session-file=/Users/edz/Library/Developer/Xcode/DerivedData/ModuleCache.noindex/Session.modulevalidation -fmodules-validate-once-per-build-session -Wnon-modular-include-in-framework-module -Werror=non-modular-include-in-framework-module -fmodule-name=LSRFramework -Wno-trigraphs -fpascal-strings -Os -fno-common -Wno-missing-field-initializers -Wno-missing-prototypes -Werror=return-type -Wdocumentation -Wunreachable-code -Wno-implicit-atomic-properties -Werror=deprecated-objc-isa-usage -Wno-objc-interface-ivars -Werror=objc-root-class -Wno-arc-repeated-use-of-weak -Wimplicit-retain-self -Wduplicate-method-match -Wno-missing-braces -Wparentheses -Wswitch -Wunused-function -Wno-unused-label -Wno-unused-parameter -Wunused-variable -Wunused-value -Wempty-body -Wuninitialized -Wconditional-uninitialized -Wno-unknown-pragmas -Wno-shadow -Wno-four-char-constants -Wno-conversion -Wconstant-conversion -Wint-conversion -Wbool-conversion -Wenum-conversion -Wno-float-conversion -Wnon-literal-null-conversion -Wobjc-literal-conversion -Wshorten-64-to-32 -Wpointer-sign -Wno-newline-eof -Wno-selector -Wno-strict-selector-match -Wundeclared-selector -Wdeprecated-implementations -DPOD_CONFIGURATION_RELEASE=1 -DCOCOAPODS=1 -DTTTFRAMEWORK=1 -DNS_BLOCK_ASSERTIONS=1 -DOBJC_OLD_DISPATCH_PROTOTYPES=0 -isysroot /Applications/Xcode.app/Contents/Developer/Platforms/iPhoneSimulator.platform/Developer/SDKs/iPhoneSimulator13.5.sdk -fasm-blocks -fstrict-aliasing -Wprotocol -Wdeprecated-declarations -g -Wno-sign-conversion -Winfinite-recursion -Wcomma -Wblock-capture-autoreleasing -Wstrict-prototypes -Wno-semicolon-before-method-body -Wunguarded-availability -fobjc-abi-version=2 -fobjc-legacy-dispatch -iquote /Users/edz/Library/Developer/Xcode/DerivedData/App-bytlbhqqorqzqidyjovihkqwnkia/Build/Intermediates.noindex/Pods.build/Release-iphonesimulator/LSRFramework.build/LSRFramework-generated-files.hmap -I/Users/edz/Library/Developer/Xcode/DerivedData/App-bytlbhqqorqzqidyjovihkqwnkia/Build/Intermediates.noindex/Pods.build/Release-iphonesimulator/LSRFramework.build/LSRFramework-own-target-headers.hmap -I/Users/edz/Library/Developer/Xcode/DerivedData/App-bytlbhqqorqzqidyjovihkqwnkia/Build/Intermediates.noindex/Pods.build/Release-iphonesimulator/LSRFramework.build/LSRFramework-all-non-framework-target-headers.hmap -ivfsoverlay /Users/edz/Library/Developer/Xcode/DerivedData/App-bytlbhqqorqzqidyjovihkqwnkia/Build/Intermediates.noindex/Pods.build/Release-iphonesimulator/LSRFramework.build/all-product-headers.yaml -iquote /Users/edz/Library/Developer/Xcode/DerivedData/App-bytlbhqqorqzqidyjovihkqwnkia/Build/Intermediates.noindex/Pods.build/Release-iphonesimulator/LSRFramework.build/LSRFramework-project-headers.hmap -I/Users/edz/Library/Developer/Xcode/DerivedData/App-bytlbhqqorqzqidyjovihkqwnkia/Build/Products/Release-iphonesimulator/LSRFramework/include -I/Users/edz/Library/Developer/Xcode/DerivedData/App-bytlbhqqorqzqidyjovihkqwnkia/Build/Intermediates.noindex/Pods.build/Release-iphonesimulator/LSRFramework.build/DerivedSources-normal/x86_64 -I/Users/edz/Library/Developer/Xcode/DerivedData/App-bytlbhqqorqzqidyjovihkqwnkia/Build/Intermediates.noindex/Pods.build/Release-iphonesimulator/LSRFramework.build/DerivedSources/x86_64 -I/Users/edz/Library/Developer/Xcode/DerivedData/App-bytlbhqqorqzqidyjovihkqwnkia/Build/Intermediates.noindex/Pods.build/Release-iphonesimulator/LSRFramework.build/DerivedSources -F/Users/edz/Library/Developer/Xcode/DerivedData/App-bytlbhqqorqzqidyjovihkqwnkia/Build/Products/Release-iphonesimulator/LSRFramework -F/Users/edz/Library/Developer/Xcode/DerivedData/App-bytlbhqqorqzqidyjovihkqwnkia/Build/Products/Release-iphonesimulator/MBProgressHUD -F/Users/edz/Library/Developer/Xcode/DerivedData/App-bytlbhqqorqzqidyjovihkqwnkia/Build/Products/Release-iphonesimulator/Masonry -Wincomplete-umbrella -w -Xanalyzer -analyzer-disable-all-checks -include /var/folders/4h/hxvz7hb959j4pw0pvbq686x00000gn/T/CocoaPods-Lint-20200722-25225-196xw43-UIModule/Pods/Target\ Support\ Files/LSRFramework/LSRFramework-prefix.pch -MMD -MT dependencies -MF /Users/edz/Library/Developer/Xcode/DerivedData/App-bytlbhqqorqzqidyjovihkqwnkia/Build/Intermediates.noindex/Pods.build/Release-iphonesimulator/LSRFramework.build/Objects-normal/x86_64/NavigationController+Global.d --serialize-diagnostics /Users/edz/Library/Developer/Xcode/DerivedData/App-bytlbhqqorqzqidyjovihkqwnkia/Build/Intermediates.noindex/Pods.build/Release-iphonesimulator/LSRFramework.build/Objects-normal/x86_64/NavigationController+Global.dia -c /var/folders/4h/hxvz7hb959j4pw0pvbq686x00000gn/T/CocoaPods-Lint-20200722-25225-196xw43-UIModule/Pods/LSRFramework/LSRFramework/Classes/BaseClasses/NavigationController/NavigationController+Global.m -o /Users/edz/Library/Developer/Xcode/DerivedData/App-bytlbhqqorqzqidyjovihkqwnkia/Build/Intermediates.noindex/Pods.build/Release-iphonesimulator/LSRFramework.build/Objects-normal/x86_64/NavigationController+Global.o
    
    CompileC /Users/edz/Library/Developer/Xcode/DerivedData/App-bytlbhqqorqzqidyjovihkqwnkia/Build/Intermediates.noindex/Pods.build/Release-iphonesimulator/LSRFramework.build/Objects-normal/x86_64/NavigationBar.o /var/folders/4h/hxvz7hb959j4pw0pvbq686x00000gn/T/CocoaPods-Lint-20200722-25225-196xw43-UIModule/Pods/LSRFramework/LSRFramework/Classes/BaseClasses/NavigationController/NavigationBar.m normal x86_64 objective-c com.apple.compilers.llvm.clang.1_0.compiler (in target 'LSRFramework' from project 'Pods')
        cd /var/folders/4h/hxvz7hb959j4pw0pvbq686x00000gn/T/CocoaPods-Lint-20200722-25225-196xw43-UIModule/Pods
        export LANG=en_US.US-ASCII
        /Applications/Xcode.app/Contents/Developer/Toolchains/XcodeDefault.xctoolchain/usr/bin/clang -x objective-c -target x86_64-apple-ios11.0-simulator -fmessage-length=0 -fdiagnostics-show-note-include-stack -fmacro-backtrace-limit=0 -std=gnu11 -fobjc-arc -fmodules -gmodules -fmodules-cache-path=/Users/edz/Library/Developer/Xcode/DerivedData/ModuleCache.noindex -fmodules-prune-interval=86400 -fmodules-prune-after=345600 -fbuild-session-file=/Users/edz/Library/Developer/Xcode/DerivedData/ModuleCache.noindex/Session.modulevalidation -fmodules-validate-once-per-build-session -Wnon-modular-include-in-framework-module -Werror=non-modular-include-in-framework-module -fmodule-name=LSRFramework -Wno-trigraphs -fpascal-strings -Os -fno-common -Wno-missing-field-initializers -Wno-missing-prototypes -Werror=return-type -Wdocumentation -Wunreachable-code -Wno-implicit-atomic-properties -Werror=deprecated-objc-isa-usage -Wno-objc-interface-ivars -Werror=objc-root-class -Wno-arc-repeated-use-of-weak -Wimplicit-retain-self -Wduplicate-method-match -Wno-missing-braces -Wparentheses -Wswitch -Wunused-function -Wno-unused-label -Wno-unused-parameter -Wunused-variable -Wunused-value -Wempty-body -Wuninitialized -Wconditional-uninitialized -Wno-unknown-pragmas -Wno-shadow -Wno-four-char-constants -Wno-conversion -Wconstant-conversion -Wint-conversion -Wbool-conversion -Wenum-conversion -Wno-float-conversion -Wnon-literal-null-conversion -Wobjc-literal-conversion -Wshorten-64-to-32 -Wpointer-sign -Wno-newline-eof -Wno-selector -Wno-strict-selector-match -Wundeclared-selector -Wdeprecated-implementations -DPOD_CONFIGURATION_RELEASE=1 -DCOCOAPODS=1 -DTTTFRAMEWORK=1 -DNS_BLOCK_ASSERTIONS=1 -DOBJC_OLD_DISPATCH_PROTOTYPES=0 -isysroot /Applications/Xcode.app/Contents/Developer/Platforms/iPhoneSimulator.platform/Developer/SDKs/iPhoneSimulator13.5.sdk -fasm-blocks -fstrict-aliasing -Wprotocol -Wdeprecated-declarations -g -Wno-sign-conversion -Winfinite-recursion -Wcomma -Wblock-capture-autoreleasing -Wstrict-prototypes -Wno-semicolon-before-method-body -Wunguarded-availability -fobjc-abi-version=2 -fobjc-legacy-dispatch -iquote /Users/edz/Library/Developer/Xcode/DerivedData/App-bytlbhqqorqzqidyjovihkqwnkia/Build/Intermediates.noindex/Pods.build/Release-iphonesimulator/LSRFramework.build/LSRFramework-generated-files.hmap -I/Users/edz/Library/Developer/Xcode/DerivedData/App-bytlbhqqorqzqidyjovihkqwnkia/Build/Intermediates.noindex/Pods.build/Release-iphonesimulator/LSRFramework.build/LSRFramework-own-target-headers.hmap -I/Users/edz/Library/Developer/Xcode/DerivedData/App-bytlbhqqorqzqidyjovihkqwnkia/Build/Intermediates.noindex/Pods.build/Release-iphonesimulator/LSRFramework.build/LSRFramework-all-non-framework-target-headers.hmap -ivfsoverlay /Users/edz/Library/Developer/Xcode/DerivedData/App-bytlbhqqorqzqidyjovihkqwnkia/Build/Intermediates.noindex/Pods.build/Release-iphonesimulator/LSRFramework.build/all-product-headers.yaml -iquote /Users/edz/Library/Developer/Xcode/DerivedData/App-bytlbhqqorqzqidyjovihkqwnkia/Build/Intermediates.noindex/Pods.build/Release-iphonesimulator/LSRFramework.build/LSRFramework-project-headers.hmap -I/Users/edz/Library/Developer/Xcode/DerivedData/App-bytlbhqqorqzqidyjovihkqwnkia/Build/Products/Release-iphonesimulator/LSRFramework/include -I/Users/edz/Library/Developer/Xcode/DerivedData/App-bytlbhqqorqzqidyjovihkqwnkia/Build/Intermediates.noindex/Pods.build/Release-iphonesimulator/LSRFramework.build/DerivedSources-normal/x86_64 -I/Users/edz/Library/Developer/Xcode/DerivedData/App-bytlbhqqorqzqidyjovihkqwnkia/Build/Intermediates.noindex/Pods.build/Release-iphonesimulator/LSRFramework.build/DerivedSources/x86_64 -I/Users/edz/Library/Developer/Xcode/DerivedData/App-bytlbhqqorqzqidyjovihkqwnkia/Build/Intermediates.noindex/Pods.build/Release-iphonesimulator/LSRFramework.build/DerivedSources -F/Users/edz/Library/Developer/Xcode/DerivedData/App-bytlbhqqorqzqidyjovihkqwnkia/Build/Products/Release-iphonesimulator/LSRFramework -F/Users/edz/Library/Developer/Xcode/DerivedData/App-bytlbhqqorqzqidyjovihkqwnkia/Build/Products/Release-iphonesimulator/MBProgressHUD -F/Users/edz/Library/Developer/Xcode/DerivedData/App-bytlbhqqorqzqidyjovihkqwnkia/Build/Products/Release-iphonesimulator/Masonry -Wincomplete-umbrella -w -Xanalyzer -analyzer-disable-all-checks -include /var/folders/4h/hxvz7hb959j4pw0pvbq686x00000gn/T/CocoaPods-Lint-20200722-25225-196xw43-UIModule/Pods/Target\ Support\ Files/LSRFramework/LSRFramework-prefix.pch -MMD -MT dependencies -MF /Users/edz/Library/Developer/Xcode/DerivedData/App-bytlbhqqorqzqidyjovihkqwnkia/Build/Intermediates.noindex/Pods.build/Release-iphonesimulator/LSRFramework.build/Objects-normal/x86_64/NavigationBar.d --serialize-diagnostics /Users/edz/Library/Developer/Xcode/DerivedData/App-bytlbhqqorqzqidyjovihkqwnkia/Build/Intermediates.noindex/Pods.build/Release-iphonesimulator/LSRFramework.build/Objects-normal/x86_64/NavigationBar.dia -c /var/folders/4h/hxvz7hb959j4pw0pvbq686x00000gn/T/CocoaPods-Lint-20200722-25225-196xw43-UIModule/Pods/LSRFramework/LSRFramework/Classes/BaseClasses/NavigationController/NavigationBar.m -o /Users/edz/Library/Developer/Xcode/DerivedData/App-bytlbhqqorqzqidyjovihkqwnkia/Build/Intermediates.noindex/Pods.build/Release-iphonesimulator/LSRFramework.build/Objects-normal/x86_64/NavigationBar.o
    
    CompileC /Users/edz/Library/Developer/Xcode/DerivedData/App-bytlbhqqorqzqidyjovihkqwnkia/Build/Intermediates.noindex/Pods.build/Release-iphonesimulator/LSRFramework.build/Objects-normal/x86_64/NSString+Extension.o /var/folders/4h/hxvz7hb959j4pw0pvbq686x00000gn/T/CocoaPods-Lint-20200722-25225-196xw43-UIModule/Pods/LSRFramework/LSRFramework/Classes/Categories/NSString/NSString+Extension.m normal x86_64 objective-c com.apple.compilers.llvm.clang.1_0.compiler (in target 'LSRFramework' from project 'Pods')
        cd /var/folders/4h/hxvz7hb959j4pw0pvbq686x00000gn/T/CocoaPods-Lint-20200722-25225-196xw43-UIModule/Pods
        export LANG=en_US.US-ASCII
        /Applications/Xcode.app/Contents/Developer/Toolchains/XcodeDefault.xctoolchain/usr/bin/clang -x objective-c -target x86_64-apple-ios11.0-simulator -fmessage-length=0 -fdiagnostics-show-note-include-stack -fmacro-backtrace-limit=0 -std=gnu11 -fobjc-arc -fmodules -gmodules -fmodules-cache-path=/Users/edz/Library/Developer/Xcode/DerivedData/ModuleCache.noindex -fmodules-prune-interval=86400 -fmodules-prune-after=345600 -fbuild-session-file=/Users/edz/Library/Developer/Xcode/DerivedData/ModuleCache.noindex/Session.modulevalidation -fmodules-validate-once-per-build-session -Wnon-modular-include-in-framework-module -Werror=non-modular-include-in-framework-module -fmodule-name=LSRFramework -Wno-trigraphs -fpascal-strings -Os -fno-common -Wno-missing-field-initializers -Wno-missing-prototypes -Werror=return-type -Wdocumentation -Wunreachable-code -Wno-implicit-atomic-properties -Werror=deprecated-objc-isa-usage -Wno-objc-interface-ivars -Werror=objc-root-class -Wno-arc-repeated-use-of-weak -Wimplicit-retain-self -Wduplicate-method-match -Wno-missing-braces -Wparentheses -Wswitch -Wunused-function -Wno-unused-label -Wno-unused-parameter -Wunused-variable -Wunused-value -Wempty-body -Wuninitialized -Wconditional-uninitialized -Wno-unknown-pragmas -Wno-shadow -Wno-four-char-constants -Wno-conversion -Wconstant-conversion -Wint-conversion -Wbool-conversion -Wenum-conversion -Wno-float-conversion -Wnon-literal-null-conversion -Wobjc-literal-conversion -Wshorten-64-to-32 -Wpointer-sign -Wno-newline-eof -Wno-selector -Wno-strict-selector-match -Wundeclared-selector -Wdeprecated-implementations -DPOD_CONFIGURATION_RELEASE=1 -DCOCOAPODS=1 -DTTTFRAMEWORK=1 -DNS_BLOCK_ASSERTIONS=1 -DOBJC_OLD_DISPATCH_PROTOTYPES=0 -isysroot /Applications/Xcode.app/Contents/Developer/Platforms/iPhoneSimulator.platform/Developer/SDKs/iPhoneSimulator13.5.sdk -fasm-blocks -fstrict-aliasing -Wprotocol -Wdeprecated-declarations -g -Wno-sign-conversion -Winfinite-recursion -Wcomma -Wblock-capture-autoreleasing -Wstrict-prototypes -Wno-semicolon-before-method-body -Wunguarded-availability -fobjc-abi-version=2 -fobjc-legacy-dispatch -iquote /Users/edz/Library/Developer/Xcode/DerivedData/App-bytlbhqqorqzqidyjovihkqwnkia/Build/Intermediates.noindex/Pods.build/Release-iphonesimulator/LSRFramework.build/LSRFramework-generated-files.hmap -I/Users/edz/Library/Developer/Xcode/DerivedData/App-bytlbhqqorqzqidyjovihkqwnkia/Build/Intermediates.noindex/Pods.build/Release-iphonesimulator/LSRFramework.build/LSRFramework-own-target-headers.hmap -I/Users/edz/Library/Developer/Xcode/DerivedData/App-bytlbhqqorqzqidyjovihkqwnkia/Build/Intermediates.noindex/Pods.build/Release-iphonesimulator/LSRFramework.build/LSRFramework-all-non-framework-target-headers.hmap -ivfsoverlay /Users/edz/Library/Developer/Xcode/DerivedData/App-bytlbhqqorqzqidyjovihkqwnkia/Build/Intermediates.noindex/Pods.build/Release-iphonesimulator/LSRFramework.build/all-product-headers.yaml -iquote /Users/edz/Library/Developer/Xcode/DerivedData/App-bytlbhqqorqzqidyjovihkqwnkia/Build/Intermediates.noindex/Pods.build/Release-iphonesimulator/LSRFramework.build/LSRFramework-project-headers.hmap -I/Users/edz/Library/Developer/Xcode/DerivedData/App-bytlbhqqorqzqidyjovihkqwnkia/Build/Products/Release-iphonesimulator/LSRFramework/include -I/Users/edz/Library/Developer/Xcode/DerivedData/App-bytlbhqqorqzqidyjovihkqwnkia/Build/Intermediates.noindex/Pods.build/Release-iphonesimulator/LSRFramework.build/DerivedSources-normal/x86_64 -I/Users/edz/Library/Developer/Xcode/DerivedData/App-bytlbhqqorqzqidyjovihkqwnkia/Build/Intermediates.noindex/Pods.build/Release-iphonesimulator/LSRFramework.build/DerivedSources/x86_64 -I/Users/edz/Library/Developer/Xcode/DerivedData/App-bytlbhqqorqzqidyjovihkqwnkia/Build/Intermediates.noindex/Pods.build/Release-iphonesimulator/LSRFramework.build/DerivedSources -F/Users/edz/Library/Developer/Xcode/DerivedData/App-bytlbhqqorqzqidyjovihkqwnkia/Build/Products/Release-iphonesimulator/LSRFramework -F/Users/edz/Library/Developer/Xcode/DerivedData/App-bytlbhqqorqzqidyjovihkqwnkia/Build/Products/Release-iphonesimulator/MBProgressHUD -F/Users/edz/Library/Developer/Xcode/DerivedData/App-bytlbhqqorqzqidyjovihkqwnkia/Build/Products/Release-iphonesimulator/Masonry -Wincomplete-umbrella -w -Xanalyzer -analyzer-disable-all-checks -include /var/folders/4h/hxvz7hb959j4pw0pvbq686x00000gn/T/CocoaPods-Lint-20200722-25225-196xw43-UIModule/Pods/Target\ Support\ Files/LSRFramework/LSRFramework-prefix.pch -MMD -MT dependencies -MF /Users/edz/Library/Developer/Xcode/DerivedData/App-bytlbhqqorqzqidyjovihkqwnkia/Build/Intermediates.noindex/Pods.build/Release-iphonesimulator/LSRFramework.build/Objects-normal/x86_64/NSString+Extension.d --serialize-diagnostics /Users/edz/Library/Developer/Xcode/DerivedData/App-bytlbhqqorqzqidyjovihkqwnkia/Build/Intermediates.noindex/Pods.build/Release-iphonesimulator/LSRFramework.build/Objects-normal/x86_64/NSString+Extension.dia -c /var/folders/4h/hxvz7hb959j4pw0pvbq686x00000gn/T/CocoaPods-Lint-20200722-25225-196xw43-UIModule/Pods/LSRFramework/LSRFramework/Classes/Categories/NSString/NSString+Extension.m -o /Users/edz/Library/Developer/Xcode/DerivedData/App-bytlbhqqorqzqidyjovihkqwnkia/Build/Intermediates.noindex/Pods.build/Release-iphonesimulator/LSRFramework.build/Objects-normal/x86_64/NSString+Extension.o
    
    CompileC /Users/edz/Library/Developer/Xcode/DerivedData/App-bytlbhqqorqzqidyjovihkqwnkia/Build/Intermediates.noindex/Pods.build/Release-iphonesimulator/LSRFramework.build/Objects-normal/x86_64/NSString+Emoji.o /var/folders/4h/hxvz7hb959j4pw0pvbq686x00000gn/T/CocoaPods-Lint-20200722-25225-196xw43-UIModule/Pods/LSRFramework/LSRFramework/Classes/Categories/NSString/NSString+Emoji.m normal x86_64 objective-c com.apple.compilers.llvm.clang.1_0.compiler (in target 'LSRFramework' from project 'Pods')
        cd /var/folders/4h/hxvz7hb959j4pw0pvbq686x00000gn/T/CocoaPods-Lint-20200722-25225-196xw43-UIModule/Pods
        export LANG=en_US.US-ASCII
        /Applications/Xcode.app/Contents/Developer/Toolchains/XcodeDefault.xctoolchain/usr/bin/clang -x objective-c -target x86_64-apple-ios11.0-simulator -fmessage-length=0 -fdiagnostics-show-note-include-stack -fmacro-backtrace-limit=0 -std=gnu11 -fobjc-arc -fmodules -gmodules -fmodules-cache-path=/Users/edz/Library/Developer/Xcode/DerivedData/ModuleCache.noindex -fmodules-prune-interval=86400 -fmodules-prune-after=345600 -fbuild-session-file=/Users/edz/Library/Developer/Xcode/DerivedData/ModuleCache.noindex/Session.modulevalidation -fmodules-validate-once-per-build-session -Wnon-modular-include-in-framework-module -Werror=non-modular-include-in-framework-module -fmodule-name=LSRFramework -Wno-trigraphs -fpascal-strings -Os -fno-common -Wno-missing-field-initializers -Wno-missing-prototypes -Werror=return-type -Wdocumentation -Wunreachable-code -Wno-implicit-atomic-properties -Werror=deprecated-objc-isa-usage -Wno-objc-interface-ivars -Werror=objc-root-class -Wno-arc-repeated-use-of-weak -Wimplicit-retain-self -Wduplicate-method-match -Wno-missing-braces -Wparentheses -Wswitch -Wunused-function -Wno-unused-label -Wno-unused-parameter -Wunused-variable -Wunused-value -Wempty-body -Wuninitialized -Wconditional-uninitialized -Wno-unknown-pragmas -Wno-shadow -Wno-four-char-constants -Wno-conversion -Wconstant-conversion -Wint-conversion -Wbool-conversion -Wenum-conversion -Wno-float-conversion -Wnon-literal-null-conversion -Wobjc-literal-conversion -Wshorten-64-to-32 -Wpointer-sign -Wno-newline-eof -Wno-selector -Wno-strict-selector-match -Wundeclared-selector -Wdeprecated-implementations -DPOD_CONFIGURATION_RELEASE=1 -DCOCOAPODS=1 -DTTTFRAMEWORK=1 -DNS_BLOCK_ASSERTIONS=1 -DOBJC_OLD_DISPATCH_PROTOTYPES=0 -isysroot /Applications/Xcode.app/Contents/Developer/Platforms/iPhoneSimulator.platform/Developer/SDKs/iPhoneSimulator13.5.sdk -fasm-blocks -fstrict-aliasing -Wprotocol -Wdeprecated-declarations -g -Wno-sign-conversion -Winfinite-recursion -Wcomma -Wblock-capture-autoreleasing -Wstrict-prototypes -Wno-semicolon-before-method-body -Wunguarded-availability -fobjc-abi-version=2 -fobjc-legacy-dispatch -iquote /Users/edz/Library/Developer/Xcode/DerivedData/App-bytlbhqqorqzqidyjovihkqwnkia/Build/Intermediates.noindex/Pods.build/Release-iphonesimulator/LSRFramework.build/LSRFramework-generated-files.hmap -I/Users/edz/Library/Developer/Xcode/DerivedData/App-bytlbhqqorqzqidyjovihkqwnkia/Build/Intermediates.noindex/Pods.build/Release-iphonesimulator/LSRFramework.build/LSRFramework-own-target-headers.hmap -I/Users/edz/Library/Developer/Xcode/DerivedData/App-bytlbhqqorqzqidyjovihkqwnkia/Build/Intermediates.noindex/Pods.build/Release-iphonesimulator/LSRFramework.build/LSRFramework-all-non-framework-target-headers.hmap -ivfsoverlay /Users/edz/Library/Developer/Xcode/DerivedData/App-bytlbhqqorqzqidyjovihkqwnkia/Build/Intermediates.noindex/Pods.build/Release-iphonesimulator/LSRFramework.build/all-product-headers.yaml -iquote /Users/edz/Library/Developer/Xcode/DerivedData/App-bytlbhqqorqzqidyjovihkqwnkia/Build/Intermediates.noindex/Pods.build/Release-iphonesimulator/LSRFramework.build/LSRFramework-project-headers.hmap -I/Users/edz/Library/Developer/Xcode/DerivedData/App-bytlbhqqorqzqidyjovihkqwnkia/Build/Products/Release-iphonesimulator/LSRFramework/include -I/Users/edz/Library/Developer/Xcode/DerivedData/App-bytlbhqqorqzqidyjovihkqwnkia/Build/Intermediates.noindex/Pods.build/Release-iphonesimulator/LSRFramework.build/DerivedSources-normal/x86_64 -I/Users/edz/Library/Developer/Xcode/DerivedData/App-bytlbhqqorqzqidyjovihkqwnkia/Build/Intermediates.noindex/Pods.build/Release-iphonesimulator/LSRFramework.build/DerivedSources/x86_64 -I/Users/edz/Library/Developer/Xcode/DerivedData/App-bytlbhqqorqzqidyjovihkqwnkia/Build/Intermediates.noindex/Pods.build/Release-iphonesimulator/LSRFramework.build/DerivedSources -F/Users/edz/Library/Developer/Xcode/DerivedData/App-bytlbhqqorqzqidyjovihkqwnkia/Build/Products/Release-iphonesimulator/LSRFramework -F/Users/edz/Library/Developer/Xcode/DerivedData/App-bytlbhqqorqzqidyjovihkqwnkia/Build/Products/Release-iphonesimulator/MBProgressHUD -F/Users/edz/Library/Developer/Xcode/DerivedData/App-bytlbhqqorqzqidyjovihkqwnkia/Build/Products/Release-iphonesimulator/Masonry -Wincomplete-umbrella -w -Xanalyzer -analyzer-disable-all-checks -include /var/folders/4h/hxvz7hb959j4pw0pvbq686x00000gn/T/CocoaPods-Lint-20200722-25225-196xw43-UIModule/Pods/Target\ Support\ Files/LSRFramework/LSRFramework-prefix.pch -MMD -MT dependencies -MF /Users/edz/Library/Developer/Xcode/DerivedData/App-bytlbhqqorqzqidyjovihkqwnkia/Build/Intermediates.noindex/Pods.build/Release-iphonesimulator/LSRFramework.build/Objects-normal/x86_64/NSString+Emoji.d --serialize-diagnostics /Users/edz/Library/Developer/Xcode/DerivedData/App-bytlbhqqorqzqidyjovihkqwnkia/Build/Intermediates.noindex/Pods.build/Release-iphonesimulator/LSRFramework.build/Objects-normal/x86_64/NSString+Emoji.dia -c /var/folders/4h/hxvz7hb959j4pw0pvbq686x00000gn/T/CocoaPods-Lint-20200722-25225-196xw43-UIModule/Pods/LSRFramework/LSRFramework/Classes/Categories/NSString/NSString+Emoji.m -o /Users/edz/Library/Developer/Xcode/DerivedData/App-bytlbhqqorqzqidyjovihkqwnkia/Build/Intermediates.noindex/Pods.build/Release-iphonesimulator/LSRFramework.build/Objects-normal/x86_64/NSString+Emoji.o
    
    CompileC /Users/edz/Library/Developer/Xcode/DerivedData/App-bytlbhqqorqzqidyjovihkqwnkia/Build/Intermediates.noindex/Pods.build/Release-iphonesimulator/LSRFramework.build/Objects-normal/x86_64/NSString+Directories.o /var/folders/4h/hxvz7hb959j4pw0pvbq686x00000gn/T/CocoaPods-Lint-20200722-25225-196xw43-UIModule/Pods/LSRFramework/LSRFramework/Classes/Categories/NSString/NSString+Directories.m normal x86_64 objective-c com.apple.compilers.llvm.clang.1_0.compiler (in target 'LSRFramework' from project 'Pods')
        cd /var/folders/4h/hxvz7hb959j4pw0pvbq686x00000gn/T/CocoaPods-Lint-20200722-25225-196xw43-UIModule/Pods
        export LANG=en_US.US-ASCII
        /Applications/Xcode.app/Contents/Developer/Toolchains/XcodeDefault.xctoolchain/usr/bin/clang -x objective-c -target x86_64-apple-ios11.0-simulator -fmessage-length=0 -fdiagnostics-show-note-include-stack -fmacro-backtrace-limit=0 -std=gnu11 -fobjc-arc -fmodules -gmodules -fmodules-cache-path=/Users/edz/Library/Developer/Xcode/DerivedData/ModuleCache.noindex -fmodules-prune-interval=86400 -fmodules-prune-after=345600 -fbuild-session-file=/Users/edz/Library/Developer/Xcode/DerivedData/ModuleCache.noindex/Session.modulevalidation -fmodules-validate-once-per-build-session -Wnon-modular-include-in-framework-module -Werror=non-modular-include-in-framework-module -fmodule-name=LSRFramework -Wno-trigraphs -fpascal-strings -Os -fno-common -Wno-missing-field-initializers -Wno-missing-prototypes -Werror=return-type -Wdocumentation -Wunreachable-code -Wno-implicit-atomic-properties -Werror=deprecated-objc-isa-usage -Wno-objc-interface-ivars -Werror=objc-root-class -Wno-arc-repeated-use-of-weak -Wimplicit-retain-self -Wduplicate-method-match -Wno-missing-braces -Wparentheses -Wswitch -Wunused-function -Wno-unused-label -Wno-unused-parameter -Wunused-variable -Wunused-value -Wempty-body -Wuninitialized -Wconditional-uninitialized -Wno-unknown-pragmas -Wno-shadow -Wno-four-char-constants -Wno-conversion -Wconstant-conversion -Wint-conversion -Wbool-conversion -Wenum-conversion -Wno-float-conversion -Wnon-literal-null-conversion -Wobjc-literal-conversion -Wshorten-64-to-32 -Wpointer-sign -Wno-newline-eof -Wno-selector -Wno-strict-selector-match -Wundeclared-selector -Wdeprecated-implementations -DPOD_CONFIGURATION_RELEASE=1 -DCOCOAPODS=1 -DTTTFRAMEWORK=1 -DNS_BLOCK_ASSERTIONS=1 -DOBJC_OLD_DISPATCH_PROTOTYPES=0 -isysroot /Applications/Xcode.app/Contents/Developer/Platforms/iPhoneSimulator.platform/Developer/SDKs/iPhoneSimulator13.5.sdk -fasm-blocks -fstrict-aliasing -Wprotocol -Wdeprecated-declarations -g -Wno-sign-conversion -Winfinite-recursion -Wcomma -Wblock-capture-autoreleasing -Wstrict-prototypes -Wno-semicolon-before-method-body -Wunguarded-availability -fobjc-abi-version=2 -fobjc-legacy-dispatch -iquote /Users/edz/Library/Developer/Xcode/DerivedData/App-bytlbhqqorqzqidyjovihkqwnkia/Build/Intermediates.noindex/Pods.build/Release-iphonesimulator/LSRFramework.build/LSRFramework-generated-files.hmap -I/Users/edz/Library/Developer/Xcode/DerivedData/App-bytlbhqqorqzqidyjovihkqwnkia/Build/Intermediates.noindex/Pods.build/Release-iphonesimulator/LSRFramework.build/LSRFramework-own-target-headers.hmap -I/Users/edz/Library/Developer/Xcode/DerivedData/App-bytlbhqqorqzqidyjovihkqwnkia/Build/Intermediates.noindex/Pods.build/Release-iphonesimulator/LSRFramework.build/LSRFramework-all-non-framework-target-headers.hmap -ivfsoverlay /Users/edz/Library/Developer/Xcode/DerivedData/App-bytlbhqqorqzqidyjovihkqwnkia/Build/Intermediates.noindex/Pods.build/Release-iphonesimulator/LSRFramework.build/all-product-headers.yaml -iquote /Users/edz/Library/Developer/Xcode/DerivedData/App-bytlbhqqorqzqidyjovihkqwnkia/Build/Intermediates.noindex/Pods.build/Release-iphonesimulator/LSRFramework.build/LSRFramework-project-headers.hmap -I/Users/edz/Library/Developer/Xcode/DerivedData/App-bytlbhqqorqzqidyjovihkqwnkia/Build/Products/Release-iphonesimulator/LSRFramework/include -I/Users/edz/Library/Developer/Xcode/DerivedData/App-bytlbhqqorqzqidyjovihkqwnkia/Build/Intermediates.noindex/Pods.build/Release-iphonesimulator/LSRFramework.build/DerivedSources-normal/x86_64 -I/Users/edz/Library/Developer/Xcode/DerivedData/App-bytlbhqqorqzqidyjovihkqwnkia/Build/Intermediates.noindex/Pods.build/Release-iphonesimulator/LSRFramework.build/DerivedSources/x86_64 -I/Users/edz/Library/Developer/Xcode/DerivedData/App-bytlbhqqorqzqidyjovihkqwnkia/Build/Intermediates.noindex/Pods.build/Release-iphonesimulator/LSRFramework.build/DerivedSources -F/Users/edz/Library/Developer/Xcode/DerivedData/App-bytlbhqqorqzqidyjovihkqwnkia/Build/Products/Release-iphonesimulator/LSRFramework -F/Users/edz/Library/Developer/Xcode/DerivedData/App-bytlbhqqorqzqidyjovihkqwnkia/Build/Products/Release-iphonesimulator/MBProgressHUD -F/Users/edz/Library/Developer/Xcode/DerivedData/App-bytlbhqqorqzqidyjovihkqwnkia/Build/Products/Release-iphonesimulator/Masonry -Wincomplete-umbrella -w -Xanalyzer -analyzer-disable-all-checks -include /var/folders/4h/hxvz7hb959j4pw0pvbq686x00000gn/T/CocoaPods-Lint-20200722-25225-196xw43-UIModule/Pods/Target\ Support\ Files/LSRFramework/LSRFramework-prefix.pch -MMD -MT dependencies -MF /Users/edz/Library/Developer/Xcode/DerivedData/App-bytlbhqqorqzqidyjovihkqwnkia/Build/Intermediates.noindex/Pods.build/Release-iphonesimulator/LSRFramework.build/Objects-normal/x86_64/NSString+Directories.d --serialize-diagnostics /Users/edz/Library/Developer/Xcode/DerivedData/App-bytlbhqqorqzqidyjovihkqwnkia/Build/Intermediates.noindex/Pods.build/Release-iphonesimulator/LSRFramework.build/Objects-normal/x86_64/NSString+Directories.dia -c /var/folders/4h/hxvz7hb959j4pw0pvbq686x00000gn/T/CocoaPods-Lint-20200722-25225-196xw43-UIModule/Pods/LSRFramework/LSRFramework/Classes/Categories/NSString/NSString+Directories.m -o /Users/edz/Library/Developer/Xcode/DerivedData/App-bytlbhqqorqzqidyjovihkqwnkia/Build/Intermediates.noindex/Pods.build/Release-iphonesimulator/LSRFramework.build/Objects-normal/x86_64/NSString+Directories.o
    
    CompileC /Users/edz/Library/Developer/Xcode/DerivedData/App-bytlbhqqorqzqidyjovihkqwnkia/Build/Intermediates.noindex/Pods.build/Release-iphonesimulator/LSRFramework.build/Objects-normal/x86_64/NSObject+Swizzle.o /var/folders/4h/hxvz7hb959j4pw0pvbq686x00000gn/T/CocoaPods-Lint-20200722-25225-196xw43-UIModule/Pods/LSRFramework/LSRFramework/Classes/Categories/NSObject/NSObject+Swizzle.m normal x86_64 objective-c com.apple.compilers.llvm.clang.1_0.compiler (in target 'LSRFramework' from project 'Pods')
        cd /var/folders/4h/hxvz7hb959j4pw0pvbq686x00000gn/T/CocoaPods-Lint-20200722-25225-196xw43-UIModule/Pods
        export LANG=en_US.US-ASCII
        /Applications/Xcode.app/Contents/Developer/Toolchains/XcodeDefault.xctoolchain/usr/bin/clang -x objective-c -target x86_64-apple-ios11.0-simulator -fmessage-length=0 -fdiagnostics-show-note-include-stack -fmacro-backtrace-limit=0 -std=gnu11 -fobjc-arc -fmodules -gmodules -fmodules-cache-path=/Users/edz/Library/Developer/Xcode/DerivedData/ModuleCache.noindex -fmodules-prune-interval=86400 -fmodules-prune-after=345600 -fbuild-session-file=/Users/edz/Library/Developer/Xcode/DerivedData/ModuleCache.noindex/Session.modulevalidation -fmodules-validate-once-per-build-session -Wnon-modular-include-in-framework-module -Werror=non-modular-include-in-framework-module -fmodule-name=LSRFramework -Wno-trigraphs -fpascal-strings -Os -fno-common -Wno-missing-field-initializers -Wno-missing-prototypes -Werror=return-type -Wdocumentation -Wunreachable-code -Wno-implicit-atomic-properties -Werror=deprecated-objc-isa-usage -Wno-objc-interface-ivars -Werror=objc-root-class -Wno-arc-repeated-use-of-weak -Wimplicit-retain-self -Wduplicate-method-match -Wno-missing-braces -Wparentheses -Wswitch -Wunused-function -Wno-unused-label -Wno-unused-parameter -Wunused-variable -Wunused-value -Wempty-body -Wuninitialized -Wconditional-uninitialized -Wno-unknown-pragmas -Wno-shadow -Wno-four-char-constants -Wno-conversion -Wconstant-conversion -Wint-conversion -Wbool-conversion -Wenum-conversion -Wno-float-conversion -Wnon-literal-null-conversion -Wobjc-literal-conversion -Wshorten-64-to-32 -Wpointer-sign -Wno-newline-eof -Wno-selector -Wno-strict-selector-match -Wundeclared-selector -Wdeprecated-implementations -DPOD_CONFIGURATION_RELEASE=1 -DCOCOAPODS=1 -DTTTFRAMEWORK=1 -DNS_BLOCK_ASSERTIONS=1 -DOBJC_OLD_DISPATCH_PROTOTYPES=0 -isysroot /Applications/Xcode.app/Contents/Developer/Platforms/iPhoneSimulator.platform/Developer/SDKs/iPhoneSimulator13.5.sdk -fasm-blocks -fstrict-aliasing -Wprotocol -Wdeprecated-declarations -g -Wno-sign-conversion -Winfinite-recursion -Wcomma -Wblock-capture-autoreleasing -Wstrict-prototypes -Wno-semicolon-before-method-body -Wunguarded-availability -fobjc-abi-version=2 -fobjc-legacy-dispatch -iquote /Users/edz/Library/Developer/Xcode/DerivedData/App-bytlbhqqorqzqidyjovihkqwnkia/Build/Intermediates.noindex/Pods.build/Release-iphonesimulator/LSRFramework.build/LSRFramework-generated-files.hmap -I/Users/edz/Library/Developer/Xcode/DerivedData/App-bytlbhqqorqzqidyjovihkqwnkia/Build/Intermediates.noindex/Pods.build/Release-iphonesimulator/LSRFramework.build/LSRFramework-own-target-headers.hmap -I/Users/edz/Library/Developer/Xcode/DerivedData/App-bytlbhqqorqzqidyjovihkqwnkia/Build/Intermediates.noindex/Pods.build/Release-iphonesimulator/LSRFramework.build/LSRFramework-all-non-framework-target-headers.hmap -ivfsoverlay /Users/edz/Library/Developer/Xcode/DerivedData/App-bytlbhqqorqzqidyjovihkqwnkia/Build/Intermediates.noindex/Pods.build/Release-iphonesimulator/LSRFramework.build/all-product-headers.yaml -iquote /Users/edz/Library/Developer/Xcode/DerivedData/App-bytlbhqqorqzqidyjovihkqwnkia/Build/Intermediates.noindex/Pods.build/Release-iphonesimulator/LSRFramework.build/LSRFramework-project-headers.hmap -I/Users/edz/Library/Developer/Xcode/DerivedData/App-bytlbhqqorqzqidyjovihkqwnkia/Build/Products/Release-iphonesimulator/LSRFramework/include -I/Users/edz/Library/Developer/Xcode/DerivedData/App-bytlbhqqorqzqidyjovihkqwnkia/Build/Intermediates.noindex/Pods.build/Release-iphonesimulator/LSRFramework.build/DerivedSources-normal/x86_64 -I/Users/edz/Library/Developer/Xcode/DerivedData/App-bytlbhqqorqzqidyjovihkqwnkia/Build/Intermediates.noindex/Pods.build/Release-iphonesimulator/LSRFramework.build/DerivedSources/x86_64 -I/Users/edz/Library/Developer/Xcode/DerivedData/App-bytlbhqqorqzqidyjovihkqwnkia/Build/Intermediates.noindex/Pods.build/Release-iphonesimulator/LSRFramework.build/DerivedSources -F/Users/edz/Library/Developer/Xcode/DerivedData/App-bytlbhqqorqzqidyjovihkqwnkia/Build/Products/Release-iphonesimulator/LSRFramework -F/Users/edz/Library/Developer/Xcode/DerivedData/App-bytlbhqqorqzqidyjovihkqwnkia/Build/Products/Release-iphonesimulator/MBProgressHUD -F/Users/edz/Library/Developer/Xcode/DerivedData/App-bytlbhqqorqzqidyjovihkqwnkia/Build/Products/Release-iphonesimulator/Masonry -Wincomplete-umbrella -w -Xanalyzer -analyzer-disable-all-checks -include /var/folders/4h/hxvz7hb959j4pw0pvbq686x00000gn/T/CocoaPods-Lint-20200722-25225-196xw43-UIModule/Pods/Target\ Support\ Files/LSRFramework/LSRFramework-prefix.pch -MMD -MT dependencies -MF /Users/edz/Library/Developer/Xcode/DerivedData/App-bytlbhqqorqzqidyjovihkqwnkia/Build/Intermediates.noindex/Pods.build/Release-iphonesimulator/LSRFramework.build/Objects-normal/x86_64/NSObject+Swizzle.d --serialize-diagnostics /Users/edz/Library/Developer/Xcode/DerivedData/App-bytlbhqqorqzqidyjovihkqwnkia/Build/Intermediates.noindex/Pods.build/Release-iphonesimulator/LSRFramework.build/Objects-normal/x86_64/NSObject+Swizzle.dia -c /var/folders/4h/hxvz7hb959j4pw0pvbq686x00000gn/T/CocoaPods-Lint-20200722-25225-196xw43-UIModule/Pods/LSRFramework/LSRFramework/Classes/Categories/NSObject/NSObject+Swizzle.m -o /Users/edz/Library/Developer/Xcode/DerivedData/App-bytlbhqqorqzqidyjovihkqwnkia/Build/Intermediates.noindex/Pods.build/Release-iphonesimulator/LSRFramework.build/Objects-normal/x86_64/NSObject+Swizzle.o
    
    CompileC /Users/edz/Library/Developer/Xcode/DerivedData/App-bytlbhqqorqzqidyjovihkqwnkia/Build/Intermediates.noindex/Pods.build/Release-iphonesimulator/LSRFramework.build/Objects-normal/x86_64/NSObject+Helper.o /var/folders/4h/hxvz7hb959j4pw0pvbq686x00000gn/T/CocoaPods-Lint-20200722-25225-196xw43-UIModule/Pods/LSRFramework/LSRFramework/Classes/Categories/NSObject/NSObject+Helper.m normal x86_64 objective-c com.apple.compilers.llvm.clang.1_0.compiler (in target 'LSRFramework' from project 'Pods')
        cd /var/folders/4h/hxvz7hb959j4pw0pvbq686x00000gn/T/CocoaPods-Lint-20200722-25225-196xw43-UIModule/Pods
        export LANG=en_US.US-ASCII
        /Applications/Xcode.app/Contents/Developer/Toolchains/XcodeDefault.xctoolchain/usr/bin/clang -x objective-c -target x86_64-apple-ios11.0-simulator -fmessage-length=0 -fdiagnostics-show-note-include-stack -fmacro-backtrace-limit=0 -std=gnu11 -fobjc-arc -fmodules -gmodules -fmodules-cache-path=/Users/edz/Library/Developer/Xcode/DerivedData/ModuleCache.noindex -fmodules-prune-interval=86400 -fmodules-prune-after=345600 -fbuild-session-file=/Users/edz/Library/Developer/Xcode/DerivedData/ModuleCache.noindex/Session.modulevalidation -fmodules-validate-once-per-build-session -Wnon-modular-include-in-framework-module -Werror=non-modular-include-in-framework-module -fmodule-name=LSRFramework -Wno-trigraphs -fpascal-strings -Os -fno-common -Wno-missing-field-initializers -Wno-missing-prototypes -Werror=return-type -Wdocumentation -Wunreachable-code -Wno-implicit-atomic-properties -Werror=deprecated-objc-isa-usage -Wno-objc-interface-ivars -Werror=objc-root-class -Wno-arc-repeated-use-of-weak -Wimplicit-retain-self -Wduplicate-method-match -Wno-missing-braces -Wparentheses -Wswitch -Wunused-function -Wno-unused-label -Wno-unused-parameter -Wunused-variable -Wunused-value -Wempty-body -Wuninitialized -Wconditional-uninitialized -Wno-unknown-pragmas -Wno-shadow -Wno-four-char-constants -Wno-conversion -Wconstant-conversion -Wint-conversion -Wbool-conversion -Wenum-conversion -Wno-float-conversion -Wnon-literal-null-conversion -Wobjc-literal-conversion -Wshorten-64-to-32 -Wpointer-sign -Wno-newline-eof -Wno-selector -Wno-strict-selector-match -Wundeclared-selector -Wdeprecated-implementations -DPOD_CONFIGURATION_RELEASE=1 -DCOCOAPODS=1 -DTTTFRAMEWORK=1 -DNS_BLOCK_ASSERTIONS=1 -DOBJC_OLD_DISPATCH_PROTOTYPES=0 -isysroot /Applications/Xcode.app/Contents/Developer/Platforms/iPhoneSimulator.platform/Developer/SDKs/iPhoneSimulator13.5.sdk -fasm-blocks -fstrict-aliasing -Wprotocol -Wdeprecated-declarations -g -Wno-sign-conversion -Winfinite-recursion -Wcomma -Wblock-capture-autoreleasing -Wstrict-prototypes -Wno-semicolon-before-method-body -Wunguarded-availability -fobjc-abi-version=2 -fobjc-legacy-dispatch -iquote /Users/edz/Library/Developer/Xcode/DerivedData/App-bytlbhqqorqzqidyjovihkqwnkia/Build/Intermediates.noindex/Pods.build/Release-iphonesimulator/LSRFramework.build/LSRFramework-generated-files.hmap -I/Users/edz/Library/Developer/Xcode/DerivedData/App-bytlbhqqorqzqidyjovihkqwnkia/Build/Intermediates.noindex/Pods.build/Release-iphonesimulator/LSRFramework.build/LSRFramework-own-target-headers.hmap -I/Users/edz/Library/Developer/Xcode/DerivedData/App-bytlbhqqorqzqidyjovihkqwnkia/Build/Intermediates.noindex/Pods.build/Release-iphonesimulator/LSRFramework.build/LSRFramework-all-non-framework-target-headers.hmap -ivfsoverlay /Users/edz/Library/Developer/Xcode/DerivedData/App-bytlbhqqorqzqidyjovihkqwnkia/Build/Intermediates.noindex/Pods.build/Release-iphonesimulator/LSRFramework.build/all-product-headers.yaml -iquote /Users/edz/Library/Developer/Xcode/DerivedData/App-bytlbhqqorqzqidyjovihkqwnkia/Build/Intermediates.noindex/Pods.build/Release-iphonesimulator/LSRFramework.build/LSRFramework-project-headers.hmap -I/Users/edz/Library/Developer/Xcode/DerivedData/App-bytlbhqqorqzqidyjovihkqwnkia/Build/Products/Release-iphonesimulator/LSRFramework/include -I/Users/edz/Library/Developer/Xcode/DerivedData/App-bytlbhqqorqzqidyjovihkqwnkia/Build/Intermediates.noindex/Pods.build/Release-iphonesimulator/LSRFramework.build/DerivedSources-normal/x86_64 -I/Users/edz/Library/Developer/Xcode/DerivedData/App-bytlbhqqorqzqidyjovihkqwnkia/Build/Intermediates.noindex/Pods.build/Release-iphonesimulator/LSRFramework.build/DerivedSources/x86_64 -I/Users/edz/Library/Developer/Xcode/DerivedData/App-bytlbhqqorqzqidyjovihkqwnkia/Build/Intermediates.noindex/Pods.build/Release-iphonesimulator/LSRFramework.build/DerivedSources -F/Users/edz/Library/Developer/Xcode/DerivedData/App-bytlbhqqorqzqidyjovihkqwnkia/Build/Products/Release-iphonesimulator/LSRFramework -F/Users/edz/Library/Developer/Xcode/DerivedData/App-bytlbhqqorqzqidyjovihkqwnkia/Build/Products/Release-iphonesimulator/MBProgressHUD -F/Users/edz/Library/Developer/Xcode/DerivedData/App-bytlbhqqorqzqidyjovihkqwnkia/Build/Products/Release-iphonesimulator/Masonry -Wincomplete-umbrella -w -Xanalyzer -analyzer-disable-all-checks -include /var/folders/4h/hxvz7hb959j4pw0pvbq686x00000gn/T/CocoaPods-Lint-20200722-25225-196xw43-UIModule/Pods/Target\ Support\ Files/LSRFramework/LSRFramework-prefix.pch -MMD -MT dependencies -MF /Users/edz/Library/Developer/Xcode/DerivedData/App-bytlbhqqorqzqidyjovihkqwnkia/Build/Intermediates.noindex/Pods.build/Release-iphonesimulator/LSRFramework.build/Objects-normal/x86_64/NSObject+Helper.d --serialize-diagnostics /Users/edz/Library/Developer/Xcode/DerivedData/App-bytlbhqqorqzqidyjovihkqwnkia/Build/Intermediates.noindex/Pods.build/Release-iphonesimulator/LSRFramework.build/Objects-normal/x86_64/NSObject+Helper.dia -c /var/folders/4h/hxvz7hb959j4pw0pvbq686x00000gn/T/CocoaPods-Lint-20200722-25225-196xw43-UIModule/Pods/LSRFramework/LSRFramework/Classes/Categories/NSObject/NSObject+Helper.m -o /Users/edz/Library/Developer/Xcode/DerivedData/App-bytlbhqqorqzqidyjovihkqwnkia/Build/Intermediates.noindex/Pods.build/Release-iphonesimulator/LSRFramework.build/Objects-normal/x86_64/NSObject+Helper.o
    
    CompileC /Users/edz/Library/Developer/Xcode/DerivedData/App-bytlbhqqorqzqidyjovihkqwnkia/Build/Intermediates.noindex/Pods.build/Release-iphonesimulator/LSRFramework.build/Objects-normal/x86_64/NSNumberFormatter+CTAssetsPickerController.o /var/folders/4h/hxvz7hb959j4pw0pvbq686x00000gn/T/CocoaPods-Lint-20200722-25225-196xw43-UIModule/Pods/LSRFramework/LSRFramework/Classes/BaseClasses/UIViewController/Picker/AssetsPicker/CTAssetsPickerController/Categories/NSNumberFormatter+CTAssetsPickerController.m normal x86_64 objective-c com.apple.compilers.llvm.clang.1_0.compiler (in target 'LSRFramework' from project 'Pods')
        cd /var/folders/4h/hxvz7hb959j4pw0pvbq686x00000gn/T/CocoaPods-Lint-20200722-25225-196xw43-UIModule/Pods
        export LANG=en_US.US-ASCII
        /Applications/Xcode.app/Contents/Developer/Toolchains/XcodeDefault.xctoolchain/usr/bin/clang -x objective-c -target x86_64-apple-ios11.0-simulator -fmessage-length=0 -fdiagnostics-show-note-include-stack -fmacro-backtrace-limit=0 -std=gnu11 -fobjc-arc -fmodules -gmodules -fmodules-cache-path=/Users/edz/Library/Developer/Xcode/DerivedData/ModuleCache.noindex -fmodules-prune-interval=86400 -fmodules-prune-after=345600 -fbuild-session-file=/Users/edz/Library/Developer/Xcode/DerivedData/ModuleCache.noindex/Session.modulevalidation -fmodules-validate-once-per-build-session -Wnon-modular-include-in-framework-module -Werror=non-modular-include-in-framework-module -fmodule-name=LSRFramework -Wno-trigraphs -fpascal-strings -Os -fno-common -Wno-missing-field-initializers -Wno-missing-prototypes -Werror=return-type -Wdocumentation -Wunreachable-code -Wno-implicit-atomic-properties -Werror=deprecated-objc-isa-usage -Wno-objc-interface-ivars -Werror=objc-root-class -Wno-arc-repeated-use-of-weak -Wimplicit-retain-self -Wduplicate-method-match -Wno-missing-braces -Wparentheses -Wswitch -Wunused-function -Wno-unused-label -Wno-unused-parameter -Wunused-variable -Wunused-value -Wempty-body -Wuninitialized -Wconditional-uninitialized -Wno-unknown-pragmas -Wno-shadow -Wno-four-char-constants -Wno-conversion -Wconstant-conversion -Wint-conversion -Wbool-conversion -Wenum-conversion -Wno-float-conversion -Wnon-literal-null-conversion -Wobjc-literal-conversion -Wshorten-64-to-32 -Wpointer-sign -Wno-newline-eof -Wno-selector -Wno-strict-selector-match -Wundeclared-selector -Wdeprecated-implementations -DPOD_CONFIGURATION_RELEASE=1 -DCOCOAPODS=1 -DTTTFRAMEWORK=1 -DNS_BLOCK_ASSERTIONS=1 -DOBJC_OLD_DISPATCH_PROTOTYPES=0 -isysroot /Applications/Xcode.app/Contents/Developer/Platforms/iPhoneSimulator.platform/Developer/SDKs/iPhoneSimulator13.5.sdk -fasm-blocks -fstrict-aliasing -Wprotocol -Wdeprecated-declarations -g -Wno-sign-conversion -Winfinite-recursion -Wcomma -Wblock-capture-autoreleasing -Wstrict-prototypes -Wno-semicolon-before-method-body -Wunguarded-availability -fobjc-abi-version=2 -fobjc-legacy-dispatch -iquote /Users/edz/Library/Developer/Xcode/DerivedData/App-bytlbhqqorqzqidyjovihkqwnkia/Build/Intermediates.noindex/Pods.build/Release-iphonesimulator/LSRFramework.build/LSRFramework-generated-files.hmap -I/Users/edz/Library/Developer/Xcode/DerivedData/App-bytlbhqqorqzqidyjovihkqwnkia/Build/Intermediates.noindex/Pods.build/Release-iphonesimulator/LSRFramework.build/LSRFramework-own-target-headers.hmap -I/Users/edz/Library/Developer/Xcode/DerivedData/App-bytlbhqqorqzqidyjovihkqwnkia/Build/Intermediates.noindex/Pods.build/Release-iphonesimulator/LSRFramework.build/LSRFramework-all-non-framework-target-headers.hmap -ivfsoverlay /Users/edz/Library/Developer/Xcode/DerivedData/App-bytlbhqqorqzqidyjovihkqwnkia/Build/Intermediates.noindex/Pods.build/Release-iphonesimulator/LSRFramework.build/all-product-headers.yaml -iquote /Users/edz/Library/Developer/Xcode/DerivedData/App-bytlbhqqorqzqidyjovihkqwnkia/Build/Intermediates.noindex/Pods.build/Release-iphonesimulator/LSRFramework.build/LSRFramework-project-headers.hmap -I/Users/edz/Library/Developer/Xcode/DerivedData/App-bytlbhqqorqzqidyjovihkqwnkia/Build/Products/Release-iphonesimulator/LSRFramework/include -I/Users/edz/Library/Developer/Xcode/DerivedData/App-bytlbhqqorqzqidyjovihkqwnkia/Build/Intermediates.noindex/Pods.build/Release-iphonesimulator/LSRFramework.build/DerivedSources-normal/x86_64 -I/Users/edz/Library/Developer/Xcode/DerivedData/App-bytlbhqqorqzqidyjovihkqwnkia/Build/Intermediates.noindex/Pods.build/Release-iphonesimulator/LSRFramework.build/DerivedSources/x86_64 -I/Users/edz/Library/Developer/Xcode/DerivedData/App-bytlbhqqorqzqidyjovihkqwnkia/Build/Intermediates.noindex/Pods.build/Release-iphonesimulator/LSRFramework.build/DerivedSources -F/Users/edz/Library/Developer/Xcode/DerivedData/App-bytlbhqqorqzqidyjovihkqwnkia/Build/Products/Release-iphonesimulator/LSRFramework -F/Users/edz/Library/Developer/Xcode/DerivedData/App-bytlbhqqorqzqidyjovihkqwnkia/Build/Products/Release-iphonesimulator/MBProgressHUD -F/Users/edz/Library/Developer/Xcode/DerivedData/App-bytlbhqqorqzqidyjovihkqwnkia/Build/Products/Release-iphonesimulator/Masonry -Wincomplete-umbrella -w -Xanalyzer -analyzer-disable-all-checks -include /var/folders/4h/hxvz7hb959j4pw0pvbq686x00000gn/T/CocoaPods-Lint-20200722-25225-196xw43-UIModule/Pods/Target\ Support\ Files/LSRFramework/LSRFramework-prefix.pch -MMD -MT dependencies -MF /Users/edz/Library/Developer/Xcode/DerivedData/App-bytlbhqqorqzqidyjovihkqwnkia/Build/Intermediates.noindex/Pods.build/Release-iphonesimulator/LSRFramework.build/Objects-normal/x86_64/NSNumberFormatter+CTAssetsPickerController.d --serialize-diagnostics /Users/edz/Library/Developer/Xcode/DerivedData/App-bytlbhqqorqzqidyjovihkqwnkia/Build/Intermediates.noindex/Pods.build/Release-iphonesimulator/LSRFramework.build/Objects-normal/x86_64/NSNumberFormatter+CTAssetsPickerController.dia -c /var/folders/4h/hxvz7hb959j4pw0pvbq686x00000gn/T/CocoaPods-Lint-20200722-25225-196xw43-UIModule/Pods/LSRFramework/LSRFramework/Classes/BaseClasses/UIViewController/Picker/AssetsPicker/CTAssetsPickerController/Categories/NSNumberFormatter+CTAssetsPickerController.m -o /Users/edz/Library/Developer/Xcode/DerivedData/App-bytlbhqqorqzqidyjovihkqwnkia/Build/Intermediates.noindex/Pods.build/Release-iphonesimulator/LSRFramework.build/Objects-normal/x86_64/NSNumberFormatter+CTAssetsPickerController.o
    
    CompileC /Users/edz/Library/Developer/Xcode/DerivedData/App-bytlbhqqorqzqidyjovihkqwnkia/Build/Intermediates.noindex/Pods.build/Release-iphonesimulator/LSRFramework.build/Objects-normal/x86_64/NSLayoutConstraint+PureLayout.o /var/folders/4h/hxvz7hb959j4pw0pvbq686x00000gn/T/CocoaPods-Lint-20200722-25225-196xw43-UIModule/Pods/LSRFramework/LSRFramework/Classes/Libraries/PureLayout/NSLayoutConstraint+PureLayout.m normal x86_64 objective-c com.apple.compilers.llvm.clang.1_0.compiler (in target 'LSRFramework' from project 'Pods')
        cd /var/folders/4h/hxvz7hb959j4pw0pvbq686x00000gn/T/CocoaPods-Lint-20200722-25225-196xw43-UIModule/Pods
        export LANG=en_US.US-ASCII
        /Applications/Xcode.app/Contents/Developer/Toolchains/XcodeDefault.xctoolchain/usr/bin/clang -x objective-c -target x86_64-apple-ios11.0-simulator -fmessage-length=0 -fdiagnostics-show-note-include-stack -fmacro-backtrace-limit=0 -std=gnu11 -fobjc-arc -fmodules -gmodules -fmodules-cache-path=/Users/edz/Library/Developer/Xcode/DerivedData/ModuleCache.noindex -fmodules-prune-interval=86400 -fmodules-prune-after=345600 -fbuild-session-file=/Users/edz/Library/Developer/Xcode/DerivedData/ModuleCache.noindex/Session.modulevalidation -fmodules-validate-once-per-build-session -Wnon-modular-include-in-framework-module -Werror=non-modular-include-in-framework-module -fmodule-name=LSRFramework -Wno-trigraphs -fpascal-strings -Os -fno-common -Wno-missing-field-initializers -Wno-missing-prototypes -Werror=return-type -Wdocumentation -Wunreachable-code -Wno-implicit-atomic-properties -Werror=deprecated-objc-isa-usage -Wno-objc-interface-ivars -Werror=objc-root-class -Wno-arc-repeated-use-of-weak -Wimplicit-retain-self -Wduplicate-method-match -Wno-missing-braces -Wparentheses -Wswitch -Wunused-function -Wno-unused-label -Wno-unused-parameter -Wunused-variable -Wunused-value -Wempty-body -Wuninitialized -Wconditional-uninitialized -Wno-unknown-pragmas -Wno-shadow -Wno-four-char-constants -Wno-conversion -Wconstant-conversion -Wint-conversion -Wbool-conversion -Wenum-conversion -Wno-float-conversion -Wnon-literal-null-conversion -Wobjc-literal-conversion -Wshorten-64-to-32 -Wpointer-sign -Wno-newline-eof -Wno-selector -Wno-strict-selector-match -Wundeclared-selector -Wdeprecated-implementations -DPOD_CONFIGURATION_RELEASE=1 -DCOCOAPODS=1 -DTTTFRAMEWORK=1 -DNS_BLOCK_ASSERTIONS=1 -DOBJC_OLD_DISPATCH_PROTOTYPES=0 -isysroot /Applications/Xcode.app/Contents/Developer/Platforms/iPhoneSimulator.platform/Developer/SDKs/iPhoneSimulator13.5.sdk -fasm-blocks -fstrict-aliasing -Wprotocol -Wdeprecated-declarations -g -Wno-sign-conversion -Winfinite-recursion -Wcomma -Wblock-capture-autoreleasing -Wstrict-prototypes -Wno-semicolon-before-method-body -Wunguarded-availability -fobjc-abi-version=2 -fobjc-legacy-dispatch -iquote /Users/edz/Library/Developer/Xcode/DerivedData/App-bytlbhqqorqzqidyjovihkqwnkia/Build/Intermediates.noindex/Pods.build/Release-iphonesimulator/LSRFramework.build/LSRFramework-generated-files.hmap -I/Users/edz/Library/Developer/Xcode/DerivedData/App-bytlbhqqorqzqidyjovihkqwnkia/Build/Intermediates.noindex/Pods.build/Release-iphonesimulator/LSRFramework.build/LSRFramework-own-target-headers.hmap -I/Users/edz/Library/Developer/Xcode/DerivedData/App-bytlbhqqorqzqidyjovihkqwnkia/Build/Intermediates.noindex/Pods.build/Release-iphonesimulator/LSRFramework.build/LSRFramework-all-non-framework-target-headers.hmap -ivfsoverlay /Users/edz/Library/Developer/Xcode/DerivedData/App-bytlbhqqorqzqidyjovihkqwnkia/Build/Intermediates.noindex/Pods.build/Release-iphonesimulator/LSRFramework.build/all-product-headers.yaml -iquote /Users/edz/Library/Developer/Xcode/DerivedData/App-bytlbhqqorqzqidyjovihkqwnkia/Build/Intermediates.noindex/Pods.build/Release-iphonesimulator/LSRFramework.build/LSRFramework-project-headers.hmap -I/Users/edz/Library/Developer/Xcode/DerivedData/App-bytlbhqqorqzqidyjovihkqwnkia/Build/Products/Release-iphonesimulator/LSRFramework/include -I/Users/edz/Library/Developer/Xcode/DerivedData/App-bytlbhqqorqzqidyjovihkqwnkia/Build/Intermediates.noindex/Pods.build/Release-iphonesimulator/LSRFramework.build/DerivedSources-normal/x86_64 -I/Users/edz/Library/Developer/Xcode/DerivedData/App-bytlbhqqorqzqidyjovihkqwnkia/Build/Intermediates.noindex/Pods.build/Release-iphonesimulator/LSRFramework.build/DerivedSources/x86_64 -I/Users/edz/Library/Developer/Xcode/DerivedData/App-bytlbhqqorqzqidyjovihkqwnkia/Build/Intermediates.noindex/Pods.build/Release-iphonesimulator/LSRFramework.build/DerivedSources -F/Users/edz/Library/Developer/Xcode/DerivedData/App-bytlbhqqorqzqidyjovihkqwnkia/Build/Products/Release-iphonesimulator/LSRFramework -F/Users/edz/Library/Developer/Xcode/DerivedData/App-bytlbhqqorqzqidyjovihkqwnkia/Build/Products/Release-iphonesimulator/MBProgressHUD -F/Users/edz/Library/Developer/Xcode/DerivedData/App-bytlbhqqorqzqidyjovihkqwnkia/Build/Products/Release-iphonesimulator/Masonry -Wincomplete-umbrella -w -Xanalyzer -analyzer-disable-all-checks -include /var/folders/4h/hxvz7hb959j4pw0pvbq686x00000gn/T/CocoaPods-Lint-20200722-25225-196xw43-UIModule/Pods/Target\ Support\ Files/LSRFramework/LSRFramework-prefix.pch -MMD -MT dependencies -MF /Users/edz/Library/Developer/Xcode/DerivedData/App-bytlbhqqorqzqidyjovihkqwnkia/Build/Intermediates.noindex/Pods.build/Release-iphonesimulator/LSRFramework.build/Objects-normal/x86_64/NSLayoutConstraint+PureLayout.d --serialize-diagnostics /Users/edz/Library/Developer/Xcode/DerivedData/App-bytlbhqqorqzqidyjovihkqwnkia/Build/Intermediates.noindex/Pods.build/Release-iphonesimulator/LSRFramework.build/Objects-normal/x86_64/NSLayoutConstraint+PureLayout.dia -c /var/folders/4h/hxvz7hb959j4pw0pvbq686x00000gn/T/CocoaPods-Lint-20200722-25225-196xw43-UIModule/Pods/LSRFramework/LSRFramework/Classes/Libraries/PureLayout/NSLayoutConstraint+PureLayout.m -o /Users/edz/Library/Developer/Xcode/DerivedData/App-bytlbhqqorqzqidyjovihkqwnkia/Build/Intermediates.noindex/Pods.build/Release-iphonesimulator/LSRFramework.build/Objects-normal/x86_64/NSLayoutConstraint+PureLayout.o
    
    CompileC /Users/edz/Library/Developer/Xcode/DerivedData/App-bytlbhqqorqzqidyjovihkqwnkia/Build/Intermediates.noindex/Pods.build/Release-iphonesimulator/LSRFramework.build/Objects-normal/x86_64/NSIndexSet+CTAssetsPickerController.o /var/folders/4h/hxvz7hb959j4pw0pvbq686x00000gn/T/CocoaPods-Lint-20200722-25225-196xw43-UIModule/Pods/LSRFramework/LSRFramework/Classes/BaseClasses/UIViewController/Picker/AssetsPicker/CTAssetsPickerController/Categories/NSIndexSet+CTAssetsPickerController.m normal x86_64 objective-c com.apple.compilers.llvm.clang.1_0.compiler (in target 'LSRFramework' from project 'Pods')
        cd /var/folders/4h/hxvz7hb959j4pw0pvbq686x00000gn/T/CocoaPods-Lint-20200722-25225-196xw43-UIModule/Pods
        export LANG=en_US.US-ASCII
        /Applications/Xcode.app/Contents/Developer/Toolchains/XcodeDefault.xctoolchain/usr/bin/clang -x objective-c -target x86_64-apple-ios11.0-simulator -fmessage-length=0 -fdiagnostics-show-note-include-stack -fmacro-backtrace-limit=0 -std=gnu11 -fobjc-arc -fmodules -gmodules -fmodules-cache-path=/Users/edz/Library/Developer/Xcode/DerivedData/ModuleCache.noindex -fmodules-prune-interval=86400 -fmodules-prune-after=345600 -fbuild-session-file=/Users/edz/Library/Developer/Xcode/DerivedData/ModuleCache.noindex/Session.modulevalidation -fmodules-validate-once-per-build-session -Wnon-modular-include-in-framework-module -Werror=non-modular-include-in-framework-module -fmodule-name=LSRFramework -Wno-trigraphs -fpascal-strings -Os -fno-common -Wno-missing-field-initializers -Wno-missing-prototypes -Werror=return-type -Wdocumentation -Wunreachable-code -Wno-implicit-atomic-properties -Werror=deprecated-objc-isa-usage -Wno-objc-interface-ivars -Werror=objc-root-class -Wno-arc-repeated-use-of-weak -Wimplicit-retain-self -Wduplicate-method-match -Wno-missing-braces -Wparentheses -Wswitch -Wunused-function -Wno-unused-label -Wno-unused-parameter -Wunused-variable -Wunused-value -Wempty-body -Wuninitialized -Wconditional-uninitialized -Wno-unknown-pragmas -Wno-shadow -Wno-four-char-constants -Wno-conversion -Wconstant-conversion -Wint-conversion -Wbool-conversion -Wenum-conversion -Wno-float-conversion -Wnon-literal-null-conversion -Wobjc-literal-conversion -Wshorten-64-to-32 -Wpointer-sign -Wno-newline-eof -Wno-selector -Wno-strict-selector-match -Wundeclared-selector -Wdeprecated-implementations -DPOD_CONFIGURATION_RELEASE=1 -DCOCOAPODS=1 -DTTTFRAMEWORK=1 -DNS_BLOCK_ASSERTIONS=1 -DOBJC_OLD_DISPATCH_PROTOTYPES=0 -isysroot /Applications/Xcode.app/Contents/Developer/Platforms/iPhoneSimulator.platform/Developer/SDKs/iPhoneSimulator13.5.sdk -fasm-blocks -fstrict-aliasing -Wprotocol -Wdeprecated-declarations -g -Wno-sign-conversion -Winfinite-recursion -Wcomma -Wblock-capture-autoreleasing -Wstrict-prototypes -Wno-semicolon-before-method-body -Wunguarded-availability -fobjc-abi-version=2 -fobjc-legacy-dispatch -iquote /Users/edz/Library/Developer/Xcode/DerivedData/App-bytlbhqqorqzqidyjovihkqwnkia/Build/Intermediates.noindex/Pods.build/Release-iphonesimulator/LSRFramework.build/LSRFramework-generated-files.hmap -I/Users/edz/Library/Developer/Xcode/DerivedData/App-bytlbhqqorqzqidyjovihkqwnkia/Build/Intermediates.noindex/Pods.build/Release-iphonesimulator/LSRFramework.build/LSRFramework-own-target-headers.hmap -I/Users/edz/Library/Developer/Xcode/DerivedData/App-bytlbhqqorqzqidyjovihkqwnkia/Build/Intermediates.noindex/Pods.build/Release-iphonesimulator/LSRFramework.build/LSRFramework-all-non-framework-target-headers.hmap -ivfsoverlay /Users/edz/Library/Developer/Xcode/DerivedData/App-bytlbhqqorqzqidyjovihkqwnkia/Build/Intermediates.noindex/Pods.build/Release-iphonesimulator/LSRFramework.build/all-product-headers.yaml -iquote /Users/edz/Library/Developer/Xcode/DerivedData/App-bytlbhqqorqzqidyjovihkqwnkia/Build/Intermediates.noindex/Pods.build/Release-iphonesimulator/LSRFramework.build/LSRFramework-project-headers.hmap -I/Users/edz/Library/Developer/Xcode/DerivedData/App-bytlbhqqorqzqidyjovihkqwnkia/Build/Products/Release-iphonesimulator/LSRFramework/include -I/Users/edz/Library/Developer/Xcode/DerivedData/App-bytlbhqqorqzqidyjovihkqwnkia/Build/Intermediates.noindex/Pods.build/Release-iphonesimulator/LSRFramework.build/DerivedSources-normal/x86_64 -I/Users/edz/Library/Developer/Xcode/DerivedData/App-bytlbhqqorqzqidyjovihkqwnkia/Build/Intermediates.noindex/Pods.build/Release-iphonesimulator/LSRFramework.build/DerivedSources/x86_64 -I/Users/edz/Library/Developer/Xcode/DerivedData/App-bytlbhqqorqzqidyjovihkqwnkia/Build/Intermediates.noindex/Pods.build/Release-iphonesimulator/LSRFramework.build/DerivedSources -F/Users/edz/Library/Developer/Xcode/DerivedData/App-bytlbhqqorqzqidyjovihkqwnkia/Build/Products/Release-iphonesimulator/LSRFramework -F/Users/edz/Library/Developer/Xcode/DerivedData/App-bytlbhqqorqzqidyjovihkqwnkia/Build/Products/Release-iphonesimulator/MBProgressHUD -F/Users/edz/Library/Developer/Xcode/DerivedData/App-bytlbhqqorqzqidyjovihkqwnkia/Build/Products/Release-iphonesimulator/Masonry -Wincomplete-umbrella -w -Xanalyzer -analyzer-disable-all-checks -include /var/folders/4h/hxvz7hb959j4pw0pvbq686x00000gn/T/CocoaPods-Lint-20200722-25225-196xw43-UIModule/Pods/Target\ Support\ Files/LSRFramework/LSRFramework-prefix.pch -MMD -MT dependencies -MF /Users/edz/Library/Developer/Xcode/DerivedData/App-bytlbhqqorqzqidyjovihkqwnkia/Build/Intermediates.noindex/Pods.build/Release-iphonesimulator/LSRFramework.build/Objects-normal/x86_64/NSIndexSet+CTAssetsPickerController.d --serialize-diagnostics /Users/edz/Library/Developer/Xcode/DerivedData/App-bytlbhqqorqzqidyjovihkqwnkia/Build/Intermediates.noindex/Pods.build/Release-iphonesimulator/LSRFramework.build/Objects-normal/x86_64/NSIndexSet+CTAssetsPickerController.dia -c /var/folders/4h/hxvz7hb959j4pw0pvbq686x00000gn/T/CocoaPods-Lint-20200722-25225-196xw43-UIModule/Pods/LSRFramework/LSRFramework/Classes/BaseClasses/UIViewController/Picker/AssetsPicker/CTAssetsPickerController/Categories/NSIndexSet+CTAssetsPickerController.m -o /Users/edz/Library/Developer/Xcode/DerivedData/App-bytlbhqqorqzqidyjovihkqwnkia/Build/Intermediates.noindex/Pods.build/Release-iphonesimulator/LSRFramework.build/Objects-normal/x86_64/NSIndexSet+CTAssetsPickerController.o
    
    CompileC /Users/edz/Library/Developer/Xcode/DerivedData/App-bytlbhqqorqzqidyjovihkqwnkia/Build/Intermediates.noindex/Pods.build/Release-iphonesimulator/LSRFramework.build/Objects-normal/x86_64/NSDateFormatter+CTAssetsPickerController.o /var/folders/4h/hxvz7hb959j4pw0pvbq686x00000gn/T/CocoaPods-Lint-20200722-25225-196xw43-UIModule/Pods/LSRFramework/LSRFramework/Classes/BaseClasses/UIViewController/Picker/AssetsPicker/CTAssetsPickerController/Categories/NSDateFormatter+CTAssetsPickerController.m normal x86_64 objective-c com.apple.compilers.llvm.clang.1_0.compiler (in target 'LSRFramework' from project 'Pods')
        cd /var/folders/4h/hxvz7hb959j4pw0pvbq686x00000gn/T/CocoaPods-Lint-20200722-25225-196xw43-UIModule/Pods
        export LANG=en_US.US-ASCII
        /Applications/Xcode.app/Contents/Developer/Toolchains/XcodeDefault.xctoolchain/usr/bin/clang -x objective-c -target x86_64-apple-ios11.0-simulator -fmessage-length=0 -fdiagnostics-show-note-include-stack -fmacro-backtrace-limit=0 -std=gnu11 -fobjc-arc -fmodules -gmodules -fmodules-cache-path=/Users/edz/Library/Developer/Xcode/DerivedData/ModuleCache.noindex -fmodules-prune-interval=86400 -fmodules-prune-after=345600 -fbuild-session-file=/Users/edz/Library/Developer/Xcode/DerivedData/ModuleCache.noindex/Session.modulevalidation -fmodules-validate-once-per-build-session -Wnon-modular-include-in-framework-module -Werror=non-modular-include-in-framework-module -fmodule-name=LSRFramework -Wno-trigraphs -fpascal-strings -Os -fno-common -Wno-missing-field-initializers -Wno-missing-prototypes -Werror=return-type -Wdocumentation -Wunreachable-code -Wno-implicit-atomic-properties -Werror=deprecated-objc-isa-usage -Wno-objc-interface-ivars -Werror=objc-root-class -Wno-arc-repeated-use-of-weak -Wimplicit-retain-self -Wduplicate-method-match -Wno-missing-braces -Wparentheses -Wswitch -Wunused-function -Wno-unused-label -Wno-unused-parameter -Wunused-variable -Wunused-value -Wempty-body -Wuninitialized -Wconditional-uninitialized -Wno-unknown-pragmas -Wno-shadow -Wno-four-char-constants -Wno-conversion -Wconstant-conversion -Wint-conversion -Wbool-conversion -Wenum-conversion -Wno-float-conversion -Wnon-literal-null-conversion -Wobjc-literal-conversion -Wshorten-64-to-32 -Wpointer-sign -Wno-newline-eof -Wno-selector -Wno-strict-selector-match -Wundeclared-selector -Wdeprecated-implementations -DPOD_CONFIGURATION_RELEASE=1 -DCOCOAPODS=1 -DTTTFRAMEWORK=1 -DNS_BLOCK_ASSERTIONS=1 -DOBJC_OLD_DISPATCH_PROTOTYPES=0 -isysroot /Applications/Xcode.app/Contents/Developer/Platforms/iPhoneSimulator.platform/Developer/SDKs/iPhoneSimulator13.5.sdk -fasm-blocks -fstrict-aliasing -Wprotocol -Wdeprecated-declarations -g -Wno-sign-conversion -Winfinite-recursion -Wcomma -Wblock-capture-autoreleasing -Wstrict-prototypes -Wno-semicolon-before-method-body -Wunguarded-availability -fobjc-abi-version=2 -fobjc-legacy-dispatch -iquote /Users/edz/Library/Developer/Xcode/DerivedData/App-bytlbhqqorqzqidyjovihkqwnkia/Build/Intermediates.noindex/Pods.build/Release-iphonesimulator/LSRFramework.build/LSRFramework-generated-files.hmap -I/Users/edz/Library/Developer/Xcode/DerivedData/App-bytlbhqqorqzqidyjovihkqwnkia/Build/Intermediates.noindex/Pods.build/Release-iphonesimulator/LSRFramework.build/LSRFramework-own-target-headers.hmap -I/Users/edz/Library/Developer/Xcode/DerivedData/App-bytlbhqqorqzqidyjovihkqwnkia/Build/Intermediates.noindex/Pods.build/Release-iphonesimulator/LSRFramework.build/LSRFramework-all-non-framework-target-headers.hmap -ivfsoverlay /Users/edz/Library/Developer/Xcode/DerivedData/App-bytlbhqqorqzqidyjovihkqwnkia/Build/Intermediates.noindex/Pods.build/Release-iphonesimulator/LSRFramework.build/all-product-headers.yaml -iquote /Users/edz/Library/Developer/Xcode/DerivedData/App-bytlbhqqorqzqidyjovihkqwnkia/Build/Intermediates.noindex/Pods.build/Release-iphonesimulator/LSRFramework.build/LSRFramework-project-headers.hmap -I/Users/edz/Library/Developer/Xcode/DerivedData/App-bytlbhqqorqzqidyjovihkqwnkia/Build/Products/Release-iphonesimulator/LSRFramework/include -I/Users/edz/Library/Developer/Xcode/DerivedData/App-bytlbhqqorqzqidyjovihkqwnkia/Build/Intermediates.noindex/Pods.build/Release-iphonesimulator/LSRFramework.build/DerivedSources-normal/x86_64 -I/Users/edz/Library/Developer/Xcode/DerivedData/App-bytlbhqqorqzqidyjovihkqwnkia/Build/Intermediates.noindex/Pods.build/Release-iphonesimulator/LSRFramework.build/DerivedSources/x86_64 -I/Users/edz/Library/Developer/Xcode/DerivedData/App-bytlbhqqorqzqidyjovihkqwnkia/Build/Intermediates.noindex/Pods.build/Release-iphonesimulator/LSRFramework.build/DerivedSources -F/Users/edz/Library/Developer/Xcode/DerivedData/App-bytlbhqqorqzqidyjovihkqwnkia/Build/Products/Release-iphonesimulator/LSRFramework -F/Users/edz/Library/Developer/Xcode/DerivedData/App-bytlbhqqorqzqidyjovihkqwnkia/Build/Products/Release-iphonesimulator/MBProgressHUD -F/Users/edz/Library/Developer/Xcode/DerivedData/App-bytlbhqqorqzqidyjovihkqwnkia/Build/Products/Release-iphonesimulator/Masonry -Wincomplete-umbrella -w -Xanalyzer -analyzer-disable-all-checks -include /var/folders/4h/hxvz7hb959j4pw0pvbq686x00000gn/T/CocoaPods-Lint-20200722-25225-196xw43-UIModule/Pods/Target\ Support\ Files/LSRFramework/LSRFramework-prefix.pch -MMD -MT dependencies -MF /Users/edz/Library/Developer/Xcode/DerivedData/App-bytlbhqqorqzqidyjovihkqwnkia/Build/Intermediates.noindex/Pods.build/Release-iphonesimulator/LSRFramework.build/Objects-normal/x86_64/NSDateFormatter+CTAssetsPickerController.d --serialize-diagnostics /Users/edz/Library/Developer/Xcode/DerivedData/App-bytlbhqqorqzqidyjovihkqwnkia/Build/Intermediates.noindex/Pods.build/Release-iphonesimulator/LSRFramework.build/Objects-normal/x86_64/NSDateFormatter+CTAssetsPickerController.dia -c /var/folders/4h/hxvz7hb959j4pw0pvbq686x00000gn/T/CocoaPods-Lint-20200722-25225-196xw43-UIModule/Pods/LSRFramework/LSRFramework/Classes/BaseClasses/UIViewController/Picker/AssetsPicker/CTAssetsPickerController/Categories/NSDateFormatter+CTAssetsPickerController.m -o /Users/edz/Library/Developer/Xcode/DerivedData/App-bytlbhqqorqzqidyjovihkqwnkia/Build/Intermediates.noindex/Pods.build/Release-iphonesimulator/LSRFramework.build/Objects-normal/x86_64/NSDateFormatter+CTAssetsPickerController.o
    
    CompileC /Users/edz/Library/Developer/Xcode/DerivedData/App-bytlbhqqorqzqidyjovihkqwnkia/Build/Intermediates.noindex/Pods.build/Release-iphonesimulator/LSRFramework.build/Objects-normal/x86_64/NSBundle+CTAssetsPickerController.o /var/folders/4h/hxvz7hb959j4pw0pvbq686x00000gn/T/CocoaPods-Lint-20200722-25225-196xw43-UIModule/Pods/LSRFramework/LSRFramework/Classes/BaseClasses/UIViewController/Picker/AssetsPicker/CTAssetsPickerController/Categories/NSBundle+CTAssetsPickerController.m normal x86_64 objective-c com.apple.compilers.llvm.clang.1_0.compiler (in target 'LSRFramework' from project 'Pods')
        cd /var/folders/4h/hxvz7hb959j4pw0pvbq686x00000gn/T/CocoaPods-Lint-20200722-25225-196xw43-UIModule/Pods
        export LANG=en_US.US-ASCII
        /Applications/Xcode.app/Contents/Developer/Toolchains/XcodeDefault.xctoolchain/usr/bin/clang -x objective-c -target x86_64-apple-ios11.0-simulator -fmessage-length=0 -fdiagnostics-show-note-include-stack -fmacro-backtrace-limit=0 -std=gnu11 -fobjc-arc -fmodules -gmodules -fmodules-cache-path=/Users/edz/Library/Developer/Xcode/DerivedData/ModuleCache.noindex -fmodules-prune-interval=86400 -fmodules-prune-after=345600 -fbuild-session-file=/Users/edz/Library/Developer/Xcode/DerivedData/ModuleCache.noindex/Session.modulevalidation -fmodules-validate-once-per-build-session -Wnon-modular-include-in-framework-module -Werror=non-modular-include-in-framework-module -fmodule-name=LSRFramework -Wno-trigraphs -fpascal-strings -Os -fno-common -Wno-missing-field-initializers -Wno-missing-prototypes -Werror=return-type -Wdocumentation -Wunreachable-code -Wno-implicit-atomic-properties -Werror=deprecated-objc-isa-usage -Wno-objc-interface-ivars -Werror=objc-root-class -Wno-arc-repeated-use-of-weak -Wimplicit-retain-self -Wduplicate-method-match -Wno-missing-braces -Wparentheses -Wswitch -Wunused-function -Wno-unused-label -Wno-unused-parameter -Wunused-variable -Wunused-value -Wempty-body -Wuninitialized -Wconditional-uninitialized -Wno-unknown-pragmas -Wno-shadow -Wno-four-char-constants -Wno-conversion -Wconstant-conversion -Wint-conversion -Wbool-conversion -Wenum-conversion -Wno-float-conversion -Wnon-literal-null-conversion -Wobjc-literal-conversion -Wshorten-64-to-32 -Wpointer-sign -Wno-newline-eof -Wno-selector -Wno-strict-selector-match -Wundeclared-selector -Wdeprecated-implementations -DPOD_CONFIGURATION_RELEASE=1 -DCOCOAPODS=1 -DTTTFRAMEWORK=1 -DNS_BLOCK_ASSERTIONS=1 -DOBJC_OLD_DISPATCH_PROTOTYPES=0 -isysroot /Applications/Xcode.app/Contents/Developer/Platforms/iPhoneSimulator.platform/Developer/SDKs/iPhoneSimulator13.5.sdk -fasm-blocks -fstrict-aliasing -Wprotocol -Wdeprecated-declarations -g -Wno-sign-conversion -Winfinite-recursion -Wcomma -Wblock-capture-autoreleasing -Wstrict-prototypes -Wno-semicolon-before-method-body -Wunguarded-availability -fobjc-abi-version=2 -fobjc-legacy-dispatch -iquote /Users/edz/Library/Developer/Xcode/DerivedData/App-bytlbhqqorqzqidyjovihkqwnkia/Build/Intermediates.noindex/Pods.build/Release-iphonesimulator/LSRFramework.build/LSRFramework-generated-files.hmap -I/Users/edz/Library/Developer/Xcode/DerivedData/App-bytlbhqqorqzqidyjovihkqwnkia/Build/Intermediates.noindex/Pods.build/Release-iphonesimulator/LSRFramework.build/LSRFramework-own-target-headers.hmap -I/Users/edz/Library/Developer/Xcode/DerivedData/App-bytlbhqqorqzqidyjovihkqwnkia/Build/Intermediates.noindex/Pods.build/Release-iphonesimulator/LSRFramework.build/LSRFramework-all-non-framework-target-headers.hmap -ivfsoverlay /Users/edz/Library/Developer/Xcode/DerivedData/App-bytlbhqqorqzqidyjovihkqwnkia/Build/Intermediates.noindex/Pods.build/Release-iphonesimulator/LSRFramework.build/all-product-headers.yaml -iquote /Users/edz/Library/Developer/Xcode/DerivedData/App-bytlbhqqorqzqidyjovihkqwnkia/Build/Intermediates.noindex/Pods.build/Release-iphonesimulator/LSRFramework.build/LSRFramework-project-headers.hmap -I/Users/edz/Library/Developer/Xcode/DerivedData/App-bytlbhqqorqzqidyjovihkqwnkia/Build/Products/Release-iphonesimulator/LSRFramework/include -I/Users/edz/Library/Developer/Xcode/DerivedData/App-bytlbhqqorqzqidyjovihkqwnkia/Build/Intermediates.noindex/Pods.build/Release-iphonesimulator/LSRFramework.build/DerivedSources-normal/x86_64 -I/Users/edz/Library/Developer/Xcode/DerivedData/App-bytlbhqqorqzqidyjovihkqwnkia/Build/Intermediates.noindex/Pods.build/Release-iphonesimulator/LSRFramework.build/DerivedSources/x86_64 -I/Users/edz/Library/Developer/Xcode/DerivedData/App-bytlbhqqorqzqidyjovihkqwnkia/Build/Intermediates.noindex/Pods.build/Release-iphonesimulator/LSRFramework.build/DerivedSources -F/Users/edz/Library/Developer/Xcode/DerivedData/App-bytlbhqqorqzqidyjovihkqwnkia/Build/Products/Release-iphonesimulator/LSRFramework -F/Users/edz/Library/Developer/Xcode/DerivedData/App-bytlbhqqorqzqidyjovihkqwnkia/Build/Products/Release-iphonesimulator/MBProgressHUD -F/Users/edz/Library/Developer/Xcode/DerivedData/App-bytlbhqqorqzqidyjovihkqwnkia/Build/Products/Release-iphonesimulator/Masonry -Wincomplete-umbrella -w -Xanalyzer -analyzer-disable-all-checks -include /var/folders/4h/hxvz7hb959j4pw0pvbq686x00000gn/T/CocoaPods-Lint-20200722-25225-196xw43-UIModule/Pods/Target\ Support\ Files/LSRFramework/LSRFramework-prefix.pch -MMD -MT dependencies -MF /Users/edz/Library/Developer/Xcode/DerivedData/App-bytlbhqqorqzqidyjovihkqwnkia/Build/Intermediates.noindex/Pods.build/Release-iphonesimulator/LSRFramework.build/Objects-normal/x86_64/NSBundle+CTAssetsPickerController.d --serialize-diagnostics /Users/edz/Library/Developer/Xcode/DerivedData/App-bytlbhqqorqzqidyjovihkqwnkia/Build/Intermediates.noindex/Pods.build/Release-iphonesimulator/LSRFramework.build/Objects-normal/x86_64/NSBundle+CTAssetsPickerController.dia -c /var/folders/4h/hxvz7hb959j4pw0pvbq686x00000gn/T/CocoaPods-Lint-20200722-25225-196xw43-UIModule/Pods/LSRFramework/LSRFramework/Classes/BaseClasses/UIViewController/Picker/AssetsPicker/CTAssetsPickerController/Categories/NSBundle+CTAssetsPickerController.m -o /Users/edz/Library/Developer/Xcode/DerivedData/App-bytlbhqqorqzqidyjovihkqwnkia/Build/Intermediates.noindex/Pods.build/Release-iphonesimulator/LSRFramework.build/Objects-normal/x86_64/NSBundle+CTAssetsPickerController.o
    
    CompileC /Users/edz/Library/Developer/Xcode/DerivedData/App-bytlbhqqorqzqidyjovihkqwnkia/Build/Intermediates.noindex/Pods.build/Release-iphonesimulator/LSRFramework.build/Objects-normal/x86_64/NSArray+PureLayout.o /var/folders/4h/hxvz7hb959j4pw0pvbq686x00000gn/T/CocoaPods-Lint-20200722-25225-196xw43-UIModule/Pods/LSRFramework/LSRFramework/Classes/Libraries/PureLayout/NSArray+PureLayout.m normal x86_64 objective-c com.apple.compilers.llvm.clang.1_0.compiler (in target 'LSRFramework' from project 'Pods')
        cd /var/folders/4h/hxvz7hb959j4pw0pvbq686x00000gn/T/CocoaPods-Lint-20200722-25225-196xw43-UIModule/Pods
        export LANG=en_US.US-ASCII
        /Applications/Xcode.app/Contents/Developer/Toolchains/XcodeDefault.xctoolchain/usr/bin/clang -x objective-c -target x86_64-apple-ios11.0-simulator -fmessage-length=0 -fdiagnostics-show-note-include-stack -fmacro-backtrace-limit=0 -std=gnu11 -fobjc-arc -fmodules -gmodules -fmodules-cache-path=/Users/edz/Library/Developer/Xcode/DerivedData/ModuleCache.noindex -fmodules-prune-interval=86400 -fmodules-prune-after=345600 -fbuild-session-file=/Users/edz/Library/Developer/Xcode/DerivedData/ModuleCache.noindex/Session.modulevalidation -fmodules-validate-once-per-build-session -Wnon-modular-include-in-framework-module -Werror=non-modular-include-in-framework-module -fmodule-name=LSRFramework -Wno-trigraphs -fpascal-strings -Os -fno-common -Wno-missing-field-initializers -Wno-missing-prototypes -Werror=return-type -Wdocumentation -Wunreachable-code -Wno-implicit-atomic-properties -Werror=deprecated-objc-isa-usage -Wno-objc-interface-ivars -Werror=objc-root-class -Wno-arc-repeated-use-of-weak -Wimplicit-retain-self -Wduplicate-method-match -Wno-missing-braces -Wparentheses -Wswitch -Wunused-function -Wno-unused-label -Wno-unused-parameter -Wunused-variable -Wunused-value -Wempty-body -Wuninitialized -Wconditional-uninitialized -Wno-unknown-pragmas -Wno-shadow -Wno-four-char-constants -Wno-conversion -Wconstant-conversion -Wint-conversion -Wbool-conversion -Wenum-conversion -Wno-float-conversion -Wnon-literal-null-conversion -Wobjc-literal-conversion -Wshorten-64-to-32 -Wpointer-sign -Wno-newline-eof -Wno-selector -Wno-strict-selector-match -Wundeclared-selector -Wdeprecated-implementations -DPOD_CONFIGURATION_RELEASE=1 -DCOCOAPODS=1 -DTTTFRAMEWORK=1 -DNS_BLOCK_ASSERTIONS=1 -DOBJC_OLD_DISPATCH_PROTOTYPES=0 -isysroot /Applications/Xcode.app/Contents/Developer/Platforms/iPhoneSimulator.platform/Developer/SDKs/iPhoneSimulator13.5.sdk -fasm-blocks -fstrict-aliasing -Wprotocol -Wdeprecated-declarations -g -Wno-sign-conversion -Winfinite-recursion -Wcomma -Wblock-capture-autoreleasing -Wstrict-prototypes -Wno-semicolon-before-method-body -Wunguarded-availability -fobjc-abi-version=2 -fobjc-legacy-dispatch -iquote /Users/edz/Library/Developer/Xcode/DerivedData/App-bytlbhqqorqzqidyjovihkqwnkia/Build/Intermediates.noindex/Pods.build/Release-iphonesimulator/LSRFramework.build/LSRFramework-generated-files.hmap -I/Users/edz/Library/Developer/Xcode/DerivedData/App-bytlbhqqorqzqidyjovihkqwnkia/Build/Intermediates.noindex/Pods.build/Release-iphonesimulator/LSRFramework.build/LSRFramework-own-target-headers.hmap -I/Users/edz/Library/Developer/Xcode/DerivedData/App-bytlbhqqorqzqidyjovihkqwnkia/Build/Intermediates.noindex/Pods.build/Release-iphonesimulator/LSRFramework.build/LSRFramework-all-non-framework-target-headers.hmap -ivfsoverlay /Users/edz/Library/Developer/Xcode/DerivedData/App-bytlbhqqorqzqidyjovihkqwnkia/Build/Intermediates.noindex/Pods.build/Release-iphonesimulator/LSRFramework.build/all-product-headers.yaml -iquote /Users/edz/Library/Developer/Xcode/DerivedData/App-bytlbhqqorqzqidyjovihkqwnkia/Build/Intermediates.noindex/Pods.build/Release-iphonesimulator/LSRFramework.build/LSRFramework-project-headers.hmap -I/Users/edz/Library/Developer/Xcode/DerivedData/App-bytlbhqqorqzqidyjovihkqwnkia/Build/Products/Release-iphonesimulator/LSRFramework/include -I/Users/edz/Library/Developer/Xcode/DerivedData/App-bytlbhqqorqzqidyjovihkqwnkia/Build/Intermediates.noindex/Pods.build/Release-iphonesimulator/LSRFramework.build/DerivedSources-normal/x86_64 -I/Users/edz/Library/Developer/Xcode/DerivedData/App-bytlbhqqorqzqidyjovihkqwnkia/Build/Intermediates.noindex/Pods.build/Release-iphonesimulator/LSRFramework.build/DerivedSources/x86_64 -I/Users/edz/Library/Developer/Xcode/DerivedData/App-bytlbhqqorqzqidyjovihkqwnkia/Build/Intermediates.noindex/Pods.build/Release-iphonesimulator/LSRFramework.build/DerivedSources -F/Users/edz/Library/Developer/Xcode/DerivedData/App-bytlbhqqorqzqidyjovihkqwnkia/Build/Products/Release-iphonesimulator/LSRFramework -F/Users/edz/Library/Developer/Xcode/DerivedData/App-bytlbhqqorqzqidyjovihkqwnkia/Build/Products/Release-iphonesimulator/MBProgressHUD -F/Users/edz/Library/Developer/Xcode/DerivedData/App-bytlbhqqorqzqidyjovihkqwnkia/Build/Products/Release-iphonesimulator/Masonry -Wincomplete-umbrella -w -Xanalyzer -analyzer-disable-all-checks -include /var/folders/4h/hxvz7hb959j4pw0pvbq686x00000gn/T/CocoaPods-Lint-20200722-25225-196xw43-UIModule/Pods/Target\ Support\ Files/LSRFramework/LSRFramework-prefix.pch -MMD -MT dependencies -MF /Users/edz/Library/Developer/Xcode/DerivedData/App-bytlbhqqorqzqidyjovihkqwnkia/Build/Intermediates.noindex/Pods.build/Release-iphonesimulator/LSRFramework.build/Objects-normal/x86_64/NSArray+PureLayout.d --serialize-diagnostics /Users/edz/Library/Developer/Xcode/DerivedData/App-bytlbhqqorqzqidyjovihkqwnkia/Build/Intermediates.noindex/Pods.build/Release-iphonesimulator/LSRFramework.build/Objects-normal/x86_64/NSArray+PureLayout.dia -c /var/folders/4h/hxvz7hb959j4pw0pvbq686x00000gn/T/CocoaPods-Lint-20200722-25225-196xw43-UIModule/Pods/LSRFramework/LSRFramework/Classes/Libraries/PureLayout/NSArray+PureLayout.m -o /Users/edz/Library/Developer/Xcode/DerivedData/App-bytlbhqqorqzqidyjovihkqwnkia/Build/Intermediates.noindex/Pods.build/Release-iphonesimulator/LSRFramework.build/Objects-normal/x86_64/NSArray+PureLayout.o
    
    CompileC /Users/edz/Library/Developer/Xcode/DerivedData/App-bytlbhqqorqzqidyjovihkqwnkia/Build/Intermediates.noindex/Pods.build/Release-iphonesimulator/LSRFramework.build/Objects-normal/x86_64/MBProgressHUD+Extension.o /var/folders/4h/hxvz7hb959j4pw0pvbq686x00000gn/T/CocoaPods-Lint-20200722-25225-196xw43-UIModule/Pods/LSRFramework/LSRFramework/Classes/BaseClasses/UIViewController/Loading/MBProgressHUD/MBProgressHUD+Extension.m normal x86_64 objective-c com.apple.compilers.llvm.clang.1_0.compiler (in target 'LSRFramework' from project 'Pods')
        cd /var/folders/4h/hxvz7hb959j4pw0pvbq686x00000gn/T/CocoaPods-Lint-20200722-25225-196xw43-UIModule/Pods
        export LANG=en_US.US-ASCII
        /Applications/Xcode.app/Contents/Developer/Toolchains/XcodeDefault.xctoolchain/usr/bin/clang -x objective-c -target x86_64-apple-ios11.0-simulator -fmessage-length=0 -fdiagnostics-show-note-include-stack -fmacro-backtrace-limit=0 -std=gnu11 -fobjc-arc -fmodules -gmodules -fmodules-cache-path=/Users/edz/Library/Developer/Xcode/DerivedData/ModuleCache.noindex -fmodules-prune-interval=86400 -fmodules-prune-after=345600 -fbuild-session-file=/Users/edz/Library/Developer/Xcode/DerivedData/ModuleCache.noindex/Session.modulevalidation -fmodules-validate-once-per-build-session -Wnon-modular-include-in-framework-module -Werror=non-modular-include-in-framework-module -fmodule-name=LSRFramework -Wno-trigraphs -fpascal-strings -Os -fno-common -Wno-missing-field-initializers -Wno-missing-prototypes -Werror=return-type -Wdocumentation -Wunreachable-code -Wno-implicit-atomic-properties -Werror=deprecated-objc-isa-usage -Wno-objc-interface-ivars -Werror=objc-root-class -Wno-arc-repeated-use-of-weak -Wimplicit-retain-self -Wduplicate-method-match -Wno-missing-braces -Wparentheses -Wswitch -Wunused-function -Wno-unused-label -Wno-unused-parameter -Wunused-variable -Wunused-value -Wempty-body -Wuninitialized -Wconditional-uninitialized -Wno-unknown-pragmas -Wno-shadow -Wno-four-char-constants -Wno-conversion -Wconstant-conversion -Wint-conversion -Wbool-conversion -Wenum-conversion -Wno-float-conversion -Wnon-literal-null-conversion -Wobjc-literal-conversion -Wshorten-64-to-32 -Wpointer-sign -Wno-newline-eof -Wno-selector -Wno-strict-selector-match -Wundeclared-selector -Wdeprecated-implementations -DPOD_CONFIGURATION_RELEASE=1 -DCOCOAPODS=1 -DTTTFRAMEWORK=1 -DNS_BLOCK_ASSERTIONS=1 -DOBJC_OLD_DISPATCH_PROTOTYPES=0 -isysroot /Applications/Xcode.app/Contents/Developer/Platforms/iPhoneSimulator.platform/Developer/SDKs/iPhoneSimulator13.5.sdk -fasm-blocks -fstrict-aliasing -Wprotocol -Wdeprecated-declarations -g -Wno-sign-conversion -Winfinite-recursion -Wcomma -Wblock-capture-autoreleasing -Wstrict-prototypes -Wno-semicolon-before-method-body -Wunguarded-availability -fobjc-abi-version=2 -fobjc-legacy-dispatch -iquote /Users/edz/Library/Developer/Xcode/DerivedData/App-bytlbhqqorqzqidyjovihkqwnkia/Build/Intermediates.noindex/Pods.build/Release-iphonesimulator/LSRFramework.build/LSRFramework-generated-files.hmap -I/Users/edz/Library/Developer/Xcode/DerivedData/App-bytlbhqqorqzqidyjovihkqwnkia/Build/Intermediates.noindex/Pods.build/Release-iphonesimulator/LSRFramework.build/LSRFramework-own-target-headers.hmap -I/Users/edz/Library/Developer/Xcode/DerivedData/App-bytlbhqqorqzqidyjovihkqwnkia/Build/Intermediates.noindex/Pods.build/Release-iphonesimulator/LSRFramework.build/LSRFramework-all-non-framework-target-headers.hmap -ivfsoverlay /Users/edz/Library/Developer/Xcode/DerivedData/App-bytlbhqqorqzqidyjovihkqwnkia/Build/Intermediates.noindex/Pods.build/Release-iphonesimulator/LSRFramework.build/all-product-headers.yaml -iquote /Users/edz/Library/Developer/Xcode/DerivedData/App-bytlbhqqorqzqidyjovihkqwnkia/Build/Intermediates.noindex/Pods.build/Release-iphonesimulator/LSRFramework.build/LSRFramework-project-headers.hmap -I/Users/edz/Library/Developer/Xcode/DerivedData/App-bytlbhqqorqzqidyjovihkqwnkia/Build/Products/Release-iphonesimulator/LSRFramework/include -I/Users/edz/Library/Developer/Xcode/DerivedData/App-bytlbhqqorqzqidyjovihkqwnkia/Build/Intermediates.noindex/Pods.build/Release-iphonesimulator/LSRFramework.build/DerivedSources-normal/x86_64 -I/Users/edz/Library/Developer/Xcode/DerivedData/App-bytlbhqqorqzqidyjovihkqwnkia/Build/Intermediates.noindex/Pods.build/Release-iphonesimulator/LSRFramework.build/DerivedSources/x86_64 -I/Users/edz/Library/Developer/Xcode/DerivedData/App-bytlbhqqorqzqidyjovihkqwnkia/Build/Intermediates.noindex/Pods.build/Release-iphonesimulator/LSRFramework.build/DerivedSources -F/Users/edz/Library/Developer/Xcode/DerivedData/App-bytlbhqqorqzqidyjovihkqwnkia/Build/Products/Release-iphonesimulator/LSRFramework -F/Users/edz/Library/Developer/Xcode/DerivedData/App-bytlbhqqorqzqidyjovihkqwnkia/Build/Products/Release-iphonesimulator/MBProgressHUD -F/Users/edz/Library/Developer/Xcode/DerivedData/App-bytlbhqqorqzqidyjovihkqwnkia/Build/Products/Release-iphonesimulator/Masonry -Wincomplete-umbrella -w -Xanalyzer -analyzer-disable-all-checks -include /var/folders/4h/hxvz7hb959j4pw0pvbq686x00000gn/T/CocoaPods-Lint-20200722-25225-196xw43-UIModule/Pods/Target\ Support\ Files/LSRFramework/LSRFramework-prefix.pch -MMD -MT dependencies -MF /Users/edz/Library/Developer/Xcode/DerivedData/App-bytlbhqqorqzqidyjovihkqwnkia/Build/Intermediates.noindex/Pods.build/Release-iphonesimulator/LSRFramework.build/Objects-normal/x86_64/MBProgressHUD+Extension.d --serialize-diagnostics /Users/edz/Library/Developer/Xcode/DerivedData/App-bytlbhqqorqzqidyjovihkqwnkia/Build/Intermediates.noindex/Pods.build/Release-iphonesimulator/LSRFramework.build/Objects-normal/x86_64/MBProgressHUD+Extension.dia -c /var/folders/4h/hxvz7hb959j4pw0pvbq686x00000gn/T/CocoaPods-Lint-20200722-25225-196xw43-UIModule/Pods/LSRFramework/LSRFramework/Classes/BaseClasses/UIViewController/Loading/MBProgressHUD/MBProgressHUD+Extension.m -o /Users/edz/Library/Developer/Xcode/DerivedData/App-bytlbhqqorqzqidyjovihkqwnkia/Build/Intermediates.noindex/Pods.build/Release-iphonesimulator/LSRFramework.build/Objects-normal/x86_64/MBProgressHUD+Extension.o
    
    CompileC /Users/edz/Library/Developer/Xcode/DerivedData/App-bytlbhqqorqzqidyjovihkqwnkia/Build/Intermediates.noindex/Pods.build/Release-iphonesimulator/LSRFramework.build/Objects-normal/x86_64/LoadingView.o /var/folders/4h/hxvz7hb959j4pw0pvbq686x00000gn/T/CocoaPods-Lint-20200722-25225-196xw43-UIModule/Pods/LSRFramework/LSRFramework/Classes/BaseClasses/UIViewController/Loading/LoadingView/LoadingView.m normal x86_64 objective-c com.apple.compilers.llvm.clang.1_0.compiler (in target 'LSRFramework' from project 'Pods')
        cd /var/folders/4h/hxvz7hb959j4pw0pvbq686x00000gn/T/CocoaPods-Lint-20200722-25225-196xw43-UIModule/Pods
        export LANG=en_US.US-ASCII
        /Applications/Xcode.app/Contents/Developer/Toolchains/XcodeDefault.xctoolchain/usr/bin/clang -x objective-c -target x86_64-apple-ios11.0-simulator -fmessage-length=0 -fdiagnostics-show-note-include-stack -fmacro-backtrace-limit=0 -std=gnu11 -fobjc-arc -fmodules -gmodules -fmodules-cache-path=/Users/edz/Library/Developer/Xcode/DerivedData/ModuleCache.noindex -fmodules-prune-interval=86400 -fmodules-prune-after=345600 -fbuild-session-file=/Users/edz/Library/Developer/Xcode/DerivedData/ModuleCache.noindex/Session.modulevalidation -fmodules-validate-once-per-build-session -Wnon-modular-include-in-framework-module -Werror=non-modular-include-in-framework-module -fmodule-name=LSRFramework -Wno-trigraphs -fpascal-strings -Os -fno-common -Wno-missing-field-initializers -Wno-missing-prototypes -Werror=return-type -Wdocumentation -Wunreachable-code -Wno-implicit-atomic-properties -Werror=deprecated-objc-isa-usage -Wno-objc-interface-ivars -Werror=objc-root-class -Wno-arc-repeated-use-of-weak -Wimplicit-retain-self -Wduplicate-method-match -Wno-missing-braces -Wparentheses -Wswitch -Wunused-function -Wno-unused-label -Wno-unused-parameter -Wunused-variable -Wunused-value -Wempty-body -Wuninitialized -Wconditional-uninitialized -Wno-unknown-pragmas -Wno-shadow -Wno-four-char-constants -Wno-conversion -Wconstant-conversion -Wint-conversion -Wbool-conversion -Wenum-conversion -Wno-float-conversion -Wnon-literal-null-conversion -Wobjc-literal-conversion -Wshorten-64-to-32 -Wpointer-sign -Wno-newline-eof -Wno-selector -Wno-strict-selector-match -Wundeclared-selector -Wdeprecated-implementations -DPOD_CONFIGURATION_RELEASE=1 -DCOCOAPODS=1 -DTTTFRAMEWORK=1 -DNS_BLOCK_ASSERTIONS=1 -DOBJC_OLD_DISPATCH_PROTOTYPES=0 -isysroot /Applications/Xcode.app/Contents/Developer/Platforms/iPhoneSimulator.platform/Developer/SDKs/iPhoneSimulator13.5.sdk -fasm-blocks -fstrict-aliasing -Wprotocol -Wdeprecated-declarations -g -Wno-sign-conversion -Winfinite-recursion -Wcomma -Wblock-capture-autoreleasing -Wstrict-prototypes -Wno-semicolon-before-method-body -Wunguarded-availability -fobjc-abi-version=2 -fobjc-legacy-dispatch -iquote /Users/edz/Library/Developer/Xcode/DerivedData/App-bytlbhqqorqzqidyjovihkqwnkia/Build/Intermediates.noindex/Pods.build/Release-iphonesimulator/LSRFramework.build/LSRFramework-generated-files.hmap -I/Users/edz/Library/Developer/Xcode/DerivedData/App-bytlbhqqorqzqidyjovihkqwnkia/Build/Intermediates.noindex/Pods.build/Release-iphonesimulator/LSRFramework.build/LSRFramework-own-target-headers.hmap -I/Users/edz/Library/Developer/Xcode/DerivedData/App-bytlbhqqorqzqidyjovihkqwnkia/Build/Intermediates.noindex/Pods.build/Release-iphonesimulator/LSRFramework.build/LSRFramework-all-non-framework-target-headers.hmap -ivfsoverlay /Users/edz/Library/Developer/Xcode/DerivedData/App-bytlbhqqorqzqidyjovihkqwnkia/Build/Intermediates.noindex/Pods.build/Release-iphonesimulator/LSRFramework.build/all-product-headers.yaml -iquote /Users/edz/Library/Developer/Xcode/DerivedData/App-bytlbhqqorqzqidyjovihkqwnkia/Build/Intermediates.noindex/Pods.build/Release-iphonesimulator/LSRFramework.build/LSRFramework-project-headers.hmap -I/Users/edz/Library/Developer/Xcode/DerivedData/App-bytlbhqqorqzqidyjovihkqwnkia/Build/Products/Release-iphonesimulator/LSRFramework/include -I/Users/edz/Library/Developer/Xcode/DerivedData/App-bytlbhqqorqzqidyjovihkqwnkia/Build/Intermediates.noindex/Pods.build/Release-iphonesimulator/LSRFramework.build/DerivedSources-normal/x86_64 -I/Users/edz/Library/Developer/Xcode/DerivedData/App-bytlbhqqorqzqidyjovihkqwnkia/Build/Intermediates.noindex/Pods.build/Release-iphonesimulator/LSRFramework.build/DerivedSources/x86_64 -I/Users/edz/Library/Developer/Xcode/DerivedData/App-bytlbhqqorqzqidyjovihkqwnkia/Build/Intermediates.noindex/Pods.build/Release-iphonesimulator/LSRFramework.build/DerivedSources -F/Users/edz/Library/Developer/Xcode/DerivedData/App-bytlbhqqorqzqidyjovihkqwnkia/Build/Products/Release-iphonesimulator/LSRFramework -F/Users/edz/Library/Developer/Xcode/DerivedData/App-bytlbhqqorqzqidyjovihkqwnkia/Build/Products/Release-iphonesimulator/MBProgressHUD -F/Users/edz/Library/Developer/Xcode/DerivedData/App-bytlbhqqorqzqidyjovihkqwnkia/Build/Products/Release-iphonesimulator/Masonry -Wincomplete-umbrella -w -Xanalyzer -analyzer-disable-all-checks -include /var/folders/4h/hxvz7hb959j4pw0pvbq686x00000gn/T/CocoaPods-Lint-20200722-25225-196xw43-UIModule/Pods/Target\ Support\ Files/LSRFramework/LSRFramework-prefix.pch -MMD -MT dependencies -MF /Users/edz/Library/Developer/Xcode/DerivedData/App-bytlbhqqorqzqidyjovihkqwnkia/Build/Intermediates.noindex/Pods.build/Release-iphonesimulator/LSRFramework.build/Objects-normal/x86_64/LoadingView.d --serialize-diagnostics /Users/edz/Library/Developer/Xcode/DerivedData/App-bytlbhqqorqzqidyjovihkqwnkia/Build/Intermediates.noindex/Pods.build/Release-iphonesimulator/LSRFramework.build/Objects-normal/x86_64/LoadingView.dia -c /var/folders/4h/hxvz7hb959j4pw0pvbq686x00000gn/T/CocoaPods-Lint-20200722-25225-196xw43-UIModule/Pods/LSRFramework/LSRFramework/Classes/BaseClasses/UIViewController/Loading/LoadingView/LoadingView.m -o /Users/edz/Library/Developer/Xcode/DerivedData/App-bytlbhqqorqzqidyjovihkqwnkia/Build/Intermediates.noindex/Pods.build/Release-iphonesimulator/LSRFramework.build/Objects-normal/x86_64/LoadingView.o
    
    CompileC /Users/edz/Library/Developer/Xcode/DerivedData/App-bytlbhqqorqzqidyjovihkqwnkia/Build/Intermediates.noindex/Pods.build/Release-iphonesimulator/LSRFramework.build/Objects-normal/x86_64/LSRFramework_vers.o /Users/edz/Library/Developer/Xcode/DerivedData/App-bytlbhqqorqzqidyjovihkqwnkia/Build/Intermediates.noindex/Pods.build/Release-iphonesimulator/LSRFramework.build/DerivedSources/LSRFramework_vers.c normal x86_64 c com.apple.compilers.llvm.clang.1_0.compiler (in target 'LSRFramework' from project 'Pods')
        cd /var/folders/4h/hxvz7hb959j4pw0pvbq686x00000gn/T/CocoaPods-Lint-20200722-25225-196xw43-UIModule/Pods
        export LANG=en_US.US-ASCII
        /Applications/Xcode.app/Contents/Developer/Toolchains/XcodeDefault.xctoolchain/usr/bin/clang -x c -target x86_64-apple-ios11.0-simulator -fmessage-length=0 -fdiagnostics-show-note-include-stack -fmacro-backtrace-limit=0 -std=gnu11 -fmodules -gmodules -fmodules-cache-path=/Users/edz/Library/Developer/Xcode/DerivedData/ModuleCache.noindex -fmodules-prune-interval=86400 -fmodules-prune-after=345600 -fbuild-session-file=/Users/edz/Library/Developer/Xcode/DerivedData/ModuleCache.noindex/Session.modulevalidation -fmodules-validate-once-per-build-session -Wnon-modular-include-in-framework-module -Werror=non-modular-include-in-framework-module -fmodule-name=LSRFramework -Wno-trigraphs -fpascal-strings -Os -fno-common -Wno-missing-field-initializers -Wno-missing-prototypes -Werror=return-type -Wdocumentation -Wunreachable-code -Werror=deprecated-objc-isa-usage -Werror=objc-root-class -Wno-missing-braces -Wparentheses -Wswitch -Wunused-function -Wno-unused-label -Wno-unused-parameter -Wunused-variable -Wunused-value -Wempty-body -Wuninitialized -Wconditional-uninitialized -Wno-unknown-pragmas -Wno-shadow -Wno-four-char-constants -Wno-conversion -Wconstant-conversion -Wint-conversion -Wbool-conversion -Wenum-conversion -Wno-float-conversion -Wnon-literal-null-conversion -Wobjc-literal-conversion -Wshorten-64-to-32 -Wpointer-sign -Wno-newline-eof -DPOD_CONFIGURATION_RELEASE=1 -DCOCOAPODS=1 -DTTTFRAMEWORK=1 -isysroot /Applications/Xcode.app/Contents/Developer/Platforms/iPhoneSimulator.platform/Developer/SDKs/iPhoneSimulator13.5.sdk -fasm-blocks -fstrict-aliasing -Wdeprecated-declarations -g -Wno-sign-conversion -Winfinite-recursion -Wcomma -Wblock-capture-autoreleasing -Wstrict-prototypes -Wno-semicolon-before-method-body -Wunguarded-availability -iquote /Users/edz/Library/Developer/Xcode/DerivedData/App-bytlbhqqorqzqidyjovihkqwnkia/Build/Intermediates.noindex/Pods.build/Release-iphonesimulator/LSRFramework.build/LSRFramework-generated-files.hmap -I/Users/edz/Library/Developer/Xcode/DerivedData/App-bytlbhqqorqzqidyjovihkqwnkia/Build/Intermediates.noindex/Pods.build/Release-iphonesimulator/LSRFramework.build/LSRFramework-own-target-headers.hmap -I/Users/edz/Library/Developer/Xcode/DerivedData/App-bytlbhqqorqzqidyjovihkqwnkia/Build/Intermediates.noindex/Pods.build/Release-iphonesimulator/LSRFramework.build/LSRFramework-all-non-framework-target-headers.hmap -ivfsoverlay /Users/edz/Library/Developer/Xcode/DerivedData/App-bytlbhqqorqzqidyjovihkqwnkia/Build/Intermediates.noindex/Pods.build/Release-iphonesimulator/LSRFramework.build/all-product-headers.yaml -iquote /Users/edz/Library/Developer/Xcode/DerivedData/App-bytlbhqqorqzqidyjovihkqwnkia/Build/Intermediates.noindex/Pods.build/Release-iphonesimulator/LSRFramework.build/LSRFramework-project-headers.hmap -I/Users/edz/Library/Developer/Xcode/DerivedData/App-bytlbhqqorqzqidyjovihkqwnkia/Build/Products/Release-iphonesimulator/LSRFramework/include -I/Users/edz/Library/Developer/Xcode/DerivedData/App-bytlbhqqorqzqidyjovihkqwnkia/Build/Intermediates.noindex/Pods.build/Release-iphonesimulator/LSRFramework.build/DerivedSources-normal/x86_64 -I/Users/edz/Library/Developer/Xcode/DerivedData/App-bytlbhqqorqzqidyjovihkqwnkia/Build/Intermediates.noindex/Pods.build/Release-iphonesimulator/LSRFramework.build/DerivedSources/x86_64 -I/Users/edz/Library/Developer/Xcode/DerivedData/App-bytlbhqqorqzqidyjovihkqwnkia/Build/Intermediates.noindex/Pods.build/Release-iphonesimulator/LSRFramework.build/DerivedSources -F/Users/edz/Library/Developer/Xcode/DerivedData/App-bytlbhqqorqzqidyjovihkqwnkia/Build/Products/Release-iphonesimulator/LSRFramework -F/Users/edz/Library/Developer/Xcode/DerivedData/App-bytlbhqqorqzqidyjovihkqwnkia/Build/Products/Release-iphonesimulator/MBProgressHUD -F/Users/edz/Library/Developer/Xcode/DerivedData/App-bytlbhqqorqzqidyjovihkqwnkia/Build/Products/Release-iphonesimulator/Masonry -Wincomplete-umbrella -MMD -MT dependencies -MF /Users/edz/Library/Developer/Xcode/DerivedData/App-bytlbhqqorqzqidyjovihkqwnkia/Build/Intermediates.noindex/Pods.build/Release-iphonesimulator/LSRFramework.build/Objects-normal/x86_64/LSRFramework_vers.d --serialize-diagnostics /Users/edz/Library/Developer/Xcode/DerivedData/App-bytlbhqqorqzqidyjovihkqwnkia/Build/Intermediates.noindex/Pods.build/Release-iphonesimulator/LSRFramework.build/Objects-normal/x86_64/LSRFramework_vers.dia -c /Users/edz/Library/Developer/Xcode/DerivedData/App-bytlbhqqorqzqidyjovihkqwnkia/Build/Intermediates.noindex/Pods.build/Release-iphonesimulator/LSRFramework.build/DerivedSources/LSRFramework_vers.c -o /Users/edz/Library/Developer/Xcode/DerivedData/App-bytlbhqqorqzqidyjovihkqwnkia/Build/Intermediates.noindex/Pods.build/Release-iphonesimulator/LSRFramework.build/Objects-normal/x86_64/LSRFramework_vers.o
    
    CompileC /Users/edz/Library/Developer/Xcode/DerivedData/App-bytlbhqqorqzqidyjovihkqwnkia/Build/Intermediates.noindex/Pods.build/Release-iphonesimulator/LSRFramework.build/Objects-normal/x86_64/LSRFramework-dummy.o /var/folders/4h/hxvz7hb959j4pw0pvbq686x00000gn/T/CocoaPods-Lint-20200722-25225-196xw43-UIModule/Pods/Target\ Support\ Files/LSRFramework/LSRFramework-dummy.m normal x86_64 objective-c com.apple.compilers.llvm.clang.1_0.compiler (in target 'LSRFramework' from project 'Pods')
        cd /var/folders/4h/hxvz7hb959j4pw0pvbq686x00000gn/T/CocoaPods-Lint-20200722-25225-196xw43-UIModule/Pods
        export LANG=en_US.US-ASCII
        /Applications/Xcode.app/Contents/Developer/Toolchains/XcodeDefault.xctoolchain/usr/bin/clang -x objective-c -target x86_64-apple-ios11.0-simulator -fmessage-length=0 -fdiagnostics-show-note-include-stack -fmacro-backtrace-limit=0 -std=gnu11 -fobjc-arc -fmodules -gmodules -fmodules-cache-path=/Users/edz/Library/Developer/Xcode/DerivedData/ModuleCache.noindex -fmodules-prune-interval=86400 -fmodules-prune-after=345600 -fbuild-session-file=/Users/edz/Library/Developer/Xcode/DerivedData/ModuleCache.noindex/Session.modulevalidation -fmodules-validate-once-per-build-session -Wnon-modular-include-in-framework-module -Werror=non-modular-include-in-framework-module -fmodule-name=LSRFramework -Wno-trigraphs -fpascal-strings -Os -fno-common -Wno-missing-field-initializers -Wno-missing-prototypes -Werror=return-type -Wdocumentation -Wunreachable-code -Wno-implicit-atomic-properties -Werror=deprecated-objc-isa-usage -Wno-objc-interface-ivars -Werror=objc-root-class -Wno-arc-repeated-use-of-weak -Wimplicit-retain-self -Wduplicate-method-match -Wno-missing-braces -Wparentheses -Wswitch -Wunused-function -Wno-unused-label -Wno-unused-parameter -Wunused-variable -Wunused-value -Wempty-body -Wuninitialized -Wconditional-uninitialized -Wno-unknown-pragmas -Wno-shadow -Wno-four-char-constants -Wno-conversion -Wconstant-conversion -Wint-conversion -Wbool-conversion -Wenum-conversion -Wno-float-conversion -Wnon-literal-null-conversion -Wobjc-literal-conversion -Wshorten-64-to-32 -Wpointer-sign -Wno-newline-eof -Wno-selector -Wno-strict-selector-match -Wundeclared-selector -Wdeprecated-implementations -DPOD_CONFIGURATION_RELEASE=1 -DCOCOAPODS=1 -DTTTFRAMEWORK=1 -DNS_BLOCK_ASSERTIONS=1 -DOBJC_OLD_DISPATCH_PROTOTYPES=0 -isysroot /Applications/Xcode.app/Contents/Developer/Platforms/iPhoneSimulator.platform/Developer/SDKs/iPhoneSimulator13.5.sdk -fasm-blocks -fstrict-aliasing -Wprotocol -Wdeprecated-declarations -g -Wno-sign-conversion -Winfinite-recursion -Wcomma -Wblock-capture-autoreleasing -Wstrict-prototypes -Wno-semicolon-before-method-body -Wunguarded-availability -fobjc-abi-version=2 -fobjc-legacy-dispatch -iquote /Users/edz/Library/Developer/Xcode/DerivedData/App-bytlbhqqorqzqidyjovihkqwnkia/Build/Intermediates.noindex/Pods.build/Release-iphonesimulator/LSRFramework.build/LSRFramework-generated-files.hmap -I/Users/edz/Library/Developer/Xcode/DerivedData/App-bytlbhqqorqzqidyjovihkqwnkia/Build/Intermediates.noindex/Pods.build/Release-iphonesimulator/LSRFramework.build/LSRFramework-own-target-headers.hmap -I/Users/edz/Library/Developer/Xcode/DerivedData/App-bytlbhqqorqzqidyjovihkqwnkia/Build/Intermediates.noindex/Pods.build/Release-iphonesimulator/LSRFramework.build/LSRFramework-all-non-framework-target-headers.hmap -ivfsoverlay /Users/edz/Library/Developer/Xcode/DerivedData/App-bytlbhqqorqzqidyjovihkqwnkia/Build/Intermediates.noindex/Pods.build/Release-iphonesimulator/LSRFramework.build/all-product-headers.yaml -iquote /Users/edz/Library/Developer/Xcode/DerivedData/App-bytlbhqqorqzqidyjovihkqwnkia/Build/Intermediates.noindex/Pods.build/Release-iphonesimulator/LSRFramework.build/LSRFramework-project-headers.hmap -I/Users/edz/Library/Developer/Xcode/DerivedData/App-bytlbhqqorqzqidyjovihkqwnkia/Build/Products/Release-iphonesimulator/LSRFramework/include -I/Users/edz/Library/Developer/Xcode/DerivedData/App-bytlbhqqorqzqidyjovihkqwnkia/Build/Intermediates.noindex/Pods.build/Release-iphonesimulator/LSRFramework.build/DerivedSources-normal/x86_64 -I/Users/edz/Library/Developer/Xcode/DerivedData/App-bytlbhqqorqzqidyjovihkqwnkia/Build/Intermediates.noindex/Pods.build/Release-iphonesimulator/LSRFramework.build/DerivedSources/x86_64 -I/Users/edz/Library/Developer/Xcode/DerivedData/App-bytlbhqqorqzqidyjovihkqwnkia/Build/Intermediates.noindex/Pods.build/Release-iphonesimulator/LSRFramework.build/DerivedSources -F/Users/edz/Library/Developer/Xcode/DerivedData/App-bytlbhqqorqzqidyjovihkqwnkia/Build/Products/Release-iphonesimulator/LSRFramework -F/Users/edz/Library/Developer/Xcode/DerivedData/App-bytlbhqqorqzqidyjovihkqwnkia/Build/Products/Release-iphonesimulator/MBProgressHUD -F/Users/edz/Library/Developer/Xcode/DerivedData/App-bytlbhqqorqzqidyjovihkqwnkia/Build/Products/Release-iphonesimulator/Masonry -Wincomplete-umbrella -include /var/folders/4h/hxvz7hb959j4pw0pvbq686x00000gn/T/CocoaPods-Lint-20200722-25225-196xw43-UIModule/Pods/Target\ Support\ Files/LSRFramework/LSRFramework-prefix.pch -MMD -MT dependencies -MF /Users/edz/Library/Developer/Xcode/DerivedData/App-bytlbhqqorqzqidyjovihkqwnkia/Build/Intermediates.noindex/Pods.build/Release-iphonesimulator/LSRFramework.build/Objects-normal/x86_64/LSRFramework-dummy.d --serialize-diagnostics /Users/edz/Library/Developer/Xcode/DerivedData/App-bytlbhqqorqzqidyjovihkqwnkia/Build/Intermediates.noindex/Pods.build/Release-iphonesimulator/LSRFramework.build/Objects-normal/x86_64/LSRFramework-dummy.dia -c /var/folders/4h/hxvz7hb959j4pw0pvbq686x00000gn/T/CocoaPods-Lint-20200722-25225-196xw43-UIModule/Pods/Target\ Support\ Files/LSRFramework/LSRFramework-dummy.m -o /Users/edz/Library/Developer/Xcode/DerivedData/App-bytlbhqqorqzqidyjovihkqwnkia/Build/Intermediates.noindex/Pods.build/Release-iphonesimulator/LSRFramework.build/Objects-normal/x86_64/LSRFramework-dummy.o
    
    CompileC /Users/edz/Library/Developer/Xcode/DerivedData/App-bytlbhqqorqzqidyjovihkqwnkia/Build/Intermediates.noindex/Pods.build/Release-iphonesimulator/LSRFramework.build/Objects-normal/x86_64/CTAssetsViewControllerTransition.o /var/folders/4h/hxvz7hb959j4pw0pvbq686x00000gn/T/CocoaPods-Lint-20200722-25225-196xw43-UIModule/Pods/LSRFramework/LSRFramework/Classes/BaseClasses/UIViewController/Picker/AssetsPicker/CTAssetsPickerController/CTAssetsViewControllerTransition.m normal x86_64 objective-c com.apple.compilers.llvm.clang.1_0.compiler (in target 'LSRFramework' from project 'Pods')
        cd /var/folders/4h/hxvz7hb959j4pw0pvbq686x00000gn/T/CocoaPods-Lint-20200722-25225-196xw43-UIModule/Pods
        export LANG=en_US.US-ASCII
        /Applications/Xcode.app/Contents/Developer/Toolchains/XcodeDefault.xctoolchain/usr/bin/clang -x objective-c -target x86_64-apple-ios11.0-simulator -fmessage-length=0 -fdiagnostics-show-note-include-stack -fmacro-backtrace-limit=0 -std=gnu11 -fobjc-arc -fmodules -gmodules -fmodules-cache-path=/Users/edz/Library/Developer/Xcode/DerivedData/ModuleCache.noindex -fmodules-prune-interval=86400 -fmodules-prune-after=345600 -fbuild-session-file=/Users/edz/Library/Developer/Xcode/DerivedData/ModuleCache.noindex/Session.modulevalidation -fmodules-validate-once-per-build-session -Wnon-modular-include-in-framework-module -Werror=non-modular-include-in-framework-module -fmodule-name=LSRFramework -Wno-trigraphs -fpascal-strings -Os -fno-common -Wno-missing-field-initializers -Wno-missing-prototypes -Werror=return-type -Wdocumentation -Wunreachable-code -Wno-implicit-atomic-properties -Werror=deprecated-objc-isa-usage -Wno-objc-interface-ivars -Werror=objc-root-class -Wno-arc-repeated-use-of-weak -Wimplicit-retain-self -Wduplicate-method-match -Wno-missing-braces -Wparentheses -Wswitch -Wunused-function -Wno-unused-label -Wno-unused-parameter -Wunused-variable -Wunused-value -Wempty-body -Wuninitialized -Wconditional-uninitialized -Wno-unknown-pragmas -Wno-shadow -Wno-four-char-constants -Wno-conversion -Wconstant-conversion -Wint-conversion -Wbool-conversion -Wenum-conversion -Wno-float-conversion -Wnon-literal-null-conversion -Wobjc-literal-conversion -Wshorten-64-to-32 -Wpointer-sign -Wno-newline-eof -Wno-selector -Wno-strict-selector-match -Wundeclared-selector -Wdeprecated-implementations -DPOD_CONFIGURATION_RELEASE=1 -DCOCOAPODS=1 -DTTTFRAMEWORK=1 -DNS_BLOCK_ASSERTIONS=1 -DOBJC_OLD_DISPATCH_PROTOTYPES=0 -isysroot /Applications/Xcode.app/Contents/Developer/Platforms/iPhoneSimulator.platform/Developer/SDKs/iPhoneSimulator13.5.sdk -fasm-blocks -fstrict-aliasing -Wprotocol -Wdeprecated-declarations -g -Wno-sign-conversion -Winfinite-recursion -Wcomma -Wblock-capture-autoreleasing -Wstrict-prototypes -Wno-semicolon-before-method-body -Wunguarded-availability -fobjc-abi-version=2 -fobjc-legacy-dispatch -iquote /Users/edz/Library/Developer/Xcode/DerivedData/App-bytlbhqqorqzqidyjovihkqwnkia/Build/Intermediates.noindex/Pods.build/Release-iphonesimulator/LSRFramework.build/LSRFramework-generated-files.hmap -I/Users/edz/Library/Developer/Xcode/DerivedData/App-bytlbhqqorqzqidyjovihkqwnkia/Build/Intermediates.noindex/Pods.build/Release-iphonesimulator/LSRFramework.build/LSRFramework-own-target-headers.hmap -I/Users/edz/Library/Developer/Xcode/DerivedData/App-bytlbhqqorqzqidyjovihkqwnkia/Build/Intermediates.noindex/Pods.build/Release-iphonesimulator/LSRFramework.build/LSRFramework-all-non-framework-target-headers.hmap -ivfsoverlay /Users/edz/Library/Developer/Xcode/DerivedData/App-bytlbhqqorqzqidyjovihkqwnkia/Build/Intermediates.noindex/Pods.build/Release-iphonesimulator/LSRFramework.build/all-product-headers.yaml -iquote /Users/edz/Library/Developer/Xcode/DerivedData/App-bytlbhqqorqzqidyjovihkqwnkia/Build/Intermediates.noindex/Pods.build/Release-iphonesimulator/LSRFramework.build/LSRFramework-project-headers.hmap -I/Users/edz/Library/Developer/Xcode/DerivedData/App-bytlbhqqorqzqidyjovihkqwnkia/Build/Products/Release-iphonesimulator/LSRFramework/include -I/Users/edz/Library/Developer/Xcode/DerivedData/App-bytlbhqqorqzqidyjovihkqwnkia/Build/Intermediates.noindex/Pods.build/Release-iphonesimulator/LSRFramework.build/DerivedSources-normal/x86_64 -I/Users/edz/Library/Developer/Xcode/DerivedData/App-bytlbhqqorqzqidyjovihkqwnkia/Build/Intermediates.noindex/Pods.build/Release-iphonesimulator/LSRFramework.build/DerivedSources/x86_64 -I/Users/edz/Library/Developer/Xcode/DerivedData/App-bytlbhqqorqzqidyjovihkqwnkia/Build/Intermediates.noindex/Pods.build/Release-iphonesimulator/LSRFramework.build/DerivedSources -F/Users/edz/Library/Developer/Xcode/DerivedData/App-bytlbhqqorqzqidyjovihkqwnkia/Build/Products/Release-iphonesimulator/LSRFramework -F/Users/edz/Library/Developer/Xcode/DerivedData/App-bytlbhqqorqzqidyjovihkqwnkia/Build/Products/Release-iphonesimulator/MBProgressHUD -F/Users/edz/Library/Developer/Xcode/DerivedData/App-bytlbhqqorqzqidyjovihkqwnkia/Build/Products/Release-iphonesimulator/Masonry -Wincomplete-umbrella -w -Xanalyzer -analyzer-disable-all-checks -include /var/folders/4h/hxvz7hb959j4pw0pvbq686x00000gn/T/CocoaPods-Lint-20200722-25225-196xw43-UIModule/Pods/Target\ Support\ Files/LSRFramework/LSRFramework-prefix.pch -MMD -MT dependencies -MF /Users/edz/Library/Developer/Xcode/DerivedData/App-bytlbhqqorqzqidyjovihkqwnkia/Build/Intermediates.noindex/Pods.build/Release-iphonesimulator/LSRFramework.build/Objects-normal/x86_64/CTAssetsViewControllerTransition.d --serialize-diagnostics /Users/edz/Library/Developer/Xcode/DerivedData/App-bytlbhqqorqzqidyjovihkqwnkia/Build/Intermediates.noindex/Pods.build/Release-iphonesimulator/LSRFramework.build/Objects-normal/x86_64/CTAssetsViewControllerTransition.dia -c /var/folders/4h/hxvz7hb959j4pw0pvbq686x00000gn/T/CocoaPods-Lint-20200722-25225-196xw43-UIModule/Pods/LSRFramework/LSRFramework/Classes/BaseClasses/UIViewController/Picker/AssetsPicker/CTAssetsPickerController/CTAssetsViewControllerTransition.m -o /Users/edz/Library/Developer/Xcode/DerivedData/App-bytlbhqqorqzqidyjovihkqwnkia/Build/Intermediates.noindex/Pods.build/Release-iphonesimulator/LSRFramework.build/Objects-normal/x86_64/CTAssetsViewControllerTransition.o
    
    CompileC /Users/edz/Library/Developer/Xcode/DerivedData/App-bytlbhqqorqzqidyjovihkqwnkia/Build/Intermediates.noindex/Pods.build/Release-iphonesimulator/LSRFramework.build/Objects-normal/x86_64/CTAssetsPickerSettings.o /var/folders/4h/hxvz7hb959j4pw0pvbq686x00000gn/T/CocoaPods-Lint-20200722-25225-196xw43-UIModule/Pods/LSRFramework/LSRFramework/Classes/BaseClasses/UIViewController/Picker/AssetsPicker/CTAssetsPickerController/CTAssetsPickerSettings.m normal x86_64 objective-c com.apple.compilers.llvm.clang.1_0.compiler (in target 'LSRFramework' from project 'Pods')
        cd /var/folders/4h/hxvz7hb959j4pw0pvbq686x00000gn/T/CocoaPods-Lint-20200722-25225-196xw43-UIModule/Pods
        export LANG=en_US.US-ASCII
        /Applications/Xcode.app/Contents/Developer/Toolchains/XcodeDefault.xctoolchain/usr/bin/clang -x objective-c -target x86_64-apple-ios11.0-simulator -fmessage-length=0 -fdiagnostics-show-note-include-stack -fmacro-backtrace-limit=0 -std=gnu11 -fobjc-arc -fmodules -gmodules -fmodules-cache-path=/Users/edz/Library/Developer/Xcode/DerivedData/ModuleCache.noindex -fmodules-prune-interval=86400 -fmodules-prune-after=345600 -fbuild-session-file=/Users/edz/Library/Developer/Xcode/DerivedData/ModuleCache.noindex/Session.modulevalidation -fmodules-validate-once-per-build-session -Wnon-modular-include-in-framework-module -Werror=non-modular-include-in-framework-module -fmodule-name=LSRFramework -Wno-trigraphs -fpascal-strings -Os -fno-common -Wno-missing-field-initializers -Wno-missing-prototypes -Werror=return-type -Wdocumentation -Wunreachable-code -Wno-implicit-atomic-properties -Werror=deprecated-objc-isa-usage -Wno-objc-interface-ivars -Werror=objc-root-class -Wno-arc-repeated-use-of-weak -Wimplicit-retain-self -Wduplicate-method-match -Wno-missing-braces -Wparentheses -Wswitch -Wunused-function -Wno-unused-label -Wno-unused-parameter -Wunused-variable -Wunused-value -Wempty-body -Wuninitialized -Wconditional-uninitialized -Wno-unknown-pragmas -Wno-shadow -Wno-four-char-constants -Wno-conversion -Wconstant-conversion -Wint-conversion -Wbool-conversion -Wenum-conversion -Wno-float-conversion -Wnon-literal-null-conversion -Wobjc-literal-conversion -Wshorten-64-to-32 -Wpointer-sign -Wno-newline-eof -Wno-selector -Wno-strict-selector-match -Wundeclared-selector -Wdeprecated-implementations -DPOD_CONFIGURATION_RELEASE=1 -DCOCOAPODS=1 -DTTTFRAMEWORK=1 -DNS_BLOCK_ASSERTIONS=1 -DOBJC_OLD_DISPATCH_PROTOTYPES=0 -isysroot /Applications/Xcode.app/Contents/Developer/Platforms/iPhoneSimulator.platform/Developer/SDKs/iPhoneSimulator13.5.sdk -fasm-blocks -fstrict-aliasing -Wprotocol -Wdeprecated-declarations -g -Wno-sign-conversion -Winfinite-recursion -Wcomma -Wblock-capture-autoreleasing -Wstrict-prototypes -Wno-semicolon-before-method-body -Wunguarded-availability -fobjc-abi-version=2 -fobjc-legacy-dispatch -iquote /Users/edz/Library/Developer/Xcode/DerivedData/App-bytlbhqqorqzqidyjovihkqwnkia/Build/Intermediates.noindex/Pods.build/Release-iphonesimulator/LSRFramework.build/LSRFramework-generated-files.hmap -I/Users/edz/Library/Developer/Xcode/DerivedData/App-bytlbhqqorqzqidyjovihkqwnkia/Build/Intermediates.noindex/Pods.build/Release-iphonesimulator/LSRFramework.build/LSRFramework-own-target-headers.hmap -I/Users/edz/Library/Developer/Xcode/DerivedData/App-bytlbhqqorqzqidyjovihkqwnkia/Build/Intermediates.noindex/Pods.build/Release-iphonesimulator/LSRFramework.build/LSRFramework-all-non-framework-target-headers.hmap -ivfsoverlay /Users/edz/Library/Developer/Xcode/DerivedData/App-bytlbhqqorqzqidyjovihkqwnkia/Build/Intermediates.noindex/Pods.build/Release-iphonesimulator/LSRFramework.build/all-product-headers.yaml -iquote /Users/edz/Library/Developer/Xcode/DerivedData/App-bytlbhqqorqzqidyjovihkqwnkia/Build/Intermediates.noindex/Pods.build/Release-iphonesimulator/LSRFramework.build/LSRFramework-project-headers.hmap -I/Users/edz/Library/Developer/Xcode/DerivedData/App-bytlbhqqorqzqidyjovihkqwnkia/Build/Products/Release-iphonesimulator/LSRFramework/include -I/Users/edz/Library/Developer/Xcode/DerivedData/App-bytlbhqqorqzqidyjovihkqwnkia/Build/Intermediates.noindex/Pods.build/Release-iphonesimulator/LSRFramework.build/DerivedSources-normal/x86_64 -I/Users/edz/Library/Developer/Xcode/DerivedData/App-bytlbhqqorqzqidyjovihkqwnkia/Build/Intermediates.noindex/Pods.build/Release-iphonesimulator/LSRFramework.build/DerivedSources/x86_64 -I/Users/edz/Library/Developer/Xcode/DerivedData/App-bytlbhqqorqzqidyjovihkqwnkia/Build/Intermediates.noindex/Pods.build/Release-iphonesimulator/LSRFramework.build/DerivedSources -F/Users/edz/Library/Developer/Xcode/DerivedData/App-bytlbhqqorqzqidyjovihkqwnkia/Build/Products/Release-iphonesimulator/LSRFramework -F/Users/edz/Library/Developer/Xcode/DerivedData/App-bytlbhqqorqzqidyjovihkqwnkia/Build/Products/Release-iphonesimulator/MBProgressHUD -F/Users/edz/Library/Developer/Xcode/DerivedData/App-bytlbhqqorqzqidyjovihkqwnkia/Build/Products/Release-iphonesimulator/Masonry -Wincomplete-umbrella -w -Xanalyzer -analyzer-disable-all-checks -include /var/folders/4h/hxvz7hb959j4pw0pvbq686x00000gn/T/CocoaPods-Lint-20200722-25225-196xw43-UIModule/Pods/Target\ Support\ Files/LSRFramework/LSRFramework-prefix.pch -MMD -MT dependencies -MF /Users/edz/Library/Developer/Xcode/DerivedData/App-bytlbhqqorqzqidyjovihkqwnkia/Build/Intermediates.noindex/Pods.build/Release-iphonesimulator/LSRFramework.build/Objects-normal/x86_64/CTAssetsPickerSettings.d --serialize-diagnostics /Users/edz/Library/Developer/Xcode/DerivedData/App-bytlbhqqorqzqidyjovihkqwnkia/Build/Intermediates.noindex/Pods.build/Release-iphonesimulator/LSRFramework.build/Objects-normal/x86_64/CTAssetsPickerSettings.dia -c /var/folders/4h/hxvz7hb959j4pw0pvbq686x00000gn/T/CocoaPods-Lint-20200722-25225-196xw43-UIModule/Pods/LSRFramework/LSRFramework/Classes/BaseClasses/UIViewController/Picker/AssetsPicker/CTAssetsPickerController/CTAssetsPickerSettings.m -o /Users/edz/Library/Developer/Xcode/DerivedData/App-bytlbhqqorqzqidyjovihkqwnkia/Build/Intermediates.noindex/Pods.build/Release-iphonesimulator/LSRFramework.build/Objects-normal/x86_64/CTAssetsPickerSettings.o
    
    CompileC /Users/edz/Library/Developer/Xcode/DerivedData/App-bytlbhqqorqzqidyjovihkqwnkia/Build/Intermediates.noindex/Pods.build/Release-iphonesimulator/LSRFramework.build/Objects-normal/x86_64/CTAssetsPickerNoAssetsView.o /var/folders/4h/hxvz7hb959j4pw0pvbq686x00000gn/T/CocoaPods-Lint-20200722-25225-196xw43-UIModule/Pods/LSRFramework/LSRFramework/Classes/BaseClasses/UIViewController/Picker/AssetsPicker/CTAssetsPickerController/CTAssetsPickerNoAssetsView.m normal x86_64 objective-c com.apple.compilers.llvm.clang.1_0.compiler (in target 'LSRFramework' from project 'Pods')
        cd /var/folders/4h/hxvz7hb959j4pw0pvbq686x00000gn/T/CocoaPods-Lint-20200722-25225-196xw43-UIModule/Pods
        export LANG=en_US.US-ASCII
        /Applications/Xcode.app/Contents/Developer/Toolchains/XcodeDefault.xctoolchain/usr/bin/clang -x objective-c -target x86_64-apple-ios11.0-simulator -fmessage-length=0 -fdiagnostics-show-note-include-stack -fmacro-backtrace-limit=0 -std=gnu11 -fobjc-arc -fmodules -gmodules -fmodules-cache-path=/Users/edz/Library/Developer/Xcode/DerivedData/ModuleCache.noindex -fmodules-prune-interval=86400 -fmodules-prune-after=345600 -fbuild-session-file=/Users/edz/Library/Developer/Xcode/DerivedData/ModuleCache.noindex/Session.modulevalidation -fmodules-validate-once-per-build-session -Wnon-modular-include-in-framework-module -Werror=non-modular-include-in-framework-module -fmodule-name=LSRFramework -Wno-trigraphs -fpascal-strings -Os -fno-common -Wno-missing-field-initializers -Wno-missing-prototypes -Werror=return-type -Wdocumentation -Wunreachable-code -Wno-implicit-atomic-properties -Werror=deprecated-objc-isa-usage -Wno-objc-interface-ivars -Werror=objc-root-class -Wno-arc-repeated-use-of-weak -Wimplicit-retain-self -Wduplicate-method-match -Wno-missing-braces -Wparentheses -Wswitch -Wunused-function -Wno-unused-label -Wno-unused-parameter -Wunused-variable -Wunused-value -Wempty-body -Wuninitialized -Wconditional-uninitialized -Wno-unknown-pragmas -Wno-shadow -Wno-four-char-constants -Wno-conversion -Wconstant-conversion -Wint-conversion -Wbool-conversion -Wenum-conversion -Wno-float-conversion -Wnon-literal-null-conversion -Wobjc-literal-conversion -Wshorten-64-to-32 -Wpointer-sign -Wno-newline-eof -Wno-selector -Wno-strict-selector-match -Wundeclared-selector -Wdeprecated-implementations -DPOD_CONFIGURATION_RELEASE=1 -DCOCOAPODS=1 -DTTTFRAMEWORK=1 -DNS_BLOCK_ASSERTIONS=1 -DOBJC_OLD_DISPATCH_PROTOTYPES=0 -isysroot /Applications/Xcode.app/Contents/Developer/Platforms/iPhoneSimulator.platform/Developer/SDKs/iPhoneSimulator13.5.sdk -fasm-blocks -fstrict-aliasing -Wprotocol -Wdeprecated-declarations -g -Wno-sign-conversion -Winfinite-recursion -Wcomma -Wblock-capture-autoreleasing -Wstrict-prototypes -Wno-semicolon-before-method-body -Wunguarded-availability -fobjc-abi-version=2 -fobjc-legacy-dispatch -iquote /Users/edz/Library/Developer/Xcode/DerivedData/App-bytlbhqqorqzqidyjovihkqwnkia/Build/Intermediates.noindex/Pods.build/Release-iphonesimulator/LSRFramework.build/LSRFramework-generated-files.hmap -I/Users/edz/Library/Developer/Xcode/DerivedData/App-bytlbhqqorqzqidyjovihkqwnkia/Build/Intermediates.noindex/Pods.build/Release-iphonesimulator/LSRFramework.build/LSRFramework-own-target-headers.hmap -I/Users/edz/Library/Developer/Xcode/DerivedData/App-bytlbhqqorqzqidyjovihkqwnkia/Build/Intermediates.noindex/Pods.build/Release-iphonesimulator/LSRFramework.build/LSRFramework-all-non-framework-target-headers.hmap -ivfsoverlay /Users/edz/Library/Developer/Xcode/DerivedData/App-bytlbhqqorqzqidyjovihkqwnkia/Build/Intermediates.noindex/Pods.build/Release-iphonesimulator/LSRFramework.build/all-product-headers.yaml -iquote /Users/edz/Library/Developer/Xcode/DerivedData/App-bytlbhqqorqzqidyjovihkqwnkia/Build/Intermediates.noindex/Pods.build/Release-iphonesimulator/LSRFramework.build/LSRFramework-project-headers.hmap -I/Users/edz/Library/Developer/Xcode/DerivedData/App-bytlbhqqorqzqidyjovihkqwnkia/Build/Products/Release-iphonesimulator/LSRFramework/include -I/Users/edz/Library/Developer/Xcode/DerivedData/App-bytlbhqqorqzqidyjovihkqwnkia/Build/Intermediates.noindex/Pods.build/Release-iphonesimulator/LSRFramework.build/DerivedSources-normal/x86_64 -I/Users/edz/Library/Developer/Xcode/DerivedData/App-bytlbhqqorqzqidyjovihkqwnkia/Build/Intermediates.noindex/Pods.build/Release-iphonesimulator/LSRFramework.build/DerivedSources/x86_64 -I/Users/edz/Library/Developer/Xcode/DerivedData/App-bytlbhqqorqzqidyjovihkqwnkia/Build/Intermediates.noindex/Pods.build/Release-iphonesimulator/LSRFramework.build/DerivedSources -F/Users/edz/Library/Developer/Xcode/DerivedData/App-bytlbhqqorqzqidyjovihkqwnkia/Build/Products/Release-iphonesimulator/LSRFramework -F/Users/edz/Library/Developer/Xcode/DerivedData/App-bytlbhqqorqzqidyjovihkqwnkia/Build/Products/Release-iphonesimulator/MBProgressHUD -F/Users/edz/Library/Developer/Xcode/DerivedData/App-bytlbhqqorqzqidyjovihkqwnkia/Build/Products/Release-iphonesimulator/Masonry -Wincomplete-umbrella -w -Xanalyzer -analyzer-disable-all-checks -include /var/folders/4h/hxvz7hb959j4pw0pvbq686x00000gn/T/CocoaPods-Lint-20200722-25225-196xw43-UIModule/Pods/Target\ Support\ Files/LSRFramework/LSRFramework-prefix.pch -MMD -MT dependencies -MF /Users/edz/Library/Developer/Xcode/DerivedData/App-bytlbhqqorqzqidyjovihkqwnkia/Build/Intermediates.noindex/Pods.build/Release-iphonesimulator/LSRFramework.build/Objects-normal/x86_64/CTAssetsPickerNoAssetsView.d --serialize-diagnostics /Users/edz/Library/Developer/Xcode/DerivedData/App-bytlbhqqorqzqidyjovihkqwnkia/Build/Intermediates.noindex/Pods.build/Release-iphonesimulator/LSRFramework.build/Objects-normal/x86_64/CTAssetsPickerNoAssetsView.dia -c /var/folders/4h/hxvz7hb959j4pw0pvbq686x00000gn/T/CocoaPods-Lint-20200722-25225-196xw43-UIModule/Pods/LSRFramework/LSRFramework/Classes/BaseClasses/UIViewController/Picker/AssetsPicker/CTAssetsPickerController/CTAssetsPickerNoAssetsView.m -o /Users/edz/Library/Developer/Xcode/DerivedData/App-bytlbhqqorqzqidyjovihkqwnkia/Build/Intermediates.noindex/Pods.build/Release-iphonesimulator/LSRFramework.build/Objects-normal/x86_64/CTAssetsPickerNoAssetsView.o
    
    CompileC /Users/edz/Library/Developer/Xcode/DerivedData/App-bytlbhqqorqzqidyjovihkqwnkia/Build/Intermediates.noindex/Pods.build/Release-iphonesimulator/LSRFramework.build/Objects-normal/x86_64/CTAssetsPickerController.o /var/folders/4h/hxvz7hb959j4pw0pvbq686x00000gn/T/CocoaPods-Lint-20200722-25225-196xw43-UIModule/Pods/LSRFramework/LSRFramework/Classes/BaseClasses/UIViewController/Picker/AssetsPicker/CTAssetsPickerController/CTAssetsPickerController.m normal x86_64 objective-c com.apple.compilers.llvm.clang.1_0.compiler (in target 'LSRFramework' from project 'Pods')
        cd /var/folders/4h/hxvz7hb959j4pw0pvbq686x00000gn/T/CocoaPods-Lint-20200722-25225-196xw43-UIModule/Pods
        export LANG=en_US.US-ASCII
        /Applications/Xcode.app/Contents/Developer/Toolchains/XcodeDefault.xctoolchain/usr/bin/clang -x objective-c -target x86_64-apple-ios11.0-simulator -fmessage-length=0 -fdiagnostics-show-note-include-stack -fmacro-backtrace-limit=0 -std=gnu11 -fobjc-arc -fmodules -gmodules -fmodules-cache-path=/Users/edz/Library/Developer/Xcode/DerivedData/ModuleCache.noindex -fmodules-prune-interval=86400 -fmodules-prune-after=345600 -fbuild-session-file=/Users/edz/Library/Developer/Xcode/DerivedData/ModuleCache.noindex/Session.modulevalidation -fmodules-validate-once-per-build-session -Wnon-modular-include-in-framework-module -Werror=non-modular-include-in-framework-module -fmodule-name=LSRFramework -Wno-trigraphs -fpascal-strings -Os -fno-common -Wno-missing-field-initializers -Wno-missing-prototypes -Werror=return-type -Wdocumentation -Wunreachable-code -Wno-implicit-atomic-properties -Werror=deprecated-objc-isa-usage -Wno-objc-interface-ivars -Werror=objc-root-class -Wno-arc-repeated-use-of-weak -Wimplicit-retain-self -Wduplicate-method-match -Wno-missing-braces -Wparentheses -Wswitch -Wunused-function -Wno-unused-label -Wno-unused-parameter -Wunused-variable -Wunused-value -Wempty-body -Wuninitialized -Wconditional-uninitialized -Wno-unknown-pragmas -Wno-shadow -Wno-four-char-constants -Wno-conversion -Wconstant-conversion -Wint-conversion -Wbool-conversion -Wenum-conversion -Wno-float-conversion -Wnon-literal-null-conversion -Wobjc-literal-conversion -Wshorten-64-to-32 -Wpointer-sign -Wno-newline-eof -Wno-selector -Wno-strict-selector-match -Wundeclared-selector -Wdeprecated-implementations -DPOD_CONFIGURATION_RELEASE=1 -DCOCOAPODS=1 -DTTTFRAMEWORK=1 -DNS_BLOCK_ASSERTIONS=1 -DOBJC_OLD_DISPATCH_PROTOTYPES=0 -isysroot /Applications/Xcode.app/Contents/Developer/Platforms/iPhoneSimulator.platform/Developer/SDKs/iPhoneSimulator13.5.sdk -fasm-blocks -fstrict-aliasing -Wprotocol -Wdeprecated-declarations -g -Wno-sign-conversion -Winfinite-recursion -Wcomma -Wblock-capture-autoreleasing -Wstrict-prototypes -Wno-semicolon-before-method-body -Wunguarded-availability -fobjc-abi-version=2 -fobjc-legacy-dispatch -iquote /Users/edz/Library/Developer/Xcode/DerivedData/App-bytlbhqqorqzqidyjovihkqwnkia/Build/Intermediates.noindex/Pods.build/Release-iphonesimulator/LSRFramework.build/LSRFramework-generated-files.hmap -I/Users/edz/Library/Developer/Xcode/DerivedData/App-bytlbhqqorqzqidyjovihkqwnkia/Build/Intermediates.noindex/Pods.build/Release-iphonesimulator/LSRFramework.build/LSRFramework-own-target-headers.hmap -I/Users/edz/Library/Developer/Xcode/DerivedData/App-bytlbhqqorqzqidyjovihkqwnkia/Build/Intermediates.noindex/Pods.build/Release-iphonesimulator/LSRFramework.build/LSRFramework-all-non-framework-target-headers.hmap -ivfsoverlay /Users/edz/Library/Developer/Xcode/DerivedData/App-bytlbhqqorqzqidyjovihkqwnkia/Build/Intermediates.noindex/Pods.build/Release-iphonesimulator/LSRFramework.build/all-product-headers.yaml -iquote /Users/edz/Library/Developer/Xcode/DerivedData/App-bytlbhqqorqzqidyjovihkqwnkia/Build/Intermediates.noindex/Pods.build/Release-iphonesimulator/LSRFramework.build/LSRFramework-project-headers.hmap -I/Users/edz/Library/Developer/Xcode/DerivedData/App-bytlbhqqorqzqidyjovihkqwnkia/Build/Products/Release-iphonesimulator/LSRFramework/include -I/Users/edz/Library/Developer/Xcode/DerivedData/App-bytlbhqqorqzqidyjovihkqwnkia/Build/Intermediates.noindex/Pods.build/Release-iphonesimulator/LSRFramework.build/DerivedSources-normal/x86_64 -I/Users/edz/Library/Developer/Xcode/DerivedData/App-bytlbhqqorqzqidyjovihkqwnkia/Build/Intermediates.noindex/Pods.build/Release-iphonesimulator/LSRFramework.build/DerivedSources/x86_64 -I/Users/edz/Library/Developer/Xcode/DerivedData/App-bytlbhqqorqzqidyjovihkqwnkia/Build/Intermediates.noindex/Pods.build/Release-iphonesimulator/LSRFramework.build/DerivedSources -F/Users/edz/Library/Developer/Xcode/DerivedData/App-bytlbhqqorqzqidyjovihkqwnkia/Build/Products/Release-iphonesimulator/LSRFramework -F/Users/edz/Library/Developer/Xcode/DerivedData/App-bytlbhqqorqzqidyjovihkqwnkia/Build/Products/Release-iphonesimulator/MBProgressHUD -F/Users/edz/Library/Developer/Xcode/DerivedData/App-bytlbhqqorqzqidyjovihkqwnkia/Build/Products/Release-iphonesimulator/Masonry -Wincomplete-umbrella -w -Xanalyzer -analyzer-disable-all-checks -include /var/folders/4h/hxvz7hb959j4pw0pvbq686x00000gn/T/CocoaPods-Lint-20200722-25225-196xw43-UIModule/Pods/Target\ Support\ Files/LSRFramework/LSRFramework-prefix.pch -MMD -MT dependencies -MF /Users/edz/Library/Developer/Xcode/DerivedData/App-bytlbhqqorqzqidyjovihkqwnkia/Build/Intermediates.noindex/Pods.build/Release-iphonesimulator/LSRFramework.build/Objects-normal/x86_64/CTAssetsPickerController.d --serialize-diagnostics /Users/edz/Library/Developer/Xcode/DerivedData/App-bytlbhqqorqzqidyjovihkqwnkia/Build/Intermediates.noindex/Pods.build/Release-iphonesimulator/LSRFramework.build/Objects-normal/x86_64/CTAssetsPickerController.dia -c /var/folders/4h/hxvz7hb959j4pw0pvbq686x00000gn/T/CocoaPods-Lint-20200722-25225-196xw43-UIModule/Pods/LSRFramework/LSRFramework/Classes/BaseClasses/UIViewController/Picker/AssetsPicker/CTAssetsPickerController/CTAssetsPickerController.m -o /Users/edz/Library/Developer/Xcode/DerivedData/App-bytlbhqqorqzqidyjovihkqwnkia/Build/Intermediates.noindex/Pods.build/Release-iphonesimulator/LSRFramework.build/Objects-normal/x86_64/CTAssetsPickerController.o
    
    CompileC /Users/edz/Library/Developer/Xcode/DerivedData/App-bytlbhqqorqzqidyjovihkqwnkia/Build/Intermediates.noindex/Pods.build/Release-iphonesimulator/LSRFramework.build/Objects-normal/x86_64/CTAssetsPickerController+Customized.o /var/folders/4h/hxvz7hb959j4pw0pvbq686x00000gn/T/CocoaPods-Lint-20200722-25225-196xw43-UIModule/Pods/LSRFramework/LSRFramework/Classes/BaseClasses/UIViewController/Picker/CTAssetsPickerController+Customized.m normal x86_64 objective-c com.apple.compilers.llvm.clang.1_0.compiler (in target 'LSRFramework' from project 'Pods')
        cd /var/folders/4h/hxvz7hb959j4pw0pvbq686x00000gn/T/CocoaPods-Lint-20200722-25225-196xw43-UIModule/Pods
        export LANG=en_US.US-ASCII
        /Applications/Xcode.app/Contents/Developer/Toolchains/XcodeDefault.xctoolchain/usr/bin/clang -x objective-c -target x86_64-apple-ios11.0-simulator -fmessage-length=0 -fdiagnostics-show-note-include-stack -fmacro-backtrace-limit=0 -std=gnu11 -fobjc-arc -fmodules -gmodules -fmodules-cache-path=/Users/edz/Library/Developer/Xcode/DerivedData/ModuleCache.noindex -fmodules-prune-interval=86400 -fmodules-prune-after=345600 -fbuild-session-file=/Users/edz/Library/Developer/Xcode/DerivedData/ModuleCache.noindex/Session.modulevalidation -fmodules-validate-once-per-build-session -Wnon-modular-include-in-framework-module -Werror=non-modular-include-in-framework-module -fmodule-name=LSRFramework -Wno-trigraphs -fpascal-strings -Os -fno-common -Wno-missing-field-initializers -Wno-missing-prototypes -Werror=return-type -Wdocumentation -Wunreachable-code -Wno-implicit-atomic-properties -Werror=deprecated-objc-isa-usage -Wno-objc-interface-ivars -Werror=objc-root-class -Wno-arc-repeated-use-of-weak -Wimplicit-retain-self -Wduplicate-method-match -Wno-missing-braces -Wparentheses -Wswitch -Wunused-function -Wno-unused-label -Wno-unused-parameter -Wunused-variable -Wunused-value -Wempty-body -Wuninitialized -Wconditional-uninitialized -Wno-unknown-pragmas -Wno-shadow -Wno-four-char-constants -Wno-conversion -Wconstant-conversion -Wint-conversion -Wbool-conversion -Wenum-conversion -Wno-float-conversion -Wnon-literal-null-conversion -Wobjc-literal-conversion -Wshorten-64-to-32 -Wpointer-sign -Wno-newline-eof -Wno-selector -Wno-strict-selector-match -Wundeclared-selector -Wdeprecated-implementations -DPOD_CONFIGURATION_RELEASE=1 -DCOCOAPODS=1 -DTTTFRAMEWORK=1 -DNS_BLOCK_ASSERTIONS=1 -DOBJC_OLD_DISPATCH_PROTOTYPES=0 -isysroot /Applications/Xcode.app/Contents/Developer/Platforms/iPhoneSimulator.platform/Developer/SDKs/iPhoneSimulator13.5.sdk -fasm-blocks -fstrict-aliasing -Wprotocol -Wdeprecated-declarations -g -Wno-sign-conversion -Winfinite-recursion -Wcomma -Wblock-capture-autoreleasing -Wstrict-prototypes -Wno-semicolon-before-method-body -Wunguarded-availability -fobjc-abi-version=2 -fobjc-legacy-dispatch -iquote /Users/edz/Library/Developer/Xcode/DerivedData/App-bytlbhqqorqzqidyjovihkqwnkia/Build/Intermediates.noindex/Pods.build/Release-iphonesimulator/LSRFramework.build/LSRFramework-generated-files.hmap -I/Users/edz/Library/Developer/Xcode/DerivedData/App-bytlbhqqorqzqidyjovihkqwnkia/Build/Intermediates.noindex/Pods.build/Release-iphonesimulator/LSRFramework.build/LSRFramework-own-target-headers.hmap -I/Users/edz/Library/Developer/Xcode/DerivedData/App-bytlbhqqorqzqidyjovihkqwnkia/Build/Intermediates.noindex/Pods.build/Release-iphonesimulator/LSRFramework.build/LSRFramework-all-non-framework-target-headers.hmap -ivfsoverlay /Users/edz/Library/Developer/Xcode/DerivedData/App-bytlbhqqorqzqidyjovihkqwnkia/Build/Intermediates.noindex/Pods.build/Release-iphonesimulator/LSRFramework.build/all-product-headers.yaml -iquote /Users/edz/Library/Developer/Xcode/DerivedData/App-bytlbhqqorqzqidyjovihkqwnkia/Build/Intermediates.noindex/Pods.build/Release-iphonesimulator/LSRFramework.build/LSRFramework-project-headers.hmap -I/Users/edz/Library/Developer/Xcode/DerivedData/App-bytlbhqqorqzqidyjovihkqwnkia/Build/Products/Release-iphonesimulator/LSRFramework/include -I/Users/edz/Library/Developer/Xcode/DerivedData/App-bytlbhqqorqzqidyjovihkqwnkia/Build/Intermediates.noindex/Pods.build/Release-iphonesimulator/LSRFramework.build/DerivedSources-normal/x86_64 -I/Users/edz/Library/Developer/Xcode/DerivedData/App-bytlbhqqorqzqidyjovihkqwnkia/Build/Intermediates.noindex/Pods.build/Release-iphonesimulator/LSRFramework.build/DerivedSources/x86_64 -I/Users/edz/Library/Developer/Xcode/DerivedData/App-bytlbhqqorqzqidyjovihkqwnkia/Build/Intermediates.noindex/Pods.build/Release-iphonesimulator/LSRFramework.build/DerivedSources -F/Users/edz/Library/Developer/Xcode/DerivedData/App-bytlbhqqorqzqidyjovihkqwnkia/Build/Products/Release-iphonesimulator/LSRFramework -F/Users/edz/Library/Developer/Xcode/DerivedData/App-bytlbhqqorqzqidyjovihkqwnkia/Build/Products/Release-iphonesimulator/MBProgressHUD -F/Users/edz/Library/Developer/Xcode/DerivedData/App-bytlbhqqorqzqidyjovihkqwnkia/Build/Products/Release-iphonesimulator/Masonry -Wincomplete-umbrella -w -Xanalyzer -analyzer-disable-all-checks -include /var/folders/4h/hxvz7hb959j4pw0pvbq686x00000gn/T/CocoaPods-Lint-20200722-25225-196xw43-UIModule/Pods/Target\ Support\ Files/LSRFramework/LSRFramework-prefix.pch -MMD -MT dependencies -MF /Users/edz/Library/Developer/Xcode/DerivedData/App-bytlbhqqorqzqidyjovihkqwnkia/Build/Intermediates.noindex/Pods.build/Release-iphonesimulator/LSRFramework.build/Objects-normal/x86_64/CTAssetsPickerController+Customized.d --serialize-diagnostics /Users/edz/Library/Developer/Xcode/DerivedData/App-bytlbhqqorqzqidyjovihkqwnkia/Build/Intermediates.noindex/Pods.build/Release-iphonesimulator/LSRFramework.build/Objects-normal/x86_64/CTAssetsPickerController+Customized.dia -c /var/folders/4h/hxvz7hb959j4pw0pvbq686x00000gn/T/CocoaPods-Lint-20200722-25225-196xw43-UIModule/Pods/LSRFramework/LSRFramework/Classes/BaseClasses/UIViewController/Picker/CTAssetsPickerController+Customized.m -o /Users/edz/Library/Developer/Xcode/DerivedData/App-bytlbhqqorqzqidyjovihkqwnkia/Build/Intermediates.noindex/Pods.build/Release-iphonesimulator/LSRFramework.build/Objects-normal/x86_64/CTAssetsPickerController+Customized.o
    
    CompileC /Users/edz/Library/Developer/Xcode/DerivedData/App-bytlbhqqorqzqidyjovihkqwnkia/Build/Intermediates.noindex/Pods.build/Release-iphonesimulator/LSRFramework.build/Objects-normal/x86_64/CTAssetsPickerAccessDeniedView.o /var/folders/4h/hxvz7hb959j4pw0pvbq686x00000gn/T/CocoaPods-Lint-20200722-25225-196xw43-UIModule/Pods/LSRFramework/LSRFramework/Classes/BaseClasses/UIViewController/Picker/AssetsPicker/CTAssetsPickerController/CTAssetsPickerAccessDeniedView.m normal x86_64 objective-c com.apple.compilers.llvm.clang.1_0.compiler (in target 'LSRFramework' from project 'Pods')
        cd /var/folders/4h/hxvz7hb959j4pw0pvbq686x00000gn/T/CocoaPods-Lint-20200722-25225-196xw43-UIModule/Pods
        export LANG=en_US.US-ASCII
        /Applications/Xcode.app/Contents/Developer/Toolchains/XcodeDefault.xctoolchain/usr/bin/clang -x objective-c -target x86_64-apple-ios11.0-simulator -fmessage-length=0 -fdiagnostics-show-note-include-stack -fmacro-backtrace-limit=0 -std=gnu11 -fobjc-arc -fmodules -gmodules -fmodules-cache-path=/Users/edz/Library/Developer/Xcode/DerivedData/ModuleCache.noindex -fmodules-prune-interval=86400 -fmodules-prune-after=345600 -fbuild-session-file=/Users/edz/Library/Developer/Xcode/DerivedData/ModuleCache.noindex/Session.modulevalidation -fmodules-validate-once-per-build-session -Wnon-modular-include-in-framework-module -Werror=non-modular-include-in-framework-module -fmodule-name=LSRFramework -Wno-trigraphs -fpascal-strings -Os -fno-common -Wno-missing-field-initializers -Wno-missing-prototypes -Werror=return-type -Wdocumentation -Wunreachable-code -Wno-implicit-atomic-properties -Werror=deprecated-objc-isa-usage -Wno-objc-interface-ivars -Werror=objc-root-class -Wno-arc-repeated-use-of-weak -Wimplicit-retain-self -Wduplicate-method-match -Wno-missing-braces -Wparentheses -Wswitch -Wunused-function -Wno-unused-label -Wno-unused-parameter -Wunused-variable -Wunused-value -Wempty-body -Wuninitialized -Wconditional-uninitialized -Wno-unknown-pragmas -Wno-shadow -Wno-four-char-constants -Wno-conversion -Wconstant-conversion -Wint-conversion -Wbool-conversion -Wenum-conversion -Wno-float-conversion -Wnon-literal-null-conversion -Wobjc-literal-conversion -Wshorten-64-to-32 -Wpointer-sign -Wno-newline-eof -Wno-selector -Wno-strict-selector-match -Wundeclared-selector -Wdeprecated-implementations -DPOD_CONFIGURATION_RELEASE=1 -DCOCOAPODS=1 -DTTTFRAMEWORK=1 -DNS_BLOCK_ASSERTIONS=1 -DOBJC_OLD_DISPATCH_PROTOTYPES=0 -isysroot /Applications/Xcode.app/Contents/Developer/Platforms/iPhoneSimulator.platform/Developer/SDKs/iPhoneSimulator13.5.sdk -fasm-blocks -fstrict-aliasing -Wprotocol -Wdeprecated-declarations -g -Wno-sign-conversion -Winfinite-recursion -Wcomma -Wblock-capture-autoreleasing -Wstrict-prototypes -Wno-semicolon-before-method-body -Wunguarded-availability -fobjc-abi-version=2 -fobjc-legacy-dispatch -iquote /Users/edz/Library/Developer/Xcode/DerivedData/App-bytlbhqqorqzqidyjovihkqwnkia/Build/Intermediates.noindex/Pods.build/Release-iphonesimulator/LSRFramework.build/LSRFramework-generated-files.hmap -I/Users/edz/Library/Developer/Xcode/DerivedData/App-bytlbhqqorqzqidyjovihkqwnkia/Build/Intermediates.noindex/Pods.build/Release-iphonesimulator/LSRFramework.build/LSRFramework-own-target-headers.hmap -I/Users/edz/Library/Developer/Xcode/DerivedData/App-bytlbhqqorqzqidyjovihkqwnkia/Build/Intermediates.noindex/Pods.build/Release-iphonesimulator/LSRFramework.build/LSRFramework-all-non-framework-target-headers.hmap -ivfsoverlay /Users/edz/Library/Developer/Xcode/DerivedData/App-bytlbhqqorqzqidyjovihkqwnkia/Build/Intermediates.noindex/Pods.build/Release-iphonesimulator/LSRFramework.build/all-product-headers.yaml -iquote /Users/edz/Library/Developer/Xcode/DerivedData/App-bytlbhqqorqzqidyjovihkqwnkia/Build/Intermediates.noindex/Pods.build/Release-iphonesimulator/LSRFramework.build/LSRFramework-project-headers.hmap -I/Users/edz/Library/Developer/Xcode/DerivedData/App-bytlbhqqorqzqidyjovihkqwnkia/Build/Products/Release-iphonesimulator/LSRFramework/include -I/Users/edz/Library/Developer/Xcode/DerivedData/App-bytlbhqqorqzqidyjovihkqwnkia/Build/Intermediates.noindex/Pods.build/Release-iphonesimulator/LSRFramework.build/DerivedSources-normal/x86_64 -I/Users/edz/Library/Developer/Xcode/DerivedData/App-bytlbhqqorqzqidyjovihkqwnkia/Build/Intermediates.noindex/Pods.build/Release-iphonesimulator/LSRFramework.build/DerivedSources/x86_64 -I/Users/edz/Library/Developer/Xcode/DerivedData/App-bytlbhqqorqzqidyjovihkqwnkia/Build/Intermediates.noindex/Pods.build/Release-iphonesimulator/LSRFramework.build/DerivedSources -F/Users/edz/Library/Developer/Xcode/DerivedData/App-bytlbhqqorqzqidyjovihkqwnkia/Build/Products/Release-iphonesimulator/LSRFramework -F/Users/edz/Library/Developer/Xcode/DerivedData/App-bytlbhqqorqzqidyjovihkqwnkia/Build/Products/Release-iphonesimulator/MBProgressHUD -F/Users/edz/Library/Developer/Xcode/DerivedData/App-bytlbhqqorqzqidyjovihkqwnkia/Build/Products/Release-iphonesimulator/Masonry -Wincomplete-umbrella -w -Xanalyzer -analyzer-disable-all-checks -include /var/folders/4h/hxvz7hb959j4pw0pvbq686x00000gn/T/CocoaPods-Lint-20200722-25225-196xw43-UIModule/Pods/Target\ Support\ Files/LSRFramework/LSRFramework-prefix.pch -MMD -MT dependencies -MF /Users/edz/Library/Developer/Xcode/DerivedData/App-bytlbhqqorqzqidyjovihkqwnkia/Build/Intermediates.noindex/Pods.build/Release-iphonesimulator/LSRFramework.build/Objects-normal/x86_64/CTAssetsPickerAccessDeniedView.d --serialize-diagnostics /Users/edz/Library/Developer/Xcode/DerivedData/App-bytlbhqqorqzqidyjovihkqwnkia/Build/Intermediates.noindex/Pods.build/Release-iphonesimulator/LSRFramework.build/Objects-normal/x86_64/CTAssetsPickerAccessDeniedView.dia -c /var/folders/4h/hxvz7hb959j4pw0pvbq686x00000gn/T/CocoaPods-Lint-20200722-25225-196xw43-UIModule/Pods/LSRFramework/LSRFramework/Classes/BaseClasses/UIViewController/Picker/AssetsPicker/CTAssetsPickerController/CTAssetsPickerAccessDeniedView.m -o /Users/edz/Library/Developer/Xcode/DerivedData/App-bytlbhqqorqzqidyjovihkqwnkia/Build/Intermediates.noindex/Pods.build/Release-iphonesimulator/LSRFramework.build/Objects-normal/x86_64/CTAssetsPickerAccessDeniedView.o
    
    CompileC /Users/edz/Library/Developer/Xcode/DerivedData/App-bytlbhqqorqzqidyjovihkqwnkia/Build/Intermediates.noindex/Pods.build/Release-iphonesimulator/LSRFramework.build/Objects-normal/x86_64/CTAssetsPageViewController.o /var/folders/4h/hxvz7hb959j4pw0pvbq686x00000gn/T/CocoaPods-Lint-20200722-25225-196xw43-UIModule/Pods/LSRFramework/LSRFramework/Classes/BaseClasses/UIViewController/Picker/AssetsPicker/CTAssetsPickerController/CTAssetsPageViewController.m normal x86_64 objective-c com.apple.compilers.llvm.clang.1_0.compiler (in target 'LSRFramework' from project 'Pods')
        cd /var/folders/4h/hxvz7hb959j4pw0pvbq686x00000gn/T/CocoaPods-Lint-20200722-25225-196xw43-UIModule/Pods
        export LANG=en_US.US-ASCII
        /Applications/Xcode.app/Contents/Developer/Toolchains/XcodeDefault.xctoolchain/usr/bin/clang -x objective-c -target x86_64-apple-ios11.0-simulator -fmessage-length=0 -fdiagnostics-show-note-include-stack -fmacro-backtrace-limit=0 -std=gnu11 -fobjc-arc -fmodules -gmodules -fmodules-cache-path=/Users/edz/Library/Developer/Xcode/DerivedData/ModuleCache.noindex -fmodules-prune-interval=86400 -fmodules-prune-after=345600 -fbuild-session-file=/Users/edz/Library/Developer/Xcode/DerivedData/ModuleCache.noindex/Session.modulevalidation -fmodules-validate-once-per-build-session -Wnon-modular-include-in-framework-module -Werror=non-modular-include-in-framework-module -fmodule-name=LSRFramework -Wno-trigraphs -fpascal-strings -Os -fno-common -Wno-missing-field-initializers -Wno-missing-prototypes -Werror=return-type -Wdocumentation -Wunreachable-code -Wno-implicit-atomic-properties -Werror=deprecated-objc-isa-usage -Wno-objc-interface-ivars -Werror=objc-root-class -Wno-arc-repeated-use-of-weak -Wimplicit-retain-self -Wduplicate-method-match -Wno-missing-braces -Wparentheses -Wswitch -Wunused-function -Wno-unused-label -Wno-unused-parameter -Wunused-variable -Wunused-value -Wempty-body -Wuninitialized -Wconditional-uninitialized -Wno-unknown-pragmas -Wno-shadow -Wno-four-char-constants -Wno-conversion -Wconstant-conversion -Wint-conversion -Wbool-conversion -Wenum-conversion -Wno-float-conversion -Wnon-literal-null-conversion -Wobjc-literal-conversion -Wshorten-64-to-32 -Wpointer-sign -Wno-newline-eof -Wno-selector -Wno-strict-selector-match -Wundeclared-selector -Wdeprecated-implementations -DPOD_CONFIGURATION_RELEASE=1 -DCOCOAPODS=1 -DTTTFRAMEWORK=1 -DNS_BLOCK_ASSERTIONS=1 -DOBJC_OLD_DISPATCH_PROTOTYPES=0 -isysroot /Applications/Xcode.app/Contents/Developer/Platforms/iPhoneSimulator.platform/Developer/SDKs/iPhoneSimulator13.5.sdk -fasm-blocks -fstrict-aliasing -Wprotocol -Wdeprecated-declarations -g -Wno-sign-conversion -Winfinite-recursion -Wcomma -Wblock-capture-autoreleasing -Wstrict-prototypes -Wno-semicolon-before-method-body -Wunguarded-availability -fobjc-abi-version=2 -fobjc-legacy-dispatch -iquote /Users/edz/Library/Developer/Xcode/DerivedData/App-bytlbhqqorqzqidyjovihkqwnkia/Build/Intermediates.noindex/Pods.build/Release-iphonesimulator/LSRFramework.build/LSRFramework-generated-files.hmap -I/Users/edz/Library/Developer/Xcode/DerivedData/App-bytlbhqqorqzqidyjovihkqwnkia/Build/Intermediates.noindex/Pods.build/Release-iphonesimulator/LSRFramework.build/LSRFramework-own-target-headers.hmap -I/Users/edz/Library/Developer/Xcode/DerivedData/App-bytlbhqqorqzqidyjovihkqwnkia/Build/Intermediates.noindex/Pods.build/Release-iphonesimulator/LSRFramework.build/LSRFramework-all-non-framework-target-headers.hmap -ivfsoverlay /Users/edz/Library/Developer/Xcode/DerivedData/App-bytlbhqqorqzqidyjovihkqwnkia/Build/Intermediates.noindex/Pods.build/Release-iphonesimulator/LSRFramework.build/all-product-headers.yaml -iquote /Users/edz/Library/Developer/Xcode/DerivedData/App-bytlbhqqorqzqidyjovihkqwnkia/Build/Intermediates.noindex/Pods.build/Release-iphonesimulator/LSRFramework.build/LSRFramework-project-headers.hmap -I/Users/edz/Library/Developer/Xcode/DerivedData/App-bytlbhqqorqzqidyjovihkqwnkia/Build/Products/Release-iphonesimulator/LSRFramework/include -I/Users/edz/Library/Developer/Xcode/DerivedData/App-bytlbhqqorqzqidyjovihkqwnkia/Build/Intermediates.noindex/Pods.build/Release-iphonesimulator/LSRFramework.build/DerivedSources-normal/x86_64 -I/Users/edz/Library/Developer/Xcode/DerivedData/App-bytlbhqqorqzqidyjovihkqwnkia/Build/Intermediates.noindex/Pods.build/Release-iphonesimulator/LSRFramework.build/DerivedSources/x86_64 -I/Users/edz/Library/Developer/Xcode/DerivedData/App-bytlbhqqorqzqidyjovihkqwnkia/Build/Intermediates.noindex/Pods.build/Release-iphonesimulator/LSRFramework.build/DerivedSources -F/Users/edz/Library/Developer/Xcode/DerivedData/App-bytlbhqqorqzqidyjovihkqwnkia/Build/Products/Release-iphonesimulator/LSRFramework -F/Users/edz/Library/Developer/Xcode/DerivedData/App-bytlbhqqorqzqidyjovihkqwnkia/Build/Products/Release-iphonesimulator/MBProgressHUD -F/Users/edz/Library/Developer/Xcode/DerivedData/App-bytlbhqqorqzqidyjovihkqwnkia/Build/Products/Release-iphonesimulator/Masonry -Wincomplete-umbrella -w -Xanalyzer -analyzer-disable-all-checks -include /var/folders/4h/hxvz7hb959j4pw0pvbq686x00000gn/T/CocoaPods-Lint-20200722-25225-196xw43-UIModule/Pods/Target\ Support\ Files/LSRFramework/LSRFramework-prefix.pch -MMD -MT dependencies -MF /Users/edz/Library/Developer/Xcode/DerivedData/App-bytlbhqqorqzqidyjovihkqwnkia/Build/Intermediates.noindex/Pods.build/Release-iphonesimulator/LSRFramework.build/Objects-normal/x86_64/CTAssetsPageViewController.d --serialize-diagnostics /Users/edz/Library/Developer/Xcode/DerivedData/App-bytlbhqqorqzqidyjovihkqwnkia/Build/Intermediates.noindex/Pods.build/Release-iphonesimulator/LSRFramework.build/Objects-normal/x86_64/CTAssetsPageViewController.dia -c /var/folders/4h/hxvz7hb959j4pw0pvbq686x00000gn/T/CocoaPods-Lint-20200722-25225-196xw43-UIModule/Pods/LSRFramework/LSRFramework/Classes/BaseClasses/UIViewController/Picker/AssetsPicker/CTAssetsPickerController/CTAssetsPageViewController.m -o /Users/edz/Library/Developer/Xcode/DerivedData/App-bytlbhqqorqzqidyjovihkqwnkia/Build/Intermediates.noindex/Pods.build/Release-iphonesimulator/LSRFramework.build/Objects-normal/x86_64/CTAssetsPageViewController.o
    
    CompileC /Users/edz/Library/Developer/Xcode/DerivedData/App-bytlbhqqorqzqidyjovihkqwnkia/Build/Intermediates.noindex/Pods.build/Release-iphonesimulator/LSRFramework.build/Objects-normal/x86_64/CTAssetsPageViewController+Customized.o /var/folders/4h/hxvz7hb959j4pw0pvbq686x00000gn/T/CocoaPods-Lint-20200722-25225-196xw43-UIModule/Pods/LSRFramework/LSRFramework/Classes/BaseClasses/UIViewController/Picker/CTAssetsPageViewController+Customized.m normal x86_64 objective-c com.apple.compilers.llvm.clang.1_0.compiler (in target 'LSRFramework' from project 'Pods')
        cd /var/folders/4h/hxvz7hb959j4pw0pvbq686x00000gn/T/CocoaPods-Lint-20200722-25225-196xw43-UIModule/Pods
        export LANG=en_US.US-ASCII
        /Applications/Xcode.app/Contents/Developer/Toolchains/XcodeDefault.xctoolchain/usr/bin/clang -x objective-c -target x86_64-apple-ios11.0-simulator -fmessage-length=0 -fdiagnostics-show-note-include-stack -fmacro-backtrace-limit=0 -std=gnu11 -fobjc-arc -fmodules -gmodules -fmodules-cache-path=/Users/edz/Library/Developer/Xcode/DerivedData/ModuleCache.noindex -fmodules-prune-interval=86400 -fmodules-prune-after=345600 -fbuild-session-file=/Users/edz/Library/Developer/Xcode/DerivedData/ModuleCache.noindex/Session.modulevalidation -fmodules-validate-once-per-build-session -Wnon-modular-include-in-framework-module -Werror=non-modular-include-in-framework-module -fmodule-name=LSRFramework -Wno-trigraphs -fpascal-strings -Os -fno-common -Wno-missing-field-initializers -Wno-missing-prototypes -Werror=return-type -Wdocumentation -Wunreachable-code -Wno-implicit-atomic-properties -Werror=deprecated-objc-isa-usage -Wno-objc-interface-ivars -Werror=objc-root-class -Wno-arc-repeated-use-of-weak -Wimplicit-retain-self -Wduplicate-method-match -Wno-missing-braces -Wparentheses -Wswitch -Wunused-function -Wno-unused-label -Wno-unused-parameter -Wunused-variable -Wunused-value -Wempty-body -Wuninitialized -Wconditional-uninitialized -Wno-unknown-pragmas -Wno-shadow -Wno-four-char-constants -Wno-conversion -Wconstant-conversion -Wint-conversion -Wbool-conversion -Wenum-conversion -Wno-float-conversion -Wnon-literal-null-conversion -Wobjc-literal-conversion -Wshorten-64-to-32 -Wpointer-sign -Wno-newline-eof -Wno-selector -Wno-strict-selector-match -Wundeclared-selector -Wdeprecated-implementations -DPOD_CONFIGURATION_RELEASE=1 -DCOCOAPODS=1 -DTTTFRAMEWORK=1 -DNS_BLOCK_ASSERTIONS=1 -DOBJC_OLD_DISPATCH_PROTOTYPES=0 -isysroot /Applications/Xcode.app/Contents/Developer/Platforms/iPhoneSimulator.platform/Developer/SDKs/iPhoneSimulator13.5.sdk -fasm-blocks -fstrict-aliasing -Wprotocol -Wdeprecated-declarations -g -Wno-sign-conversion -Winfinite-recursion -Wcomma -Wblock-capture-autoreleasing -Wstrict-prototypes -Wno-semicolon-before-method-body -Wunguarded-availability -fobjc-abi-version=2 -fobjc-legacy-dispatch -iquote /Users/edz/Library/Developer/Xcode/DerivedData/App-bytlbhqqorqzqidyjovihkqwnkia/Build/Intermediates.noindex/Pods.build/Release-iphonesimulator/LSRFramework.build/LSRFramework-generated-files.hmap -I/Users/edz/Library/Developer/Xcode/DerivedData/App-bytlbhqqorqzqidyjovihkqwnkia/Build/Intermediates.noindex/Pods.build/Release-iphonesimulator/LSRFramework.build/LSRFramework-own-target-headers.hmap -I/Users/edz/Library/Developer/Xcode/DerivedData/App-bytlbhqqorqzqidyjovihkqwnkia/Build/Intermediates.noindex/Pods.build/Release-iphonesimulator/LSRFramework.build/LSRFramework-all-non-framework-target-headers.hmap -ivfsoverlay /Users/edz/Library/Developer/Xcode/DerivedData/App-bytlbhqqorqzqidyjovihkqwnkia/Build/Intermediates.noindex/Pods.build/Release-iphonesimulator/LSRFramework.build/all-product-headers.yaml -iquote /Users/edz/Library/Developer/Xcode/DerivedData/App-bytlbhqqorqzqidyjovihkqwnkia/Build/Intermediates.noindex/Pods.build/Release-iphonesimulator/LSRFramework.build/LSRFramework-project-headers.hmap -I/Users/edz/Library/Developer/Xcode/DerivedData/App-bytlbhqqorqzqidyjovihkqwnkia/Build/Products/Release-iphonesimulator/LSRFramework/include -I/Users/edz/Library/Developer/Xcode/DerivedData/App-bytlbhqqorqzqidyjovihkqwnkia/Build/Intermediates.noindex/Pods.build/Release-iphonesimulator/LSRFramework.build/DerivedSources-normal/x86_64 -I/Users/edz/Library/Developer/Xcode/DerivedData/App-bytlbhqqorqzqidyjovihkqwnkia/Build/Intermediates.noindex/Pods.build/Release-iphonesimulator/LSRFramework.build/DerivedSources/x86_64 -I/Users/edz/Library/Developer/Xcode/DerivedData/App-bytlbhqqorqzqidyjovihkqwnkia/Build/Intermediates.noindex/Pods.build/Release-iphonesimulator/LSRFramework.build/DerivedSources -F/Users/edz/Library/Developer/Xcode/DerivedData/App-bytlbhqqorqzqidyjovihkqwnkia/Build/Products/Release-iphonesimulator/LSRFramework -F/Users/edz/Library/Developer/Xcode/DerivedData/App-bytlbhqqorqzqidyjovihkqwnkia/Build/Products/Release-iphonesimulator/MBProgressHUD -F/Users/edz/Library/Developer/Xcode/DerivedData/App-bytlbhqqorqzqidyjovihkqwnkia/Build/Products/Release-iphonesimulator/Masonry -Wincomplete-umbrella -w -Xanalyzer -analyzer-disable-all-checks -include /var/folders/4h/hxvz7hb959j4pw0pvbq686x00000gn/T/CocoaPods-Lint-20200722-25225-196xw43-UIModule/Pods/Target\ Support\ Files/LSRFramework/LSRFramework-prefix.pch -MMD -MT dependencies -MF /Users/edz/Library/Developer/Xcode/DerivedData/App-bytlbhqqorqzqidyjovihkqwnkia/Build/Intermediates.noindex/Pods.build/Release-iphonesimulator/LSRFramework.build/Objects-normal/x86_64/CTAssetsPageViewController+Customized.d --serialize-diagnostics /Users/edz/Library/Developer/Xcode/DerivedData/App-bytlbhqqorqzqidyjovihkqwnkia/Build/Intermediates.noindex/Pods.build/Release-iphonesimulator/LSRFramework.build/Objects-normal/x86_64/CTAssetsPageViewController+Customized.dia -c /var/folders/4h/hxvz7hb959j4pw0pvbq686x00000gn/T/CocoaPods-Lint-20200722-25225-196xw43-UIModule/Pods/LSRFramework/LSRFramework/Classes/BaseClasses/UIViewController/Picker/CTAssetsPageViewController+Customized.m -o /Users/edz/Library/Developer/Xcode/DerivedData/App-bytlbhqqorqzqidyjovihkqwnkia/Build/Intermediates.noindex/Pods.build/Release-iphonesimulator/LSRFramework.build/Objects-normal/x86_64/CTAssetsPageViewController+Customized.o
    
    CompileC /Users/edz/Library/Developer/Xcode/DerivedData/App-bytlbhqqorqzqidyjovihkqwnkia/Build/Intermediates.noindex/Pods.build/Release-iphonesimulator/LSRFramework.build/Objects-normal/x86_64/CTAssetsGridViewLayout.o /var/folders/4h/hxvz7hb959j4pw0pvbq686x00000gn/T/CocoaPods-Lint-20200722-25225-196xw43-UIModule/Pods/LSRFramework/LSRFramework/Classes/BaseClasses/UIViewController/Picker/AssetsPicker/CTAssetsPickerController/CTAssetsGridViewLayout.m normal x86_64 objective-c com.apple.compilers.llvm.clang.1_0.compiler (in target 'LSRFramework' from project 'Pods')
        cd /var/folders/4h/hxvz7hb959j4pw0pvbq686x00000gn/T/CocoaPods-Lint-20200722-25225-196xw43-UIModule/Pods
        export LANG=en_US.US-ASCII
        /Applications/Xcode.app/Contents/Developer/Toolchains/XcodeDefault.xctoolchain/usr/bin/clang -x objective-c -target x86_64-apple-ios11.0-simulator -fmessage-length=0 -fdiagnostics-show-note-include-stack -fmacro-backtrace-limit=0 -std=gnu11 -fobjc-arc -fmodules -gmodules -fmodules-cache-path=/Users/edz/Library/Developer/Xcode/DerivedData/ModuleCache.noindex -fmodules-prune-interval=86400 -fmodules-prune-after=345600 -fbuild-session-file=/Users/edz/Library/Developer/Xcode/DerivedData/ModuleCache.noindex/Session.modulevalidation -fmodules-validate-once-per-build-session -Wnon-modular-include-in-framework-module -Werror=non-modular-include-in-framework-module -fmodule-name=LSRFramework -Wno-trigraphs -fpascal-strings -Os -fno-common -Wno-missing-field-initializers -Wno-missing-prototypes -Werror=return-type -Wdocumentation -Wunreachable-code -Wno-implicit-atomic-properties -Werror=deprecated-objc-isa-usage -Wno-objc-interface-ivars -Werror=objc-root-class -Wno-arc-repeated-use-of-weak -Wimplicit-retain-self -Wduplicate-method-match -Wno-missing-braces -Wparentheses -Wswitch -Wunused-function -Wno-unused-label -Wno-unused-parameter -Wunused-variable -Wunused-value -Wempty-body -Wuninitialized -Wconditional-uninitialized -Wno-unknown-pragmas -Wno-shadow -Wno-four-char-constants -Wno-conversion -Wconstant-conversion -Wint-conversion -Wbool-conversion -Wenum-conversion -Wno-float-conversion -Wnon-literal-null-conversion -Wobjc-literal-conversion -Wshorten-64-to-32 -Wpointer-sign -Wno-newline-eof -Wno-selector -Wno-strict-selector-match -Wundeclared-selector -Wdeprecated-implementations -DPOD_CONFIGURATION_RELEASE=1 -DCOCOAPODS=1 -DTTTFRAMEWORK=1 -DNS_BLOCK_ASSERTIONS=1 -DOBJC_OLD_DISPATCH_PROTOTYPES=0 -isysroot /Applications/Xcode.app/Contents/Developer/Platforms/iPhoneSimulator.platform/Developer/SDKs/iPhoneSimulator13.5.sdk -fasm-blocks -fstrict-aliasing -Wprotocol -Wdeprecated-declarations -g -Wno-sign-conversion -Winfinite-recursion -Wcomma -Wblock-capture-autoreleasing -Wstrict-prototypes -Wno-semicolon-before-method-body -Wunguarded-availability -fobjc-abi-version=2 -fobjc-legacy-dispatch -iquote /Users/edz/Library/Developer/Xcode/DerivedData/App-bytlbhqqorqzqidyjovihkqwnkia/Build/Intermediates.noindex/Pods.build/Release-iphonesimulator/LSRFramework.build/LSRFramework-generated-files.hmap -I/Users/edz/Library/Developer/Xcode/DerivedData/App-bytlbhqqorqzqidyjovihkqwnkia/Build/Intermediates.noindex/Pods.build/Release-iphonesimulator/LSRFramework.build/LSRFramework-own-target-headers.hmap -I/Users/edz/Library/Developer/Xcode/DerivedData/App-bytlbhqqorqzqidyjovihkqwnkia/Build/Intermediates.noindex/Pods.build/Release-iphonesimulator/LSRFramework.build/LSRFramework-all-non-framework-target-headers.hmap -ivfsoverlay /Users/edz/Library/Developer/Xcode/DerivedData/App-bytlbhqqorqzqidyjovihkqwnkia/Build/Intermediates.noindex/Pods.build/Release-iphonesimulator/LSRFramework.build/all-product-headers.yaml -iquote /Users/edz/Library/Developer/Xcode/DerivedData/App-bytlbhqqorqzqidyjovihkqwnkia/Build/Intermediates.noindex/Pods.build/Release-iphonesimulator/LSRFramework.build/LSRFramework-project-headers.hmap -I/Users/edz/Library/Developer/Xcode/DerivedData/App-bytlbhqqorqzqidyjovihkqwnkia/Build/Products/Release-iphonesimulator/LSRFramework/include -I/Users/edz/Library/Developer/Xcode/DerivedData/App-bytlbhqqorqzqidyjovihkqwnkia/Build/Intermediates.noindex/Pods.build/Release-iphonesimulator/LSRFramework.build/DerivedSources-normal/x86_64 -I/Users/edz/Library/Developer/Xcode/DerivedData/App-bytlbhqqorqzqidyjovihkqwnkia/Build/Intermediates.noindex/Pods.build/Release-iphonesimulator/LSRFramework.build/DerivedSources/x86_64 -I/Users/edz/Library/Developer/Xcode/DerivedData/App-bytlbhqqorqzqidyjovihkqwnkia/Build/Intermediates.noindex/Pods.build/Release-iphonesimulator/LSRFramework.build/DerivedSources -F/Users/edz/Library/Developer/Xcode/DerivedData/App-bytlbhqqorqzqidyjovihkqwnkia/Build/Products/Release-iphonesimulator/LSRFramework -F/Users/edz/Library/Developer/Xcode/DerivedData/App-bytlbhqqorqzqidyjovihkqwnkia/Build/Products/Release-iphonesimulator/MBProgressHUD -F/Users/edz/Library/Developer/Xcode/DerivedData/App-bytlbhqqorqzqidyjovihkqwnkia/Build/Products/Release-iphonesimulator/Masonry -Wincomplete-umbrella -w -Xanalyzer -analyzer-disable-all-checks -include /var/folders/4h/hxvz7hb959j4pw0pvbq686x00000gn/T/CocoaPods-Lint-20200722-25225-196xw43-UIModule/Pods/Target\ Support\ Files/LSRFramework/LSRFramework-prefix.pch -MMD -MT dependencies -MF /Users/edz/Library/Developer/Xcode/DerivedData/App-bytlbhqqorqzqidyjovihkqwnkia/Build/Intermediates.noindex/Pods.build/Release-iphonesimulator/LSRFramework.build/Objects-normal/x86_64/CTAssetsGridViewLayout.d --serialize-diagnostics /Users/edz/Library/Developer/Xcode/DerivedData/App-bytlbhqqorqzqidyjovihkqwnkia/Build/Intermediates.noindex/Pods.build/Release-iphonesimulator/LSRFramework.build/Objects-normal/x86_64/CTAssetsGridViewLayout.dia -c /var/folders/4h/hxvz7hb959j4pw0pvbq686x00000gn/T/CocoaPods-Lint-20200722-25225-196xw43-UIModule/Pods/LSRFramework/LSRFramework/Classes/BaseClasses/UIViewController/Picker/AssetsPicker/CTAssetsPickerController/CTAssetsGridViewLayout.m -o /Users/edz/Library/Developer/Xcode/DerivedData/App-bytlbhqqorqzqidyjovihkqwnkia/Build/Intermediates.noindex/Pods.build/Release-iphonesimulator/LSRFramework.build/Objects-normal/x86_64/CTAssetsGridViewLayout.o
    
    CompileC /Users/edz/Library/Developer/Xcode/DerivedData/App-bytlbhqqorqzqidyjovihkqwnkia/Build/Intermediates.noindex/Pods.build/Release-iphonesimulator/LSRFramework.build/Objects-normal/x86_64/CTAssetsGridViewFooter.o /var/folders/4h/hxvz7hb959j4pw0pvbq686x00000gn/T/CocoaPods-Lint-20200722-25225-196xw43-UIModule/Pods/LSRFramework/LSRFramework/Classes/BaseClasses/UIViewController/Picker/AssetsPicker/CTAssetsPickerController/CTAssetsGridViewFooter.m normal x86_64 objective-c com.apple.compilers.llvm.clang.1_0.compiler (in target 'LSRFramework' from project 'Pods')
        cd /var/folders/4h/hxvz7hb959j4pw0pvbq686x00000gn/T/CocoaPods-Lint-20200722-25225-196xw43-UIModule/Pods
        export LANG=en_US.US-ASCII
        /Applications/Xcode.app/Contents/Developer/Toolchains/XcodeDefault.xctoolchain/usr/bin/clang -x objective-c -target x86_64-apple-ios11.0-simulator -fmessage-length=0 -fdiagnostics-show-note-include-stack -fmacro-backtrace-limit=0 -std=gnu11 -fobjc-arc -fmodules -gmodules -fmodules-cache-path=/Users/edz/Library/Developer/Xcode/DerivedData/ModuleCache.noindex -fmodules-prune-interval=86400 -fmodules-prune-after=345600 -fbuild-session-file=/Users/edz/Library/Developer/Xcode/DerivedData/ModuleCache.noindex/Session.modulevalidation -fmodules-validate-once-per-build-session -Wnon-modular-include-in-framework-module -Werror=non-modular-include-in-framework-module -fmodule-name=LSRFramework -Wno-trigraphs -fpascal-strings -Os -fno-common -Wno-missing-field-initializers -Wno-missing-prototypes -Werror=return-type -Wdocumentation -Wunreachable-code -Wno-implicit-atomic-properties -Werror=deprecated-objc-isa-usage -Wno-objc-interface-ivars -Werror=objc-root-class -Wno-arc-repeated-use-of-weak -Wimplicit-retain-self -Wduplicate-method-match -Wno-missing-braces -Wparentheses -Wswitch -Wunused-function -Wno-unused-label -Wno-unused-parameter -Wunused-variable -Wunused-value -Wempty-body -Wuninitialized -Wconditional-uninitialized -Wno-unknown-pragmas -Wno-shadow -Wno-four-char-constants -Wno-conversion -Wconstant-conversion -Wint-conversion -Wbool-conversion -Wenum-conversion -Wno-float-conversion -Wnon-literal-null-conversion -Wobjc-literal-conversion -Wshorten-64-to-32 -Wpointer-sign -Wno-newline-eof -Wno-selector -Wno-strict-selector-match -Wundeclared-selector -Wdeprecated-implementations -DPOD_CONFIGURATION_RELEASE=1 -DCOCOAPODS=1 -DTTTFRAMEWORK=1 -DNS_BLOCK_ASSERTIONS=1 -DOBJC_OLD_DISPATCH_PROTOTYPES=0 -isysroot /Applications/Xcode.app/Contents/Developer/Platforms/iPhoneSimulator.platform/Developer/SDKs/iPhoneSimulator13.5.sdk -fasm-blocks -fstrict-aliasing -Wprotocol -Wdeprecated-declarations -g -Wno-sign-conversion -Winfinite-recursion -Wcomma -Wblock-capture-autoreleasing -Wstrict-prototypes -Wno-semicolon-before-method-body -Wunguarded-availability -fobjc-abi-version=2 -fobjc-legacy-dispatch -iquote /Users/edz/Library/Developer/Xcode/DerivedData/App-bytlbhqqorqzqidyjovihkqwnkia/Build/Intermediates.noindex/Pods.build/Release-iphonesimulator/LSRFramework.build/LSRFramework-generated-files.hmap -I/Users/edz/Library/Developer/Xcode/DerivedData/App-bytlbhqqorqzqidyjovihkqwnkia/Build/Intermediates.noindex/Pods.build/Release-iphonesimulator/LSRFramework.build/LSRFramework-own-target-headers.hmap -I/Users/edz/Library/Developer/Xcode/DerivedData/App-bytlbhqqorqzqidyjovihkqwnkia/Build/Intermediates.noindex/Pods.build/Release-iphonesimulator/LSRFramework.build/LSRFramework-all-non-framework-target-headers.hmap -ivfsoverlay /Users/edz/Library/Developer/Xcode/DerivedData/App-bytlbhqqorqzqidyjovihkqwnkia/Build/Intermediates.noindex/Pods.build/Release-iphonesimulator/LSRFramework.build/all-product-headers.yaml -iquote /Users/edz/Library/Developer/Xcode/DerivedData/App-bytlbhqqorqzqidyjovihkqwnkia/Build/Intermediates.noindex/Pods.build/Release-iphonesimulator/LSRFramework.build/LSRFramework-project-headers.hmap -I/Users/edz/Library/Developer/Xcode/DerivedData/App-bytlbhqqorqzqidyjovihkqwnkia/Build/Products/Release-iphonesimulator/LSRFramework/include -I/Users/edz/Library/Developer/Xcode/DerivedData/App-bytlbhqqorqzqidyjovihkqwnkia/Build/Intermediates.noindex/Pods.build/Release-iphonesimulator/LSRFramework.build/DerivedSources-normal/x86_64 -I/Users/edz/Library/Developer/Xcode/DerivedData/App-bytlbhqqorqzqidyjovihkqwnkia/Build/Intermediates.noindex/Pods.build/Release-iphonesimulator/LSRFramework.build/DerivedSources/x86_64 -I/Users/edz/Library/Developer/Xcode/DerivedData/App-bytlbhqqorqzqidyjovihkqwnkia/Build/Intermediates.noindex/Pods.build/Release-iphonesimulator/LSRFramework.build/DerivedSources -F/Users/edz/Library/Developer/Xcode/DerivedData/App-bytlbhqqorqzqidyjovihkqwnkia/Build/Products/Release-iphonesimulator/LSRFramework -F/Users/edz/Library/Developer/Xcode/DerivedData/App-bytlbhqqorqzqidyjovihkqwnkia/Build/Products/Release-iphonesimulator/MBProgressHUD -F/Users/edz/Library/Developer/Xcode/DerivedData/App-bytlbhqqorqzqidyjovihkqwnkia/Build/Products/Release-iphonesimulator/Masonry -Wincomplete-umbrella -w -Xanalyzer -analyzer-disable-all-checks -include /var/folders/4h/hxvz7hb959j4pw0pvbq686x00000gn/T/CocoaPods-Lint-20200722-25225-196xw43-UIModule/Pods/Target\ Support\ Files/LSRFramework/LSRFramework-prefix.pch -MMD -MT dependencies -MF /Users/edz/Library/Developer/Xcode/DerivedData/App-bytlbhqqorqzqidyjovihkqwnkia/Build/Intermediates.noindex/Pods.build/Release-iphonesimulator/LSRFramework.build/Objects-normal/x86_64/CTAssetsGridViewFooter.d --serialize-diagnostics /Users/edz/Library/Developer/Xcode/DerivedData/App-bytlbhqqorqzqidyjovihkqwnkia/Build/Intermediates.noindex/Pods.build/Release-iphonesimulator/LSRFramework.build/Objects-normal/x86_64/CTAssetsGridViewFooter.dia -c /var/folders/4h/hxvz7hb959j4pw0pvbq686x00000gn/T/CocoaPods-Lint-20200722-25225-196xw43-UIModule/Pods/LSRFramework/LSRFramework/Classes/BaseClasses/UIViewController/Picker/AssetsPicker/CTAssetsPickerController/CTAssetsGridViewFooter.m -o /Users/edz/Library/Developer/Xcode/DerivedData/App-bytlbhqqorqzqidyjovihkqwnkia/Build/Intermediates.noindex/Pods.build/Release-iphonesimulator/LSRFramework.build/Objects-normal/x86_64/CTAssetsGridViewFooter.o
    
    CompileC /Users/edz/Library/Developer/Xcode/DerivedData/App-bytlbhqqorqzqidyjovihkqwnkia/Build/Intermediates.noindex/Pods.build/Release-iphonesimulator/LSRFramework.build/Objects-normal/x86_64/CTAssetsGridViewController.o /var/folders/4h/hxvz7hb959j4pw0pvbq686x00000gn/T/CocoaPods-Lint-20200722-25225-196xw43-UIModule/Pods/LSRFramework/LSRFramework/Classes/BaseClasses/UIViewController/Picker/AssetsPicker/CTAssetsPickerController/CTAssetsGridViewController.m normal x86_64 objective-c com.apple.compilers.llvm.clang.1_0.compiler (in target 'LSRFramework' from project 'Pods')
        cd /var/folders/4h/hxvz7hb959j4pw0pvbq686x00000gn/T/CocoaPods-Lint-20200722-25225-196xw43-UIModule/Pods
        export LANG=en_US.US-ASCII
        /Applications/Xcode.app/Contents/Developer/Toolchains/XcodeDefault.xctoolchain/usr/bin/clang -x objective-c -target x86_64-apple-ios11.0-simulator -fmessage-length=0 -fdiagnostics-show-note-include-stack -fmacro-backtrace-limit=0 -std=gnu11 -fobjc-arc -fmodules -gmodules -fmodules-cache-path=/Users/edz/Library/Developer/Xcode/DerivedData/ModuleCache.noindex -fmodules-prune-interval=86400 -fmodules-prune-after=345600 -fbuild-session-file=/Users/edz/Library/Developer/Xcode/DerivedData/ModuleCache.noindex/Session.modulevalidation -fmodules-validate-once-per-build-session -Wnon-modular-include-in-framework-module -Werror=non-modular-include-in-framework-module -fmodule-name=LSRFramework -Wno-trigraphs -fpascal-strings -Os -fno-common -Wno-missing-field-initializers -Wno-missing-prototypes -Werror=return-type -Wdocumentation -Wunreachable-code -Wno-implicit-atomic-properties -Werror=deprecated-objc-isa-usage -Wno-objc-interface-ivars -Werror=objc-root-class -Wno-arc-repeated-use-of-weak -Wimplicit-retain-self -Wduplicate-method-match -Wno-missing-braces -Wparentheses -Wswitch -Wunused-function -Wno-unused-label -Wno-unused-parameter -Wunused-variable -Wunused-value -Wempty-body -Wuninitialized -Wconditional-uninitialized -Wno-unknown-pragmas -Wno-shadow -Wno-four-char-constants -Wno-conversion -Wconstant-conversion -Wint-conversion -Wbool-conversion -Wenum-conversion -Wno-float-conversion -Wnon-literal-null-conversion -Wobjc-literal-conversion -Wshorten-64-to-32 -Wpointer-sign -Wno-newline-eof -Wno-selector -Wno-strict-selector-match -Wundeclared-selector -Wdeprecated-implementations -DPOD_CONFIGURATION_RELEASE=1 -DCOCOAPODS=1 -DTTTFRAMEWORK=1 -DNS_BLOCK_ASSERTIONS=1 -DOBJC_OLD_DISPATCH_PROTOTYPES=0 -isysroot /Applications/Xcode.app/Contents/Developer/Platforms/iPhoneSimulator.platform/Developer/SDKs/iPhoneSimulator13.5.sdk -fasm-blocks -fstrict-aliasing -Wprotocol -Wdeprecated-declarations -g -Wno-sign-conversion -Winfinite-recursion -Wcomma -Wblock-capture-autoreleasing -Wstrict-prototypes -Wno-semicolon-before-method-body -Wunguarded-availability -fobjc-abi-version=2 -fobjc-legacy-dispatch -iquote /Users/edz/Library/Developer/Xcode/DerivedData/App-bytlbhqqorqzqidyjovihkqwnkia/Build/Intermediates.noindex/Pods.build/Release-iphonesimulator/LSRFramework.build/LSRFramework-generated-files.hmap -I/Users/edz/Library/Developer/Xcode/DerivedData/App-bytlbhqqorqzqidyjovihkqwnkia/Build/Intermediates.noindex/Pods.build/Release-iphonesimulator/LSRFramework.build/LSRFramework-own-target-headers.hmap -I/Users/edz/Library/Developer/Xcode/DerivedData/App-bytlbhqqorqzqidyjovihkqwnkia/Build/Intermediates.noindex/Pods.build/Release-iphonesimulator/LSRFramework.build/LSRFramework-all-non-framework-target-headers.hmap -ivfsoverlay /Users/edz/Library/Developer/Xcode/DerivedData/App-bytlbhqqorqzqidyjovihkqwnkia/Build/Intermediates.noindex/Pods.build/Release-iphonesimulator/LSRFramework.build/all-product-headers.yaml -iquote /Users/edz/Library/Developer/Xcode/DerivedData/App-bytlbhqqorqzqidyjovihkqwnkia/Build/Intermediates.noindex/Pods.build/Release-iphonesimulator/LSRFramework.build/LSRFramework-project-headers.hmap -I/Users/edz/Library/Developer/Xcode/DerivedData/App-bytlbhqqorqzqidyjovihkqwnkia/Build/Products/Release-iphonesimulator/LSRFramework/include -I/Users/edz/Library/Developer/Xcode/DerivedData/App-bytlbhqqorqzqidyjovihkqwnkia/Build/Intermediates.noindex/Pods.build/Release-iphonesimulator/LSRFramework.build/DerivedSources-normal/x86_64 -I/Users/edz/Library/Developer/Xcode/DerivedData/App-bytlbhqqorqzqidyjovihkqwnkia/Build/Intermediates.noindex/Pods.build/Release-iphonesimulator/LSRFramework.build/DerivedSources/x86_64 -I/Users/edz/Library/Developer/Xcode/DerivedData/App-bytlbhqqorqzqidyjovihkqwnkia/Build/Intermediates.noindex/Pods.build/Release-iphonesimulator/LSRFramework.build/DerivedSources -F/Users/edz/Library/Developer/Xcode/DerivedData/App-bytlbhqqorqzqidyjovihkqwnkia/Build/Products/Release-iphonesimulator/LSRFramework -F/Users/edz/Library/Developer/Xcode/DerivedData/App-bytlbhqqorqzqidyjovihkqwnkia/Build/Products/Release-iphonesimulator/MBProgressHUD -F/Users/edz/Library/Developer/Xcode/DerivedData/App-bytlbhqqorqzqidyjovihkqwnkia/Build/Products/Release-iphonesimulator/Masonry -Wincomplete-umbrella -w -Xanalyzer -analyzer-disable-all-checks -include /var/folders/4h/hxvz7hb959j4pw0pvbq686x00000gn/T/CocoaPods-Lint-20200722-25225-196xw43-UIModule/Pods/Target\ Support\ Files/LSRFramework/LSRFramework-prefix.pch -MMD -MT dependencies -MF /Users/edz/Library/Developer/Xcode/DerivedData/App-bytlbhqqorqzqidyjovihkqwnkia/Build/Intermediates.noindex/Pods.build/Release-iphonesimulator/LSRFramework.build/Objects-normal/x86_64/CTAssetsGridViewController.d --serialize-diagnostics /Users/edz/Library/Developer/Xcode/DerivedData/App-bytlbhqqorqzqidyjovihkqwnkia/Build/Intermediates.noindex/Pods.build/Release-iphonesimulator/LSRFramework.build/Objects-normal/x86_64/CTAssetsGridViewController.dia -c /var/folders/4h/hxvz7hb959j4pw0pvbq686x00000gn/T/CocoaPods-Lint-20200722-25225-196xw43-UIModule/Pods/LSRFramework/LSRFramework/Classes/BaseClasses/UIViewController/Picker/AssetsPicker/CTAssetsPickerController/CTAssetsGridViewController.m -o /Users/edz/Library/Developer/Xcode/DerivedData/App-bytlbhqqorqzqidyjovihkqwnkia/Build/Intermediates.noindex/Pods.build/Release-iphonesimulator/LSRFramework.build/Objects-normal/x86_64/CTAssetsGridViewController.o
    
    CompileC /Users/edz/Library/Developer/Xcode/DerivedData/App-bytlbhqqorqzqidyjovihkqwnkia/Build/Intermediates.noindex/Pods.build/Release-iphonesimulator/LSRFramework.build/Objects-normal/x86_64/CTAssetsGridViewController+Customized.o /var/folders/4h/hxvz7hb959j4pw0pvbq686x00000gn/T/CocoaPods-Lint-20200722-25225-196xw43-UIModule/Pods/LSRFramework/LSRFramework/Classes/BaseClasses/UIViewController/Picker/CTAssetsGridViewController+Customized.m normal x86_64 objective-c com.apple.compilers.llvm.clang.1_0.compiler (in target 'LSRFramework' from project 'Pods')
        cd /var/folders/4h/hxvz7hb959j4pw0pvbq686x00000gn/T/CocoaPods-Lint-20200722-25225-196xw43-UIModule/Pods
        export LANG=en_US.US-ASCII
        /Applications/Xcode.app/Contents/Developer/Toolchains/XcodeDefault.xctoolchain/usr/bin/clang -x objective-c -target x86_64-apple-ios11.0-simulator -fmessage-length=0 -fdiagnostics-show-note-include-stack -fmacro-backtrace-limit=0 -std=gnu11 -fobjc-arc -fmodules -gmodules -fmodules-cache-path=/Users/edz/Library/Developer/Xcode/DerivedData/ModuleCache.noindex -fmodules-prune-interval=86400 -fmodules-prune-after=345600 -fbuild-session-file=/Users/edz/Library/Developer/Xcode/DerivedData/ModuleCache.noindex/Session.modulevalidation -fmodules-validate-once-per-build-session -Wnon-modular-include-in-framework-module -Werror=non-modular-include-in-framework-module -fmodule-name=LSRFramework -Wno-trigraphs -fpascal-strings -Os -fno-common -Wno-missing-field-initializers -Wno-missing-prototypes -Werror=return-type -Wdocumentation -Wunreachable-code -Wno-implicit-atomic-properties -Werror=deprecated-objc-isa-usage -Wno-objc-interface-ivars -Werror=objc-root-class -Wno-arc-repeated-use-of-weak -Wimplicit-retain-self -Wduplicate-method-match -Wno-missing-braces -Wparentheses -Wswitch -Wunused-function -Wno-unused-label -Wno-unused-parameter -Wunused-variable -Wunused-value -Wempty-body -Wuninitialized -Wconditional-uninitialized -Wno-unknown-pragmas -Wno-shadow -Wno-four-char-constants -Wno-conversion -Wconstant-conversion -Wint-conversion -Wbool-conversion -Wenum-conversion -Wno-float-conversion -Wnon-literal-null-conversion -Wobjc-literal-conversion -Wshorten-64-to-32 -Wpointer-sign -Wno-newline-eof -Wno-selector -Wno-strict-selector-match -Wundeclared-selector -Wdeprecated-implementations -DPOD_CONFIGURATION_RELEASE=1 -DCOCOAPODS=1 -DTTTFRAMEWORK=1 -DNS_BLOCK_ASSERTIONS=1 -DOBJC_OLD_DISPATCH_PROTOTYPES=0 -isysroot /Applications/Xcode.app/Contents/Developer/Platforms/iPhoneSimulator.platform/Developer/SDKs/iPhoneSimulator13.5.sdk -fasm-blocks -fstrict-aliasing -Wprotocol -Wdeprecated-declarations -g -Wno-sign-conversion -Winfinite-recursion -Wcomma -Wblock-capture-autoreleasing -Wstrict-prototypes -Wno-semicolon-before-method-body -Wunguarded-availability -fobjc-abi-version=2 -fobjc-legacy-dispatch -iquote /Users/edz/Library/Developer/Xcode/DerivedData/App-bytlbhqqorqzqidyjovihkqwnkia/Build/Intermediates.noindex/Pods.build/Release-iphonesimulator/LSRFramework.build/LSRFramework-generated-files.hmap -I/Users/edz/Library/Developer/Xcode/DerivedData/App-bytlbhqqorqzqidyjovihkqwnkia/Build/Intermediates.noindex/Pods.build/Release-iphonesimulator/LSRFramework.build/LSRFramework-own-target-headers.hmap -I/Users/edz/Library/Developer/Xcode/DerivedData/App-bytlbhqqorqzqidyjovihkqwnkia/Build/Intermediates.noindex/Pods.build/Release-iphonesimulator/LSRFramework.build/LSRFramework-all-non-framework-target-headers.hmap -ivfsoverlay /Users/edz/Library/Developer/Xcode/DerivedData/App-bytlbhqqorqzqidyjovihkqwnkia/Build/Intermediates.noindex/Pods.build/Release-iphonesimulator/LSRFramework.build/all-product-headers.yaml -iquote /Users/edz/Library/Developer/Xcode/DerivedData/App-bytlbhqqorqzqidyjovihkqwnkia/Build/Intermediates.noindex/Pods.build/Release-iphonesimulator/LSRFramework.build/LSRFramework-project-headers.hmap -I/Users/edz/Library/Developer/Xcode/DerivedData/App-bytlbhqqorqzqidyjovihkqwnkia/Build/Products/Release-iphonesimulator/LSRFramework/include -I/Users/edz/Library/Developer/Xcode/DerivedData/App-bytlbhqqorqzqidyjovihkqwnkia/Build/Intermediates.noindex/Pods.build/Release-iphonesimulator/LSRFramework.build/DerivedSources-normal/x86_64 -I/Users/edz/Library/Developer/Xcode/DerivedData/App-bytlbhqqorqzqidyjovihkqwnkia/Build/Intermediates.noindex/Pods.build/Release-iphonesimulator/LSRFramework.build/DerivedSources/x86_64 -I/Users/edz/Library/Developer/Xcode/DerivedData/App-bytlbhqqorqzqidyjovihkqwnkia/Build/Intermediates.noindex/Pods.build/Release-iphonesimulator/LSRFramework.build/DerivedSources -F/Users/edz/Library/Developer/Xcode/DerivedData/App-bytlbhqqorqzqidyjovihkqwnkia/Build/Products/Release-iphonesimulator/LSRFramework -F/Users/edz/Library/Developer/Xcode/DerivedData/App-bytlbhqqorqzqidyjovihkqwnkia/Build/Products/Release-iphonesimulator/MBProgressHUD -F/Users/edz/Library/Developer/Xcode/DerivedData/App-bytlbhqqorqzqidyjovihkqwnkia/Build/Products/Release-iphonesimulator/Masonry -Wincomplete-umbrella -w -Xanalyzer -analyzer-disable-all-checks -include /var/folders/4h/hxvz7hb959j4pw0pvbq686x00000gn/T/CocoaPods-Lint-20200722-25225-196xw43-UIModule/Pods/Target\ Support\ Files/LSRFramework/LSRFramework-prefix.pch -MMD -MT dependencies -MF /Users/edz/Library/Developer/Xcode/DerivedData/App-bytlbhqqorqzqidyjovihkqwnkia/Build/Intermediates.noindex/Pods.build/Release-iphonesimulator/LSRFramework.build/Objects-normal/x86_64/CTAssetsGridViewController+Customized.d --serialize-diagnostics /Users/edz/Library/Developer/Xcode/DerivedData/App-bytlbhqqorqzqidyjovihkqwnkia/Build/Intermediates.noindex/Pods.build/Release-iphonesimulator/LSRFramework.build/Objects-normal/x86_64/CTAssetsGridViewController+Customized.dia -c /var/folders/4h/hxvz7hb959j4pw0pvbq686x00000gn/T/CocoaPods-Lint-20200722-25225-196xw43-UIModule/Pods/LSRFramework/LSRFramework/Classes/BaseClasses/UIViewController/Picker/CTAssetsGridViewController+Customized.m -o /Users/edz/Library/Developer/Xcode/DerivedData/App-bytlbhqqorqzqidyjovihkqwnkia/Build/Intermediates.noindex/Pods.build/Release-iphonesimulator/LSRFramework.build/Objects-normal/x86_64/CTAssetsGridViewController+Customized.o
    
    CompileC /Users/edz/Library/Developer/Xcode/DerivedData/App-bytlbhqqorqzqidyjovihkqwnkia/Build/Intermediates.noindex/Pods.build/Release-iphonesimulator/LSRFramework.build/Objects-normal/x86_64/CTAssetsGridViewCell.o /var/folders/4h/hxvz7hb959j4pw0pvbq686x00000gn/T/CocoaPods-Lint-20200722-25225-196xw43-UIModule/Pods/LSRFramework/LSRFramework/Classes/BaseClasses/UIViewController/Picker/AssetsPicker/CTAssetsPickerController/CTAssetsGridViewCell.m normal x86_64 objective-c com.apple.compilers.llvm.clang.1_0.compiler (in target 'LSRFramework' from project 'Pods')
        cd /var/folders/4h/hxvz7hb959j4pw0pvbq686x00000gn/T/CocoaPods-Lint-20200722-25225-196xw43-UIModule/Pods
        export LANG=en_US.US-ASCII
        /Applications/Xcode.app/Contents/Developer/Toolchains/XcodeDefault.xctoolchain/usr/bin/clang -x objective-c -target x86_64-apple-ios11.0-simulator -fmessage-length=0 -fdiagnostics-show-note-include-stack -fmacro-backtrace-limit=0 -std=gnu11 -fobjc-arc -fmodules -gmodules -fmodules-cache-path=/Users/edz/Library/Developer/Xcode/DerivedData/ModuleCache.noindex -fmodules-prune-interval=86400 -fmodules-prune-after=345600 -fbuild-session-file=/Users/edz/Library/Developer/Xcode/DerivedData/ModuleCache.noindex/Session.modulevalidation -fmodules-validate-once-per-build-session -Wnon-modular-include-in-framework-module -Werror=non-modular-include-in-framework-module -fmodule-name=LSRFramework -Wno-trigraphs -fpascal-strings -Os -fno-common -Wno-missing-field-initializers -Wno-missing-prototypes -Werror=return-type -Wdocumentation -Wunreachable-code -Wno-implicit-atomic-properties -Werror=deprecated-objc-isa-usage -Wno-objc-interface-ivars -Werror=objc-root-class -Wno-arc-repeated-use-of-weak -Wimplicit-retain-self -Wduplicate-method-match -Wno-missing-braces -Wparentheses -Wswitch -Wunused-function -Wno-unused-label -Wno-unused-parameter -Wunused-variable -Wunused-value -Wempty-body -Wuninitialized -Wconditional-uninitialized -Wno-unknown-pragmas -Wno-shadow -Wno-four-char-constants -Wno-conversion -Wconstant-conversion -Wint-conversion -Wbool-conversion -Wenum-conversion -Wno-float-conversion -Wnon-literal-null-conversion -Wobjc-literal-conversion -Wshorten-64-to-32 -Wpointer-sign -Wno-newline-eof -Wno-selector -Wno-strict-selector-match -Wundeclared-selector -Wdeprecated-implementations -DPOD_CONFIGURATION_RELEASE=1 -DCOCOAPODS=1 -DTTTFRAMEWORK=1 -DNS_BLOCK_ASSERTIONS=1 -DOBJC_OLD_DISPATCH_PROTOTYPES=0 -isysroot /Applications/Xcode.app/Contents/Developer/Platforms/iPhoneSimulator.platform/Developer/SDKs/iPhoneSimulator13.5.sdk -fasm-blocks -fstrict-aliasing -Wprotocol -Wdeprecated-declarations -g -Wno-sign-conversion -Winfinite-recursion -Wcomma -Wblock-capture-autoreleasing -Wstrict-prototypes -Wno-semicolon-before-method-body -Wunguarded-availability -fobjc-abi-version=2 -fobjc-legacy-dispatch -iquote /Users/edz/Library/Developer/Xcode/DerivedData/App-bytlbhqqorqzqidyjovihkqwnkia/Build/Intermediates.noindex/Pods.build/Release-iphonesimulator/LSRFramework.build/LSRFramework-generated-files.hmap -I/Users/edz/Library/Developer/Xcode/DerivedData/App-bytlbhqqorqzqidyjovihkqwnkia/Build/Intermediates.noindex/Pods.build/Release-iphonesimulator/LSRFramework.build/LSRFramework-own-target-headers.hmap -I/Users/edz/Library/Developer/Xcode/DerivedData/App-bytlbhqqorqzqidyjovihkqwnkia/Build/Intermediates.noindex/Pods.build/Release-iphonesimulator/LSRFramework.build/LSRFramework-all-non-framework-target-headers.hmap -ivfsoverlay /Users/edz/Library/Developer/Xcode/DerivedData/App-bytlbhqqorqzqidyjovihkqwnkia/Build/Intermediates.noindex/Pods.build/Release-iphonesimulator/LSRFramework.build/all-product-headers.yaml -iquote /Users/edz/Library/Developer/Xcode/DerivedData/App-bytlbhqqorqzqidyjovihkqwnkia/Build/Intermediates.noindex/Pods.build/Release-iphonesimulator/LSRFramework.build/LSRFramework-project-headers.hmap -I/Users/edz/Library/Developer/Xcode/DerivedData/App-bytlbhqqorqzqidyjovihkqwnkia/Build/Products/Release-iphonesimulator/LSRFramework/include -I/Users/edz/Library/Developer/Xcode/DerivedData/App-bytlbhqqorqzqidyjovihkqwnkia/Build/Intermediates.noindex/Pods.build/Release-iphonesimulator/LSRFramework.build/DerivedSources-normal/x86_64 -I/Users/edz/Library/Developer/Xcode/DerivedData/App-bytlbhqqorqzqidyjovihkqwnkia/Build/Intermediates.noindex/Pods.build/Release-iphonesimulator/LSRFramework.build/DerivedSources/x86_64 -I/Users/edz/Library/Developer/Xcode/DerivedData/App-bytlbhqqorqzqidyjovihkqwnkia/Build/Intermediates.noindex/Pods.build/Release-iphonesimulator/LSRFramework.build/DerivedSources -F/Users/edz/Library/Developer/Xcode/DerivedData/App-bytlbhqqorqzqidyjovihkqwnkia/Build/Products/Release-iphonesimulator/LSRFramework -F/Users/edz/Library/Developer/Xcode/DerivedData/App-bytlbhqqorqzqidyjovihkqwnkia/Build/Products/Release-iphonesimulator/MBProgressHUD -F/Users/edz/Library/Developer/Xcode/DerivedData/App-bytlbhqqorqzqidyjovihkqwnkia/Build/Products/Release-iphonesimulator/Masonry -Wincomplete-umbrella -w -Xanalyzer -analyzer-disable-all-checks -include /var/folders/4h/hxvz7hb959j4pw0pvbq686x00000gn/T/CocoaPods-Lint-20200722-25225-196xw43-UIModule/Pods/Target\ Support\ Files/LSRFramework/LSRFramework-prefix.pch -MMD -MT dependencies -MF /Users/edz/Library/Developer/Xcode/DerivedData/App-bytlbhqqorqzqidyjovihkqwnkia/Build/Intermediates.noindex/Pods.build/Release-iphonesimulator/LSRFramework.build/Objects-normal/x86_64/CTAssetsGridViewCell.d --serialize-diagnostics /Users/edz/Library/Developer/Xcode/DerivedData/App-bytlbhqqorqzqidyjovihkqwnkia/Build/Intermediates.noindex/Pods.build/Release-iphonesimulator/LSRFramework.build/Objects-normal/x86_64/CTAssetsGridViewCell.dia -c /var/folders/4h/hxvz7hb959j4pw0pvbq686x00000gn/T/CocoaPods-Lint-20200722-25225-196xw43-UIModule/Pods/LSRFramework/LSRFramework/Classes/BaseClasses/UIViewController/Picker/AssetsPicker/CTAssetsPickerController/CTAssetsGridViewCell.m -o /Users/edz/Library/Developer/Xcode/DerivedData/App-bytlbhqqorqzqidyjovihkqwnkia/Build/Intermediates.noindex/Pods.build/Release-iphonesimulator/LSRFramework.build/Objects-normal/x86_64/CTAssetsGridViewCell.o
    
    CompileC /Users/edz/Library/Developer/Xcode/DerivedData/App-bytlbhqqorqzqidyjovihkqwnkia/Build/Intermediates.noindex/Pods.build/Release-iphonesimulator/LSRFramework.build/Objects-normal/x86_64/CTAssetThumbnailView.o /var/folders/4h/hxvz7hb959j4pw0pvbq686x00000gn/T/CocoaPods-Lint-20200722-25225-196xw43-UIModule/Pods/LSRFramework/LSRFramework/Classes/BaseClasses/UIViewController/Picker/AssetsPicker/CTAssetsPickerController/CTAssetThumbnailView.m normal x86_64 objective-c com.apple.compilers.llvm.clang.1_0.compiler (in target 'LSRFramework' from project 'Pods')
        cd /var/folders/4h/hxvz7hb959j4pw0pvbq686x00000gn/T/CocoaPods-Lint-20200722-25225-196xw43-UIModule/Pods
        export LANG=en_US.US-ASCII
        /Applications/Xcode.app/Contents/Developer/Toolchains/XcodeDefault.xctoolchain/usr/bin/clang -x objective-c -target x86_64-apple-ios11.0-simulator -fmessage-length=0 -fdiagnostics-show-note-include-stack -fmacro-backtrace-limit=0 -std=gnu11 -fobjc-arc -fmodules -gmodules -fmodules-cache-path=/Users/edz/Library/Developer/Xcode/DerivedData/ModuleCache.noindex -fmodules-prune-interval=86400 -fmodules-prune-after=345600 -fbuild-session-file=/Users/edz/Library/Developer/Xcode/DerivedData/ModuleCache.noindex/Session.modulevalidation -fmodules-validate-once-per-build-session -Wnon-modular-include-in-framework-module -Werror=non-modular-include-in-framework-module -fmodule-name=LSRFramework -Wno-trigraphs -fpascal-strings -Os -fno-common -Wno-missing-field-initializers -Wno-missing-prototypes -Werror=return-type -Wdocumentation -Wunreachable-code -Wno-implicit-atomic-properties -Werror=deprecated-objc-isa-usage -Wno-objc-interface-ivars -Werror=objc-root-class -Wno-arc-repeated-use-of-weak -Wimplicit-retain-self -Wduplicate-method-match -Wno-missing-braces -Wparentheses -Wswitch -Wunused-function -Wno-unused-label -Wno-unused-parameter -Wunused-variable -Wunused-value -Wempty-body -Wuninitialized -Wconditional-uninitialized -Wno-unknown-pragmas -Wno-shadow -Wno-four-char-constants -Wno-conversion -Wconstant-conversion -Wint-conversion -Wbool-conversion -Wenum-conversion -Wno-float-conversion -Wnon-literal-null-conversion -Wobjc-literal-conversion -Wshorten-64-to-32 -Wpointer-sign -Wno-newline-eof -Wno-selector -Wno-strict-selector-match -Wundeclared-selector -Wdeprecated-implementations -DPOD_CONFIGURATION_RELEASE=1 -DCOCOAPODS=1 -DTTTFRAMEWORK=1 -DNS_BLOCK_ASSERTIONS=1 -DOBJC_OLD_DISPATCH_PROTOTYPES=0 -isysroot /Applications/Xcode.app/Contents/Developer/Platforms/iPhoneSimulator.platform/Developer/SDKs/iPhoneSimulator13.5.sdk -fasm-blocks -fstrict-aliasing -Wprotocol -Wdeprecated-declarations -g -Wno-sign-conversion -Winfinite-recursion -Wcomma -Wblock-capture-autoreleasing -Wstrict-prototypes -Wno-semicolon-before-method-body -Wunguarded-availability -fobjc-abi-version=2 -fobjc-legacy-dispatch -iquote /Users/edz/Library/Developer/Xcode/DerivedData/App-bytlbhqqorqzqidyjovihkqwnkia/Build/Intermediates.noindex/Pods.build/Release-iphonesimulator/LSRFramework.build/LSRFramework-generated-files.hmap -I/Users/edz/Library/Developer/Xcode/DerivedData/App-bytlbhqqorqzqidyjovihkqwnkia/Build/Intermediates.noindex/Pods.build/Release-iphonesimulator/LSRFramework.build/LSRFramework-own-target-headers.hmap -I/Users/edz/Library/Developer/Xcode/DerivedData/App-bytlbhqqorqzqidyjovihkqwnkia/Build/Intermediates.noindex/Pods.build/Release-iphonesimulator/LSRFramework.build/LSRFramework-all-non-framework-target-headers.hmap -ivfsoverlay /Users/edz/Library/Developer/Xcode/DerivedData/App-bytlbhqqorqzqidyjovihkqwnkia/Build/Intermediates.noindex/Pods.build/Release-iphonesimulator/LSRFramework.build/all-product-headers.yaml -iquote /Users/edz/Library/Developer/Xcode/DerivedData/App-bytlbhqqorqzqidyjovihkqwnkia/Build/Intermediates.noindex/Pods.build/Release-iphonesimulator/LSRFramework.build/LSRFramework-project-headers.hmap -I/Users/edz/Library/Developer/Xcode/DerivedData/App-bytlbhqqorqzqidyjovihkqwnkia/Build/Products/Release-iphonesimulator/LSRFramework/include -I/Users/edz/Library/Developer/Xcode/DerivedData/App-bytlbhqqorqzqidyjovihkqwnkia/Build/Intermediates.noindex/Pods.build/Release-iphonesimulator/LSRFramework.build/DerivedSources-normal/x86_64 -I/Users/edz/Library/Developer/Xcode/DerivedData/App-bytlbhqqorqzqidyjovihkqwnkia/Build/Intermediates.noindex/Pods.build/Release-iphonesimulator/LSRFramework.build/DerivedSources/x86_64 -I/Users/edz/Library/Developer/Xcode/DerivedData/App-bytlbhqqorqzqidyjovihkqwnkia/Build/Intermediates.noindex/Pods.build/Release-iphonesimulator/LSRFramework.build/DerivedSources -F/Users/edz/Library/Developer/Xcode/DerivedData/App-bytlbhqqorqzqidyjovihkqwnkia/Build/Products/Release-iphonesimulator/LSRFramework -F/Users/edz/Library/Developer/Xcode/DerivedData/App-bytlbhqqorqzqidyjovihkqwnkia/Build/Products/Release-iphonesimulator/MBProgressHUD -F/Users/edz/Library/Developer/Xcode/DerivedData/App-bytlbhqqorqzqidyjovihkqwnkia/Build/Products/Release-iphonesimulator/Masonry -Wincomplete-umbrella -w -Xanalyzer -analyzer-disable-all-checks -include /var/folders/4h/hxvz7hb959j4pw0pvbq686x00000gn/T/CocoaPods-Lint-20200722-25225-196xw43-UIModule/Pods/Target\ Support\ Files/LSRFramework/LSRFramework-prefix.pch -MMD -MT dependencies -MF /Users/edz/Library/Developer/Xcode/DerivedData/App-bytlbhqqorqzqidyjovihkqwnkia/Build/Intermediates.noindex/Pods.build/Release-iphonesimulator/LSRFramework.build/Objects-normal/x86_64/CTAssetThumbnailView.d --serialize-diagnostics /Users/edz/Library/Developer/Xcode/DerivedData/App-bytlbhqqorqzqidyjovihkqwnkia/Build/Intermediates.noindex/Pods.build/Release-iphonesimulator/LSRFramework.build/Objects-normal/x86_64/CTAssetThumbnailView.dia -c /var/folders/4h/hxvz7hb959j4pw0pvbq686x00000gn/T/CocoaPods-Lint-20200722-25225-196xw43-UIModule/Pods/LSRFramework/LSRFramework/Classes/BaseClasses/UIViewController/Picker/AssetsPicker/CTAssetsPickerController/CTAssetThumbnailView.m -o /Users/edz/Library/Developer/Xcode/DerivedData/App-bytlbhqqorqzqidyjovihkqwnkia/Build/Intermediates.noindex/Pods.build/Release-iphonesimulator/LSRFramework.build/Objects-normal/x86_64/CTAssetThumbnailView.o
    
    CompileC /Users/edz/Library/Developer/Xcode/DerivedData/App-bytlbhqqorqzqidyjovihkqwnkia/Build/Intermediates.noindex/Pods.build/Release-iphonesimulator/LSRFramework.build/Objects-normal/x86_64/CTAssetThumbnailStacks.o /var/folders/4h/hxvz7hb959j4pw0pvbq686x00000gn/T/CocoaPods-Lint-20200722-25225-196xw43-UIModule/Pods/LSRFramework/LSRFramework/Classes/BaseClasses/UIViewController/Picker/AssetsPicker/CTAssetsPickerController/CTAssetThumbnailStacks.m normal x86_64 objective-c com.apple.compilers.llvm.clang.1_0.compiler (in target 'LSRFramework' from project 'Pods')
        cd /var/folders/4h/hxvz7hb959j4pw0pvbq686x00000gn/T/CocoaPods-Lint-20200722-25225-196xw43-UIModule/Pods
        export LANG=en_US.US-ASCII
        /Applications/Xcode.app/Contents/Developer/Toolchains/XcodeDefault.xctoolchain/usr/bin/clang -x objective-c -target x86_64-apple-ios11.0-simulator -fmessage-length=0 -fdiagnostics-show-note-include-stack -fmacro-backtrace-limit=0 -std=gnu11 -fobjc-arc -fmodules -gmodules -fmodules-cache-path=/Users/edz/Library/Developer/Xcode/DerivedData/ModuleCache.noindex -fmodules-prune-interval=86400 -fmodules-prune-after=345600 -fbuild-session-file=/Users/edz/Library/Developer/Xcode/DerivedData/ModuleCache.noindex/Session.modulevalidation -fmodules-validate-once-per-build-session -Wnon-modular-include-in-framework-module -Werror=non-modular-include-in-framework-module -fmodule-name=LSRFramework -Wno-trigraphs -fpascal-strings -Os -fno-common -Wno-missing-field-initializers -Wno-missing-prototypes -Werror=return-type -Wdocumentation -Wunreachable-code -Wno-implicit-atomic-properties -Werror=deprecated-objc-isa-usage -Wno-objc-interface-ivars -Werror=objc-root-class -Wno-arc-repeated-use-of-weak -Wimplicit-retain-self -Wduplicate-method-match -Wno-missing-braces -Wparentheses -Wswitch -Wunused-function -Wno-unused-label -Wno-unused-parameter -Wunused-variable -Wunused-value -Wempty-body -Wuninitialized -Wconditional-uninitialized -Wno-unknown-pragmas -Wno-shadow -Wno-four-char-constants -Wno-conversion -Wconstant-conversion -Wint-conversion -Wbool-conversion -Wenum-conversion -Wno-float-conversion -Wnon-literal-null-conversion -Wobjc-literal-conversion -Wshorten-64-to-32 -Wpointer-sign -Wno-newline-eof -Wno-selector -Wno-strict-selector-match -Wundeclared-selector -Wdeprecated-implementations -DPOD_CONFIGURATION_RELEASE=1 -DCOCOAPODS=1 -DTTTFRAMEWORK=1 -DNS_BLOCK_ASSERTIONS=1 -DOBJC_OLD_DISPATCH_PROTOTYPES=0 -isysroot /Applications/Xcode.app/Contents/Developer/Platforms/iPhoneSimulator.platform/Developer/SDKs/iPhoneSimulator13.5.sdk -fasm-blocks -fstrict-aliasing -Wprotocol -Wdeprecated-declarations -g -Wno-sign-conversion -Winfinite-recursion -Wcomma -Wblock-capture-autoreleasing -Wstrict-prototypes -Wno-semicolon-before-method-body -Wunguarded-availability -fobjc-abi-version=2 -fobjc-legacy-dispatch -iquote /Users/edz/Library/Developer/Xcode/DerivedData/App-bytlbhqqorqzqidyjovihkqwnkia/Build/Intermediates.noindex/Pods.build/Release-iphonesimulator/LSRFramework.build/LSRFramework-generated-files.hmap -I/Users/edz/Library/Developer/Xcode/DerivedData/App-bytlbhqqorqzqidyjovihkqwnkia/Build/Intermediates.noindex/Pods.build/Release-iphonesimulator/LSRFramework.build/LSRFramework-own-target-headers.hmap -I/Users/edz/Library/Developer/Xcode/DerivedData/App-bytlbhqqorqzqidyjovihkqwnkia/Build/Intermediates.noindex/Pods.build/Release-iphonesimulator/LSRFramework.build/LSRFramework-all-non-framework-target-headers.hmap -ivfsoverlay /Users/edz/Library/Developer/Xcode/DerivedData/App-bytlbhqqorqzqidyjovihkqwnkia/Build/Intermediates.noindex/Pods.build/Release-iphonesimulator/LSRFramework.build/all-product-headers.yaml -iquote /Users/edz/Library/Developer/Xcode/DerivedData/App-bytlbhqqorqzqidyjovihkqwnkia/Build/Intermediates.noindex/Pods.build/Release-iphonesimulator/LSRFramework.build/LSRFramework-project-headers.hmap -I/Users/edz/Library/Developer/Xcode/DerivedData/App-bytlbhqqorqzqidyjovihkqwnkia/Build/Products/Release-iphonesimulator/LSRFramework/include -I/Users/edz/Library/Developer/Xcode/DerivedData/App-bytlbhqqorqzqidyjovihkqwnkia/Build/Intermediates.noindex/Pods.build/Release-iphonesimulator/LSRFramework.build/DerivedSources-normal/x86_64 -I/Users/edz/Library/Developer/Xcode/DerivedData/App-bytlbhqqorqzqidyjovihkqwnkia/Build/Intermediates.noindex/Pods.build/Release-iphonesimulator/LSRFramework.build/DerivedSources/x86_64 -I/Users/edz/Library/Developer/Xcode/DerivedData/App-bytlbhqqorqzqidyjovihkqwnkia/Build/Intermediates.noindex/Pods.build/Release-iphonesimulator/LSRFramework.build/DerivedSources -F/Users/edz/Library/Developer/Xcode/DerivedData/App-bytlbhqqorqzqidyjovihkqwnkia/Build/Products/Release-iphonesimulator/LSRFramework -F/Users/edz/Library/Developer/Xcode/DerivedData/App-bytlbhqqorqzqidyjovihkqwnkia/Build/Products/Release-iphonesimulator/MBProgressHUD -F/Users/edz/Library/Developer/Xcode/DerivedData/App-bytlbhqqorqzqidyjovihkqwnkia/Build/Products/Release-iphonesimulator/Masonry -Wincomplete-umbrella -w -Xanalyzer -analyzer-disable-all-checks -include /var/folders/4h/hxvz7hb959j4pw0pvbq686x00000gn/T/CocoaPods-Lint-20200722-25225-196xw43-UIModule/Pods/Target\ Support\ Files/LSRFramework/LSRFramework-prefix.pch -MMD -MT dependencies -MF /Users/edz/Library/Developer/Xcode/DerivedData/App-bytlbhqqorqzqidyjovihkqwnkia/Build/Intermediates.noindex/Pods.build/Release-iphonesimulator/LSRFramework.build/Objects-normal/x86_64/CTAssetThumbnailStacks.d --serialize-diagnostics /Users/edz/Library/Developer/Xcode/DerivedData/App-bytlbhqqorqzqidyjovihkqwnkia/Build/Intermediates.noindex/Pods.build/Release-iphonesimulator/LSRFramework.build/Objects-normal/x86_64/CTAssetThumbnailStacks.dia -c /var/folders/4h/hxvz7hb959j4pw0pvbq686x00000gn/T/CocoaPods-Lint-20200722-25225-196xw43-UIModule/Pods/LSRFramework/LSRFramework/Classes/BaseClasses/UIViewController/Picker/AssetsPicker/CTAssetsPickerController/CTAssetThumbnailStacks.m -o /Users/edz/Library/Developer/Xcode/DerivedData/App-bytlbhqqorqzqidyjovihkqwnkia/Build/Intermediates.noindex/Pods.build/Release-iphonesimulator/LSRFramework.build/Objects-normal/x86_64/CTAssetThumbnailStacks.o
    
    CompileC /Users/edz/Library/Developer/Xcode/DerivedData/App-bytlbhqqorqzqidyjovihkqwnkia/Build/Intermediates.noindex/Pods.build/Release-iphonesimulator/LSRFramework.build/Objects-normal/x86_64/CTAssetThumbnailOverlay.o /var/folders/4h/hxvz7hb959j4pw0pvbq686x00000gn/T/CocoaPods-Lint-20200722-25225-196xw43-UIModule/Pods/LSRFramework/LSRFramework/Classes/BaseClasses/UIViewController/Picker/AssetsPicker/CTAssetsPickerController/CTAssetThumbnailOverlay.m normal x86_64 objective-c com.apple.compilers.llvm.clang.1_0.compiler (in target 'LSRFramework' from project 'Pods')
        cd /var/folders/4h/hxvz7hb959j4pw0pvbq686x00000gn/T/CocoaPods-Lint-20200722-25225-196xw43-UIModule/Pods
        export LANG=en_US.US-ASCII
        /Applications/Xcode.app/Contents/Developer/Toolchains/XcodeDefault.xctoolchain/usr/bin/clang -x objective-c -target x86_64-apple-ios11.0-simulator -fmessage-length=0 -fdiagnostics-show-note-include-stack -fmacro-backtrace-limit=0 -std=gnu11 -fobjc-arc -fmodules -gmodules -fmodules-cache-path=/Users/edz/Library/Developer/Xcode/DerivedData/ModuleCache.noindex -fmodules-prune-interval=86400 -fmodules-prune-after=345600 -fbuild-session-file=/Users/edz/Library/Developer/Xcode/DerivedData/ModuleCache.noindex/Session.modulevalidation -fmodules-validate-once-per-build-session -Wnon-modular-include-in-framework-module -Werror=non-modular-include-in-framework-module -fmodule-name=LSRFramework -Wno-trigraphs -fpascal-strings -Os -fno-common -Wno-missing-field-initializers -Wno-missing-prototypes -Werror=return-type -Wdocumentation -Wunreachable-code -Wno-implicit-atomic-properties -Werror=deprecated-objc-isa-usage -Wno-objc-interface-ivars -Werror=objc-root-class -Wno-arc-repeated-use-of-weak -Wimplicit-retain-self -Wduplicate-method-match -Wno-missing-braces -Wparentheses -Wswitch -Wunused-function -Wno-unused-label -Wno-unused-parameter -Wunused-variable -Wunused-value -Wempty-body -Wuninitialized -Wconditional-uninitialized -Wno-unknown-pragmas -Wno-shadow -Wno-four-char-constants -Wno-conversion -Wconstant-conversion -Wint-conversion -Wbool-conversion -Wenum-conversion -Wno-float-conversion -Wnon-literal-null-conversion -Wobjc-literal-conversion -Wshorten-64-to-32 -Wpointer-sign -Wno-newline-eof -Wno-selector -Wno-strict-selector-match -Wundeclared-selector -Wdeprecated-implementations -DPOD_CONFIGURATION_RELEASE=1 -DCOCOAPODS=1 -DTTTFRAMEWORK=1 -DNS_BLOCK_ASSERTIONS=1 -DOBJC_OLD_DISPATCH_PROTOTYPES=0 -isysroot /Applications/Xcode.app/Contents/Developer/Platforms/iPhoneSimulator.platform/Developer/SDKs/iPhoneSimulator13.5.sdk -fasm-blocks -fstrict-aliasing -Wprotocol -Wdeprecated-declarations -g -Wno-sign-conversion -Winfinite-recursion -Wcomma -Wblock-capture-autoreleasing -Wstrict-prototypes -Wno-semicolon-before-method-body -Wunguarded-availability -fobjc-abi-version=2 -fobjc-legacy-dispatch -iquote /Users/edz/Library/Developer/Xcode/DerivedData/App-bytlbhqqorqzqidyjovihkqwnkia/Build/Intermediates.noindex/Pods.build/Release-iphonesimulator/LSRFramework.build/LSRFramework-generated-files.hmap -I/Users/edz/Library/Developer/Xcode/DerivedData/App-bytlbhqqorqzqidyjovihkqwnkia/Build/Intermediates.noindex/Pods.build/Release-iphonesimulator/LSRFramework.build/LSRFramework-own-target-headers.hmap -I/Users/edz/Library/Developer/Xcode/DerivedData/App-bytlbhqqorqzqidyjovihkqwnkia/Build/Intermediates.noindex/Pods.build/Release-iphonesimulator/LSRFramework.build/LSRFramework-all-non-framework-target-headers.hmap -ivfsoverlay /Users/edz/Library/Developer/Xcode/DerivedData/App-bytlbhqqorqzqidyjovihkqwnkia/Build/Intermediates.noindex/Pods.build/Release-iphonesimulator/LSRFramework.build/all-product-headers.yaml -iquote /Users/edz/Library/Developer/Xcode/DerivedData/App-bytlbhqqorqzqidyjovihkqwnkia/Build/Intermediates.noindex/Pods.build/Release-iphonesimulator/LSRFramework.build/LSRFramework-project-headers.hmap -I/Users/edz/Library/Developer/Xcode/DerivedData/App-bytlbhqqorqzqidyjovihkqwnkia/Build/Products/Release-iphonesimulator/LSRFramework/include -I/Users/edz/Library/Developer/Xcode/DerivedData/App-bytlbhqqorqzqidyjovihkqwnkia/Build/Intermediates.noindex/Pods.build/Release-iphonesimulator/LSRFramework.build/DerivedSources-normal/x86_64 -I/Users/edz/Library/Developer/Xcode/DerivedData/App-bytlbhqqorqzqidyjovihkqwnkia/Build/Intermediates.noindex/Pods.build/Release-iphonesimulator/LSRFramework.build/DerivedSources/x86_64 -I/Users/edz/Library/Developer/Xcode/DerivedData/App-bytlbhqqorqzqidyjovihkqwnkia/Build/Intermediates.noindex/Pods.build/Release-iphonesimulator/LSRFramework.build/DerivedSources -F/Users/edz/Library/Developer/Xcode/DerivedData/App-bytlbhqqorqzqidyjovihkqwnkia/Build/Products/Release-iphonesimulator/LSRFramework -F/Users/edz/Library/Developer/Xcode/DerivedData/App-bytlbhqqorqzqidyjovihkqwnkia/Build/Products/Release-iphonesimulator/MBProgressHUD -F/Users/edz/Library/Developer/Xcode/DerivedData/App-bytlbhqqorqzqidyjovihkqwnkia/Build/Products/Release-iphonesimulator/Masonry -Wincomplete-umbrella -w -Xanalyzer -analyzer-disable-all-checks -include /var/folders/4h/hxvz7hb959j4pw0pvbq686x00000gn/T/CocoaPods-Lint-20200722-25225-196xw43-UIModule/Pods/Target\ Support\ Files/LSRFramework/LSRFramework-prefix.pch -MMD -MT dependencies -MF /Users/edz/Library/Developer/Xcode/DerivedData/App-bytlbhqqorqzqidyjovihkqwnkia/Build/Intermediates.noindex/Pods.build/Release-iphonesimulator/LSRFramework.build/Objects-normal/x86_64/CTAssetThumbnailOverlay.d --serialize-diagnostics /Users/edz/Library/Developer/Xcode/DerivedData/App-bytlbhqqorqzqidyjovihkqwnkia/Build/Intermediates.noindex/Pods.build/Release-iphonesimulator/LSRFramework.build/Objects-normal/x86_64/CTAssetThumbnailOverlay.dia -c /var/folders/4h/hxvz7hb959j4pw0pvbq686x00000gn/T/CocoaPods-Lint-20200722-25225-196xw43-UIModule/Pods/LSRFramework/LSRFramework/Classes/BaseClasses/UIViewController/Picker/AssetsPicker/CTAssetsPickerController/CTAssetThumbnailOverlay.m -o /Users/edz/Library/Developer/Xcode/DerivedData/App-bytlbhqqorqzqidyjovihkqwnkia/Build/Intermediates.noindex/Pods.build/Release-iphonesimulator/LSRFramework.build/Objects-normal/x86_64/CTAssetThumbnailOverlay.o
    
    CompileC /Users/edz/Library/Developer/Xcode/DerivedData/App-bytlbhqqorqzqidyjovihkqwnkia/Build/Intermediates.noindex/Pods.build/Release-iphonesimulator/LSRFramework.build/Objects-normal/x86_64/CTAssetScrollView.o /var/folders/4h/hxvz7hb959j4pw0pvbq686x00000gn/T/CocoaPods-Lint-20200722-25225-196xw43-UIModule/Pods/LSRFramework/LSRFramework/Classes/BaseClasses/UIViewController/Picker/AssetsPicker/CTAssetsPickerController/CTAssetScrollView.m normal x86_64 objective-c com.apple.compilers.llvm.clang.1_0.compiler (in target 'LSRFramework' from project 'Pods')
        cd /var/folders/4h/hxvz7hb959j4pw0pvbq686x00000gn/T/CocoaPods-Lint-20200722-25225-196xw43-UIModule/Pods
        export LANG=en_US.US-ASCII
        /Applications/Xcode.app/Contents/Developer/Toolchains/XcodeDefault.xctoolchain/usr/bin/clang -x objective-c -target x86_64-apple-ios11.0-simulator -fmessage-length=0 -fdiagnostics-show-note-include-stack -fmacro-backtrace-limit=0 -std=gnu11 -fobjc-arc -fmodules -gmodules -fmodules-cache-path=/Users/edz/Library/Developer/Xcode/DerivedData/ModuleCache.noindex -fmodules-prune-interval=86400 -fmodules-prune-after=345600 -fbuild-session-file=/Users/edz/Library/Developer/Xcode/DerivedData/ModuleCache.noindex/Session.modulevalidation -fmodules-validate-once-per-build-session -Wnon-modular-include-in-framework-module -Werror=non-modular-include-in-framework-module -fmodule-name=LSRFramework -Wno-trigraphs -fpascal-strings -Os -fno-common -Wno-missing-field-initializers -Wno-missing-prototypes -Werror=return-type -Wdocumentation -Wunreachable-code -Wno-implicit-atomic-properties -Werror=deprecated-objc-isa-usage -Wno-objc-interface-ivars -Werror=objc-root-class -Wno-arc-repeated-use-of-weak -Wimplicit-retain-self -Wduplicate-method-match -Wno-missing-braces -Wparentheses -Wswitch -Wunused-function -Wno-unused-label -Wno-unused-parameter -Wunused-variable -Wunused-value -Wempty-body -Wuninitialized -Wconditional-uninitialized -Wno-unknown-pragmas -Wno-shadow -Wno-four-char-constants -Wno-conversion -Wconstant-conversion -Wint-conversion -Wbool-conversion -Wenum-conversion -Wno-float-conversion -Wnon-literal-null-conversion -Wobjc-literal-conversion -Wshorten-64-to-32 -Wpointer-sign -Wno-newline-eof -Wno-selector -Wno-strict-selector-match -Wundeclared-selector -Wdeprecated-implementations -DPOD_CONFIGURATION_RELEASE=1 -DCOCOAPODS=1 -DTTTFRAMEWORK=1 -DNS_BLOCK_ASSERTIONS=1 -DOBJC_OLD_DISPATCH_PROTOTYPES=0 -isysroot /Applications/Xcode.app/Contents/Developer/Platforms/iPhoneSimulator.platform/Developer/SDKs/iPhoneSimulator13.5.sdk -fasm-blocks -fstrict-aliasing -Wprotocol -Wdeprecated-declarations -g -Wno-sign-conversion -Winfinite-recursion -Wcomma -Wblock-capture-autoreleasing -Wstrict-prototypes -Wno-semicolon-before-method-body -Wunguarded-availability -fobjc-abi-version=2 -fobjc-legacy-dispatch -iquote /Users/edz/Library/Developer/Xcode/DerivedData/App-bytlbhqqorqzqidyjovihkqwnkia/Build/Intermediates.noindex/Pods.build/Release-iphonesimulator/LSRFramework.build/LSRFramework-generated-files.hmap -I/Users/edz/Library/Developer/Xcode/DerivedData/App-bytlbhqqorqzqidyjovihkqwnkia/Build/Intermediates.noindex/Pods.build/Release-iphonesimulator/LSRFramework.build/LSRFramework-own-target-headers.hmap -I/Users/edz/Library/Developer/Xcode/DerivedData/App-bytlbhqqorqzqidyjovihkqwnkia/Build/Intermediates.noindex/Pods.build/Release-iphonesimulator/LSRFramework.build/LSRFramework-all-non-framework-target-headers.hmap -ivfsoverlay /Users/edz/Library/Developer/Xcode/DerivedData/App-bytlbhqqorqzqidyjovihkqwnkia/Build/Intermediates.noindex/Pods.build/Release-iphonesimulator/LSRFramework.build/all-product-headers.yaml -iquote /Users/edz/Library/Developer/Xcode/DerivedData/App-bytlbhqqorqzqidyjovihkqwnkia/Build/Intermediates.noindex/Pods.build/Release-iphonesimulator/LSRFramework.build/LSRFramework-project-headers.hmap -I/Users/edz/Library/Developer/Xcode/DerivedData/App-bytlbhqqorqzqidyjovihkqwnkia/Build/Products/Release-iphonesimulator/LSRFramework/include -I/Users/edz/Library/Developer/Xcode/DerivedData/App-bytlbhqqorqzqidyjovihkqwnkia/Build/Intermediates.noindex/Pods.build/Release-iphonesimulator/LSRFramework.build/DerivedSources-normal/x86_64 -I/Users/edz/Library/Developer/Xcode/DerivedData/App-bytlbhqqorqzqidyjovihkqwnkia/Build/Intermediates.noindex/Pods.build/Release-iphonesimulator/LSRFramework.build/DerivedSources/x86_64 -I/Users/edz/Library/Developer/Xcode/DerivedData/App-bytlbhqqorqzqidyjovihkqwnkia/Build/Intermediates.noindex/Pods.build/Release-iphonesimulator/LSRFramework.build/DerivedSources -F/Users/edz/Library/Developer/Xcode/DerivedData/App-bytlbhqqorqzqidyjovihkqwnkia/Build/Products/Release-iphonesimulator/LSRFramework -F/Users/edz/Library/Developer/Xcode/DerivedData/App-bytlbhqqorqzqidyjovihkqwnkia/Build/Products/Release-iphonesimulator/MBProgressHUD -F/Users/edz/Library/Developer/Xcode/DerivedData/App-bytlbhqqorqzqidyjovihkqwnkia/Build/Products/Release-iphonesimulator/Masonry -Wincomplete-umbrella -w -Xanalyzer -analyzer-disable-all-checks -include /var/folders/4h/hxvz7hb959j4pw0pvbq686x00000gn/T/CocoaPods-Lint-20200722-25225-196xw43-UIModule/Pods/Target\ Support\ Files/LSRFramework/LSRFramework-prefix.pch -MMD -MT dependencies -MF /Users/edz/Library/Developer/Xcode/DerivedData/App-bytlbhqqorqzqidyjovihkqwnkia/Build/Intermediates.noindex/Pods.build/Release-iphonesimulator/LSRFramework.build/Objects-normal/x86_64/CTAssetScrollView.d --serialize-diagnostics /Users/edz/Library/Developer/Xcode/DerivedData/App-bytlbhqqorqzqidyjovihkqwnkia/Build/Intermediates.noindex/Pods.build/Release-iphonesimulator/LSRFramework.build/Objects-normal/x86_64/CTAssetScrollView.dia -c /var/folders/4h/hxvz7hb959j4pw0pvbq686x00000gn/T/CocoaPods-Lint-20200722-25225-196xw43-UIModule/Pods/LSRFramework/LSRFramework/Classes/BaseClasses/UIViewController/Picker/AssetsPicker/CTAssetsPickerController/CTAssetScrollView.m -o /Users/edz/Library/Developer/Xcode/DerivedData/App-bytlbhqqorqzqidyjovihkqwnkia/Build/Intermediates.noindex/Pods.build/Release-iphonesimulator/LSRFramework.build/Objects-normal/x86_64/CTAssetScrollView.o
    
    CompileC /Users/edz/Library/Developer/Xcode/DerivedData/App-bytlbhqqorqzqidyjovihkqwnkia/Build/Intermediates.noindex/Pods.build/Release-iphonesimulator/LSRFramework.build/Objects-normal/x86_64/CTAssetPlayButton.o /var/folders/4h/hxvz7hb959j4pw0pvbq686x00000gn/T/CocoaPods-Lint-20200722-25225-196xw43-UIModule/Pods/LSRFramework/LSRFramework/Classes/BaseClasses/UIViewController/Picker/AssetsPicker/CTAssetsPickerController/CTAssetPlayButton.m normal x86_64 objective-c com.apple.compilers.llvm.clang.1_0.compiler (in target 'LSRFramework' from project 'Pods')
        cd /var/folders/4h/hxvz7hb959j4pw0pvbq686x00000gn/T/CocoaPods-Lint-20200722-25225-196xw43-UIModule/Pods
        export LANG=en_US.US-ASCII
        /Applications/Xcode.app/Contents/Developer/Toolchains/XcodeDefault.xctoolchain/usr/bin/clang -x objective-c -target x86_64-apple-ios11.0-simulator -fmessage-length=0 -fdiagnostics-show-note-include-stack -fmacro-backtrace-limit=0 -std=gnu11 -fobjc-arc -fmodules -gmodules -fmodules-cache-path=/Users/edz/Library/Developer/Xcode/DerivedData/ModuleCache.noindex -fmodules-prune-interval=86400 -fmodules-prune-after=345600 -fbuild-session-file=/Users/edz/Library/Developer/Xcode/DerivedData/ModuleCache.noindex/Session.modulevalidation -fmodules-validate-once-per-build-session -Wnon-modular-include-in-framework-module -Werror=non-modular-include-in-framework-module -fmodule-name=LSRFramework -Wno-trigraphs -fpascal-strings -Os -fno-common -Wno-missing-field-initializers -Wno-missing-prototypes -Werror=return-type -Wdocumentation -Wunreachable-code -Wno-implicit-atomic-properties -Werror=deprecated-objc-isa-usage -Wno-objc-interface-ivars -Werror=objc-root-class -Wno-arc-repeated-use-of-weak -Wimplicit-retain-self -Wduplicate-method-match -Wno-missing-braces -Wparentheses -Wswitch -Wunused-function -Wno-unused-label -Wno-unused-parameter -Wunused-variable -Wunused-value -Wempty-body -Wuninitialized -Wconditional-uninitialized -Wno-unknown-pragmas -Wno-shadow -Wno-four-char-constants -Wno-conversion -Wconstant-conversion -Wint-conversion -Wbool-conversion -Wenum-conversion -Wno-float-conversion -Wnon-literal-null-conversion -Wobjc-literal-conversion -Wshorten-64-to-32 -Wpointer-sign -Wno-newline-eof -Wno-selector -Wno-strict-selector-match -Wundeclared-selector -Wdeprecated-implementations -DPOD_CONFIGURATION_RELEASE=1 -DCOCOAPODS=1 -DTTTFRAMEWORK=1 -DNS_BLOCK_ASSERTIONS=1 -DOBJC_OLD_DISPATCH_PROTOTYPES=0 -isysroot /Applications/Xcode.app/Contents/Developer/Platforms/iPhoneSimulator.platform/Developer/SDKs/iPhoneSimulator13.5.sdk -fasm-blocks -fstrict-aliasing -Wprotocol -Wdeprecated-declarations -g -Wno-sign-conversion -Winfinite-recursion -Wcomma -Wblock-capture-autoreleasing -Wstrict-prototypes -Wno-semicolon-before-method-body -Wunguarded-availability -fobjc-abi-version=2 -fobjc-legacy-dispatch -iquote /Users/edz/Library/Developer/Xcode/DerivedData/App-bytlbhqqorqzqidyjovihkqwnkia/Build/Intermediates.noindex/Pods.build/Release-iphonesimulator/LSRFramework.build/LSRFramework-generated-files.hmap -I/Users/edz/Library/Developer/Xcode/DerivedData/App-bytlbhqqorqzqidyjovihkqwnkia/Build/Intermediates.noindex/Pods.build/Release-iphonesimulator/LSRFramework.build/LSRFramework-own-target-headers.hmap -I/Users/edz/Library/Developer/Xcode/DerivedData/App-bytlbhqqorqzqidyjovihkqwnkia/Build/Intermediates.noindex/Pods.build/Release-iphonesimulator/LSRFramework.build/LSRFramework-all-non-framework-target-headers.hmap -ivfsoverlay /Users/edz/Library/Developer/Xcode/DerivedData/App-bytlbhqqorqzqidyjovihkqwnkia/Build/Intermediates.noindex/Pods.build/Release-iphonesimulator/LSRFramework.build/all-product-headers.yaml -iquote /Users/edz/Library/Developer/Xcode/DerivedData/App-bytlbhqqorqzqidyjovihkqwnkia/Build/Intermediates.noindex/Pods.build/Release-iphonesimulator/LSRFramework.build/LSRFramework-project-headers.hmap -I/Users/edz/Library/Developer/Xcode/DerivedData/App-bytlbhqqorqzqidyjovihkqwnkia/Build/Products/Release-iphonesimulator/LSRFramework/include -I/Users/edz/Library/Developer/Xcode/DerivedData/App-bytlbhqqorqzqidyjovihkqwnkia/Build/Intermediates.noindex/Pods.build/Release-iphonesimulator/LSRFramework.build/DerivedSources-normal/x86_64 -I/Users/edz/Library/Developer/Xcode/DerivedData/App-bytlbhqqorqzqidyjovihkqwnkia/Build/Intermediates.noindex/Pods.build/Release-iphonesimulator/LSRFramework.build/DerivedSources/x86_64 -I/Users/edz/Library/Developer/Xcode/DerivedData/App-bytlbhqqorqzqidyjovihkqwnkia/Build/Intermediates.noindex/Pods.build/Release-iphonesimulator/LSRFramework.build/DerivedSources -F/Users/edz/Library/Developer/Xcode/DerivedData/App-bytlbhqqorqzqidyjovihkqwnkia/Build/Products/Release-iphonesimulator/LSRFramework -F/Users/edz/Library/Developer/Xcode/DerivedData/App-bytlbhqqorqzqidyjovihkqwnkia/Build/Products/Release-iphonesimulator/MBProgressHUD -F/Users/edz/Library/Developer/Xcode/DerivedData/App-bytlbhqqorqzqidyjovihkqwnkia/Build/Products/Release-iphonesimulator/Masonry -Wincomplete-umbrella -w -Xanalyzer -analyzer-disable-all-checks -include /var/folders/4h/hxvz7hb959j4pw0pvbq686x00000gn/T/CocoaPods-Lint-20200722-25225-196xw43-UIModule/Pods/Target\ Support\ Files/LSRFramework/LSRFramework-prefix.pch -MMD -MT dependencies -MF /Users/edz/Library/Developer/Xcode/DerivedData/App-bytlbhqqorqzqidyjovihkqwnkia/Build/Intermediates.noindex/Pods.build/Release-iphonesimulator/LSRFramework.build/Objects-normal/x86_64/CTAssetPlayButton.d --serialize-diagnostics /Users/edz/Library/Developer/Xcode/DerivedData/App-bytlbhqqorqzqidyjovihkqwnkia/Build/Intermediates.noindex/Pods.build/Release-iphonesimulator/LSRFramework.build/Objects-normal/x86_64/CTAssetPlayButton.dia -c /var/folders/4h/hxvz7hb959j4pw0pvbq686x00000gn/T/CocoaPods-Lint-20200722-25225-196xw43-UIModule/Pods/LSRFramework/LSRFramework/Classes/BaseClasses/UIViewController/Picker/AssetsPicker/CTAssetsPickerController/CTAssetPlayButton.m -o /Users/edz/Library/Developer/Xcode/DerivedData/App-bytlbhqqorqzqidyjovihkqwnkia/Build/Intermediates.noindex/Pods.build/Release-iphonesimulator/LSRFramework.build/Objects-normal/x86_64/CTAssetPlayButton.o
    
    CompileC /Users/edz/Library/Developer/Xcode/DerivedData/App-bytlbhqqorqzqidyjovihkqwnkia/Build/Intermediates.noindex/Pods.build/Release-iphonesimulator/LSRFramework.build/Objects-normal/x86_64/CTAssetItemViewController.o /var/folders/4h/hxvz7hb959j4pw0pvbq686x00000gn/T/CocoaPods-Lint-20200722-25225-196xw43-UIModule/Pods/LSRFramework/LSRFramework/Classes/BaseClasses/UIViewController/Picker/AssetsPicker/CTAssetsPickerController/CTAssetItemViewController.m normal x86_64 objective-c com.apple.compilers.llvm.clang.1_0.compiler (in target 'LSRFramework' from project 'Pods')
        cd /var/folders/4h/hxvz7hb959j4pw0pvbq686x00000gn/T/CocoaPods-Lint-20200722-25225-196xw43-UIModule/Pods
        export LANG=en_US.US-ASCII
        /Applications/Xcode.app/Contents/Developer/Toolchains/XcodeDefault.xctoolchain/usr/bin/clang -x objective-c -target x86_64-apple-ios11.0-simulator -fmessage-length=0 -fdiagnostics-show-note-include-stack -fmacro-backtrace-limit=0 -std=gnu11 -fobjc-arc -fmodules -gmodules -fmodules-cache-path=/Users/edz/Library/Developer/Xcode/DerivedData/ModuleCache.noindex -fmodules-prune-interval=86400 -fmodules-prune-after=345600 -fbuild-session-file=/Users/edz/Library/Developer/Xcode/DerivedData/ModuleCache.noindex/Session.modulevalidation -fmodules-validate-once-per-build-session -Wnon-modular-include-in-framework-module -Werror=non-modular-include-in-framework-module -fmodule-name=LSRFramework -Wno-trigraphs -fpascal-strings -Os -fno-common -Wno-missing-field-initializers -Wno-missing-prototypes -Werror=return-type -Wdocumentation -Wunreachable-code -Wno-implicit-atomic-properties -Werror=deprecated-objc-isa-usage -Wno-objc-interface-ivars -Werror=objc-root-class -Wno-arc-repeated-use-of-weak -Wimplicit-retain-self -Wduplicate-method-match -Wno-missing-braces -Wparentheses -Wswitch -Wunused-function -Wno-unused-label -Wno-unused-parameter -Wunused-variable -Wunused-value -Wempty-body -Wuninitialized -Wconditional-uninitialized -Wno-unknown-pragmas -Wno-shadow -Wno-four-char-constants -Wno-conversion -Wconstant-conversion -Wint-conversion -Wbool-conversion -Wenum-conversion -Wno-float-conversion -Wnon-literal-null-conversion -Wobjc-literal-conversion -Wshorten-64-to-32 -Wpointer-sign -Wno-newline-eof -Wno-selector -Wno-strict-selector-match -Wundeclared-selector -Wdeprecated-implementations -DPOD_CONFIGURATION_RELEASE=1 -DCOCOAPODS=1 -DTTTFRAMEWORK=1 -DNS_BLOCK_ASSERTIONS=1 -DOBJC_OLD_DISPATCH_PROTOTYPES=0 -isysroot /Applications/Xcode.app/Contents/Developer/Platforms/iPhoneSimulator.platform/Developer/SDKs/iPhoneSimulator13.5.sdk -fasm-blocks -fstrict-aliasing -Wprotocol -Wdeprecated-declarations -g -Wno-sign-conversion -Winfinite-recursion -Wcomma -Wblock-capture-autoreleasing -Wstrict-prototypes -Wno-semicolon-before-method-body -Wunguarded-availability -fobjc-abi-version=2 -fobjc-legacy-dispatch -iquote /Users/edz/Library/Developer/Xcode/DerivedData/App-bytlbhqqorqzqidyjovihkqwnkia/Build/Intermediates.noindex/Pods.build/Release-iphonesimulator/LSRFramework.build/LSRFramework-generated-files.hmap -I/Users/edz/Library/Developer/Xcode/DerivedData/App-bytlbhqqorqzqidyjovihkqwnkia/Build/Intermediates.noindex/Pods.build/Release-iphonesimulator/LSRFramework.build/LSRFramework-own-target-headers.hmap -I/Users/edz/Library/Developer/Xcode/DerivedData/App-bytlbhqqorqzqidyjovihkqwnkia/Build/Intermediates.noindex/Pods.build/Release-iphonesimulator/LSRFramework.build/LSRFramework-all-non-framework-target-headers.hmap -ivfsoverlay /Users/edz/Library/Developer/Xcode/DerivedData/App-bytlbhqqorqzqidyjovihkqwnkia/Build/Intermediates.noindex/Pods.build/Release-iphonesimulator/LSRFramework.build/all-product-headers.yaml -iquote /Users/edz/Library/Developer/Xcode/DerivedData/App-bytlbhqqorqzqidyjovihkqwnkia/Build/Intermediates.noindex/Pods.build/Release-iphonesimulator/LSRFramework.build/LSRFramework-project-headers.hmap -I/Users/edz/Library/Developer/Xcode/DerivedData/App-bytlbhqqorqzqidyjovihkqwnkia/Build/Products/Release-iphonesimulator/LSRFramework/include -I/Users/edz/Library/Developer/Xcode/DerivedData/App-bytlbhqqorqzqidyjovihkqwnkia/Build/Intermediates.noindex/Pods.build/Release-iphonesimulator/LSRFramework.build/DerivedSources-normal/x86_64 -I/Users/edz/Library/Developer/Xcode/DerivedData/App-bytlbhqqorqzqidyjovihkqwnkia/Build/Intermediates.noindex/Pods.build/Release-iphonesimulator/LSRFramework.build/DerivedSources/x86_64 -I/Users/edz/Library/Developer/Xcode/DerivedData/App-bytlbhqqorqzqidyjovihkqwnkia/Build/Intermediates.noindex/Pods.build/Release-iphonesimulator/LSRFramework.build/DerivedSources -F/Users/edz/Library/Developer/Xcode/DerivedData/App-bytlbhqqorqzqidyjovihkqwnkia/Build/Products/Release-iphonesimulator/LSRFramework -F/Users/edz/Library/Developer/Xcode/DerivedData/App-bytlbhqqorqzqidyjovihkqwnkia/Build/Products/Release-iphonesimulator/MBProgressHUD -F/Users/edz/Library/Developer/Xcode/DerivedData/App-bytlbhqqorqzqidyjovihkqwnkia/Build/Products/Release-iphonesimulator/Masonry -Wincomplete-umbrella -w -Xanalyzer -analyzer-disable-all-checks -include /var/folders/4h/hxvz7hb959j4pw0pvbq686x00000gn/T/CocoaPods-Lint-20200722-25225-196xw43-UIModule/Pods/Target\ Support\ Files/LSRFramework/LSRFramework-prefix.pch -MMD -MT dependencies -MF /Users/edz/Library/Developer/Xcode/DerivedData/App-bytlbhqqorqzqidyjovihkqwnkia/Build/Intermediates.noindex/Pods.build/Release-iphonesimulator/LSRFramework.build/Objects-normal/x86_64/CTAssetItemViewController.d --serialize-diagnostics /Users/edz/Library/Developer/Xcode/DerivedData/App-bytlbhqqorqzqidyjovihkqwnkia/Build/Intermediates.noindex/Pods.build/Release-iphonesimulator/LSRFramework.build/Objects-normal/x86_64/CTAssetItemViewController.dia -c /var/folders/4h/hxvz7hb959j4pw0pvbq686x00000gn/T/CocoaPods-Lint-20200722-25225-196xw43-UIModule/Pods/LSRFramework/LSRFramework/Classes/BaseClasses/UIViewController/Picker/AssetsPicker/CTAssetsPickerController/CTAssetItemViewController.m -o /Users/edz/Library/Developer/Xcode/DerivedData/App-bytlbhqqorqzqidyjovihkqwnkia/Build/Intermediates.noindex/Pods.build/Release-iphonesimulator/LSRFramework.build/Objects-normal/x86_64/CTAssetItemViewController.o
    
    CompileC /Users/edz/Library/Developer/Xcode/DerivedData/App-bytlbhqqorqzqidyjovihkqwnkia/Build/Intermediates.noindex/Pods.build/Release-iphonesimulator/LSRFramework.build/Objects-normal/x86_64/CTAssetItemViewController+Customized.o /var/folders/4h/hxvz7hb959j4pw0pvbq686x00000gn/T/CocoaPods-Lint-20200722-25225-196xw43-UIModule/Pods/LSRFramework/LSRFramework/Classes/BaseClasses/UIViewController/Picker/CTAssetItemViewController+Customized.m normal x86_64 objective-c com.apple.compilers.llvm.clang.1_0.compiler (in target 'LSRFramework' from project 'Pods')
        cd /var/folders/4h/hxvz7hb959j4pw0pvbq686x00000gn/T/CocoaPods-Lint-20200722-25225-196xw43-UIModule/Pods
        export LANG=en_US.US-ASCII
        /Applications/Xcode.app/Contents/Developer/Toolchains/XcodeDefault.xctoolchain/usr/bin/clang -x objective-c -target x86_64-apple-ios11.0-simulator -fmessage-length=0 -fdiagnostics-show-note-include-stack -fmacro-backtrace-limit=0 -std=gnu11 -fobjc-arc -fmodules -gmodules -fmodules-cache-path=/Users/edz/Library/Developer/Xcode/DerivedData/ModuleCache.noindex -fmodules-prune-interval=86400 -fmodules-prune-after=345600 -fbuild-session-file=/Users/edz/Library/Developer/Xcode/DerivedData/ModuleCache.noindex/Session.modulevalidation -fmodules-validate-once-per-build-session -Wnon-modular-include-in-framework-module -Werror=non-modular-include-in-framework-module -fmodule-name=LSRFramework -Wno-trigraphs -fpascal-strings -Os -fno-common -Wno-missing-field-initializers -Wno-missing-prototypes -Werror=return-type -Wdocumentation -Wunreachable-code -Wno-implicit-atomic-properties -Werror=deprecated-objc-isa-usage -Wno-objc-interface-ivars -Werror=objc-root-class -Wno-arc-repeated-use-of-weak -Wimplicit-retain-self -Wduplicate-method-match -Wno-missing-braces -Wparentheses -Wswitch -Wunused-function -Wno-unused-label -Wno-unused-parameter -Wunused-variable -Wunused-value -Wempty-body -Wuninitialized -Wconditional-uninitialized -Wno-unknown-pragmas -Wno-shadow -Wno-four-char-constants -Wno-conversion -Wconstant-conversion -Wint-conversion -Wbool-conversion -Wenum-conversion -Wno-float-conversion -Wnon-literal-null-conversion -Wobjc-literal-conversion -Wshorten-64-to-32 -Wpointer-sign -Wno-newline-eof -Wno-selector -Wno-strict-selector-match -Wundeclared-selector -Wdeprecated-implementations -DPOD_CONFIGURATION_RELEASE=1 -DCOCOAPODS=1 -DTTTFRAMEWORK=1 -DNS_BLOCK_ASSERTIONS=1 -DOBJC_OLD_DISPATCH_PROTOTYPES=0 -isysroot /Applications/Xcode.app/Contents/Developer/Platforms/iPhoneSimulator.platform/Developer/SDKs/iPhoneSimulator13.5.sdk -fasm-blocks -fstrict-aliasing -Wprotocol -Wdeprecated-declarations -g -Wno-sign-conversion -Winfinite-recursion -Wcomma -Wblock-capture-autoreleasing -Wstrict-prototypes -Wno-semicolon-before-method-body -Wunguarded-availability -fobjc-abi-version=2 -fobjc-legacy-dispatch -iquote /Users/edz/Library/Developer/Xcode/DerivedData/App-bytlbhqqorqzqidyjovihkqwnkia/Build/Intermediates.noindex/Pods.build/Release-iphonesimulator/LSRFramework.build/LSRFramework-generated-files.hmap -I/Users/edz/Library/Developer/Xcode/DerivedData/App-bytlbhqqorqzqidyjovihkqwnkia/Build/Intermediates.noindex/Pods.build/Release-iphonesimulator/LSRFramework.build/LSRFramework-own-target-headers.hmap -I/Users/edz/Library/Developer/Xcode/DerivedData/App-bytlbhqqorqzqidyjovihkqwnkia/Build/Intermediates.noindex/Pods.build/Release-iphonesimulator/LSRFramework.build/LSRFramework-all-non-framework-target-headers.hmap -ivfsoverlay /Users/edz/Library/Developer/Xcode/DerivedData/App-bytlbhqqorqzqidyjovihkqwnkia/Build/Intermediates.noindex/Pods.build/Release-iphonesimulator/LSRFramework.build/all-product-headers.yaml -iquote /Users/edz/Library/Developer/Xcode/DerivedData/App-bytlbhqqorqzqidyjovihkqwnkia/Build/Intermediates.noindex/Pods.build/Release-iphonesimulator/LSRFramework.build/LSRFramework-project-headers.hmap -I/Users/edz/Library/Developer/Xcode/DerivedData/App-bytlbhqqorqzqidyjovihkqwnkia/Build/Products/Release-iphonesimulator/LSRFramework/include -I/Users/edz/Library/Developer/Xcode/DerivedData/App-bytlbhqqorqzqidyjovihkqwnkia/Build/Intermediates.noindex/Pods.build/Release-iphonesimulator/LSRFramework.build/DerivedSources-normal/x86_64 -I/Users/edz/Library/Developer/Xcode/DerivedData/App-bytlbhqqorqzqidyjovihkqwnkia/Build/Intermediates.noindex/Pods.build/Release-iphonesimulator/LSRFramework.build/DerivedSources/x86_64 -I/Users/edz/Library/Developer/Xcode/DerivedData/App-bytlbhqqorqzqidyjovihkqwnkia/Build/Intermediates.noindex/Pods.build/Release-iphonesimulator/LSRFramework.build/DerivedSources -F/Users/edz/Library/Developer/Xcode/DerivedData/App-bytlbhqqorqzqidyjovihkqwnkia/Build/Products/Release-iphonesimulator/LSRFramework -F/Users/edz/Library/Developer/Xcode/DerivedData/App-bytlbhqqorqzqidyjovihkqwnkia/Build/Products/Release-iphonesimulator/MBProgressHUD -F/Users/edz/Library/Developer/Xcode/DerivedData/App-bytlbhqqorqzqidyjovihkqwnkia/Build/Products/Release-iphonesimulator/Masonry -Wincomplete-umbrella -w -Xanalyzer -analyzer-disable-all-checks -include /var/folders/4h/hxvz7hb959j4pw0pvbq686x00000gn/T/CocoaPods-Lint-20200722-25225-196xw43-UIModule/Pods/Target\ Support\ Files/LSRFramework/LSRFramework-prefix.pch -MMD -MT dependencies -MF /Users/edz/Library/Developer/Xcode/DerivedData/App-bytlbhqqorqzqidyjovihkqwnkia/Build/Intermediates.noindex/Pods.build/Release-iphonesimulator/LSRFramework.build/Objects-normal/x86_64/CTAssetItemViewController+Customized.d --serialize-diagnostics /Users/edz/Library/Developer/Xcode/DerivedData/App-bytlbhqqorqzqidyjovihkqwnkia/Build/Intermediates.noindex/Pods.build/Release-iphonesimulator/LSRFramework.build/Objects-normal/x86_64/CTAssetItemViewController+Customized.dia -c /var/folders/4h/hxvz7hb959j4pw0pvbq686x00000gn/T/CocoaPods-Lint-20200722-25225-196xw43-UIModule/Pods/LSRFramework/LSRFramework/Classes/BaseClasses/UIViewController/Picker/CTAssetItemViewController+Customized.m -o /Users/edz/Library/Developer/Xcode/DerivedData/App-bytlbhqqorqzqidyjovihkqwnkia/Build/Intermediates.noindex/Pods.build/Release-iphonesimulator/LSRFramework.build/Objects-normal/x86_64/CTAssetItemViewController+Customized.o
    
    CompileC /Users/edz/Library/Developer/Xcode/DerivedData/App-bytlbhqqorqzqidyjovihkqwnkia/Build/Intermediates.noindex/Pods.build/Release-iphonesimulator/LSRFramework.build/Objects-normal/x86_64/CTAssetCollectionViewController.o /var/folders/4h/hxvz7hb959j4pw0pvbq686x00000gn/T/CocoaPods-Lint-20200722-25225-196xw43-UIModule/Pods/LSRFramework/LSRFramework/Classes/BaseClasses/UIViewController/Picker/AssetsPicker/CTAssetsPickerController/CTAssetCollectionViewController.m normal x86_64 objective-c com.apple.compilers.llvm.clang.1_0.compiler (in target 'LSRFramework' from project 'Pods')
        cd /var/folders/4h/hxvz7hb959j4pw0pvbq686x00000gn/T/CocoaPods-Lint-20200722-25225-196xw43-UIModule/Pods
        export LANG=en_US.US-ASCII
        /Applications/Xcode.app/Contents/Developer/Toolchains/XcodeDefault.xctoolchain/usr/bin/clang -x objective-c -target x86_64-apple-ios11.0-simulator -fmessage-length=0 -fdiagnostics-show-note-include-stack -fmacro-backtrace-limit=0 -std=gnu11 -fobjc-arc -fmodules -gmodules -fmodules-cache-path=/Users/edz/Library/Developer/Xcode/DerivedData/ModuleCache.noindex -fmodules-prune-interval=86400 -fmodules-prune-after=345600 -fbuild-session-file=/Users/edz/Library/Developer/Xcode/DerivedData/ModuleCache.noindex/Session.modulevalidation -fmodules-validate-once-per-build-session -Wnon-modular-include-in-framework-module -Werror=non-modular-include-in-framework-module -fmodule-name=LSRFramework -Wno-trigraphs -fpascal-strings -Os -fno-common -Wno-missing-field-initializers -Wno-missing-prototypes -Werror=return-type -Wdocumentation -Wunreachable-code -Wno-implicit-atomic-properties -Werror=deprecated-objc-isa-usage -Wno-objc-interface-ivars -Werror=objc-root-class -Wno-arc-repeated-use-of-weak -Wimplicit-retain-self -Wduplicate-method-match -Wno-missing-braces -Wparentheses -Wswitch -Wunused-function -Wno-unused-label -Wno-unused-parameter -Wunused-variable -Wunused-value -Wempty-body -Wuninitialized -Wconditional-uninitialized -Wno-unknown-pragmas -Wno-shadow -Wno-four-char-constants -Wno-conversion -Wconstant-conversion -Wint-conversion -Wbool-conversion -Wenum-conversion -Wno-float-conversion -Wnon-literal-null-conversion -Wobjc-literal-conversion -Wshorten-64-to-32 -Wpointer-sign -Wno-newline-eof -Wno-selector -Wno-strict-selector-match -Wundeclared-selector -Wdeprecated-implementations -DPOD_CONFIGURATION_RELEASE=1 -DCOCOAPODS=1 -DTTTFRAMEWORK=1 -DNS_BLOCK_ASSERTIONS=1 -DOBJC_OLD_DISPATCH_PROTOTYPES=0 -isysroot /Applications/Xcode.app/Contents/Developer/Platforms/iPhoneSimulator.platform/Developer/SDKs/iPhoneSimulator13.5.sdk -fasm-blocks -fstrict-aliasing -Wprotocol -Wdeprecated-declarations -g -Wno-sign-conversion -Winfinite-recursion -Wcomma -Wblock-capture-autoreleasing -Wstrict-prototypes -Wno-semicolon-before-method-body -Wunguarded-availability -fobjc-abi-version=2 -fobjc-legacy-dispatch -iquote /Users/edz/Library/Developer/Xcode/DerivedData/App-bytlbhqqorqzqidyjovihkqwnkia/Build/Intermediates.noindex/Pods.build/Release-iphonesimulator/LSRFramework.build/LSRFramework-generated-files.hmap -I/Users/edz/Library/Developer/Xcode/DerivedData/App-bytlbhqqorqzqidyjovihkqwnkia/Build/Intermediates.noindex/Pods.build/Release-iphonesimulator/LSRFramework.build/LSRFramework-own-target-headers.hmap -I/Users/edz/Library/Developer/Xcode/DerivedData/App-bytlbhqqorqzqidyjovihkqwnkia/Build/Intermediates.noindex/Pods.build/Release-iphonesimulator/LSRFramework.build/LSRFramework-all-non-framework-target-headers.hmap -ivfsoverlay /Users/edz/Library/Developer/Xcode/DerivedData/App-bytlbhqqorqzqidyjovihkqwnkia/Build/Intermediates.noindex/Pods.build/Release-iphonesimulator/LSRFramework.build/all-product-headers.yaml -iquote /Users/edz/Library/Developer/Xcode/DerivedData/App-bytlbhqqorqzqidyjovihkqwnkia/Build/Intermediates.noindex/Pods.build/Release-iphonesimulator/LSRFramework.build/LSRFramework-project-headers.hmap -I/Users/edz/Library/Developer/Xcode/DerivedData/App-bytlbhqqorqzqidyjovihkqwnkia/Build/Products/Release-iphonesimulator/LSRFramework/include -I/Users/edz/Library/Developer/Xcode/DerivedData/App-bytlbhqqorqzqidyjovihkqwnkia/Build/Intermediates.noindex/Pods.build/Release-iphonesimulator/LSRFramework.build/DerivedSources-normal/x86_64 -I/Users/edz/Library/Developer/Xcode/DerivedData/App-bytlbhqqorqzqidyjovihkqwnkia/Build/Intermediates.noindex/Pods.build/Release-iphonesimulator/LSRFramework.build/DerivedSources/x86_64 -I/Users/edz/Library/Developer/Xcode/DerivedData/App-bytlbhqqorqzqidyjovihkqwnkia/Build/Intermediates.noindex/Pods.build/Release-iphonesimulator/LSRFramework.build/DerivedSources -F/Users/edz/Library/Developer/Xcode/DerivedData/App-bytlbhqqorqzqidyjovihkqwnkia/Build/Products/Release-iphonesimulator/LSRFramework -F/Users/edz/Library/Developer/Xcode/DerivedData/App-bytlbhqqorqzqidyjovihkqwnkia/Build/Products/Release-iphonesimulator/MBProgressHUD -F/Users/edz/Library/Developer/Xcode/DerivedData/App-bytlbhqqorqzqidyjovihkqwnkia/Build/Products/Release-iphonesimulator/Masonry -Wincomplete-umbrella -w -Xanalyzer -analyzer-disable-all-checks -include /var/folders/4h/hxvz7hb959j4pw0pvbq686x00000gn/T/CocoaPods-Lint-20200722-25225-196xw43-UIModule/Pods/Target\ Support\ Files/LSRFramework/LSRFramework-prefix.pch -MMD -MT dependencies -MF /Users/edz/Library/Developer/Xcode/DerivedData/App-bytlbhqqorqzqidyjovihkqwnkia/Build/Intermediates.noindex/Pods.build/Release-iphonesimulator/LSRFramework.build/Objects-normal/x86_64/CTAssetCollectionViewController.d --serialize-diagnostics /Users/edz/Library/Developer/Xcode/DerivedData/App-bytlbhqqorqzqidyjovihkqwnkia/Build/Intermediates.noindex/Pods.build/Release-iphonesimulator/LSRFramework.build/Objects-normal/x86_64/CTAssetCollectionViewController.dia -c /var/folders/4h/hxvz7hb959j4pw0pvbq686x00000gn/T/CocoaPods-Lint-20200722-25225-196xw43-UIModule/Pods/LSRFramework/LSRFramework/Classes/BaseClasses/UIViewController/Picker/AssetsPicker/CTAssetsPickerController/CTAssetCollectionViewController.m -o /Users/edz/Library/Developer/Xcode/DerivedData/App-bytlbhqqorqzqidyjovihkqwnkia/Build/Intermediates.noindex/Pods.build/Release-iphonesimulator/LSRFramework.build/Objects-normal/x86_64/CTAssetCollectionViewController.o
    
    CompileC /Users/edz/Library/Developer/Xcode/DerivedData/App-bytlbhqqorqzqidyjovihkqwnkia/Build/Intermediates.noindex/Pods.build/Release-iphonesimulator/LSRFramework.build/Objects-normal/x86_64/CTAssetCollectionViewController+Customized.o /var/folders/4h/hxvz7hb959j4pw0pvbq686x00000gn/T/CocoaPods-Lint-20200722-25225-196xw43-UIModule/Pods/LSRFramework/LSRFramework/Classes/BaseClasses/UIViewController/Picker/CTAssetCollectionViewController+Customized.m normal x86_64 objective-c com.apple.compilers.llvm.clang.1_0.compiler (in target 'LSRFramework' from project 'Pods')
        cd /var/folders/4h/hxvz7hb959j4pw0pvbq686x00000gn/T/CocoaPods-Lint-20200722-25225-196xw43-UIModule/Pods
        export LANG=en_US.US-ASCII
        /Applications/Xcode.app/Contents/Developer/Toolchains/XcodeDefault.xctoolchain/usr/bin/clang -x objective-c -target x86_64-apple-ios11.0-simulator -fmessage-length=0 -fdiagnostics-show-note-include-stack -fmacro-backtrace-limit=0 -std=gnu11 -fobjc-arc -fmodules -gmodules -fmodules-cache-path=/Users/edz/Library/Developer/Xcode/DerivedData/ModuleCache.noindex -fmodules-prune-interval=86400 -fmodules-prune-after=345600 -fbuild-session-file=/Users/edz/Library/Developer/Xcode/DerivedData/ModuleCache.noindex/Session.modulevalidation -fmodules-validate-once-per-build-session -Wnon-modular-include-in-framework-module -Werror=non-modular-include-in-framework-module -fmodule-name=LSRFramework -Wno-trigraphs -fpascal-strings -Os -fno-common -Wno-missing-field-initializers -Wno-missing-prototypes -Werror=return-type -Wdocumentation -Wunreachable-code -Wno-implicit-atomic-properties -Werror=deprecated-objc-isa-usage -Wno-objc-interface-ivars -Werror=objc-root-class -Wno-arc-repeated-use-of-weak -Wimplicit-retain-self -Wduplicate-method-match -Wno-missing-braces -Wparentheses -Wswitch -Wunused-function -Wno-unused-label -Wno-unused-parameter -Wunused-variable -Wunused-value -Wempty-body -Wuninitialized -Wconditional-uninitialized -Wno-unknown-pragmas -Wno-shadow -Wno-four-char-constants -Wno-conversion -Wconstant-conversion -Wint-conversion -Wbool-conversion -Wenum-conversion -Wno-float-conversion -Wnon-literal-null-conversion -Wobjc-literal-conversion -Wshorten-64-to-32 -Wpointer-sign -Wno-newline-eof -Wno-selector -Wno-strict-selector-match -Wundeclared-selector -Wdeprecated-implementations -DPOD_CONFIGURATION_RELEASE=1 -DCOCOAPODS=1 -DTTTFRAMEWORK=1 -DNS_BLOCK_ASSERTIONS=1 -DOBJC_OLD_DISPATCH_PROTOTYPES=0 -isysroot /Applications/Xcode.app/Contents/Developer/Platforms/iPhoneSimulator.platform/Developer/SDKs/iPhoneSimulator13.5.sdk -fasm-blocks -fstrict-aliasing -Wprotocol -Wdeprecated-declarations -g -Wno-sign-conversion -Winfinite-recursion -Wcomma -Wblock-capture-autoreleasing -Wstrict-prototypes -Wno-semicolon-before-method-body -Wunguarded-availability -fobjc-abi-version=2 -fobjc-legacy-dispatch -iquote /Users/edz/Library/Developer/Xcode/DerivedData/App-bytlbhqqorqzqidyjovihkqwnkia/Build/Intermediates.noindex/Pods.build/Release-iphonesimulator/LSRFramework.build/LSRFramework-generated-files.hmap -I/Users/edz/Library/Developer/Xcode/DerivedData/App-bytlbhqqorqzqidyjovihkqwnkia/Build/Intermediates.noindex/Pods.build/Release-iphonesimulator/LSRFramework.build/LSRFramework-own-target-headers.hmap -I/Users/edz/Library/Developer/Xcode/DerivedData/App-bytlbhqqorqzqidyjovihkqwnkia/Build/Intermediates.noindex/Pods.build/Release-iphonesimulator/LSRFramework.build/LSRFramework-all-non-framework-target-headers.hmap -ivfsoverlay /Users/edz/Library/Developer/Xcode/DerivedData/App-bytlbhqqorqzqidyjovihkqwnkia/Build/Intermediates.noindex/Pods.build/Release-iphonesimulator/LSRFramework.build/all-product-headers.yaml -iquote /Users/edz/Library/Developer/Xcode/DerivedData/App-bytlbhqqorqzqidyjovihkqwnkia/Build/Intermediates.noindex/Pods.build/Release-iphonesimulator/LSRFramework.build/LSRFramework-project-headers.hmap -I/Users/edz/Library/Developer/Xcode/DerivedData/App-bytlbhqqorqzqidyjovihkqwnkia/Build/Products/Release-iphonesimulator/LSRFramework/include -I/Users/edz/Library/Developer/Xcode/DerivedData/App-bytlbhqqorqzqidyjovihkqwnkia/Build/Intermediates.noindex/Pods.build/Release-iphonesimulator/LSRFramework.build/DerivedSources-normal/x86_64 -I/Users/edz/Library/Developer/Xcode/DerivedData/App-bytlbhqqorqzqidyjovihkqwnkia/Build/Intermediates.noindex/Pods.build/Release-iphonesimulator/LSRFramework.build/DerivedSources/x86_64 -I/Users/edz/Library/Developer/Xcode/DerivedData/App-bytlbhqqorqzqidyjovihkqwnkia/Build/Intermediates.noindex/Pods.build/Release-iphonesimulator/LSRFramework.build/DerivedSources -F/Users/edz/Library/Developer/Xcode/DerivedData/App-bytlbhqqorqzqidyjovihkqwnkia/Build/Products/Release-iphonesimulator/LSRFramework -F/Users/edz/Library/Developer/Xcode/DerivedData/App-bytlbhqqorqzqidyjovihkqwnkia/Build/Products/Release-iphonesimulator/MBProgressHUD -F/Users/edz/Library/Developer/Xcode/DerivedData/App-bytlbhqqorqzqidyjovihkqwnkia/Build/Products/Release-iphonesimulator/Masonry -Wincomplete-umbrella -w -Xanalyzer -analyzer-disable-all-checks -include /var/folders/4h/hxvz7hb959j4pw0pvbq686x00000gn/T/CocoaPods-Lint-20200722-25225-196xw43-UIModule/Pods/Target\ Support\ Files/LSRFramework/LSRFramework-prefix.pch -MMD -MT dependencies -MF /Users/edz/Library/Developer/Xcode/DerivedData/App-bytlbhqqorqzqidyjovihkqwnkia/Build/Intermediates.noindex/Pods.build/Release-iphonesimulator/LSRFramework.build/Objects-normal/x86_64/CTAssetCollectionViewController+Customized.d --serialize-diagnostics /Users/edz/Library/Developer/Xcode/DerivedData/App-bytlbhqqorqzqidyjovihkqwnkia/Build/Intermediates.noindex/Pods.build/Release-iphonesimulator/LSRFramework.build/Objects-normal/x86_64/CTAssetCollectionViewController+Customized.dia -c /var/folders/4h/hxvz7hb959j4pw0pvbq686x00000gn/T/CocoaPods-Lint-20200722-25225-196xw43-UIModule/Pods/LSRFramework/LSRFramework/Classes/BaseClasses/UIViewController/Picker/CTAssetCollectionViewController+Customized.m -o /Users/edz/Library/Developer/Xcode/DerivedData/App-bytlbhqqorqzqidyjovihkqwnkia/Build/Intermediates.noindex/Pods.build/Release-iphonesimulator/LSRFramework.build/Objects-normal/x86_64/CTAssetCollectionViewController+Customized.o
    
    CompileC /Users/edz/Library/Developer/Xcode/DerivedData/App-bytlbhqqorqzqidyjovihkqwnkia/Build/Intermediates.noindex/Pods.build/Release-iphonesimulator/LSRFramework.build/Objects-normal/x86_64/CTAssetCollectionViewCell.o /var/folders/4h/hxvz7hb959j4pw0pvbq686x00000gn/T/CocoaPods-Lint-20200722-25225-196xw43-UIModule/Pods/LSRFramework/LSRFramework/Classes/BaseClasses/UIViewController/Picker/AssetsPicker/CTAssetsPickerController/CTAssetCollectionViewCell.m normal x86_64 objective-c com.apple.compilers.llvm.clang.1_0.compiler (in target 'LSRFramework' from project 'Pods')
        cd /var/folders/4h/hxvz7hb959j4pw0pvbq686x00000gn/T/CocoaPods-Lint-20200722-25225-196xw43-UIModule/Pods
        export LANG=en_US.US-ASCII
        /Applications/Xcode.app/Contents/Developer/Toolchains/XcodeDefault.xctoolchain/usr/bin/clang -x objective-c -target x86_64-apple-ios11.0-simulator -fmessage-length=0 -fdiagnostics-show-note-include-stack -fmacro-backtrace-limit=0 -std=gnu11 -fobjc-arc -fmodules -gmodules -fmodules-cache-path=/Users/edz/Library/Developer/Xcode/DerivedData/ModuleCache.noindex -fmodules-prune-interval=86400 -fmodules-prune-after=345600 -fbuild-session-file=/Users/edz/Library/Developer/Xcode/DerivedData/ModuleCache.noindex/Session.modulevalidation -fmodules-validate-once-per-build-session -Wnon-modular-include-in-framework-module -Werror=non-modular-include-in-framework-module -fmodule-name=LSRFramework -Wno-trigraphs -fpascal-strings -Os -fno-common -Wno-missing-field-initializers -Wno-missing-prototypes -Werror=return-type -Wdocumentation -Wunreachable-code -Wno-implicit-atomic-properties -Werror=deprecated-objc-isa-usage -Wno-objc-interface-ivars -Werror=objc-root-class -Wno-arc-repeated-use-of-weak -Wimplicit-retain-self -Wduplicate-method-match -Wno-missing-braces -Wparentheses -Wswitch -Wunused-function -Wno-unused-label -Wno-unused-parameter -Wunused-variable -Wunused-value -Wempty-body -Wuninitialized -Wconditional-uninitialized -Wno-unknown-pragmas -Wno-shadow -Wno-four-char-constants -Wno-conversion -Wconstant-conversion -Wint-conversion -Wbool-conversion -Wenum-conversion -Wno-float-conversion -Wnon-literal-null-conversion -Wobjc-literal-conversion -Wshorten-64-to-32 -Wpointer-sign -Wno-newline-eof -Wno-selector -Wno-strict-selector-match -Wundeclared-selector -Wdeprecated-implementations -DPOD_CONFIGURATION_RELEASE=1 -DCOCOAPODS=1 -DTTTFRAMEWORK=1 -DNS_BLOCK_ASSERTIONS=1 -DOBJC_OLD_DISPATCH_PROTOTYPES=0 -isysroot /Applications/Xcode.app/Contents/Developer/Platforms/iPhoneSimulator.platform/Developer/SDKs/iPhoneSimulator13.5.sdk -fasm-blocks -fstrict-aliasing -Wprotocol -Wdeprecated-declarations -g -Wno-sign-conversion -Winfinite-recursion -Wcomma -Wblock-capture-autoreleasing -Wstrict-prototypes -Wno-semicolon-before-method-body -Wunguarded-availability -fobjc-abi-version=2 -fobjc-legacy-dispatch -iquote /Users/edz/Library/Developer/Xcode/DerivedData/App-bytlbhqqorqzqidyjovihkqwnkia/Build/Intermediates.noindex/Pods.build/Release-iphonesimulator/LSRFramework.build/LSRFramework-generated-files.hmap -I/Users/edz/Library/Developer/Xcode/DerivedData/App-bytlbhqqorqzqidyjovihkqwnkia/Build/Intermediates.noindex/Pods.build/Release-iphonesimulator/LSRFramework.build/LSRFramework-own-target-headers.hmap -I/Users/edz/Library/Developer/Xcode/DerivedData/App-bytlbhqqorqzqidyjovihkqwnkia/Build/Intermediates.noindex/Pods.build/Release-iphonesimulator/LSRFramework.build/LSRFramework-all-non-framework-target-headers.hmap -ivfsoverlay /Users/edz/Library/Developer/Xcode/DerivedData/App-bytlbhqqorqzqidyjovihkqwnkia/Build/Intermediates.noindex/Pods.build/Release-iphonesimulator/LSRFramework.build/all-product-headers.yaml -iquote /Users/edz/Library/Developer/Xcode/DerivedData/App-bytlbhqqorqzqidyjovihkqwnkia/Build/Intermediates.noindex/Pods.build/Release-iphonesimulator/LSRFramework.build/LSRFramework-project-headers.hmap -I/Users/edz/Library/Developer/Xcode/DerivedData/App-bytlbhqqorqzqidyjovihkqwnkia/Build/Products/Release-iphonesimulator/LSRFramework/include -I/Users/edz/Library/Developer/Xcode/DerivedData/App-bytlbhqqorqzqidyjovihkqwnkia/Build/Intermediates.noindex/Pods.build/Release-iphonesimulator/LSRFramework.build/DerivedSources-normal/x86_64 -I/Users/edz/Library/Developer/Xcode/DerivedData/App-bytlbhqqorqzqidyjovihkqwnkia/Build/Intermediates.noindex/Pods.build/Release-iphonesimulator/LSRFramework.build/DerivedSources/x86_64 -I/Users/edz/Library/Developer/Xcode/DerivedData/App-bytlbhqqorqzqidyjovihkqwnkia/Build/Intermediates.noindex/Pods.build/Release-iphonesimulator/LSRFramework.build/DerivedSources -F/Users/edz/Library/Developer/Xcode/DerivedData/App-bytlbhqqorqzqidyjovihkqwnkia/Build/Products/Release-iphonesimulator/LSRFramework -F/Users/edz/Library/Developer/Xcode/DerivedData/App-bytlbhqqorqzqidyjovihkqwnkia/Build/Products/Release-iphonesimulator/MBProgressHUD -F/Users/edz/Library/Developer/Xcode/DerivedData/App-bytlbhqqorqzqidyjovihkqwnkia/Build/Products/Release-iphonesimulator/Masonry -Wincomplete-umbrella -w -Xanalyzer -analyzer-disable-all-checks -include /var/folders/4h/hxvz7hb959j4pw0pvbq686x00000gn/T/CocoaPods-Lint-20200722-25225-196xw43-UIModule/Pods/Target\ Support\ Files/LSRFramework/LSRFramework-prefix.pch -MMD -MT dependencies -MF /Users/edz/Library/Developer/Xcode/DerivedData/App-bytlbhqqorqzqidyjovihkqwnkia/Build/Intermediates.noindex/Pods.build/Release-iphonesimulator/LSRFramework.build/Objects-normal/x86_64/CTAssetCollectionViewCell.d --serialize-diagnostics /Users/edz/Library/Developer/Xcode/DerivedData/App-bytlbhqqorqzqidyjovihkqwnkia/Build/Intermediates.noindex/Pods.build/Release-iphonesimulator/LSRFramework.build/Objects-normal/x86_64/CTAssetCollectionViewCell.dia -c /var/folders/4h/hxvz7hb959j4pw0pvbq686x00000gn/T/CocoaPods-Lint-20200722-25225-196xw43-UIModule/Pods/LSRFramework/LSRFramework/Classes/BaseClasses/UIViewController/Picker/AssetsPicker/CTAssetsPickerController/CTAssetCollectionViewCell.m -o /Users/edz/Library/Developer/Xcode/DerivedData/App-bytlbhqqorqzqidyjovihkqwnkia/Build/Intermediates.noindex/Pods.build/Release-iphonesimulator/LSRFramework.build/Objects-normal/x86_64/CTAssetCollectionViewCell.o
    
    CompileC /Users/edz/Library/Developer/Xcode/DerivedData/App-bytlbhqqorqzqidyjovihkqwnkia/Build/Intermediates.noindex/Pods.build/Release-iphonesimulator/LSRFramework.build/Objects-normal/x86_64/CTAssetCheckmark.o /var/folders/4h/hxvz7hb959j4pw0pvbq686x00000gn/T/CocoaPods-Lint-20200722-25225-196xw43-UIModule/Pods/LSRFramework/LSRFramework/Classes/BaseClasses/UIViewController/Picker/AssetsPicker/CTAssetsPickerController/CTAssetCheckmark.m normal x86_64 objective-c com.apple.compilers.llvm.clang.1_0.compiler (in target 'LSRFramework' from project 'Pods')
        cd /var/folders/4h/hxvz7hb959j4pw0pvbq686x00000gn/T/CocoaPods-Lint-20200722-25225-196xw43-UIModule/Pods
        export LANG=en_US.US-ASCII
        /Applications/Xcode.app/Contents/Developer/Toolchains/XcodeDefault.xctoolchain/usr/bin/clang -x objective-c -target x86_64-apple-ios11.0-simulator -fmessage-length=0 -fdiagnostics-show-note-include-stack -fmacro-backtrace-limit=0 -std=gnu11 -fobjc-arc -fmodules -gmodules -fmodules-cache-path=/Users/edz/Library/Developer/Xcode/DerivedData/ModuleCache.noindex -fmodules-prune-interval=86400 -fmodules-prune-after=345600 -fbuild-session-file=/Users/edz/Library/Developer/Xcode/DerivedData/ModuleCache.noindex/Session.modulevalidation -fmodules-validate-once-per-build-session -Wnon-modular-include-in-framework-module -Werror=non-modular-include-in-framework-module -fmodule-name=LSRFramework -Wno-trigraphs -fpascal-strings -Os -fno-common -Wno-missing-field-initializers -Wno-missing-prototypes -Werror=return-type -Wdocumentation -Wunreachable-code -Wno-implicit-atomic-properties -Werror=deprecated-objc-isa-usage -Wno-objc-interface-ivars -Werror=objc-root-class -Wno-arc-repeated-use-of-weak -Wimplicit-retain-self -Wduplicate-method-match -Wno-missing-braces -Wparentheses -Wswitch -Wunused-function -Wno-unused-label -Wno-unused-parameter -Wunused-variable -Wunused-value -Wempty-body -Wuninitialized -Wconditional-uninitialized -Wno-unknown-pragmas -Wno-shadow -Wno-four-char-constants -Wno-conversion -Wconstant-conversion -Wint-conversion -Wbool-conversion -Wenum-conversion -Wno-float-conversion -Wnon-literal-null-conversion -Wobjc-literal-conversion -Wshorten-64-to-32 -Wpointer-sign -Wno-newline-eof -Wno-selector -Wno-strict-selector-match -Wundeclared-selector -Wdeprecated-implementations -DPOD_CONFIGURATION_RELEASE=1 -DCOCOAPODS=1 -DTTTFRAMEWORK=1 -DNS_BLOCK_ASSERTIONS=1 -DOBJC_OLD_DISPATCH_PROTOTYPES=0 -isysroot /Applications/Xcode.app/Contents/Developer/Platforms/iPhoneSimulator.platform/Developer/SDKs/iPhoneSimulator13.5.sdk -fasm-blocks -fstrict-aliasing -Wprotocol -Wdeprecated-declarations -g -Wno-sign-conversion -Winfinite-recursion -Wcomma -Wblock-capture-autoreleasing -Wstrict-prototypes -Wno-semicolon-before-method-body -Wunguarded-availability -fobjc-abi-version=2 -fobjc-legacy-dispatch -iquote /Users/edz/Library/Developer/Xcode/DerivedData/App-bytlbhqqorqzqidyjovihkqwnkia/Build/Intermediates.noindex/Pods.build/Release-iphonesimulator/LSRFramework.build/LSRFramework-generated-files.hmap -I/Users/edz/Library/Developer/Xcode/DerivedData/App-bytlbhqqorqzqidyjovihkqwnkia/Build/Intermediates.noindex/Pods.build/Release-iphonesimulator/LSRFramework.build/LSRFramework-own-target-headers.hmap -I/Users/edz/Library/Developer/Xcode/DerivedData/App-bytlbhqqorqzqidyjovihkqwnkia/Build/Intermediates.noindex/Pods.build/Release-iphonesimulator/LSRFramework.build/LSRFramework-all-non-framework-target-headers.hmap -ivfsoverlay /Users/edz/Library/Developer/Xcode/DerivedData/App-bytlbhqqorqzqidyjovihkqwnkia/Build/Intermediates.noindex/Pods.build/Release-iphonesimulator/LSRFramework.build/all-product-headers.yaml -iquote /Users/edz/Library/Developer/Xcode/DerivedData/App-bytlbhqqorqzqidyjovihkqwnkia/Build/Intermediates.noindex/Pods.build/Release-iphonesimulator/LSRFramework.build/LSRFramework-project-headers.hmap -I/Users/edz/Library/Developer/Xcode/DerivedData/App-bytlbhqqorqzqidyjovihkqwnkia/Build/Products/Release-iphonesimulator/LSRFramework/include -I/Users/edz/Library/Developer/Xcode/DerivedData/App-bytlbhqqorqzqidyjovihkqwnkia/Build/Intermediates.noindex/Pods.build/Release-iphonesimulator/LSRFramework.build/DerivedSources-normal/x86_64 -I/Users/edz/Library/Developer/Xcode/DerivedData/App-bytlbhqqorqzqidyjovihkqwnkia/Build/Intermediates.noindex/Pods.build/Release-iphonesimulator/LSRFramework.build/DerivedSources/x86_64 -I/Users/edz/Library/Developer/Xcode/DerivedData/App-bytlbhqqorqzqidyjovihkqwnkia/Build/Intermediates.noindex/Pods.build/Release-iphonesimulator/LSRFramework.build/DerivedSources -F/Users/edz/Library/Developer/Xcode/DerivedData/App-bytlbhqqorqzqidyjovihkqwnkia/Build/Products/Release-iphonesimulator/LSRFramework -F/Users/edz/Library/Developer/Xcode/DerivedData/App-bytlbhqqorqzqidyjovihkqwnkia/Build/Products/Release-iphonesimulator/MBProgressHUD -F/Users/edz/Library/Developer/Xcode/DerivedData/App-bytlbhqqorqzqidyjovihkqwnkia/Build/Products/Release-iphonesimulator/Masonry -Wincomplete-umbrella -w -Xanalyzer -analyzer-disable-all-checks -include /var/folders/4h/hxvz7hb959j4pw0pvbq686x00000gn/T/CocoaPods-Lint-20200722-25225-196xw43-UIModule/Pods/Target\ Support\ Files/LSRFramework/LSRFramework-prefix.pch -MMD -MT dependencies -MF /Users/edz/Library/Developer/Xcode/DerivedData/App-bytlbhqqorqzqidyjovihkqwnkia/Build/Intermediates.noindex/Pods.build/Release-iphonesimulator/LSRFramework.build/Objects-normal/x86_64/CTAssetCheckmark.d --serialize-diagnostics /Users/edz/Library/Developer/Xcode/DerivedData/App-bytlbhqqorqzqidyjovihkqwnkia/Build/Intermediates.noindex/Pods.build/Release-iphonesimulator/LSRFramework.build/Objects-normal/x86_64/CTAssetCheckmark.dia -c /var/folders/4h/hxvz7hb959j4pw0pvbq686x00000gn/T/CocoaPods-Lint-20200722-25225-196xw43-UIModule/Pods/LSRFramework/LSRFramework/Classes/BaseClasses/UIViewController/Picker/AssetsPicker/CTAssetsPickerController/CTAssetCheckmark.m -o /Users/edz/Library/Developer/Xcode/DerivedData/App-bytlbhqqorqzqidyjovihkqwnkia/Build/Intermediates.noindex/Pods.build/Release-iphonesimulator/LSRFramework.build/Objects-normal/x86_64/CTAssetCheckmark.o
    
    CompileC /Users/edz/Library/Developer/Xcode/DerivedData/App-bytlbhqqorqzqidyjovihkqwnkia/Build/Intermediates.noindex/Pods.build/Release-iphonesimulator/LSRFramework.build/Objects-normal/x86_64/AppNetworkMonitoring.o /var/folders/4h/hxvz7hb959j4pw0pvbq686x00000gn/T/CocoaPods-Lint-20200722-25225-196xw43-UIModule/Pods/LSRFramework/LSRFramework/Classes/BaseClasses/UIViewController/Network/NetworkMonitoring/AppNetworkMonitoring.m normal x86_64 objective-c com.apple.compilers.llvm.clang.1_0.compiler (in target 'LSRFramework' from project 'Pods')
        cd /var/folders/4h/hxvz7hb959j4pw0pvbq686x00000gn/T/CocoaPods-Lint-20200722-25225-196xw43-UIModule/Pods
        export LANG=en_US.US-ASCII
        /Applications/Xcode.app/Contents/Developer/Toolchains/XcodeDefault.xctoolchain/usr/bin/clang -x objective-c -target x86_64-apple-ios11.0-simulator -fmessage-length=0 -fdiagnostics-show-note-include-stack -fmacro-backtrace-limit=0 -std=gnu11 -fobjc-arc -fmodules -gmodules -fmodules-cache-path=/Users/edz/Library/Developer/Xcode/DerivedData/ModuleCache.noindex -fmodules-prune-interval=86400 -fmodules-prune-after=345600 -fbuild-session-file=/Users/edz/Library/Developer/Xcode/DerivedData/ModuleCache.noindex/Session.modulevalidation -fmodules-validate-once-per-build-session -Wnon-modular-include-in-framework-module -Werror=non-modular-include-in-framework-module -fmodule-name=LSRFramework -Wno-trigraphs -fpascal-strings -Os -fno-common -Wno-missing-field-initializers -Wno-missing-prototypes -Werror=return-type -Wdocumentation -Wunreachable-code -Wno-implicit-atomic-properties -Werror=deprecated-objc-isa-usage -Wno-objc-interface-ivars -Werror=objc-root-class -Wno-arc-repeated-use-of-weak -Wimplicit-retain-self -Wduplicate-method-match -Wno-missing-braces -Wparentheses -Wswitch -Wunused-function -Wno-unused-label -Wno-unused-parameter -Wunused-variable -Wunused-value -Wempty-body -Wuninitialized -Wconditional-uninitialized -Wno-unknown-pragmas -Wno-shadow -Wno-four-char-constants -Wno-conversion -Wconstant-conversion -Wint-conversion -Wbool-conversion -Wenum-conversion -Wno-float-conversion -Wnon-literal-null-conversion -Wobjc-literal-conversion -Wshorten-64-to-32 -Wpointer-sign -Wno-newline-eof -Wno-selector -Wno-strict-selector-match -Wundeclared-selector -Wdeprecated-implementations -DPOD_CONFIGURATION_RELEASE=1 -DCOCOAPODS=1 -DTTTFRAMEWORK=1 -DNS_BLOCK_ASSERTIONS=1 -DOBJC_OLD_DISPATCH_PROTOTYPES=0 -isysroot /Applications/Xcode.app/Contents/Developer/Platforms/iPhoneSimulator.platform/Developer/SDKs/iPhoneSimulator13.5.sdk -fasm-blocks -fstrict-aliasing -Wprotocol -Wdeprecated-declarations -g -Wno-sign-conversion -Winfinite-recursion -Wcomma -Wblock-capture-autoreleasing -Wstrict-prototypes -Wno-semicolon-before-method-body -Wunguarded-availability -fobjc-abi-version=2 -fobjc-legacy-dispatch -iquote /Users/edz/Library/Developer/Xcode/DerivedData/App-bytlbhqqorqzqidyjovihkqwnkia/Build/Intermediates.noindex/Pods.build/Release-iphonesimulator/LSRFramework.build/LSRFramework-generated-files.hmap -I/Users/edz/Library/Developer/Xcode/DerivedData/App-bytlbhqqorqzqidyjovihkqwnkia/Build/Intermediates.noindex/Pods.build/Release-iphonesimulator/LSRFramework.build/LSRFramework-own-target-headers.hmap -I/Users/edz/Library/Developer/Xcode/DerivedData/App-bytlbhqqorqzqidyjovihkqwnkia/Build/Intermediates.noindex/Pods.build/Release-iphonesimulator/LSRFramework.build/LSRFramework-all-non-framework-target-headers.hmap -ivfsoverlay /Users/edz/Library/Developer/Xcode/DerivedData/App-bytlbhqqorqzqidyjovihkqwnkia/Build/Intermediates.noindex/Pods.build/Release-iphonesimulator/LSRFramework.build/all-product-headers.yaml -iquote /Users/edz/Library/Developer/Xcode/DerivedData/App-bytlbhqqorqzqidyjovihkqwnkia/Build/Intermediates.noindex/Pods.build/Release-iphonesimulator/LSRFramework.build/LSRFramework-project-headers.hmap -I/Users/edz/Library/Developer/Xcode/DerivedData/App-bytlbhqqorqzqidyjovihkqwnkia/Build/Products/Release-iphonesimulator/LSRFramework/include -I/Users/edz/Library/Developer/Xcode/DerivedData/App-bytlbhqqorqzqidyjovihkqwnkia/Build/Intermediates.noindex/Pods.build/Release-iphonesimulator/LSRFramework.build/DerivedSources-normal/x86_64 -I/Users/edz/Library/Developer/Xcode/DerivedData/App-bytlbhqqorqzqidyjovihkqwnkia/Build/Intermediates.noindex/Pods.build/Release-iphonesimulator/LSRFramework.build/DerivedSources/x86_64 -I/Users/edz/Library/Developer/Xcode/DerivedData/App-bytlbhqqorqzqidyjovihkqwnkia/Build/Intermediates.noindex/Pods.build/Release-iphonesimulator/LSRFramework.build/DerivedSources -F/Users/edz/Library/Developer/Xcode/DerivedData/App-bytlbhqqorqzqidyjovihkqwnkia/Build/Products/Release-iphonesimulator/LSRFramework -F/Users/edz/Library/Developer/Xcode/DerivedData/App-bytlbhqqorqzqidyjovihkqwnkia/Build/Products/Release-iphonesimulator/MBProgressHUD -F/Users/edz/Library/Developer/Xcode/DerivedData/App-bytlbhqqorqzqidyjovihkqwnkia/Build/Products/Release-iphonesimulator/Masonry -Wincomplete-umbrella -w -Xanalyzer -analyzer-disable-all-checks -include /var/folders/4h/hxvz7hb959j4pw0pvbq686x00000gn/T/CocoaPods-Lint-20200722-25225-196xw43-UIModule/Pods/Target\ Support\ Files/LSRFramework/LSRFramework-prefix.pch -MMD -MT dependencies -MF /Users/edz/Library/Developer/Xcode/DerivedData/App-bytlbhqqorqzqidyjovihkqwnkia/Build/Intermediates.noindex/Pods.build/Release-iphonesimulator/LSRFramework.build/Objects-normal/x86_64/AppNetworkMonitoring.d --serialize-diagnostics /Users/edz/Library/Developer/Xcode/DerivedData/App-bytlbhqqorqzqidyjovihkqwnkia/Build/Intermediates.noindex/Pods.build/Release-iphonesimulator/LSRFramework.build/Objects-normal/x86_64/AppNetworkMonitoring.dia -c /var/folders/4h/hxvz7hb959j4pw0pvbq686x00000gn/T/CocoaPods-Lint-20200722-25225-196xw43-UIModule/Pods/LSRFramework/LSRFramework/Classes/BaseClasses/UIViewController/Network/NetworkMonitoring/AppNetworkMonitoring.m -o /Users/edz/Library/Developer/Xcode/DerivedData/App-bytlbhqqorqzqidyjovihkqwnkia/Build/Intermediates.noindex/Pods.build/Release-iphonesimulator/LSRFramework.build/Objects-normal/x86_64/AppNetworkMonitoring.o
    
    CompileC /Users/edz/Library/Developer/Xcode/DerivedData/App-bytlbhqqorqzqidyjovihkqwnkia/Build/Intermediates.noindex/Pods.build/Release-iphonesimulator/LSRFramework.build/Objects-normal/x86_64/ALView+PureLayout.o /var/folders/4h/hxvz7hb959j4pw0pvbq686x00000gn/T/CocoaPods-Lint-20200722-25225-196xw43-UIModule/Pods/LSRFramework/LSRFramework/Classes/Libraries/PureLayout/ALView+PureLayout.m normal x86_64 objective-c com.apple.compilers.llvm.clang.1_0.compiler (in target 'LSRFramework' from project 'Pods')
        cd /var/folders/4h/hxvz7hb959j4pw0pvbq686x00000gn/T/CocoaPods-Lint-20200722-25225-196xw43-UIModule/Pods
        export LANG=en_US.US-ASCII
        /Applications/Xcode.app/Contents/Developer/Toolchains/XcodeDefault.xctoolchain/usr/bin/clang -x objective-c -target x86_64-apple-ios11.0-simulator -fmessage-length=0 -fdiagnostics-show-note-include-stack -fmacro-backtrace-limit=0 -std=gnu11 -fobjc-arc -fmodules -gmodules -fmodules-cache-path=/Users/edz/Library/Developer/Xcode/DerivedData/ModuleCache.noindex -fmodules-prune-interval=86400 -fmodules-prune-after=345600 -fbuild-session-file=/Users/edz/Library/Developer/Xcode/DerivedData/ModuleCache.noindex/Session.modulevalidation -fmodules-validate-once-per-build-session -Wnon-modular-include-in-framework-module -Werror=non-modular-include-in-framework-module -fmodule-name=LSRFramework -Wno-trigraphs -fpascal-strings -Os -fno-common -Wno-missing-field-initializers -Wno-missing-prototypes -Werror=return-type -Wdocumentation -Wunreachable-code -Wno-implicit-atomic-properties -Werror=deprecated-objc-isa-usage -Wno-objc-interface-ivars -Werror=objc-root-class -Wno-arc-repeated-use-of-weak -Wimplicit-retain-self -Wduplicate-method-match -Wno-missing-braces -Wparentheses -Wswitch -Wunused-function -Wno-unused-label -Wno-unused-parameter -Wunused-variable -Wunused-value -Wempty-body -Wuninitialized -Wconditional-uninitialized -Wno-unknown-pragmas -Wno-shadow -Wno-four-char-constants -Wno-conversion -Wconstant-conversion -Wint-conversion -Wbool-conversion -Wenum-conversion -Wno-float-conversion -Wnon-literal-null-conversion -Wobjc-literal-conversion -Wshorten-64-to-32 -Wpointer-sign -Wno-newline-eof -Wno-selector -Wno-strict-selector-match -Wundeclared-selector -Wdeprecated-implementations -DPOD_CONFIGURATION_RELEASE=1 -DCOCOAPODS=1 -DTTTFRAMEWORK=1 -DNS_BLOCK_ASSERTIONS=1 -DOBJC_OLD_DISPATCH_PROTOTYPES=0 -isysroot /Applications/Xcode.app/Contents/Developer/Platforms/iPhoneSimulator.platform/Developer/SDKs/iPhoneSimulator13.5.sdk -fasm-blocks -fstrict-aliasing -Wprotocol -Wdeprecated-declarations -g -Wno-sign-conversion -Winfinite-recursion -Wcomma -Wblock-capture-autoreleasing -Wstrict-prototypes -Wno-semicolon-before-method-body -Wunguarded-availability -fobjc-abi-version=2 -fobjc-legacy-dispatch -iquote /Users/edz/Library/Developer/Xcode/DerivedData/App-bytlbhqqorqzqidyjovihkqwnkia/Build/Intermediates.noindex/Pods.build/Release-iphonesimulator/LSRFramework.build/LSRFramework-generated-files.hmap -I/Users/edz/Library/Developer/Xcode/DerivedData/App-bytlbhqqorqzqidyjovihkqwnkia/Build/Intermediates.noindex/Pods.build/Release-iphonesimulator/LSRFramework.build/LSRFramework-own-target-headers.hmap -I/Users/edz/Library/Developer/Xcode/DerivedData/App-bytlbhqqorqzqidyjovihkqwnkia/Build/Intermediates.noindex/Pods.build/Release-iphonesimulator/LSRFramework.build/LSRFramework-all-non-framework-target-headers.hmap -ivfsoverlay /Users/edz/Library/Developer/Xcode/DerivedData/App-bytlbhqqorqzqidyjovihkqwnkia/Build/Intermediates.noindex/Pods.build/Release-iphonesimulator/LSRFramework.build/all-product-headers.yaml -iquote /Users/edz/Library/Developer/Xcode/DerivedData/App-bytlbhqqorqzqidyjovihkqwnkia/Build/Intermediates.noindex/Pods.build/Release-iphonesimulator/LSRFramework.build/LSRFramework-project-headers.hmap -I/Users/edz/Library/Developer/Xcode/DerivedData/App-bytlbhqqorqzqidyjovihkqwnkia/Build/Products/Release-iphonesimulator/LSRFramework/include -I/Users/edz/Library/Developer/Xcode/DerivedData/App-bytlbhqqorqzqidyjovihkqwnkia/Build/Intermediates.noindex/Pods.build/Release-iphonesimulator/LSRFramework.build/DerivedSources-normal/x86_64 -I/Users/edz/Library/Developer/Xcode/DerivedData/App-bytlbhqqorqzqidyjovihkqwnkia/Build/Intermediates.noindex/Pods.build/Release-iphonesimulator/LSRFramework.build/DerivedSources/x86_64 -I/Users/edz/Library/Developer/Xcode/DerivedData/App-bytlbhqqorqzqidyjovihkqwnkia/Build/Intermediates.noindex/Pods.build/Release-iphonesimulator/LSRFramework.build/DerivedSources -F/Users/edz/Library/Developer/Xcode/DerivedData/App-bytlbhqqorqzqidyjovihkqwnkia/Build/Products/Release-iphonesimulator/LSRFramework -F/Users/edz/Library/Developer/Xcode/DerivedData/App-bytlbhqqorqzqidyjovihkqwnkia/Build/Products/Release-iphonesimulator/MBProgressHUD -F/Users/edz/Library/Developer/Xcode/DerivedData/App-bytlbhqqorqzqidyjovihkqwnkia/Build/Products/Release-iphonesimulator/Masonry -Wincomplete-umbrella -w -Xanalyzer -analyzer-disable-all-checks -include /var/folders/4h/hxvz7hb959j4pw0pvbq686x00000gn/T/CocoaPods-Lint-20200722-25225-196xw43-UIModule/Pods/Target\ Support\ Files/LSRFramework/LSRFramework-prefix.pch -MMD -MT dependencies -MF /Users/edz/Library/Developer/Xcode/DerivedData/App-bytlbhqqorqzqidyjovihkqwnkia/Build/Intermediates.noindex/Pods.build/Release-iphonesimulator/LSRFramework.build/Objects-normal/x86_64/ALView+PureLayout.d --serialize-diagnostics /Users/edz/Library/Developer/Xcode/DerivedData/App-bytlbhqqorqzqidyjovihkqwnkia/Build/Intermediates.noindex/Pods.build/Release-iphonesimulator/LSRFramework.build/Objects-normal/x86_64/ALView+PureLayout.dia -c /var/folders/4h/hxvz7hb959j4pw0pvbq686x00000gn/T/CocoaPods-Lint-20200722-25225-196xw43-UIModule/Pods/LSRFramework/LSRFramework/Classes/Libraries/PureLayout/ALView+PureLayout.m -o /Users/edz/Library/Developer/Xcode/DerivedData/App-bytlbhqqorqzqidyjovihkqwnkia/Build/Intermediates.noindex/Pods.build/Release-iphonesimulator/LSRFramework.build/Objects-normal/x86_64/ALView+PureLayout.o
    
    Ld /Users/edz/Library/Developer/Xcode/DerivedData/App-bytlbhqqorqzqidyjovihkqwnkia/Build/Products/Release-iphonesimulator/AFNetworking/AFNetworking.framework/AFNetworking normal x86_64 (in target 'AFNetworking' from project 'Pods')
        cd /var/folders/4h/hxvz7hb959j4pw0pvbq686x00000gn/T/CocoaPods-Lint-20200722-25225-196xw43-UIModule/Pods
        /Applications/Xcode.app/Contents/Developer/Toolchains/XcodeDefault.xctoolchain/usr/bin/clang -target x86_64-apple-ios9.0-simulator -dynamiclib -isysroot /Applications/Xcode.app/Contents/Developer/Platforms/iPhoneSimulator.platform/Developer/SDKs/iPhoneSimulator13.5.sdk -L/Users/edz/Library/Developer/Xcode/DerivedData/App-bytlbhqqorqzqidyjovihkqwnkia/Build/Products/Release-iphonesimulator/AFNetworking -F/Users/edz/Library/Developer/Xcode/DerivedData/App-bytlbhqqorqzqidyjovihkqwnkia/Build/Products/Release-iphonesimulator/AFNetworking -filelist /Users/edz/Library/Developer/Xcode/DerivedData/App-bytlbhqqorqzqidyjovihkqwnkia/Build/Intermediates.noindex/Pods.build/Release-iphonesimulator/AFNetworking.build/Objects-normal/x86_64/AFNetworking.LinkFileList -install_name @rpath/AFNetworking.framework/AFNetworking -Xlinker -rpath -Xlinker @executable_path/Frameworks -Xlinker -rpath -Xlinker @loader_path/Frameworks -dead_strip -Xlinker -object_path_lto -Xlinker /Users/edz/Library/Developer/Xcode/DerivedData/App-bytlbhqqorqzqidyjovihkqwnkia/Build/Intermediates.noindex/Pods.build/Release-iphonesimulator/AFNetworking.build/Objects-normal/x86_64/AFNetworking_lto.o -Xlinker -objc_abi_version -Xlinker 2 -fobjc-arc -fobjc-link-runtime -framework Foundation -compatibility_version 1 -current_version 1 -Xlinker -dependency_info -Xlinker /Users/edz/Library/Developer/Xcode/DerivedData/App-bytlbhqqorqzqidyjovihkqwnkia/Build/Intermediates.noindex/Pods.build/Release-iphonesimulator/AFNetworking.build/Objects-normal/x86_64/AFNetworking_dependency_info.dat -o /Users/edz/Library/Developer/Xcode/DerivedData/App-bytlbhqqorqzqidyjovihkqwnkia/Build/Products/Release-iphonesimulator/AFNetworking/AFNetworking.framework/AFNetworking
    
    GenerateDSYMFile /Users/edz/Library/Developer/Xcode/DerivedData/App-bytlbhqqorqzqidyjovihkqwnkia/Build/Products/Release-iphonesimulator/AFNetworking/AFNetworking.framework.dSYM /Users/edz/Library/Developer/Xcode/DerivedData/App-bytlbhqqorqzqidyjovihkqwnkia/Build/Products/Release-iphonesimulator/AFNetworking/AFNetworking.framework/AFNetworking (in target 'AFNetworking' from project 'Pods')
        cd /var/folders/4h/hxvz7hb959j4pw0pvbq686x00000gn/T/CocoaPods-Lint-20200722-25225-196xw43-UIModule/Pods
        /Applications/Xcode.app/Contents/Developer/Toolchains/XcodeDefault.xctoolchain/usr/bin/dsymutil /Users/edz/Library/Developer/Xcode/DerivedData/App-bytlbhqqorqzqidyjovihkqwnkia/Build/Products/Release-iphonesimulator/AFNetworking/AFNetworking.framework/AFNetworking -o /Users/edz/Library/Developer/Xcode/DerivedData/App-bytlbhqqorqzqidyjovihkqwnkia/Build/Products/Release-iphonesimulator/AFNetworking/AFNetworking.framework.dSYM
    
    CodeSign /Users/edz/Library/Developer/Xcode/DerivedData/App-bytlbhqqorqzqidyjovihkqwnkia/Build/Products/Release-iphonesimulator/AFNetworking/AFNetworking.framework (in target 'AFNetworking' from project 'Pods')
        cd /var/folders/4h/hxvz7hb959j4pw0pvbq686x00000gn/T/CocoaPods-Lint-20200722-25225-196xw43-UIModule/Pods
        export CODESIGN_ALLOCATE=/Applications/Xcode.app/Contents/Developer/Toolchains/XcodeDefault.xctoolchain/usr/bin/codesign_allocate
        
    Signing Identity:     "-"
    
        /usr/bin/codesign --force --sign - --timestamp=none /Users/edz/Library/Developer/Xcode/DerivedData/App-bytlbhqqorqzqidyjovihkqwnkia/Build/Products/Release-iphonesimulator/AFNetworking/AFNetworking.framework
    
    RegisterExecutionPolicyException /Users/edz/Library/Developer/Xcode/DerivedData/App-bytlbhqqorqzqidyjovihkqwnkia/Build/Products/Release-iphonesimulator/AFNetworking/AFNetworking.framework (in target 'AFNetworking' from project 'Pods')
        cd /var/folders/4h/hxvz7hb959j4pw0pvbq686x00000gn/T/CocoaPods-Lint-20200722-25225-196xw43-UIModule/Pods
        builtin-RegisterExecutionPolicyException /Users/edz/Library/Developer/Xcode/DerivedData/App-bytlbhqqorqzqidyjovihkqwnkia/Build/Products/Release-iphonesimulator/AFNetworking/AFNetworking.framework
    note: Execution policy exception registration failed and was skipped: Error Domain=NSPOSIXErrorDomain Code=1 "Operation not permitted" (in target 'AFNetworking' from project 'Pods')
    
    Touch /Users/edz/Library/Developer/Xcode/DerivedData/App-bytlbhqqorqzqidyjovihkqwnkia/Build/Products/Release-iphonesimulator/AFNetworking/AFNetworking.framework (in target 'AFNetworking' from project 'Pods')
        cd /var/folders/4h/hxvz7hb959j4pw0pvbq686x00000gn/T/CocoaPods-Lint-20200722-25225-196xw43-UIModule/Pods
        /usr/bin/touch -c /Users/edz/Library/Developer/Xcode/DerivedData/App-bytlbhqqorqzqidyjovihkqwnkia/Build/Products/Release-iphonesimulator/AFNetworking/AFNetworking.framework
    
    Ld /Users/edz/Library/Developer/Xcode/DerivedData/App-bytlbhqqorqzqidyjovihkqwnkia/Build/Products/Release-iphonesimulator/LSRFramework/LSRFramework.framework/LSRFramework normal x86_64 (in target 'LSRFramework' from project 'Pods')
        cd /var/folders/4h/hxvz7hb959j4pw0pvbq686x00000gn/T/CocoaPods-Lint-20200722-25225-196xw43-UIModule/Pods
        /Applications/Xcode.app/Contents/Developer/Toolchains/XcodeDefault.xctoolchain/usr/bin/clang++ -target x86_64-apple-ios11.0-simulator -dynamiclib -isysroot /Applications/Xcode.app/Contents/Developer/Platforms/iPhoneSimulator.platform/Developer/SDKs/iPhoneSimulator13.5.sdk -L/Users/edz/Library/Developer/Xcode/DerivedData/App-bytlbhqqorqzqidyjovihkqwnkia/Build/Products/Release-iphonesimulator/LSRFramework -F/Users/edz/Library/Developer/Xcode/DerivedData/App-bytlbhqqorqzqidyjovihkqwnkia/Build/Products/Release-iphonesimulator/LSRFramework -F/Users/edz/Library/Developer/Xcode/DerivedData/App-bytlbhqqorqzqidyjovihkqwnkia/Build/Products/Release-iphonesimulator/MBProgressHUD -F/Users/edz/Library/Developer/Xcode/DerivedData/App-bytlbhqqorqzqidyjovihkqwnkia/Build/Products/Release-iphonesimulator/Masonry -filelist /Users/edz/Library/Developer/Xcode/DerivedData/App-bytlbhqqorqzqidyjovihkqwnkia/Build/Intermediates.noindex/Pods.build/Release-iphonesimulator/LSRFramework.build/Objects-normal/x86_64/LSRFramework.LinkFileList -install_name @rpath/LSRFramework.framework/LSRFramework -Xlinker -rpath -Xlinker @executable_path/Frameworks -Xlinker -rpath -Xlinker @loader_path/Frameworks -dead_strip -Xlinker -object_path_lto -Xlinker /Users/edz/Library/Developer/Xcode/DerivedData/App-bytlbhqqorqzqidyjovihkqwnkia/Build/Intermediates.noindex/Pods.build/Release-iphonesimulator/LSRFramework.build/Objects-normal/x86_64/LSRFramework_lto.o -Xlinker -objc_abi_version -Xlinker 2 -stdlib=libc++ -fobjc-arc -fobjc-link-runtime -framework AVFoundation -framework Photos -framework SystemConfiguration -framework WebKit -framework AVFoundation -framework Foundation -framework Masonry -framework MBProgressHUD -framework Photos -framework SystemConfiguration -framework WebKit -compatibility_version 1 -current_version 1 -Xlinker -dependency_info -Xlinker /Users/edz/Library/Developer/Xcode/DerivedData/App-bytlbhqqorqzqidyjovihkqwnkia/Build/Intermediates.noindex/Pods.build/Release-iphonesimulator/LSRFramework.build/Objects-normal/x86_64/LSRFramework_dependency_info.dat -o /Users/edz/Library/Developer/Xcode/DerivedData/App-bytlbhqqorqzqidyjovihkqwnkia/Build/Products/Release-iphonesimulator/LSRFramework/LSRFramework.framework/LSRFramework
    
    CpResource /var/folders/4h/hxvz7hb959j4pw0pvbq686x00000gn/T/CocoaPods-Lint-20200722-25225-196xw43-UIModule/Pods/LSRFramework/LSRFramework/Assets/TTTFramework.bundle /Users/edz/Library/Developer/Xcode/DerivedData/App-bytlbhqqorqzqidyjovihkqwnkia/Build/Products/Release-iphonesimulator/LSRFramework/LSRFramework.framework/TTTFramework.bundle (in target 'LSRFramework' from project 'Pods')
        cd /var/folders/4h/hxvz7hb959j4pw0pvbq686x00000gn/T/CocoaPods-Lint-20200722-25225-196xw43-UIModule/Pods
        builtin-copy -exclude .DS_Store -exclude CVS -exclude .svn -exclude .git -exclude .hg -resolve-src-symlinks /var/folders/4h/hxvz7hb959j4pw0pvbq686x00000gn/T/CocoaPods-Lint-20200722-25225-196xw43-UIModule/Pods/LSRFramework/LSRFramework/Assets/TTTFramework.bundle /Users/edz/Library/Developer/Xcode/DerivedData/App-bytlbhqqorqzqidyjovihkqwnkia/Build/Products/Release-iphonesimulator/LSRFramework/LSRFramework.framework
    
    GenerateDSYMFile /Users/edz/Library/Developer/Xcode/DerivedData/App-bytlbhqqorqzqidyjovihkqwnkia/Build/Products/Release-iphonesimulator/LSRFramework/LSRFramework.framework.dSYM /Users/edz/Library/Developer/Xcode/DerivedData/App-bytlbhqqorqzqidyjovihkqwnkia/Build/Products/Release-iphonesimulator/LSRFramework/LSRFramework.framework/LSRFramework (in target 'LSRFramework' from project 'Pods')
        cd /var/folders/4h/hxvz7hb959j4pw0pvbq686x00000gn/T/CocoaPods-Lint-20200722-25225-196xw43-UIModule/Pods
        /Applications/Xcode.app/Contents/Developer/Toolchains/XcodeDefault.xctoolchain/usr/bin/dsymutil /Users/edz/Library/Developer/Xcode/DerivedData/App-bytlbhqqorqzqidyjovihkqwnkia/Build/Products/Release-iphonesimulator/LSRFramework/LSRFramework.framework/LSRFramework -o /Users/edz/Library/Developer/Xcode/DerivedData/App-bytlbhqqorqzqidyjovihkqwnkia/Build/Products/Release-iphonesimulator/LSRFramework/LSRFramework.framework.dSYM
    
    CodeSign /Users/edz/Library/Developer/Xcode/DerivedData/App-bytlbhqqorqzqidyjovihkqwnkia/Build/Products/Release-iphonesimulator/LSRFramework/LSRFramework.framework (in target 'LSRFramework' from project 'Pods')
        cd /var/folders/4h/hxvz7hb959j4pw0pvbq686x00000gn/T/CocoaPods-Lint-20200722-25225-196xw43-UIModule/Pods
        export CODESIGN_ALLOCATE=/Applications/Xcode.app/Contents/Developer/Toolchains/XcodeDefault.xctoolchain/usr/bin/codesign_allocate
        
    Signing Identity:     "-"
    
        /usr/bin/codesign --force --sign - --timestamp=none /Users/edz/Library/Developer/Xcode/DerivedData/App-bytlbhqqorqzqidyjovihkqwnkia/Build/Products/Release-iphonesimulator/LSRFramework/LSRFramework.framework
    
    RegisterExecutionPolicyException /Users/edz/Library/Developer/Xcode/DerivedData/App-bytlbhqqorqzqidyjovihkqwnkia/Build/Products/Release-iphonesimulator/LSRFramework/LSRFramework.framework (in target 'LSRFramework' from project 'Pods')
        cd /var/folders/4h/hxvz7hb959j4pw0pvbq686x00000gn/T/CocoaPods-Lint-20200722-25225-196xw43-UIModule/Pods
        builtin-RegisterExecutionPolicyException /Users/edz/Library/Developer/Xcode/DerivedData/App-bytlbhqqorqzqidyjovihkqwnkia/Build/Products/Release-iphonesimulator/LSRFramework/LSRFramework.framework
    note: Execution policy exception registration failed and was skipped: Error Domain=NSPOSIXErrorDomain Code=1 "Operation not permitted" (in target 'LSRFramework' from project 'Pods')
    
    Touch /Users/edz/Library/Developer/Xcode/DerivedData/App-bytlbhqqorqzqidyjovihkqwnkia/Build/Products/Release-iphonesimulator/LSRFramework/LSRFramework.framework (in target 'LSRFramework' from project 'Pods')
        cd /var/folders/4h/hxvz7hb959j4pw0pvbq686x00000gn/T/CocoaPods-Lint-20200722-25225-196xw43-UIModule/Pods
        /usr/bin/touch -c /Users/edz/Library/Developer/Xcode/DerivedData/App-bytlbhqqorqzqidyjovihkqwnkia/Build/Products/Release-iphonesimulator/LSRFramework/LSRFramework.framework
    
    WriteAuxiliaryFile /Users/edz/Library/Developer/Xcode/DerivedData/App-bytlbhqqorqzqidyjovihkqwnkia/Build/Intermediates.noindex/Pods.build/Release-iphonesimulator/XEngineSDK.build/XEngineSDK.hmap (in target 'XEngineSDK' from project 'Pods')
        cd /var/folders/4h/hxvz7hb959j4pw0pvbq686x00000gn/T/CocoaPods-Lint-20200722-25225-196xw43-UIModule/Pods
        write-file /Users/edz/Library/Developer/Xcode/DerivedData/App-bytlbhqqorqzqidyjovihkqwnkia/Build/Intermediates.noindex/Pods.build/Release-iphonesimulator/XEngineSDK.build/XEngineSDK.hmap
    
    WriteAuxiliaryFile /Users/edz/Library/Developer/Xcode/DerivedData/App-bytlbhqqorqzqidyjovihkqwnkia/Build/Intermediates.noindex/Pods.build/Release-iphonesimulator/XEngineSDK.build/XEngineSDK-project-headers.hmap (in target 'XEngineSDK' from project 'Pods')
        cd /var/folders/4h/hxvz7hb959j4pw0pvbq686x00000gn/T/CocoaPods-Lint-20200722-25225-196xw43-UIModule/Pods
        write-file /Users/edz/Library/Developer/Xcode/DerivedData/App-bytlbhqqorqzqidyjovihkqwnkia/Build/Intermediates.noindex/Pods.build/Release-iphonesimulator/XEngineSDK.build/XEngineSDK-project-headers.hmap
    
    WriteAuxiliaryFile /Users/edz/Library/Developer/Xcode/DerivedData/App-bytlbhqqorqzqidyjovihkqwnkia/Build/Intermediates.noindex/Pods.build/Release-iphonesimulator/XEngineSDK.build/XEngineSDK-own-target-headers.hmap (in target 'XEngineSDK' from project 'Pods')
        cd /var/folders/4h/hxvz7hb959j4pw0pvbq686x00000gn/T/CocoaPods-Lint-20200722-25225-196xw43-UIModule/Pods
        write-file /Users/edz/Library/Developer/Xcode/DerivedData/App-bytlbhqqorqzqidyjovihkqwnkia/Build/Intermediates.noindex/Pods.build/Release-iphonesimulator/XEngineSDK.build/XEngineSDK-own-target-headers.hmap
    
    WriteAuxiliaryFile /Users/edz/Library/Developer/Xcode/DerivedData/App-bytlbhqqorqzqidyjovihkqwnkia/Build/Intermediates.noindex/Pods.build/Release-iphonesimulator/XEngineSDK.build/all-product-headers.yaml (in target 'XEngineSDK' from project 'Pods')
        cd /var/folders/4h/hxvz7hb959j4pw0pvbq686x00000gn/T/CocoaPods-Lint-20200722-25225-196xw43-UIModule/Pods
        write-file /Users/edz/Library/Developer/Xcode/DerivedData/App-bytlbhqqorqzqidyjovihkqwnkia/Build/Intermediates.noindex/Pods.build/Release-iphonesimulator/XEngineSDK.build/all-product-headers.yaml
    
    WriteAuxiliaryFile /Users/edz/Library/Developer/Xcode/DerivedData/App-bytlbhqqorqzqidyjovihkqwnkia/Build/Intermediates.noindex/Pods.build/Release-iphonesimulator/XEngineSDK.build/XEngineSDK-generated-files.hmap (in target 'XEngineSDK' from project 'Pods')
        cd /var/folders/4h/hxvz7hb959j4pw0pvbq686x00000gn/T/CocoaPods-Lint-20200722-25225-196xw43-UIModule/Pods
        write-file /Users/edz/Library/Developer/Xcode/DerivedData/App-bytlbhqqorqzqidyjovihkqwnkia/Build/Intermediates.noindex/Pods.build/Release-iphonesimulator/XEngineSDK.build/XEngineSDK-generated-files.hmap
    
    WriteAuxiliaryFile /Users/edz/Library/Developer/Xcode/DerivedData/App-bytlbhqqorqzqidyjovihkqwnkia/Build/Intermediates.noindex/Pods.build/Release-iphonesimulator/XEngineSDK.build/XEngineSDK-all-target-headers.hmap (in target 'XEngineSDK' from project 'Pods')
        cd /var/folders/4h/hxvz7hb959j4pw0pvbq686x00000gn/T/CocoaPods-Lint-20200722-25225-196xw43-UIModule/Pods
        write-file /Users/edz/Library/Developer/Xcode/DerivedData/App-bytlbhqqorqzqidyjovihkqwnkia/Build/Intermediates.noindex/Pods.build/Release-iphonesimulator/XEngineSDK.build/XEngineSDK-all-target-headers.hmap
    
    WriteAuxiliaryFile /Users/edz/Library/Developer/Xcode/DerivedData/App-bytlbhqqorqzqidyjovihkqwnkia/Build/Intermediates.noindex/Pods.build/Release-iphonesimulator/XEngineSDK.build/XEngineSDK-all-non-framework-target-headers.hmap (in target 'XEngineSDK' from project 'Pods')
        cd /var/folders/4h/hxvz7hb959j4pw0pvbq686x00000gn/T/CocoaPods-Lint-20200722-25225-196xw43-UIModule/Pods
        write-file /Users/edz/Library/Developer/Xcode/DerivedData/App-bytlbhqqorqzqidyjovihkqwnkia/Build/Intermediates.noindex/Pods.build/Release-iphonesimulator/XEngineSDK.build/XEngineSDK-all-non-framework-target-headers.hmap
    
    WriteAuxiliaryFile /Users/edz/Library/Developer/Xcode/DerivedData/App-bytlbhqqorqzqidyjovihkqwnkia/Build/Intermediates.noindex/Pods.build/Release-iphonesimulator/XEngineSDK.build/module.modulemap (in target 'XEngineSDK' from project 'Pods')
        cd /var/folders/4h/hxvz7hb959j4pw0pvbq686x00000gn/T/CocoaPods-Lint-20200722-25225-196xw43-UIModule/Pods
        write-file /Users/edz/Library/Developer/Xcode/DerivedData/App-bytlbhqqorqzqidyjovihkqwnkia/Build/Intermediates.noindex/Pods.build/Release-iphonesimulator/XEngineSDK.build/module.modulemap
    
    CpHeader /var/folders/4h/hxvz7hb959j4pw0pvbq686x00000gn/T/CocoaPods-Lint-20200722-25225-196xw43-UIModule/Pods/XEngineSDK/XEngineSDK/dsbridge/dsbridge.h /Users/edz/Library/Developer/Xcode/DerivedData/App-bytlbhqqorqzqidyjovihkqwnkia/Build/Products/Release-iphonesimulator/XEngineSDK/XEngineSDK.framework/Headers/dsbridge.h (in target 'XEngineSDK' from project 'Pods')
        cd /var/folders/4h/hxvz7hb959j4pw0pvbq686x00000gn/T/CocoaPods-Lint-20200722-25225-196xw43-UIModule/Pods
        builtin-copy -exclude .DS_Store -exclude CVS -exclude .svn -exclude .git -exclude .hg -resolve-src-symlinks /var/folders/4h/hxvz7hb959j4pw0pvbq686x00000gn/T/CocoaPods-Lint-20200722-25225-196xw43-UIModule/Pods/XEngineSDK/XEngineSDK/dsbridge/dsbridge.h /Users/edz/Library/Developer/Xcode/DerivedData/App-bytlbhqqorqzqidyjovihkqwnkia/Build/Products/Release-iphonesimulator/XEngineSDK/XEngineSDK.framework/Headers
    
    ProcessInfoPlistFile /Users/edz/Library/Developer/Xcode/DerivedData/App-bytlbhqqorqzqidyjovihkqwnkia/Build/Products/Release-iphonesimulator/XEngineSDK/XEngineSDK.framework/Info.plist /var/folders/4h/hxvz7hb959j4pw0pvbq686x00000gn/T/CocoaPods-Lint-20200722-25225-196xw43-UIModule/Pods/Target\ Support\ Files/XEngineSDK/XEngineSDK-Info.plist (in target 'XEngineSDK' from project 'Pods')
        cd /var/folders/4h/hxvz7hb959j4pw0pvbq686x00000gn/T/CocoaPods-Lint-20200722-25225-196xw43-UIModule/Pods
        builtin-infoPlistUtility /var/folders/4h/hxvz7hb959j4pw0pvbq686x00000gn/T/CocoaPods-Lint-20200722-25225-196xw43-UIModule/Pods/Target\ Support\ Files/XEngineSDK/XEngineSDK-Info.plist -producttype com.apple.product-type.framework -expandbuildsettings -format binary -platform iphonesimulator -o /Users/edz/Library/Developer/Xcode/DerivedData/App-bytlbhqqorqzqidyjovihkqwnkia/Build/Products/Release-iphonesimulator/XEngineSDK/XEngineSDK.framework/Info.plist
    
    CpHeader /var/folders/4h/hxvz7hb959j4pw0pvbq686x00000gn/T/CocoaPods-Lint-20200722-25225-196xw43-UIModule/Pods/XEngineSDK/XEngineSDK/dsbridge/JSBUtil.h /Users/edz/Library/Developer/Xcode/DerivedData/App-bytlbhqqorqzqidyjovihkqwnkia/Build/Products/Release-iphonesimulator/XEngineSDK/XEngineSDK.framework/Headers/JSBUtil.h (in target 'XEngineSDK' from project 'Pods')
        cd /var/folders/4h/hxvz7hb959j4pw0pvbq686x00000gn/T/CocoaPods-Lint-20200722-25225-196xw43-UIModule/Pods
        builtin-copy -exclude .DS_Store -exclude CVS -exclude .svn -exclude .git -exclude .hg -resolve-src-symlinks /var/folders/4h/hxvz7hb959j4pw0pvbq686x00000gn/T/CocoaPods-Lint-20200722-25225-196xw43-UIModule/Pods/XEngineSDK/XEngineSDK/dsbridge/JSBUtil.h /Users/edz/Library/Developer/Xcode/DerivedData/App-bytlbhqqorqzqidyjovihkqwnkia/Build/Products/Release-iphonesimulator/XEngineSDK/XEngineSDK.framework/Headers
    
    CpHeader /var/folders/4h/hxvz7hb959j4pw0pvbq686x00000gn/T/CocoaPods-Lint-20200722-25225-196xw43-UIModule/Pods/XEngineSDK/XEngineSDK/dsbridge/InternalApis.h /Users/edz/Library/Developer/Xcode/DerivedData/App-bytlbhqqorqzqidyjovihkqwnkia/Build/Products/Release-iphonesimulator/XEngineSDK/XEngineSDK.framework/Headers/InternalApis.h (in target 'XEngineSDK' from project 'Pods')
        cd /var/folders/4h/hxvz7hb959j4pw0pvbq686x00000gn/T/CocoaPods-Lint-20200722-25225-196xw43-UIModule/Pods
        builtin-copy -exclude .DS_Store -exclude CVS -exclude .svn -exclude .git -exclude .hg -resolve-src-symlinks /var/folders/4h/hxvz7hb959j4pw0pvbq686x00000gn/T/CocoaPods-Lint-20200722-25225-196xw43-UIModule/Pods/XEngineSDK/XEngineSDK/dsbridge/InternalApis.h /Users/edz/Library/Developer/Xcode/DerivedData/App-bytlbhqqorqzqidyjovihkqwnkia/Build/Products/Release-iphonesimulator/XEngineSDK/XEngineSDK.framework/Headers
    
    Ditto /Users/edz/Library/Developer/Xcode/DerivedData/App-bytlbhqqorqzqidyjovihkqwnkia/Build/Intermediates.noindex/Pods.build/Release-iphonesimulator/XEngineSDK.build/module.modulemap /Users/edz/Library/Developer/Xcode/DerivedData/App-bytlbhqqorqzqidyjovihkqwnkia/Build/Products/Release-iphonesimulator/XEngineSDK/XEngineSDK.framework/Modules/module.modulemap (in target 'XEngineSDK' from project 'Pods')
        cd /var/folders/4h/hxvz7hb959j4pw0pvbq686x00000gn/T/CocoaPods-Lint-20200722-25225-196xw43-UIModule/Pods
        builtin-copy -exclude .DS_Store -exclude CVS -exclude .svn -exclude .git -exclude .hg -resolve-src-symlinks /Users/edz/Library/Developer/Xcode/DerivedData/App-bytlbhqqorqzqidyjovihkqwnkia/Build/Intermediates.noindex/Pods.build/Release-iphonesimulator/XEngineSDK.build/module.modulemap /Users/edz/Library/Developer/Xcode/DerivedData/App-bytlbhqqorqzqidyjovihkqwnkia/Build/Products/Release-iphonesimulator/XEngineSDK/XEngineSDK.framework/Modules
    
    CpHeader /var/folders/4h/hxvz7hb959j4pw0pvbq686x00000gn/T/CocoaPods-Lint-20200722-25225-196xw43-UIModule/Pods/XEngineSDK/XEngineSDK/dsbridge/DWKWebView.h /Users/edz/Library/Developer/Xcode/DerivedData/App-bytlbhqqorqzqidyjovihkqwnkia/Build/Products/Release-iphonesimulator/XEngineSDK/XEngineSDK.framework/Headers/DWKWebView.h (in target 'XEngineSDK' from project 'Pods')
        cd /var/folders/4h/hxvz7hb959j4pw0pvbq686x00000gn/T/CocoaPods-Lint-20200722-25225-196xw43-UIModule/Pods
        builtin-copy -exclude .DS_Store -exclude CVS -exclude .svn -exclude .git -exclude .hg -resolve-src-symlinks /var/folders/4h/hxvz7hb959j4pw0pvbq686x00000gn/T/CocoaPods-Lint-20200722-25225-196xw43-UIModule/Pods/XEngineSDK/XEngineSDK/dsbridge/DWKWebView.h /Users/edz/Library/Developer/Xcode/DerivedData/App-bytlbhqqorqzqidyjovihkqwnkia/Build/Products/Release-iphonesimulator/XEngineSDK/XEngineSDK.framework/Headers
    
    CpHeader /var/folders/4h/hxvz7hb959j4pw0pvbq686x00000gn/T/CocoaPods-Lint-20200722-25225-196xw43-UIModule/Pods/XEngineSDK/XEngineSDK/dsbridge/DSCallInfo.h /Users/edz/Library/Developer/Xcode/DerivedData/App-bytlbhqqorqzqidyjovihkqwnkia/Build/Products/Release-iphonesimulator/XEngineSDK/XEngineSDK.framework/Headers/DSCallInfo.h (in target 'XEngineSDK' from project 'Pods')
        cd /var/folders/4h/hxvz7hb959j4pw0pvbq686x00000gn/T/CocoaPods-Lint-20200722-25225-196xw43-UIModule/Pods
        builtin-copy -exclude .DS_Store -exclude CVS -exclude .svn -exclude .git -exclude .hg -resolve-src-symlinks /var/folders/4h/hxvz7hb959j4pw0pvbq686x00000gn/T/CocoaPods-Lint-20200722-25225-196xw43-UIModule/Pods/XEngineSDK/XEngineSDK/dsbridge/DSCallInfo.h /Users/edz/Library/Developer/Xcode/DerivedData/App-bytlbhqqorqzqidyjovihkqwnkia/Build/Products/Release-iphonesimulator/XEngineSDK/XEngineSDK.framework/Headers
    
    CpHeader /var/folders/4h/hxvz7hb959j4pw0pvbq686x00000gn/T/CocoaPods-Lint-20200722-25225-196xw43-UIModule/Pods/XEngineSDK/XEngineSDK/XEngineWebViewController/RecyleWebViewController.h /Users/edz/Library/Developer/Xcode/DerivedData/App-bytlbhqqorqzqidyjovihkqwnkia/Build/Products/Release-iphonesimulator/XEngineSDK/XEngineSDK.framework/Headers/RecyleWebViewController.h (in target 'XEngineSDK' from project 'Pods')
        cd /var/folders/4h/hxvz7hb959j4pw0pvbq686x00000gn/T/CocoaPods-Lint-20200722-25225-196xw43-UIModule/Pods
        builtin-copy -exclude .DS_Store -exclude CVS -exclude .svn -exclude .git -exclude .hg -resolve-src-symlinks /var/folders/4h/hxvz7hb959j4pw0pvbq686x00000gn/T/CocoaPods-Lint-20200722-25225-196xw43-UIModule/Pods/XEngineSDK/XEngineSDK/XEngineWebViewController/RecyleWebViewController.h /Users/edz/Library/Developer/Xcode/DerivedData/App-bytlbhqqorqzqidyjovihkqwnkia/Build/Products/Release-iphonesimulator/XEngineSDK/XEngineSDK.framework/Headers
    
    CpHeader /var/folders/4h/hxvz7hb959j4pw0pvbq686x00000gn/T/CocoaPods-Lint-20200722-25225-196xw43-UIModule/Pods/XEngineSDK/XEngineSDK/WebViewPool/WebViewPool.h /Users/edz/Library/Developer/Xcode/DerivedData/App-bytlbhqqorqzqidyjovihkqwnkia/Build/Products/Release-iphonesimulator/XEngineSDK/XEngineSDK.framework/Headers/WebViewPool.h (in target 'XEngineSDK' from project 'Pods')
        cd /var/folders/4h/hxvz7hb959j4pw0pvbq686x00000gn/T/CocoaPods-Lint-20200722-25225-196xw43-UIModule/Pods
        builtin-copy -exclude .DS_Store -exclude CVS -exclude .svn -exclude .git -exclude .hg -resolve-src-symlinks /var/folders/4h/hxvz7hb959j4pw0pvbq686x00000gn/T/CocoaPods-Lint-20200722-25225-196xw43-UIModule/Pods/XEngineSDK/XEngineSDK/WebViewPool/WebViewPool.h /Users/edz/Library/Developer/Xcode/DerivedData/App-bytlbhqqorqzqidyjovihkqwnkia/Build/Products/Release-iphonesimulator/XEngineSDK/XEngineSDK.framework/Headers
    
    CpHeader /var/folders/4h/hxvz7hb959j4pw0pvbq686x00000gn/T/CocoaPods-Lint-20200722-25225-196xw43-UIModule/Pods/XEngineSDK/XEngineSDK/WebViewPool/Stack.h /Users/edz/Library/Developer/Xcode/DerivedData/App-bytlbhqqorqzqidyjovihkqwnkia/Build/Products/Release-iphonesimulator/XEngineSDK/XEngineSDK.framework/Headers/Stack.h (in target 'XEngineSDK' from project 'Pods')
        cd /var/folders/4h/hxvz7hb959j4pw0pvbq686x00000gn/T/CocoaPods-Lint-20200722-25225-196xw43-UIModule/Pods
        builtin-copy -exclude .DS_Store -exclude CVS -exclude .svn -exclude .git -exclude .hg -resolve-src-symlinks /var/folders/4h/hxvz7hb959j4pw0pvbq686x00000gn/T/CocoaPods-Lint-20200722-25225-196xw43-UIModule/Pods/XEngineSDK/XEngineSDK/WebViewPool/Stack.h /Users/edz/Library/Developer/Xcode/DerivedData/App-bytlbhqqorqzqidyjovihkqwnkia/Build/Products/Release-iphonesimulator/XEngineSDK/XEngineSDK.framework/Headers
    
    CpHeader /var/folders/4h/hxvz7hb959j4pw0pvbq686x00000gn/T/CocoaPods-Lint-20200722-25225-196xw43-UIModule/Pods/XEngineSDK/XEngineSDK/WebViewPool/Queue.h /Users/edz/Library/Developer/Xcode/DerivedData/App-bytlbhqqorqzqidyjovihkqwnkia/Build/Products/Release-iphonesimulator/XEngineSDK/XEngineSDK.framework/Headers/Queue.h (in target 'XEngineSDK' from project 'Pods')
        cd /var/folders/4h/hxvz7hb959j4pw0pvbq686x00000gn/T/CocoaPods-Lint-20200722-25225-196xw43-UIModule/Pods
        builtin-copy -exclude .DS_Store -exclude CVS -exclude .svn -exclude .git -exclude .hg -resolve-src-symlinks /var/folders/4h/hxvz7hb959j4pw0pvbq686x00000gn/T/CocoaPods-Lint-20200722-25225-196xw43-UIModule/Pods/XEngineSDK/XEngineSDK/WebViewPool/Queue.h /Users/edz/Library/Developer/Xcode/DerivedData/App-bytlbhqqorqzqidyjovihkqwnkia/Build/Products/Release-iphonesimulator/XEngineSDK/XEngineSDK.framework/Headers
    
    CpHeader /var/folders/4h/hxvz7hb959j4pw0pvbq686x00000gn/T/CocoaPods-Lint-20200722-25225-196xw43-UIModule/Pods/XEngineSDK/XEngineSDK/WebViewPool/PoolingList.h /Users/edz/Library/Developer/Xcode/DerivedData/App-bytlbhqqorqzqidyjovihkqwnkia/Build/Products/Release-iphonesimulator/XEngineSDK/XEngineSDK.framework/Headers/PoolingList.h (in target 'XEngineSDK' from project 'Pods')
        cd /var/folders/4h/hxvz7hb959j4pw0pvbq686x00000gn/T/CocoaPods-Lint-20200722-25225-196xw43-UIModule/Pods
        builtin-copy -exclude .DS_Store -exclude CVS -exclude .svn -exclude .git -exclude .hg -resolve-src-symlinks /var/folders/4h/hxvz7hb959j4pw0pvbq686x00000gn/T/CocoaPods-Lint-20200722-25225-196xw43-UIModule/Pods/XEngineSDK/XEngineSDK/WebViewPool/PoolingList.h /Users/edz/Library/Developer/Xcode/DerivedData/App-bytlbhqqorqzqidyjovihkqwnkia/Build/Products/Release-iphonesimulator/XEngineSDK/XEngineSDK.framework/Headers
    
    CpHeader /var/folders/4h/hxvz7hb959j4pw0pvbq686x00000gn/T/CocoaPods-Lint-20200722-25225-196xw43-UIModule/Pods/XEngineSDK/XEngineSDK/WebViewPool/CircleList.h /Users/edz/Library/Developer/Xcode/DerivedData/App-bytlbhqqorqzqidyjovihkqwnkia/Build/Products/Release-iphonesimulator/XEngineSDK/XEngineSDK.framework/Headers/CircleList.h (in target 'XEngineSDK' from project 'Pods')
        cd /var/folders/4h/hxvz7hb959j4pw0pvbq686x00000gn/T/CocoaPods-Lint-20200722-25225-196xw43-UIModule/Pods
        builtin-copy -exclude .DS_Store -exclude CVS -exclude .svn -exclude .git -exclude .hg -resolve-src-symlinks /var/folders/4h/hxvz7hb959j4pw0pvbq686x00000gn/T/CocoaPods-Lint-20200722-25225-196xw43-UIModule/Pods/XEngineSDK/XEngineSDK/WebViewPool/CircleList.h /Users/edz/Library/Developer/Xcode/DerivedData/App-bytlbhqqorqzqidyjovihkqwnkia/Build/Products/Release-iphonesimulator/XEngineSDK/XEngineSDK.framework/Headers
    
    CpHeader /var/folders/4h/hxvz7hb959j4pw0pvbq686x00000gn/T/CocoaPods-Lint-20200722-25225-196xw43-UIModule/Pods/XEngineSDK/XEngineSDK/UserData/PublicData.h /Users/edz/Library/Developer/Xcode/DerivedData/App-bytlbhqqorqzqidyjovihkqwnkia/Build/Products/Release-iphonesimulator/XEngineSDK/XEngineSDK.framework/Headers/PublicData.h (in target 'XEngineSDK' from project 'Pods')
        cd /var/folders/4h/hxvz7hb959j4pw0pvbq686x00000gn/T/CocoaPods-Lint-20200722-25225-196xw43-UIModule/Pods
        builtin-copy -exclude .DS_Store -exclude CVS -exclude .svn -exclude .git -exclude .hg -resolve-src-symlinks /var/folders/4h/hxvz7hb959j4pw0pvbq686x00000gn/T/CocoaPods-Lint-20200722-25225-196xw43-UIModule/Pods/XEngineSDK/XEngineSDK/UserData/PublicData.h /Users/edz/Library/Developer/Xcode/DerivedData/App-bytlbhqqorqzqidyjovihkqwnkia/Build/Products/Release-iphonesimulator/XEngineSDK/XEngineSDK.framework/Headers
    
    CpHeader /var/folders/4h/hxvz7hb959j4pw0pvbq686x00000gn/T/CocoaPods-Lint-20200722-25225-196xw43-UIModule/Pods/XEngineSDK/XEngineSDK/UserData/PublicData+Update.h /Users/edz/Library/Developer/Xcode/DerivedData/App-bytlbhqqorqzqidyjovihkqwnkia/Build/Products/Release-iphonesimulator/XEngineSDK/XEngineSDK.framework/Headers/PublicData+Update.h (in target 'XEngineSDK' from project 'Pods')
        cd /var/folders/4h/hxvz7hb959j4pw0pvbq686x00000gn/T/CocoaPods-Lint-20200722-25225-196xw43-UIModule/Pods
        builtin-copy -exclude .DS_Store -exclude CVS -exclude .svn -exclude .git -exclude .hg -resolve-src-symlinks /var/folders/4h/hxvz7hb959j4pw0pvbq686x00000gn/T/CocoaPods-Lint-20200722-25225-196xw43-UIModule/Pods/XEngineSDK/XEngineSDK/UserData/PublicData+Update.h /Users/edz/Library/Developer/Xcode/DerivedData/App-bytlbhqqorqzqidyjovihkqwnkia/Build/Products/Release-iphonesimulator/XEngineSDK/XEngineSDK.framework/Headers
    
    CpHeader /var/folders/4h/hxvz7hb959j4pw0pvbq686x00000gn/T/CocoaPods-Lint-20200722-25225-196xw43-UIModule/Pods/XEngineSDK/XEngineSDK/UserData/NSUserDefaults+Extension.h /Users/edz/Library/Developer/Xcode/DerivedData/App-bytlbhqqorqzqidyjovihkqwnkia/Build/Products/Release-iphonesimulator/XEngineSDK/XEngineSDK.framework/Headers/NSUserDefaults+Extension.h (in target 'XEngineSDK' from project 'Pods')
        cd /var/folders/4h/hxvz7hb959j4pw0pvbq686x00000gn/T/CocoaPods-Lint-20200722-25225-196xw43-UIModule/Pods
        builtin-copy -exclude .DS_Store -exclude CVS -exclude .svn -exclude .git -exclude .hg -resolve-src-symlinks /var/folders/4h/hxvz7hb959j4pw0pvbq686x00000gn/T/CocoaPods-Lint-20200722-25225-196xw43-UIModule/Pods/XEngineSDK/XEngineSDK/UserData/NSUserDefaults+Extension.h /Users/edz/Library/Developer/Xcode/DerivedData/App-bytlbhqqorqzqidyjovihkqwnkia/Build/Products/Release-iphonesimulator/XEngineSDK/XEngineSDK.framework/Headers
    
    CpHeader /var/folders/4h/hxvz7hb959j4pw0pvbq686x00000gn/T/CocoaPods-Lint-20200722-25225-196xw43-UIModule/Pods/XEngineSDK/XEngineSDK/UserData/MicroConfigModel.h /Users/edz/Library/Developer/Xcode/DerivedData/App-bytlbhqqorqzqidyjovihkqwnkia/Build/Products/Release-iphonesimulator/XEngineSDK/XEngineSDK.framework/Headers/MicroConfigModel.h (in target 'XEngineSDK' from project 'Pods')
        cd /var/folders/4h/hxvz7hb959j4pw0pvbq686x00000gn/T/CocoaPods-Lint-20200722-25225-196xw43-UIModule/Pods
        builtin-copy -exclude .DS_Store -exclude CVS -exclude .svn -exclude .git -exclude .hg -resolve-src-symlinks /var/folders/4h/hxvz7hb959j4pw0pvbq686x00000gn/T/CocoaPods-Lint-20200722-25225-196xw43-UIModule/Pods/XEngineSDK/XEngineSDK/UserData/MicroConfigModel.h /Users/edz/Library/Developer/Xcode/DerivedData/App-bytlbhqqorqzqidyjovihkqwnkia/Build/Products/Release-iphonesimulator/XEngineSDK/XEngineSDK.framework/Headers
    
    CpHeader /var/folders/4h/hxvz7hb959j4pw0pvbq686x00000gn/T/CocoaPods-Lint-20200722-25225-196xw43-UIModule/Pods/XEngineSDK/XEngineSDK/Tools/ZipArchiveTool.h /Users/edz/Library/Developer/Xcode/DerivedData/App-bytlbhqqorqzqidyjovihkqwnkia/Build/Products/Release-iphonesimulator/XEngineSDK/XEngineSDK.framework/Headers/ZipArchiveTool.h (in target 'XEngineSDK' from project 'Pods')
        cd /var/folders/4h/hxvz7hb959j4pw0pvbq686x00000gn/T/CocoaPods-Lint-20200722-25225-196xw43-UIModule/Pods
        builtin-copy -exclude .DS_Store -exclude CVS -exclude .svn -exclude .git -exclude .hg -resolve-src-symlinks /var/folders/4h/hxvz7hb959j4pw0pvbq686x00000gn/T/CocoaPods-Lint-20200722-25225-196xw43-UIModule/Pods/XEngineSDK/XEngineSDK/Tools/ZipArchiveTool.h /Users/edz/Library/Developer/Xcode/DerivedData/App-bytlbhqqorqzqidyjovihkqwnkia/Build/Products/Release-iphonesimulator/XEngineSDK/XEngineSDK.framework/Headers
    
    CpHeader /var/folders/4h/hxvz7hb959j4pw0pvbq686x00000gn/T/CocoaPods-Lint-20200722-25225-196xw43-UIModule/Pods/XEngineSDK/XEngineSDK/Tools/Unity.h /Users/edz/Library/Developer/Xcode/DerivedData/App-bytlbhqqorqzqidyjovihkqwnkia/Build/Products/Release-iphonesimulator/XEngineSDK/XEngineSDK.framework/Headers/Unity.h (in target 'XEngineSDK' from project 'Pods')
        cd /var/folders/4h/hxvz7hb959j4pw0pvbq686x00000gn/T/CocoaPods-Lint-20200722-25225-196xw43-UIModule/Pods
        builtin-copy -exclude .DS_Store -exclude CVS -exclude .svn -exclude .git -exclude .hg -resolve-src-symlinks /var/folders/4h/hxvz7hb959j4pw0pvbq686x00000gn/T/CocoaPods-Lint-20200722-25225-196xw43-UIModule/Pods/XEngineSDK/XEngineSDK/Tools/Unity.h /Users/edz/Library/Developer/Xcode/DerivedData/App-bytlbhqqorqzqidyjovihkqwnkia/Build/Products/Release-iphonesimulator/XEngineSDK/XEngineSDK.framework/Headers
    
    CpHeader /var/folders/4h/hxvz7hb959j4pw0pvbq686x00000gn/T/CocoaPods-Lint-20200722-25225-196xw43-UIModule/Pods/XEngineSDK/XEngineSDK/Tools/NSString+Extras.h /Users/edz/Library/Developer/Xcode/DerivedData/App-bytlbhqqorqzqidyjovihkqwnkia/Build/Products/Release-iphonesimulator/XEngineSDK/XEngineSDK.framework/Headers/NSString+Extras.h (in target 'XEngineSDK' from project 'Pods')
        cd /var/folders/4h/hxvz7hb959j4pw0pvbq686x00000gn/T/CocoaPods-Lint-20200722-25225-196xw43-UIModule/Pods
        builtin-copy -exclude .DS_Store -exclude CVS -exclude .svn -exclude .git -exclude .hg -resolve-src-symlinks /var/folders/4h/hxvz7hb959j4pw0pvbq686x00000gn/T/CocoaPods-Lint-20200722-25225-196xw43-UIModule/Pods/XEngineSDK/XEngineSDK/Tools/NSString+Extras.h /Users/edz/Library/Developer/Xcode/DerivedData/App-bytlbhqqorqzqidyjovihkqwnkia/Build/Products/Release-iphonesimulator/XEngineSDK/XEngineSDK.framework/Headers
    
    CpHeader /var/folders/4h/hxvz7hb959j4pw0pvbq686x00000gn/T/CocoaPods-Lint-20200722-25225-196xw43-UIModule/Pods/XEngineSDK/XEngineSDK/Tools/NSObject+CacheLocalized.h /Users/edz/Library/Developer/Xcode/DerivedData/App-bytlbhqqorqzqidyjovihkqwnkia/Build/Products/Release-iphonesimulator/XEngineSDK/XEngineSDK.framework/Headers/NSObject+CacheLocalized.h (in target 'XEngineSDK' from project 'Pods')
        cd /var/folders/4h/hxvz7hb959j4pw0pvbq686x00000gn/T/CocoaPods-Lint-20200722-25225-196xw43-UIModule/Pods
        builtin-copy -exclude .DS_Store -exclude CVS -exclude .svn -exclude .git -exclude .hg -resolve-src-symlinks /var/folders/4h/hxvz7hb959j4pw0pvbq686x00000gn/T/CocoaPods-Lint-20200722-25225-196xw43-UIModule/Pods/XEngineSDK/XEngineSDK/Tools/NSObject+CacheLocalized.h /Users/edz/Library/Developer/Xcode/DerivedData/App-bytlbhqqorqzqidyjovihkqwnkia/Build/Products/Release-iphonesimulator/XEngineSDK/XEngineSDK.framework/Headers
    
    CpHeader /var/folders/4h/hxvz7hb959j4pw0pvbq686x00000gn/T/CocoaPods-Lint-20200722-25225-196xw43-UIModule/Pods/XEngineSDK/XEngineSDK/Tools/JSONToDictionary.h /Users/edz/Library/Developer/Xcode/DerivedData/App-bytlbhqqorqzqidyjovihkqwnkia/Build/Products/Release-iphonesimulator/XEngineSDK/XEngineSDK.framework/Headers/JSONToDictionary.h (in target 'XEngineSDK' from project 'Pods')
        cd /var/folders/4h/hxvz7hb959j4pw0pvbq686x00000gn/T/CocoaPods-Lint-20200722-25225-196xw43-UIModule/Pods
        builtin-copy -exclude .DS_Store -exclude CVS -exclude .svn -exclude .git -exclude .hg -resolve-src-symlinks /var/folders/4h/hxvz7hb959j4pw0pvbq686x00000gn/T/CocoaPods-Lint-20200722-25225-196xw43-UIModule/Pods/XEngineSDK/XEngineSDK/Tools/JSONToDictionary.h /Users/edz/Library/Developer/Xcode/DerivedData/App-bytlbhqqorqzqidyjovihkqwnkia/Build/Products/Release-iphonesimulator/XEngineSDK/XEngineSDK.framework/Headers
    
    CpHeader /var/folders/4h/hxvz7hb959j4pw0pvbq686x00000gn/T/CocoaPods-Lint-20200722-25225-196xw43-UIModule/Pods/XEngineSDK/XEngineSDK/ThirdLib/MBProgressHUD+Toast.h /Users/edz/Library/Developer/Xcode/DerivedData/App-bytlbhqqorqzqidyjovihkqwnkia/Build/Products/Release-iphonesimulator/XEngineSDK/XEngineSDK.framework/Headers/MBProgressHUD+Toast.h (in target 'XEngineSDK' from project 'Pods')
        cd /var/folders/4h/hxvz7hb959j4pw0pvbq686x00000gn/T/CocoaPods-Lint-20200722-25225-196xw43-UIModule/Pods
        builtin-copy -exclude .DS_Store -exclude CVS -exclude .svn -exclude .git -exclude .hg -resolve-src-symlinks /var/folders/4h/hxvz7hb959j4pw0pvbq686x00000gn/T/CocoaPods-Lint-20200722-25225-196xw43-UIModule/Pods/XEngineSDK/XEngineSDK/ThirdLib/MBProgressHUD+Toast.h /Users/edz/Library/Developer/Xcode/DerivedData/App-bytlbhqqorqzqidyjovihkqwnkia/Build/Products/Release-iphonesimulator/XEngineSDK/XEngineSDK.framework/Headers
    
    CpHeader /var/folders/4h/hxvz7hb959j4pw0pvbq686x00000gn/T/CocoaPods-Lint-20200722-25225-196xw43-UIModule/Pods/XEngineSDK/XEngineSDK/NetWorking/XEngineRequest.h /Users/edz/Library/Developer/Xcode/DerivedData/App-bytlbhqqorqzqidyjovihkqwnkia/Build/Products/Release-iphonesimulator/XEngineSDK/XEngineSDK.framework/Headers/XEngineRequest.h (in target 'XEngineSDK' from project 'Pods')
        cd /var/folders/4h/hxvz7hb959j4pw0pvbq686x00000gn/T/CocoaPods-Lint-20200722-25225-196xw43-UIModule/Pods
        builtin-copy -exclude .DS_Store -exclude CVS -exclude .svn -exclude .git -exclude .hg -resolve-src-symlinks /var/folders/4h/hxvz7hb959j4pw0pvbq686x00000gn/T/CocoaPods-Lint-20200722-25225-196xw43-UIModule/Pods/XEngineSDK/XEngineSDK/NetWorking/XEngineRequest.h /Users/edz/Library/Developer/Xcode/DerivedData/App-bytlbhqqorqzqidyjovihkqwnkia/Build/Products/Release-iphonesimulator/XEngineSDK/XEngineSDK.framework/Headers
    
    CpHeader /var/folders/4h/hxvz7hb959j4pw0pvbq686x00000gn/T/CocoaPods-Lint-20200722-25225-196xw43-UIModule/Pods/XEngineSDK/XEngineSDK/NetWorking/XEngineRequest+DownLoadZip.h /Users/edz/Library/Developer/Xcode/DerivedData/App-bytlbhqqorqzqidyjovihkqwnkia/Build/Products/Release-iphonesimulator/XEngineSDK/XEngineSDK.framework/Headers/XEngineRequest+DownLoadZip.h (in target 'XEngineSDK' from project 'Pods')
        cd /var/folders/4h/hxvz7hb959j4pw0pvbq686x00000gn/T/CocoaPods-Lint-20200722-25225-196xw43-UIModule/Pods
        builtin-copy -exclude .DS_Store -exclude CVS -exclude .svn -exclude .git -exclude .hg -resolve-src-symlinks /var/folders/4h/hxvz7hb959j4pw0pvbq686x00000gn/T/CocoaPods-Lint-20200722-25225-196xw43-UIModule/Pods/XEngineSDK/XEngineSDK/NetWorking/XEngineRequest+DownLoadZip.h /Users/edz/Library/Developer/Xcode/DerivedData/App-bytlbhqqorqzqidyjovihkqwnkia/Build/Products/Release-iphonesimulator/XEngineSDK/XEngineSDK.framework/Headers
    
    CpHeader /var/folders/4h/hxvz7hb959j4pw0pvbq686x00000gn/T/CocoaPods-Lint-20200722-25225-196xw43-UIModule/Pods/XEngineSDK/XEngineSDK/NetWorking/ServerHostDefines.h /Users/edz/Library/Developer/Xcode/DerivedData/App-bytlbhqqorqzqidyjovihkqwnkia/Build/Products/Release-iphonesimulator/XEngineSDK/XEngineSDK.framework/Headers/ServerHostDefines.h (in target 'XEngineSDK' from project 'Pods')
        cd /var/folders/4h/hxvz7hb959j4pw0pvbq686x00000gn/T/CocoaPods-Lint-20200722-25225-196xw43-UIModule/Pods
        builtin-copy -exclude .DS_Store -exclude CVS -exclude .svn -exclude .git -exclude .hg -resolve-src-symlinks /var/folders/4h/hxvz7hb959j4pw0pvbq686x00000gn/T/CocoaPods-Lint-20200722-25225-196xw43-UIModule/Pods/XEngineSDK/XEngineSDK/NetWorking/ServerHostDefines.h /Users/edz/Library/Developer/Xcode/DerivedData/App-bytlbhqqorqzqidyjovihkqwnkia/Build/Products/Release-iphonesimulator/XEngineSDK/XEngineSDK.framework/Headers
    
    CpHeader /var/folders/4h/hxvz7hb959j4pw0pvbq686x00000gn/T/CocoaPods-Lint-20200722-25225-196xw43-UIModule/Pods/XEngineSDK/XEngineSDK/NetWorking/RequestFormDataModel.h /Users/edz/Library/Developer/Xcode/DerivedData/App-bytlbhqqorqzqidyjovihkqwnkia/Build/Products/Release-iphonesimulator/XEngineSDK/XEngineSDK.framework/Headers/RequestFormDataModel.h (in target 'XEngineSDK' from project 'Pods')
        cd /var/folders/4h/hxvz7hb959j4pw0pvbq686x00000gn/T/CocoaPods-Lint-20200722-25225-196xw43-UIModule/Pods
        builtin-copy -exclude .DS_Store -exclude CVS -exclude .svn -exclude .git -exclude .hg -resolve-src-symlinks /var/folders/4h/hxvz7hb959j4pw0pvbq686x00000gn/T/CocoaPods-Lint-20200722-25225-196xw43-UIModule/Pods/XEngineSDK/XEngineSDK/NetWorking/RequestFormDataModel.h /Users/edz/Library/Developer/Xcode/DerivedData/App-bytlbhqqorqzqidyjovihkqwnkia/Build/Products/Release-iphonesimulator/XEngineSDK/XEngineSDK.framework/Headers
    
    CpHeader /var/folders/4h/hxvz7hb959j4pw0pvbq686x00000gn/T/CocoaPods-Lint-20200722-25225-196xw43-UIModule/Pods/XEngineSDK/XEngineSDK/NetWorking/RequestCore.h /Users/edz/Library/Developer/Xcode/DerivedData/App-bytlbhqqorqzqidyjovihkqwnkia/Build/Products/Release-iphonesimulator/XEngineSDK/XEngineSDK.framework/Headers/RequestCore.h (in target 'XEngineSDK' from project 'Pods')
        cd /var/folders/4h/hxvz7hb959j4pw0pvbq686x00000gn/T/CocoaPods-Lint-20200722-25225-196xw43-UIModule/Pods
        builtin-copy -exclude .DS_Store -exclude CVS -exclude .svn -exclude .git -exclude .hg -resolve-src-symlinks /var/folders/4h/hxvz7hb959j4pw0pvbq686x00000gn/T/CocoaPods-Lint-20200722-25225-196xw43-UIModule/Pods/XEngineSDK/XEngineSDK/NetWorking/RequestCore.h /Users/edz/Library/Developer/Xcode/DerivedData/App-bytlbhqqorqzqidyjovihkqwnkia/Build/Products/Release-iphonesimulator/XEngineSDK/XEngineSDK.framework/Headers
    
    CpHeader /var/folders/4h/hxvz7hb959j4pw0pvbq686x00000gn/T/CocoaPods-Lint-20200722-25225-196xw43-UIModule/Pods/XEngineSDK/XEngineSDK/NetWorking/RequestCore+Protected.h /Users/edz/Library/Developer/Xcode/DerivedData/App-bytlbhqqorqzqidyjovihkqwnkia/Build/Products/Release-iphonesimulator/XEngineSDK/XEngineSDK.framework/Headers/RequestCore+Protected.h (in target 'XEngineSDK' from project 'Pods')
        cd /var/folders/4h/hxvz7hb959j4pw0pvbq686x00000gn/T/CocoaPods-Lint-20200722-25225-196xw43-UIModule/Pods
        builtin-copy -exclude .DS_Store -exclude CVS -exclude .svn -exclude .git -exclude .hg -resolve-src-symlinks /var/folders/4h/hxvz7hb959j4pw0pvbq686x00000gn/T/CocoaPods-Lint-20200722-25225-196xw43-UIModule/Pods/XEngineSDK/XEngineSDK/NetWorking/RequestCore+Protected.h /Users/edz/Library/Developer/Xcode/DerivedData/App-bytlbhqqorqzqidyjovihkqwnkia/Build/Products/Release-iphonesimulator/XEngineSDK/XEngineSDK.framework/Headers
    
    CpHeader /var/folders/4h/hxvz7hb959j4pw0pvbq686x00000gn/T/CocoaPods-Lint-20200722-25225-196xw43-UIModule/Pods/XEngineSDK/XEngineSDK/NetWorking/RequestCore+Customized.h /Users/edz/Library/Developer/Xcode/DerivedData/App-bytlbhqqorqzqidyjovihkqwnkia/Build/Products/Release-iphonesimulator/XEngineSDK/XEngineSDK.framework/Headers/RequestCore+Customized.h (in target 'XEngineSDK' from project 'Pods')
        cd /var/folders/4h/hxvz7hb959j4pw0pvbq686x00000gn/T/CocoaPods-Lint-20200722-25225-196xw43-UIModule/Pods
        builtin-copy -exclude .DS_Store -exclude CVS -exclude .svn -exclude .git -exclude .hg -resolve-src-symlinks /var/folders/4h/hxvz7hb959j4pw0pvbq686x00000gn/T/CocoaPods-Lint-20200722-25225-196xw43-UIModule/Pods/XEngineSDK/XEngineSDK/NetWorking/RequestCore+Customized.h /Users/edz/Library/Developer/Xcode/DerivedData/App-bytlbhqqorqzqidyjovihkqwnkia/Build/Products/Release-iphonesimulator/XEngineSDK/XEngineSDK.framework/Headers
    
    CpHeader /var/folders/4h/hxvz7hb959j4pw0pvbq686x00000gn/T/CocoaPods-Lint-20200722-25225-196xw43-UIModule/Pods/XEngineSDK/XEngineSDK/NetWorking/RequestApi.h /Users/edz/Library/Developer/Xcode/DerivedData/App-bytlbhqqorqzqidyjovihkqwnkia/Build/Products/Release-iphonesimulator/XEngineSDK/XEngineSDK.framework/Headers/RequestApi.h (in target 'XEngineSDK' from project 'Pods')
        cd /var/folders/4h/hxvz7hb959j4pw0pvbq686x00000gn/T/CocoaPods-Lint-20200722-25225-196xw43-UIModule/Pods
        builtin-copy -exclude .DS_Store -exclude CVS -exclude .svn -exclude .git -exclude .hg -resolve-src-symlinks /var/folders/4h/hxvz7hb959j4pw0pvbq686x00000gn/T/CocoaPods-Lint-20200722-25225-196xw43-UIModule/Pods/XEngineSDK/XEngineSDK/NetWorking/RequestApi.h /Users/edz/Library/Developer/Xcode/DerivedData/App-bytlbhqqorqzqidyjovihkqwnkia/Build/Products/Release-iphonesimulator/XEngineSDK/XEngineSDK.framework/Headers
    
    CpHeader /var/folders/4h/hxvz7hb959j4pw0pvbq686x00000gn/T/CocoaPods-Lint-20200722-25225-196xw43-UIModule/Pods/XEngineSDK/XEngineSDK/NetWorking/NetworkStatusMessages.h /Users/edz/Library/Developer/Xcode/DerivedData/App-bytlbhqqorqzqidyjovihkqwnkia/Build/Products/Release-iphonesimulator/XEngineSDK/XEngineSDK.framework/Headers/NetworkStatusMessages.h (in target 'XEngineSDK' from project 'Pods')
        cd /var/folders/4h/hxvz7hb959j4pw0pvbq686x00000gn/T/CocoaPods-Lint-20200722-25225-196xw43-UIModule/Pods
        builtin-copy -exclude .DS_Store -exclude CVS -exclude .svn -exclude .git -exclude .hg -resolve-src-symlinks /var/folders/4h/hxvz7hb959j4pw0pvbq686x00000gn/T/CocoaPods-Lint-20200722-25225-196xw43-UIModule/Pods/XEngineSDK/XEngineSDK/NetWorking/NetworkStatusMessages.h /Users/edz/Library/Developer/Xcode/DerivedData/App-bytlbhqqorqzqidyjovihkqwnkia/Build/Products/Release-iphonesimulator/XEngineSDK/XEngineSDK.framework/Headers
    
    CpHeader /var/folders/4h/hxvz7hb959j4pw0pvbq686x00000gn/T/CocoaPods-Lint-20200722-25225-196xw43-UIModule/Pods/XEngineSDK/XEngineSDK/NetWorking/NetworkStatusCodes.h /Users/edz/Library/Developer/Xcode/DerivedData/App-bytlbhqqorqzqidyjovihkqwnkia/Build/Products/Release-iphonesimulator/XEngineSDK/XEngineSDK.framework/Headers/NetworkStatusCodes.h (in target 'XEngineSDK' from project 'Pods')
        cd /var/folders/4h/hxvz7hb959j4pw0pvbq686x00000gn/T/CocoaPods-Lint-20200722-25225-196xw43-UIModule/Pods
        builtin-copy -exclude .DS_Store -exclude CVS -exclude .svn -exclude .git -exclude .hg -resolve-src-symlinks /var/folders/4h/hxvz7hb959j4pw0pvbq686x00000gn/T/CocoaPods-Lint-20200722-25225-196xw43-UIModule/Pods/XEngineSDK/XEngineSDK/NetWorking/NetworkStatusCodes.h /Users/edz/Library/Developer/Xcode/DerivedData/App-bytlbhqqorqzqidyjovihkqwnkia/Build/Products/Release-iphonesimulator/XEngineSDK/XEngineSDK.framework/Headers
    
    CpHeader /var/folders/4h/hxvz7hb959j4pw0pvbq686x00000gn/T/CocoaPods-Lint-20200722-25225-196xw43-UIModule/Pods/XEngineSDK/XEngineSDK/NetWorking/JSAPIRequest.h /Users/edz/Library/Developer/Xcode/DerivedData/App-bytlbhqqorqzqidyjovihkqwnkia/Build/Products/Release-iphonesimulator/XEngineSDK/XEngineSDK.framework/Headers/JSAPIRequest.h (in target 'XEngineSDK' from project 'Pods')
        cd /var/folders/4h/hxvz7hb959j4pw0pvbq686x00000gn/T/CocoaPods-Lint-20200722-25225-196xw43-UIModule/Pods
        builtin-copy -exclude .DS_Store -exclude CVS -exclude .svn -exclude .git -exclude .hg -resolve-src-symlinks /var/folders/4h/hxvz7hb959j4pw0pvbq686x00000gn/T/CocoaPods-Lint-20200722-25225-196xw43-UIModule/Pods/XEngineSDK/XEngineSDK/NetWorking/JSAPIRequest.h /Users/edz/Library/Developer/Xcode/DerivedData/App-bytlbhqqorqzqidyjovihkqwnkia/Build/Products/Release-iphonesimulator/XEngineSDK/XEngineSDK.framework/Headers
    
    CpHeader /var/folders/4h/hxvz7hb959j4pw0pvbq686x00000gn/T/CocoaPods-Lint-20200722-25225-196xw43-UIModule/Pods/XEngineSDK/XEngineSDK/NetWorking/BaseRequest.h /Users/edz/Library/Developer/Xcode/DerivedData/App-bytlbhqqorqzqidyjovihkqwnkia/Build/Products/Release-iphonesimulator/XEngineSDK/XEngineSDK.framework/Headers/BaseRequest.h (in target 'XEngineSDK' from project 'Pods')
        cd /var/folders/4h/hxvz7hb959j4pw0pvbq686x00000gn/T/CocoaPods-Lint-20200722-25225-196xw43-UIModule/Pods
        builtin-copy -exclude .DS_Store -exclude CVS -exclude .svn -exclude .git -exclude .hg -resolve-src-symlinks /var/folders/4h/hxvz7hb959j4pw0pvbq686x00000gn/T/CocoaPods-Lint-20200722-25225-196xw43-UIModule/Pods/XEngineSDK/XEngineSDK/NetWorking/BaseRequest.h /Users/edz/Library/Developer/Xcode/DerivedData/App-bytlbhqqorqzqidyjovihkqwnkia/Build/Products/Release-iphonesimulator/XEngineSDK/XEngineSDK.framework/Headers
    
    CpHeader /var/folders/4h/hxvz7hb959j4pw0pvbq686x00000gn/T/CocoaPods-Lint-20200722-25225-196xw43-UIModule/Pods/XEngineSDK/XEngineSDK/NetWorking/BaseRequest+Protected.h /Users/edz/Library/Developer/Xcode/DerivedData/App-bytlbhqqorqzqidyjovihkqwnkia/Build/Products/Release-iphonesimulator/XEngineSDK/XEngineSDK.framework/Headers/BaseRequest+Protected.h (in target 'XEngineSDK' from project 'Pods')
        cd /var/folders/4h/hxvz7hb959j4pw0pvbq686x00000gn/T/CocoaPods-Lint-20200722-25225-196xw43-UIModule/Pods
        builtin-copy -exclude .DS_Store -exclude CVS -exclude .svn -exclude .git -exclude .hg -resolve-src-symlinks /var/folders/4h/hxvz7hb959j4pw0pvbq686x00000gn/T/CocoaPods-Lint-20200722-25225-196xw43-UIModule/Pods/XEngineSDK/XEngineSDK/NetWorking/BaseRequest+Protected.h /Users/edz/Library/Developer/Xcode/DerivedData/App-bytlbhqqorqzqidyjovihkqwnkia/Build/Products/Release-iphonesimulator/XEngineSDK/XEngineSDK.framework/Headers
    
    CpHeader /var/folders/4h/hxvz7hb959j4pw0pvbq686x00000gn/T/CocoaPods-Lint-20200722-25225-196xw43-UIModule/Pods/XEngineSDK/XEngineSDK/NetWorking/BaseRequest+Customized.h /Users/edz/Library/Developer/Xcode/DerivedData/App-bytlbhqqorqzqidyjovihkqwnkia/Build/Products/Release-iphonesimulator/XEngineSDK/XEngineSDK.framework/Headers/BaseRequest+Customized.h (in target 'XEngineSDK' from project 'Pods')
        cd /var/folders/4h/hxvz7hb959j4pw0pvbq686x00000gn/T/CocoaPods-Lint-20200722-25225-196xw43-UIModule/Pods
        builtin-copy -exclude .DS_Store -exclude CVS -exclude .svn -exclude .git -exclude .hg -resolve-src-symlinks /var/folders/4h/hxvz7hb959j4pw0pvbq686x00000gn/T/CocoaPods-Lint-20200722-25225-196xw43-UIModule/Pods/XEngineSDK/XEngineSDK/NetWorking/BaseRequest+Customized.h /Users/edz/Library/Developer/Xcode/DerivedData/App-bytlbhqqorqzqidyjovihkqwnkia/Build/Products/Release-iphonesimulator/XEngineSDK/XEngineSDK.framework/Headers
    
    CpHeader /var/folders/4h/hxvz7hb959j4pw0pvbq686x00000gn/T/CocoaPods-Lint-20200722-25225-196xw43-UIModule/Pods/XEngineSDK/XEngineSDK/MicroModule/xengine__module_BaseModule.h /Users/edz/Library/Developer/Xcode/DerivedData/App-bytlbhqqorqzqidyjovihkqwnkia/Build/Products/Release-iphonesimulator/XEngineSDK/XEngineSDK.framework/Headers/xengine__module_BaseModule.h (in target 'XEngineSDK' from project 'Pods')
        cd /var/folders/4h/hxvz7hb959j4pw0pvbq686x00000gn/T/CocoaPods-Lint-20200722-25225-196xw43-UIModule/Pods
        builtin-copy -exclude .DS_Store -exclude CVS -exclude .svn -exclude .git -exclude .hg -resolve-src-symlinks /var/folders/4h/hxvz7hb959j4pw0pvbq686x00000gn/T/CocoaPods-Lint-20200722-25225-196xw43-UIModule/Pods/XEngineSDK/XEngineSDK/MicroModule/xengine__module_BaseModule.h /Users/edz/Library/Developer/Xcode/DerivedData/App-bytlbhqqorqzqidyjovihkqwnkia/Build/Products/Release-iphonesimulator/XEngineSDK/XEngineSDK.framework/Headers
    
    CpHeader /var/folders/4h/hxvz7hb959j4pw0pvbq686x00000gn/T/CocoaPods-Lint-20200722-25225-196xw43-UIModule/Pods/XEngineSDK/XEngineSDK/Configurations/appConfig.h /Users/edz/Library/Developer/Xcode/DerivedData/App-bytlbhqqorqzqidyjovihkqwnkia/Build/Products/Release-iphonesimulator/XEngineSDK/XEngineSDK.framework/Headers/appConfig.h (in target 'XEngineSDK' from project 'Pods')
        cd /var/folders/4h/hxvz7hb959j4pw0pvbq686x00000gn/T/CocoaPods-Lint-20200722-25225-196xw43-UIModule/Pods
        builtin-copy -exclude .DS_Store -exclude CVS -exclude .svn -exclude .git -exclude .hg -resolve-src-symlinks /var/folders/4h/hxvz7hb959j4pw0pvbq686x00000gn/T/CocoaPods-Lint-20200722-25225-196xw43-UIModule/Pods/XEngineSDK/XEngineSDK/Configurations/appConfig.h /Users/edz/Library/Developer/Xcode/DerivedData/App-bytlbhqqorqzqidyjovihkqwnkia/Build/Products/Release-iphonesimulator/XEngineSDK/XEngineSDK.framework/Headers
    
    CpHeader /var/folders/4h/hxvz7hb959j4pw0pvbq686x00000gn/T/CocoaPods-Lint-20200722-25225-196xw43-UIModule/Pods/XEngineSDK/XEngineSDK/Configurations/XEngine.h /Users/edz/Library/Developer/Xcode/DerivedData/App-bytlbhqqorqzqidyjovihkqwnkia/Build/Products/Release-iphonesimulator/XEngineSDK/XEngineSDK.framework/Headers/XEngine.h (in target 'XEngineSDK' from project 'Pods')
        cd /var/folders/4h/hxvz7hb959j4pw0pvbq686x00000gn/T/CocoaPods-Lint-20200722-25225-196xw43-UIModule/Pods
        builtin-copy -exclude .DS_Store -exclude CVS -exclude .svn -exclude .git -exclude .hg -resolve-src-symlinks /var/folders/4h/hxvz7hb959j4pw0pvbq686x00000gn/T/CocoaPods-Lint-20200722-25225-196xw43-UIModule/Pods/XEngineSDK/XEngineSDK/Configurations/XEngine.h /Users/edz/Library/Developer/Xcode/DerivedData/App-bytlbhqqorqzqidyjovihkqwnkia/Build/Products/Release-iphonesimulator/XEngineSDK/XEngineSDK.framework/Headers
    
    CpHeader /var/folders/4h/hxvz7hb959j4pw0pvbq686x00000gn/T/CocoaPods-Lint-20200722-25225-196xw43-UIModule/Pods/XEngineSDK/XEngineSDK/Configurations/CommonDefines.h /Users/edz/Library/Developer/Xcode/DerivedData/App-bytlbhqqorqzqidyjovihkqwnkia/Build/Products/Release-iphonesimulator/XEngineSDK/XEngineSDK.framework/Headers/CommonDefines.h (in target 'XEngineSDK' from project 'Pods')
        cd /var/folders/4h/hxvz7hb959j4pw0pvbq686x00000gn/T/CocoaPods-Lint-20200722-25225-196xw43-UIModule/Pods
        builtin-copy -exclude .DS_Store -exclude CVS -exclude .svn -exclude .git -exclude .hg -resolve-src-symlinks /var/folders/4h/hxvz7hb959j4pw0pvbq686x00000gn/T/CocoaPods-Lint-20200722-25225-196xw43-UIModule/Pods/XEngineSDK/XEngineSDK/Configurations/CommonDefines.h /Users/edz/Library/Developer/Xcode/DerivedData/App-bytlbhqqorqzqidyjovihkqwnkia/Build/Products/Release-iphonesimulator/XEngineSDK/XEngineSDK.framework/Headers
    
    CpHeader /var/folders/4h/hxvz7hb959j4pw0pvbq686x00000gn/T/CocoaPods-Lint-20200722-25225-196xw43-UIModule/Pods/XEngineSDK/XEngineSDK/Common/XEngineSDK.h /Users/edz/Library/Developer/Xcode/DerivedData/App-bytlbhqqorqzqidyjovihkqwnkia/Build/Products/Release-iphonesimulator/XEngineSDK/XEngineSDK.framework/Headers/XEngineSDK.h (in target 'XEngineSDK' from project 'Pods')
        cd /var/folders/4h/hxvz7hb959j4pw0pvbq686x00000gn/T/CocoaPods-Lint-20200722-25225-196xw43-UIModule/Pods
        builtin-copy -exclude .DS_Store -exclude CVS -exclude .svn -exclude .git -exclude .hg -resolve-src-symlinks /var/folders/4h/hxvz7hb959j4pw0pvbq686x00000gn/T/CocoaPods-Lint-20200722-25225-196xw43-UIModule/Pods/XEngineSDK/XEngineSDK/Common/XEngineSDK.h /Users/edz/Library/Developer/Xcode/DerivedData/App-bytlbhqqorqzqidyjovihkqwnkia/Build/Products/Release-iphonesimulator/XEngineSDK/XEngineSDK.framework/Headers
    
    CpHeader /var/folders/4h/hxvz7hb959j4pw0pvbq686x00000gn/T/CocoaPods-Lint-20200722-25225-196xw43-UIModule/Pods/Target\ Support\ Files/XEngineSDK/XEngineSDK-umbrella.h /Users/edz/Library/Developer/Xcode/DerivedData/App-bytlbhqqorqzqidyjovihkqwnkia/Build/Products/Release-iphonesimulator/XEngineSDK/XEngineSDK.framework/Headers/XEngineSDK-umbrella.h (in target 'XEngineSDK' from project 'Pods')
        cd /var/folders/4h/hxvz7hb959j4pw0pvbq686x00000gn/T/CocoaPods-Lint-20200722-25225-196xw43-UIModule/Pods
        builtin-copy -exclude .DS_Store -exclude CVS -exclude .svn -exclude .git -exclude .hg -resolve-src-symlinks /var/folders/4h/hxvz7hb959j4pw0pvbq686x00000gn/T/CocoaPods-Lint-20200722-25225-196xw43-UIModule/Pods/Target\ Support\ Files/XEngineSDK/XEngineSDK-umbrella.h /Users/edz/Library/Developer/Xcode/DerivedData/App-bytlbhqqorqzqidyjovihkqwnkia/Build/Products/Release-iphonesimulator/XEngineSDK/XEngineSDK.framework/Headers
    
    WriteAuxiliaryFile /Users/edz/Library/Developer/Xcode/DerivedData/App-bytlbhqqorqzqidyjovihkqwnkia/Build/Intermediates.noindex/Pods.build/Release-iphonesimulator/XEngineSDK.build/DerivedSources/XEngineSDK_vers.c (in target 'XEngineSDK' from project 'Pods')
        cd /var/folders/4h/hxvz7hb959j4pw0pvbq686x00000gn/T/CocoaPods-Lint-20200722-25225-196xw43-UIModule/Pods
        write-file /Users/edz/Library/Developer/Xcode/DerivedData/App-bytlbhqqorqzqidyjovihkqwnkia/Build/Intermediates.noindex/Pods.build/Release-iphonesimulator/XEngineSDK.build/DerivedSources/XEngineSDK_vers.c
    
    WriteAuxiliaryFile /Users/edz/Library/Developer/Xcode/DerivedData/App-bytlbhqqorqzqidyjovihkqwnkia/Build/Intermediates.noindex/Pods.build/Release-iphonesimulator/XEngineSDK.build/Objects-normal/x86_64/XEngineSDK.LinkFileList (in target 'XEngineSDK' from project 'Pods')
        cd /var/folders/4h/hxvz7hb959j4pw0pvbq686x00000gn/T/CocoaPods-Lint-20200722-25225-196xw43-UIModule/Pods
        write-file /Users/edz/Library/Developer/Xcode/DerivedData/App-bytlbhqqorqzqidyjovihkqwnkia/Build/Intermediates.noindex/Pods.build/Release-iphonesimulator/XEngineSDK.build/Objects-normal/x86_64/XEngineSDK.LinkFileList
    
    CompileC /Users/edz/Library/Developer/Xcode/DerivedData/App-bytlbhqqorqzqidyjovihkqwnkia/Build/Intermediates.noindex/Pods.build/Release-iphonesimulator/XEngineSDK.build/Objects-normal/x86_64/XEngineSDK.o /var/folders/4h/hxvz7hb959j4pw0pvbq686x00000gn/T/CocoaPods-Lint-20200722-25225-196xw43-UIModule/Pods/XEngineSDK/XEngineSDK/Common/XEngineSDK.m normal x86_64 objective-c com.apple.compilers.llvm.clang.1_0.compiler (in target 'XEngineSDK' from project 'Pods')
        cd /var/folders/4h/hxvz7hb959j4pw0pvbq686x00000gn/T/CocoaPods-Lint-20200722-25225-196xw43-UIModule/Pods
        export LANG=en_US.US-ASCII
        /Applications/Xcode.app/Contents/Developer/Toolchains/XcodeDefault.xctoolchain/usr/bin/clang -x objective-c -target x86_64-apple-ios11.0-simulator -fmessage-length=0 -fdiagnostics-show-note-include-stack -fmacro-backtrace-limit=0 -std=gnu11 -fobjc-arc -fmodules -gmodules -fmodules-cache-path=/Users/edz/Library/Developer/Xcode/DerivedData/ModuleCache.noindex -fmodules-prune-interval=86400 -fmodules-prune-after=345600 -fbuild-session-file=/Users/edz/Library/Developer/Xcode/DerivedData/ModuleCache.noindex/Session.modulevalidation -fmodules-validate-once-per-build-session -fmodule-name=XEngineSDK -Wno-trigraphs -fpascal-strings -Os -fno-common -Wno-missing-field-initializers -Wno-missing-prototypes -Werror=return-type -Wdocumentation -Wunreachable-code -Wno-implicit-atomic-properties -Werror=deprecated-objc-isa-usage -Wno-objc-interface-ivars -Werror=objc-root-class -Wno-arc-repeated-use-of-weak -Wimplicit-retain-self -Wduplicate-method-match -Wno-missing-braces -Wparentheses -Wswitch -Wunused-function -Wno-unused-label -Wno-unused-parameter -Wunused-variable -Wunused-value -Wempty-body -Wuninitialized -Wconditional-uninitialized -Wno-unknown-pragmas -Wno-shadow -Wno-four-char-constants -Wno-conversion -Wconstant-conversion -Wint-conversion -Wbool-conversion -Wenum-conversion -Wno-float-conversion -Wnon-literal-null-conversion -Wobjc-literal-conversion -Wshorten-64-to-32 -Wpointer-sign -Wno-newline-eof -Wno-selector -Wno-strict-selector-match -Wundeclared-selector -Wdeprecated-implementations -DPOD_CONFIGURATION_RELEASE=1 -DCOCOAPODS=1 -DNS_BLOCK_ASSERTIONS=1 -DOBJC_OLD_DISPATCH_PROTOTYPES=0 -isysroot /Applications/Xcode.app/Contents/Developer/Platforms/iPhoneSimulator.platform/Developer/SDKs/iPhoneSimulator13.5.sdk -fasm-blocks -fstrict-aliasing -Wprotocol -Wdeprecated-declarations -g -Wno-sign-conversion -Winfinite-recursion -Wcomma -Wblock-capture-autoreleasing -Wstrict-prototypes -Wno-semicolon-before-method-body -Wunguarded-availability -fobjc-abi-version=2 -fobjc-legacy-dispatch -iquote /Users/edz/Library/Developer/Xcode/DerivedData/App-bytlbhqqorqzqidyjovihkqwnkia/Build/Intermediates.noindex/Pods.build/Release-iphonesimulator/XEngineSDK.build/XEngineSDK-generated-files.hmap -I/Users/edz/Library/Developer/Xcode/DerivedData/App-bytlbhqqorqzqidyjovihkqwnkia/Build/Intermediates.noindex/Pods.build/Release-iphonesimulator/XEngineSDK.build/XEngineSDK-own-target-headers.hmap -I/Users/edz/Library/Developer/Xcode/DerivedData/App-bytlbhqqorqzqidyjovihkqwnkia/Build/Intermediates.noindex/Pods.build/Release-iphonesimulator/XEngineSDK.build/XEngineSDK-all-non-framework-target-headers.hmap -ivfsoverlay /Users/edz/Library/Developer/Xcode/DerivedData/App-bytlbhqqorqzqidyjovihkqwnkia/Build/Intermediates.noindex/Pods.build/Release-iphonesimulator/XEngineSDK.build/all-product-headers.yaml -iquote /Users/edz/Library/Developer/Xcode/DerivedData/App-bytlbhqqorqzqidyjovihkqwnkia/Build/Intermediates.noindex/Pods.build/Release-iphonesimulator/XEngineSDK.build/XEngineSDK-project-headers.hmap -I/Users/edz/Library/Developer/Xcode/DerivedData/App-bytlbhqqorqzqidyjovihkqwnkia/Build/Products/Release-iphonesimulator/XEngineSDK/include -I/Users/edz/Library/Developer/Xcode/DerivedData/App-bytlbhqqorqzqidyjovihkqwnkia/Build/Intermediates.noindex/Pods.build/Release-iphonesimulator/XEngineSDK.build/DerivedSources-normal/x86_64 -I/Users/edz/Library/Developer/Xcode/DerivedData/App-bytlbhqqorqzqidyjovihkqwnkia/Build/Intermediates.noindex/Pods.build/Release-iphonesimulator/XEngineSDK.build/DerivedSources/x86_64 -I/Users/edz/Library/Developer/Xcode/DerivedData/App-bytlbhqqorqzqidyjovihkqwnkia/Build/Intermediates.noindex/Pods.build/Release-iphonesimulator/XEngineSDK.build/DerivedSources -F/Users/edz/Library/Developer/Xcode/DerivedData/App-bytlbhqqorqzqidyjovihkqwnkia/Build/Products/Release-iphonesimulator/XEngineSDK -F/Users/edz/Library/Developer/Xcode/DerivedData/App-bytlbhqqorqzqidyjovihkqwnkia/Build/Products/Release-iphonesimulator/AFNetworking -F/Users/edz/Library/Developer/Xcode/DerivedData/App-bytlbhqqorqzqidyjovihkqwnkia/Build/Products/Release-iphonesimulator/JSONModel -F/Users/edz/Library/Developer/Xcode/DerivedData/App-bytlbhqqorqzqidyjovihkqwnkia/Build/Products/Release-iphonesimulator/LSRFramework -F/Users/edz/Library/Developer/Xcode/DerivedData/App-bytlbhqqorqzqidyjovihkqwnkia/Build/Products/Release-iphonesimulator/MBProgressHUD -F/Users/edz/Library/Developer/Xcode/DerivedData/App-bytlbhqqorqzqidyjovihkqwnkia/Build/Products/Release-iphonesimulator/Masonry -F/Users/edz/Library/Developer/Xcode/DerivedData/App-bytlbhqqorqzqidyjovihkqwnkia/Build/Products/Release-iphonesimulator/SSZipArchive -Wincomplete-umbrella -w -Xanalyzer -analyzer-disable-all-checks -include /var/folders/4h/hxvz7hb959j4pw0pvbq686x00000gn/T/CocoaPods-Lint-20200722-25225-196xw43-UIModule/Pods/Target\ Support\ Files/XEngineSDK/XEngineSDK-prefix.pch -MMD -MT dependencies -MF /Users/edz/Library/Developer/Xcode/DerivedData/App-bytlbhqqorqzqidyjovihkqwnkia/Build/Intermediates.noindex/Pods.build/Release-iphonesimulator/XEngineSDK.build/Objects-normal/x86_64/XEngineSDK.d --serialize-diagnostics /Users/edz/Library/Developer/Xcode/DerivedData/App-bytlbhqqorqzqidyjovihkqwnkia/Build/Intermediates.noindex/Pods.build/Release-iphonesimulator/XEngineSDK.build/Objects-normal/x86_64/XEngineSDK.dia -c /var/folders/4h/hxvz7hb959j4pw0pvbq686x00000gn/T/CocoaPods-Lint-20200722-25225-196xw43-UIModule/Pods/XEngineSDK/XEngineSDK/Common/XEngineSDK.m -o /Users/edz/Library/Developer/Xcode/DerivedData/App-bytlbhqqorqzqidyjovihkqwnkia/Build/Intermediates.noindex/Pods.build/Release-iphonesimulator/XEngineSDK.build/Objects-normal/x86_64/XEngineSDK.o
    
    CompileC /Users/edz/Library/Developer/Xcode/DerivedData/App-bytlbhqqorqzqidyjovihkqwnkia/Build/Intermediates.noindex/Pods.build/Release-iphonesimulator/XEngineSDK.build/Objects-normal/x86_64/ZipArchiveTool.o /var/folders/4h/hxvz7hb959j4pw0pvbq686x00000gn/T/CocoaPods-Lint-20200722-25225-196xw43-UIModule/Pods/XEngineSDK/XEngineSDK/Tools/ZipArchiveTool.m normal x86_64 objective-c com.apple.compilers.llvm.clang.1_0.compiler (in target 'XEngineSDK' from project 'Pods')
        cd /var/folders/4h/hxvz7hb959j4pw0pvbq686x00000gn/T/CocoaPods-Lint-20200722-25225-196xw43-UIModule/Pods
        export LANG=en_US.US-ASCII
        /Applications/Xcode.app/Contents/Developer/Toolchains/XcodeDefault.xctoolchain/usr/bin/clang -x objective-c -target x86_64-apple-ios11.0-simulator -fmessage-length=0 -fdiagnostics-show-note-include-stack -fmacro-backtrace-limit=0 -std=gnu11 -fobjc-arc -fmodules -gmodules -fmodules-cache-path=/Users/edz/Library/Developer/Xcode/DerivedData/ModuleCache.noindex -fmodules-prune-interval=86400 -fmodules-prune-after=345600 -fbuild-session-file=/Users/edz/Library/Developer/Xcode/DerivedData/ModuleCache.noindex/Session.modulevalidation -fmodules-validate-once-per-build-session -fmodule-name=XEngineSDK -Wno-trigraphs -fpascal-strings -Os -fno-common -Wno-missing-field-initializers -Wno-missing-prototypes -Werror=return-type -Wdocumentation -Wunreachable-code -Wno-implicit-atomic-properties -Werror=deprecated-objc-isa-usage -Wno-objc-interface-ivars -Werror=objc-root-class -Wno-arc-repeated-use-of-weak -Wimplicit-retain-self -Wduplicate-method-match -Wno-missing-braces -Wparentheses -Wswitch -Wunused-function -Wno-unused-label -Wno-unused-parameter -Wunused-variable -Wunused-value -Wempty-body -Wuninitialized -Wconditional-uninitialized -Wno-unknown-pragmas -Wno-shadow -Wno-four-char-constants -Wno-conversion -Wconstant-conversion -Wint-conversion -Wbool-conversion -Wenum-conversion -Wno-float-conversion -Wnon-literal-null-conversion -Wobjc-literal-conversion -Wshorten-64-to-32 -Wpointer-sign -Wno-newline-eof -Wno-selector -Wno-strict-selector-match -Wundeclared-selector -Wdeprecated-implementations -DPOD_CONFIGURATION_RELEASE=1 -DCOCOAPODS=1 -DNS_BLOCK_ASSERTIONS=1 -DOBJC_OLD_DISPATCH_PROTOTYPES=0 -isysroot /Applications/Xcode.app/Contents/Developer/Platforms/iPhoneSimulator.platform/Developer/SDKs/iPhoneSimulator13.5.sdk -fasm-blocks -fstrict-aliasing -Wprotocol -Wdeprecated-declarations -g -Wno-sign-conversion -Winfinite-recursion -Wcomma -Wblock-capture-autoreleasing -Wstrict-prototypes -Wno-semicolon-before-method-body -Wunguarded-availability -fobjc-abi-version=2 -fobjc-legacy-dispatch -iquote /Users/edz/Library/Developer/Xcode/DerivedData/App-bytlbhqqorqzqidyjovihkqwnkia/Build/Intermediates.noindex/Pods.build/Release-iphonesimulator/XEngineSDK.build/XEngineSDK-generated-files.hmap -I/Users/edz/Library/Developer/Xcode/DerivedData/App-bytlbhqqorqzqidyjovihkqwnkia/Build/Intermediates.noindex/Pods.build/Release-iphonesimulator/XEngineSDK.build/XEngineSDK-own-target-headers.hmap -I/Users/edz/Library/Developer/Xcode/DerivedData/App-bytlbhqqorqzqidyjovihkqwnkia/Build/Intermediates.noindex/Pods.build/Release-iphonesimulator/XEngineSDK.build/XEngineSDK-all-non-framework-target-headers.hmap -ivfsoverlay /Users/edz/Library/Developer/Xcode/DerivedData/App-bytlbhqqorqzqidyjovihkqwnkia/Build/Intermediates.noindex/Pods.build/Release-iphonesimulator/XEngineSDK.build/all-product-headers.yaml -iquote /Users/edz/Library/Developer/Xcode/DerivedData/App-bytlbhqqorqzqidyjovihkqwnkia/Build/Intermediates.noindex/Pods.build/Release-iphonesimulator/XEngineSDK.build/XEngineSDK-project-headers.hmap -I/Users/edz/Library/Developer/Xcode/DerivedData/App-bytlbhqqorqzqidyjovihkqwnkia/Build/Products/Release-iphonesimulator/XEngineSDK/include -I/Users/edz/Library/Developer/Xcode/DerivedData/App-bytlbhqqorqzqidyjovihkqwnkia/Build/Intermediates.noindex/Pods.build/Release-iphonesimulator/XEngineSDK.build/DerivedSources-normal/x86_64 -I/Users/edz/Library/Developer/Xcode/DerivedData/App-bytlbhqqorqzqidyjovihkqwnkia/Build/Intermediates.noindex/Pods.build/Release-iphonesimulator/XEngineSDK.build/DerivedSources/x86_64 -I/Users/edz/Library/Developer/Xcode/DerivedData/App-bytlbhqqorqzqidyjovihkqwnkia/Build/Intermediates.noindex/Pods.build/Release-iphonesimulator/XEngineSDK.build/DerivedSources -F/Users/edz/Library/Developer/Xcode/DerivedData/App-bytlbhqqorqzqidyjovihkqwnkia/Build/Products/Release-iphonesimulator/XEngineSDK -F/Users/edz/Library/Developer/Xcode/DerivedData/App-bytlbhqqorqzqidyjovihkqwnkia/Build/Products/Release-iphonesimulator/AFNetworking -F/Users/edz/Library/Developer/Xcode/DerivedData/App-bytlbhqqorqzqidyjovihkqwnkia/Build/Products/Release-iphonesimulator/JSONModel -F/Users/edz/Library/Developer/Xcode/DerivedData/App-bytlbhqqorqzqidyjovihkqwnkia/Build/Products/Release-iphonesimulator/LSRFramework -F/Users/edz/Library/Developer/Xcode/DerivedData/App-bytlbhqqorqzqidyjovihkqwnkia/Build/Products/Release-iphonesimulator/MBProgressHUD -F/Users/edz/Library/Developer/Xcode/DerivedData/App-bytlbhqqorqzqidyjovihkqwnkia/Build/Products/Release-iphonesimulator/Masonry -F/Users/edz/Library/Developer/Xcode/DerivedData/App-bytlbhqqorqzqidyjovihkqwnkia/Build/Products/Release-iphonesimulator/SSZipArchive -Wincomplete-umbrella -w -Xanalyzer -analyzer-disable-all-checks -include /var/folders/4h/hxvz7hb959j4pw0pvbq686x00000gn/T/CocoaPods-Lint-20200722-25225-196xw43-UIModule/Pods/Target\ Support\ Files/XEngineSDK/XEngineSDK-prefix.pch -MMD -MT dependencies -MF /Users/edz/Library/Developer/Xcode/DerivedData/App-bytlbhqqorqzqidyjovihkqwnkia/Build/Intermediates.noindex/Pods.build/Release-iphonesimulator/XEngineSDK.build/Objects-normal/x86_64/ZipArchiveTool.d --serialize-diagnostics /Users/edz/Library/Developer/Xcode/DerivedData/App-bytlbhqqorqzqidyjovihkqwnkia/Build/Intermediates.noindex/Pods.build/Release-iphonesimulator/XEngineSDK.build/Objects-normal/x86_64/ZipArchiveTool.dia -c /var/folders/4h/hxvz7hb959j4pw0pvbq686x00000gn/T/CocoaPods-Lint-20200722-25225-196xw43-UIModule/Pods/XEngineSDK/XEngineSDK/Tools/ZipArchiveTool.m -o /Users/edz/Library/Developer/Xcode/DerivedData/App-bytlbhqqorqzqidyjovihkqwnkia/Build/Intermediates.noindex/Pods.build/Release-iphonesimulator/XEngineSDK.build/Objects-normal/x86_64/ZipArchiveTool.o
    
    CompileC /Users/edz/Library/Developer/Xcode/DerivedData/App-bytlbhqqorqzqidyjovihkqwnkia/Build/Intermediates.noindex/Pods.build/Release-iphonesimulator/XEngineSDK.build/Objects-normal/x86_64/xengine__module_BaseModule.o /var/folders/4h/hxvz7hb959j4pw0pvbq686x00000gn/T/CocoaPods-Lint-20200722-25225-196xw43-UIModule/Pods/XEngineSDK/XEngineSDK/MicroModule/xengine__module_BaseModule.m normal x86_64 objective-c com.apple.compilers.llvm.clang.1_0.compiler (in target 'XEngineSDK' from project 'Pods')
        cd /var/folders/4h/hxvz7hb959j4pw0pvbq686x00000gn/T/CocoaPods-Lint-20200722-25225-196xw43-UIModule/Pods
        export LANG=en_US.US-ASCII
        /Applications/Xcode.app/Contents/Developer/Toolchains/XcodeDefault.xctoolchain/usr/bin/clang -x objective-c -target x86_64-apple-ios11.0-simulator -fmessage-length=0 -fdiagnostics-show-note-include-stack -fmacro-backtrace-limit=0 -std=gnu11 -fobjc-arc -fmodules -gmodules -fmodules-cache-path=/Users/edz/Library/Developer/Xcode/DerivedData/ModuleCache.noindex -fmodules-prune-interval=86400 -fmodules-prune-after=345600 -fbuild-session-file=/Users/edz/Library/Developer/Xcode/DerivedData/ModuleCache.noindex/Session.modulevalidation -fmodules-validate-once-per-build-session -fmodule-name=XEngineSDK -Wno-trigraphs -fpascal-strings -Os -fno-common -Wno-missing-field-initializers -Wno-missing-prototypes -Werror=return-type -Wdocumentation -Wunreachable-code -Wno-implicit-atomic-properties -Werror=deprecated-objc-isa-usage -Wno-objc-interface-ivars -Werror=objc-root-class -Wno-arc-repeated-use-of-weak -Wimplicit-retain-self -Wduplicate-method-match -Wno-missing-braces -Wparentheses -Wswitch -Wunused-function -Wno-unused-label -Wno-unused-parameter -Wunused-variable -Wunused-value -Wempty-body -Wuninitialized -Wconditional-uninitialized -Wno-unknown-pragmas -Wno-shadow -Wno-four-char-constants -Wno-conversion -Wconstant-conversion -Wint-conversion -Wbool-conversion -Wenum-conversion -Wno-float-conversion -Wnon-literal-null-conversion -Wobjc-literal-conversion -Wshorten-64-to-32 -Wpointer-sign -Wno-newline-eof -Wno-selector -Wno-strict-selector-match -Wundeclared-selector -Wdeprecated-implementations -DPOD_CONFIGURATION_RELEASE=1 -DCOCOAPODS=1 -DNS_BLOCK_ASSERTIONS=1 -DOBJC_OLD_DISPATCH_PROTOTYPES=0 -isysroot /Applications/Xcode.app/Contents/Developer/Platforms/iPhoneSimulator.platform/Developer/SDKs/iPhoneSimulator13.5.sdk -fasm-blocks -fstrict-aliasing -Wprotocol -Wdeprecated-declarations -g -Wno-sign-conversion -Winfinite-recursion -Wcomma -Wblock-capture-autoreleasing -Wstrict-prototypes -Wno-semicolon-before-method-body -Wunguarded-availability -fobjc-abi-version=2 -fobjc-legacy-dispatch -iquote /Users/edz/Library/Developer/Xcode/DerivedData/App-bytlbhqqorqzqidyjovihkqwnkia/Build/Intermediates.noindex/Pods.build/Release-iphonesimulator/XEngineSDK.build/XEngineSDK-generated-files.hmap -I/Users/edz/Library/Developer/Xcode/DerivedData/App-bytlbhqqorqzqidyjovihkqwnkia/Build/Intermediates.noindex/Pods.build/Release-iphonesimulator/XEngineSDK.build/XEngineSDK-own-target-headers.hmap -I/Users/edz/Library/Developer/Xcode/DerivedData/App-bytlbhqqorqzqidyjovihkqwnkia/Build/Intermediates.noindex/Pods.build/Release-iphonesimulator/XEngineSDK.build/XEngineSDK-all-non-framework-target-headers.hmap -ivfsoverlay /Users/edz/Library/Developer/Xcode/DerivedData/App-bytlbhqqorqzqidyjovihkqwnkia/Build/Intermediates.noindex/Pods.build/Release-iphonesimulator/XEngineSDK.build/all-product-headers.yaml -iquote /Users/edz/Library/Developer/Xcode/DerivedData/App-bytlbhqqorqzqidyjovihkqwnkia/Build/Intermediates.noindex/Pods.build/Release-iphonesimulator/XEngineSDK.build/XEngineSDK-project-headers.hmap -I/Users/edz/Library/Developer/Xcode/DerivedData/App-bytlbhqqorqzqidyjovihkqwnkia/Build/Products/Release-iphonesimulator/XEngineSDK/include -I/Users/edz/Library/Developer/Xcode/DerivedData/App-bytlbhqqorqzqidyjovihkqwnkia/Build/Intermediates.noindex/Pods.build/Release-iphonesimulator/XEngineSDK.build/DerivedSources-normal/x86_64 -I/Users/edz/Library/Developer/Xcode/DerivedData/App-bytlbhqqorqzqidyjovihkqwnkia/Build/Intermediates.noindex/Pods.build/Release-iphonesimulator/XEngineSDK.build/DerivedSources/x86_64 -I/Users/edz/Library/Developer/Xcode/DerivedData/App-bytlbhqqorqzqidyjovihkqwnkia/Build/Intermediates.noindex/Pods.build/Release-iphonesimulator/XEngineSDK.build/DerivedSources -F/Users/edz/Library/Developer/Xcode/DerivedData/App-bytlbhqqorqzqidyjovihkqwnkia/Build/Products/Release-iphonesimulator/XEngineSDK -F/Users/edz/Library/Developer/Xcode/DerivedData/App-bytlbhqqorqzqidyjovihkqwnkia/Build/Products/Release-iphonesimulator/AFNetworking -F/Users/edz/Library/Developer/Xcode/DerivedData/App-bytlbhqqorqzqidyjovihkqwnkia/Build/Products/Release-iphonesimulator/JSONModel -F/Users/edz/Library/Developer/Xcode/DerivedData/App-bytlbhqqorqzqidyjovihkqwnkia/Build/Products/Release-iphonesimulator/LSRFramework -F/Users/edz/Library/Developer/Xcode/DerivedData/App-bytlbhqqorqzqidyjovihkqwnkia/Build/Products/Release-iphonesimulator/MBProgressHUD -F/Users/edz/Library/Developer/Xcode/DerivedData/App-bytlbhqqorqzqidyjovihkqwnkia/Build/Products/Release-iphonesimulator/Masonry -F/Users/edz/Library/Developer/Xcode/DerivedData/App-bytlbhqqorqzqidyjovihkqwnkia/Build/Products/Release-iphonesimulator/SSZipArchive -Wincomplete-umbrella -w -Xanalyzer -analyzer-disable-all-checks -include /var/folders/4h/hxvz7hb959j4pw0pvbq686x00000gn/T/CocoaPods-Lint-20200722-25225-196xw43-UIModule/Pods/Target\ Support\ Files/XEngineSDK/XEngineSDK-prefix.pch -MMD -MT dependencies -MF /Users/edz/Library/Developer/Xcode/DerivedData/App-bytlbhqqorqzqidyjovihkqwnkia/Build/Intermediates.noindex/Pods.build/Release-iphonesimulator/XEngineSDK.build/Objects-normal/x86_64/xengine__module_BaseModule.d --serialize-diagnostics /Users/edz/Library/Developer/Xcode/DerivedData/App-bytlbhqqorqzqidyjovihkqwnkia/Build/Intermediates.noindex/Pods.build/Release-iphonesimulator/XEngineSDK.build/Objects-normal/x86_64/xengine__module_BaseModule.dia -c /var/folders/4h/hxvz7hb959j4pw0pvbq686x00000gn/T/CocoaPods-Lint-20200722-25225-196xw43-UIModule/Pods/XEngineSDK/XEngineSDK/MicroModule/xengine__module_BaseModule.m -o /Users/edz/Library/Developer/Xcode/DerivedData/App-bytlbhqqorqzqidyjovihkqwnkia/Build/Intermediates.noindex/Pods.build/Release-iphonesimulator/XEngineSDK.build/Objects-normal/x86_64/xengine__module_BaseModule.o
    
    CompileC /Users/edz/Library/Developer/Xcode/DerivedData/App-bytlbhqqorqzqidyjovihkqwnkia/Build/Intermediates.noindex/Pods.build/Release-iphonesimulator/XEngineSDK.build/Objects-normal/x86_64/XEngineSDK_vers.o /Users/edz/Library/Developer/Xcode/DerivedData/App-bytlbhqqorqzqidyjovihkqwnkia/Build/Intermediates.noindex/Pods.build/Release-iphonesimulator/XEngineSDK.build/DerivedSources/XEngineSDK_vers.c normal x86_64 c com.apple.compilers.llvm.clang.1_0.compiler (in target 'XEngineSDK' from project 'Pods')
        cd /var/folders/4h/hxvz7hb959j4pw0pvbq686x00000gn/T/CocoaPods-Lint-20200722-25225-196xw43-UIModule/Pods
        export LANG=en_US.US-ASCII
        /Applications/Xcode.app/Contents/Developer/Toolchains/XcodeDefault.xctoolchain/usr/bin/clang -x c -target x86_64-apple-ios11.0-simulator -fmessage-length=0 -fdiagnostics-show-note-include-stack -fmacro-backtrace-limit=0 -std=gnu11 -fmodules -gmodules -fmodules-cache-path=/Users/edz/Library/Developer/Xcode/DerivedData/ModuleCache.noindex -fmodules-prune-interval=86400 -fmodules-prune-after=345600 -fbuild-session-file=/Users/edz/Library/Developer/Xcode/DerivedData/ModuleCache.noindex/Session.modulevalidation -fmodules-validate-once-per-build-session -fmodule-name=XEngineSDK -Wno-trigraphs -fpascal-strings -Os -fno-common -Wno-missing-field-initializers -Wno-missing-prototypes -Werror=return-type -Wdocumentation -Wunreachable-code -Werror=deprecated-objc-isa-usage -Werror=objc-root-class -Wno-missing-braces -Wparentheses -Wswitch -Wunused-function -Wno-unused-label -Wno-unused-parameter -Wunused-variable -Wunused-value -Wempty-body -Wuninitialized -Wconditional-uninitialized -Wno-unknown-pragmas -Wno-shadow -Wno-four-char-constants -Wno-conversion -Wconstant-conversion -Wint-conversion -Wbool-conversion -Wenum-conversion -Wno-float-conversion -Wnon-literal-null-conversion -Wobjc-literal-conversion -Wshorten-64-to-32 -Wpointer-sign -Wno-newline-eof -DPOD_CONFIGURATION_RELEASE=1 -DCOCOAPODS=1 -isysroot /Applications/Xcode.app/Contents/Developer/Platforms/iPhoneSimulator.platform/Developer/SDKs/iPhoneSimulator13.5.sdk -fasm-blocks -fstrict-aliasing -Wdeprecated-declarations -g -Wno-sign-conversion -Winfinite-recursion -Wcomma -Wblock-capture-autoreleasing -Wstrict-prototypes -Wno-semicolon-before-method-body -Wunguarded-availability -iquote /Users/edz/Library/Developer/Xcode/DerivedData/App-bytlbhqqorqzqidyjovihkqwnkia/Build/Intermediates.noindex/Pods.build/Release-iphonesimulator/XEngineSDK.build/XEngineSDK-generated-files.hmap -I/Users/edz/Library/Developer/Xcode/DerivedData/App-bytlbhqqorqzqidyjovihkqwnkia/Build/Intermediates.noindex/Pods.build/Release-iphonesimulator/XEngineSDK.build/XEngineSDK-own-target-headers.hmap -I/Users/edz/Library/Developer/Xcode/DerivedData/App-bytlbhqqorqzqidyjovihkqwnkia/Build/Intermediates.noindex/Pods.build/Release-iphonesimulator/XEngineSDK.build/XEngineSDK-all-non-framework-target-headers.hmap -ivfsoverlay /Users/edz/Library/Developer/Xcode/DerivedData/App-bytlbhqqorqzqidyjovihkqwnkia/Build/Intermediates.noindex/Pods.build/Release-iphonesimulator/XEngineSDK.build/all-product-headers.yaml -iquote /Users/edz/Library/Developer/Xcode/DerivedData/App-bytlbhqqorqzqidyjovihkqwnkia/Build/Intermediates.noindex/Pods.build/Release-iphonesimulator/XEngineSDK.build/XEngineSDK-project-headers.hmap -I/Users/edz/Library/Developer/Xcode/DerivedData/App-bytlbhqqorqzqidyjovihkqwnkia/Build/Products/Release-iphonesimulator/XEngineSDK/include -I/Users/edz/Library/Developer/Xcode/DerivedData/App-bytlbhqqorqzqidyjovihkqwnkia/Build/Intermediates.noindex/Pods.build/Release-iphonesimulator/XEngineSDK.build/DerivedSources-normal/x86_64 -I/Users/edz/Library/Developer/Xcode/DerivedData/App-bytlbhqqorqzqidyjovihkqwnkia/Build/Intermediates.noindex/Pods.build/Release-iphonesimulator/XEngineSDK.build/DerivedSources/x86_64 -I/Users/edz/Library/Developer/Xcode/DerivedData/App-bytlbhqqorqzqidyjovihkqwnkia/Build/Intermediates.noindex/Pods.build/Release-iphonesimulator/XEngineSDK.build/DerivedSources -F/Users/edz/Library/Developer/Xcode/DerivedData/App-bytlbhqqorqzqidyjovihkqwnkia/Build/Products/Release-iphonesimulator/XEngineSDK -F/Users/edz/Library/Developer/Xcode/DerivedData/App-bytlbhqqorqzqidyjovihkqwnkia/Build/Products/Release-iphonesimulator/AFNetworking -F/Users/edz/Library/Developer/Xcode/DerivedData/App-bytlbhqqorqzqidyjovihkqwnkia/Build/Products/Release-iphonesimulator/JSONModel -F/Users/edz/Library/Developer/Xcode/DerivedData/App-bytlbhqqorqzqidyjovihkqwnkia/Build/Products/Release-iphonesimulator/LSRFramework -F/Users/edz/Library/Developer/Xcode/DerivedData/App-bytlbhqqorqzqidyjovihkqwnkia/Build/Products/Release-iphonesimulator/MBProgressHUD -F/Users/edz/Library/Developer/Xcode/DerivedData/App-bytlbhqqorqzqidyjovihkqwnkia/Build/Products/Release-iphonesimulator/Masonry -F/Users/edz/Library/Developer/Xcode/DerivedData/App-bytlbhqqorqzqidyjovihkqwnkia/Build/Products/Release-iphonesimulator/SSZipArchive -Wincomplete-umbrella -MMD -MT dependencies -MF /Users/edz/Library/Developer/Xcode/DerivedData/App-bytlbhqqorqzqidyjovihkqwnkia/Build/Intermediates.noindex/Pods.build/Release-iphonesimulator/XEngineSDK.build/Objects-normal/x86_64/XEngineSDK_vers.d --serialize-diagnostics /Users/edz/Library/Developer/Xcode/DerivedData/App-bytlbhqqorqzqidyjovihkqwnkia/Build/Intermediates.noindex/Pods.build/Release-iphonesimulator/XEngineSDK.build/Objects-normal/x86_64/XEngineSDK_vers.dia -c /Users/edz/Library/Developer/Xcode/DerivedData/App-bytlbhqqorqzqidyjovihkqwnkia/Build/Intermediates.noindex/Pods.build/Release-iphonesimulator/XEngineSDK.build/DerivedSources/XEngineSDK_vers.c -o /Users/edz/Library/Developer/Xcode/DerivedData/App-bytlbhqqorqzqidyjovihkqwnkia/Build/Intermediates.noindex/Pods.build/Release-iphonesimulator/XEngineSDK.build/Objects-normal/x86_64/XEngineSDK_vers.o
    
    CompileC /Users/edz/Library/Developer/Xcode/DerivedData/App-bytlbhqqorqzqidyjovihkqwnkia/Build/Intermediates.noindex/Pods.build/Release-iphonesimulator/XEngineSDK.build/Objects-normal/x86_64/XEngineSDK-dummy.o /var/folders/4h/hxvz7hb959j4pw0pvbq686x00000gn/T/CocoaPods-Lint-20200722-25225-196xw43-UIModule/Pods/Target\ Support\ Files/XEngineSDK/XEngineSDK-dummy.m normal x86_64 objective-c com.apple.compilers.llvm.clang.1_0.compiler (in target 'XEngineSDK' from project 'Pods')
        cd /var/folders/4h/hxvz7hb959j4pw0pvbq686x00000gn/T/CocoaPods-Lint-20200722-25225-196xw43-UIModule/Pods
        export LANG=en_US.US-ASCII
        /Applications/Xcode.app/Contents/Developer/Toolchains/XcodeDefault.xctoolchain/usr/bin/clang -x objective-c -target x86_64-apple-ios11.0-simulator -fmessage-length=0 -fdiagnostics-show-note-include-stack -fmacro-backtrace-limit=0 -std=gnu11 -fobjc-arc -fmodules -gmodules -fmodules-cache-path=/Users/edz/Library/Developer/Xcode/DerivedData/ModuleCache.noindex -fmodules-prune-interval=86400 -fmodules-prune-after=345600 -fbuild-session-file=/Users/edz/Library/Developer/Xcode/DerivedData/ModuleCache.noindex/Session.modulevalidation -fmodules-validate-once-per-build-session -fmodule-name=XEngineSDK -Wno-trigraphs -fpascal-strings -Os -fno-common -Wno-missing-field-initializers -Wno-missing-prototypes -Werror=return-type -Wdocumentation -Wunreachable-code -Wno-implicit-atomic-properties -Werror=deprecated-objc-isa-usage -Wno-objc-interface-ivars -Werror=objc-root-class -Wno-arc-repeated-use-of-weak -Wimplicit-retain-self -Wduplicate-method-match -Wno-missing-braces -Wparentheses -Wswitch -Wunused-function -Wno-unused-label -Wno-unused-parameter -Wunused-variable -Wunused-value -Wempty-body -Wuninitialized -Wconditional-uninitialized -Wno-unknown-pragmas -Wno-shadow -Wno-four-char-constants -Wno-conversion -Wconstant-conversion -Wint-conversion -Wbool-conversion -Wenum-conversion -Wno-float-conversion -Wnon-literal-null-conversion -Wobjc-literal-conversion -Wshorten-64-to-32 -Wpointer-sign -Wno-newline-eof -Wno-selector -Wno-strict-selector-match -Wundeclared-selector -Wdeprecated-implementations -DPOD_CONFIGURATION_RELEASE=1 -DCOCOAPODS=1 -DNS_BLOCK_ASSERTIONS=1 -DOBJC_OLD_DISPATCH_PROTOTYPES=0 -isysroot /Applications/Xcode.app/Contents/Developer/Platforms/iPhoneSimulator.platform/Developer/SDKs/iPhoneSimulator13.5.sdk -fasm-blocks -fstrict-aliasing -Wprotocol -Wdeprecated-declarations -g -Wno-sign-conversion -Winfinite-recursion -Wcomma -Wblock-capture-autoreleasing -Wstrict-prototypes -Wno-semicolon-before-method-body -Wunguarded-availability -fobjc-abi-version=2 -fobjc-legacy-dispatch -iquote /Users/edz/Library/Developer/Xcode/DerivedData/App-bytlbhqqorqzqidyjovihkqwnkia/Build/Intermediates.noindex/Pods.build/Release-iphonesimulator/XEngineSDK.build/XEngineSDK-generated-files.hmap -I/Users/edz/Library/Developer/Xcode/DerivedData/App-bytlbhqqorqzqidyjovihkqwnkia/Build/Intermediates.noindex/Pods.build/Release-iphonesimulator/XEngineSDK.build/XEngineSDK-own-target-headers.hmap -I/Users/edz/Library/Developer/Xcode/DerivedData/App-bytlbhqqorqzqidyjovihkqwnkia/Build/Intermediates.noindex/Pods.build/Release-iphonesimulator/XEngineSDK.build/XEngineSDK-all-non-framework-target-headers.hmap -ivfsoverlay /Users/edz/Library/Developer/Xcode/DerivedData/App-bytlbhqqorqzqidyjovihkqwnkia/Build/Intermediates.noindex/Pods.build/Release-iphonesimulator/XEngineSDK.build/all-product-headers.yaml -iquote /Users/edz/Library/Developer/Xcode/DerivedData/App-bytlbhqqorqzqidyjovihkqwnkia/Build/Intermediates.noindex/Pods.build/Release-iphonesimulator/XEngineSDK.build/XEngineSDK-project-headers.hmap -I/Users/edz/Library/Developer/Xcode/DerivedData/App-bytlbhqqorqzqidyjovihkqwnkia/Build/Products/Release-iphonesimulator/XEngineSDK/include -I/Users/edz/Library/Developer/Xcode/DerivedData/App-bytlbhqqorqzqidyjovihkqwnkia/Build/Intermediates.noindex/Pods.build/Release-iphonesimulator/XEngineSDK.build/DerivedSources-normal/x86_64 -I/Users/edz/Library/Developer/Xcode/DerivedData/App-bytlbhqqorqzqidyjovihkqwnkia/Build/Intermediates.noindex/Pods.build/Release-iphonesimulator/XEngineSDK.build/DerivedSources/x86_64 -I/Users/edz/Library/Developer/Xcode/DerivedData/App-bytlbhqqorqzqidyjovihkqwnkia/Build/Intermediates.noindex/Pods.build/Release-iphonesimulator/XEngineSDK.build/DerivedSources -F/Users/edz/Library/Developer/Xcode/DerivedData/App-bytlbhqqorqzqidyjovihkqwnkia/Build/Products/Release-iphonesimulator/XEngineSDK -F/Users/edz/Library/Developer/Xcode/DerivedData/App-bytlbhqqorqzqidyjovihkqwnkia/Build/Products/Release-iphonesimulator/AFNetworking -F/Users/edz/Library/Developer/Xcode/DerivedData/App-bytlbhqqorqzqidyjovihkqwnkia/Build/Products/Release-iphonesimulator/JSONModel -F/Users/edz/Library/Developer/Xcode/DerivedData/App-bytlbhqqorqzqidyjovihkqwnkia/Build/Products/Release-iphonesimulator/LSRFramework -F/Users/edz/Library/Developer/Xcode/DerivedData/App-bytlbhqqorqzqidyjovihkqwnkia/Build/Products/Release-iphonesimulator/MBProgressHUD -F/Users/edz/Library/Developer/Xcode/DerivedData/App-bytlbhqqorqzqidyjovihkqwnkia/Build/Products/Release-iphonesimulator/Masonry -F/Users/edz/Library/Developer/Xcode/DerivedData/App-bytlbhqqorqzqidyjovihkqwnkia/Build/Products/Release-iphonesimulator/SSZipArchive -Wincomplete-umbrella -include /var/folders/4h/hxvz7hb959j4pw0pvbq686x00000gn/T/CocoaPods-Lint-20200722-25225-196xw43-UIModule/Pods/Target\ Support\ Files/XEngineSDK/XEngineSDK-prefix.pch -MMD -MT dependencies -MF /Users/edz/Library/Developer/Xcode/DerivedData/App-bytlbhqqorqzqidyjovihkqwnkia/Build/Intermediates.noindex/Pods.build/Release-iphonesimulator/XEngineSDK.build/Objects-normal/x86_64/XEngineSDK-dummy.d --serialize-diagnostics /Users/edz/Library/Developer/Xcode/DerivedData/App-bytlbhqqorqzqidyjovihkqwnkia/Build/Intermediates.noindex/Pods.build/Release-iphonesimulator/XEngineSDK.build/Objects-normal/x86_64/XEngineSDK-dummy.dia -c /var/folders/4h/hxvz7hb959j4pw0pvbq686x00000gn/T/CocoaPods-Lint-20200722-25225-196xw43-UIModule/Pods/Target\ Support\ Files/XEngineSDK/XEngineSDK-dummy.m -o /Users/edz/Library/Developer/Xcode/DerivedData/App-bytlbhqqorqzqidyjovihkqwnkia/Build/Intermediates.noindex/Pods.build/Release-iphonesimulator/XEngineSDK.build/Objects-normal/x86_64/XEngineSDK-dummy.o
    
    CompileC /Users/edz/Library/Developer/Xcode/DerivedData/App-bytlbhqqorqzqidyjovihkqwnkia/Build/Intermediates.noindex/Pods.build/Release-iphonesimulator/XEngineSDK.build/Objects-normal/x86_64/XEngineRequest.o /var/folders/4h/hxvz7hb959j4pw0pvbq686x00000gn/T/CocoaPods-Lint-20200722-25225-196xw43-UIModule/Pods/XEngineSDK/XEngineSDK/NetWorking/XEngineRequest.m normal x86_64 objective-c com.apple.compilers.llvm.clang.1_0.compiler (in target 'XEngineSDK' from project 'Pods')
        cd /var/folders/4h/hxvz7hb959j4pw0pvbq686x00000gn/T/CocoaPods-Lint-20200722-25225-196xw43-UIModule/Pods
        export LANG=en_US.US-ASCII
        /Applications/Xcode.app/Contents/Developer/Toolchains/XcodeDefault.xctoolchain/usr/bin/clang -x objective-c -target x86_64-apple-ios11.0-simulator -fmessage-length=0 -fdiagnostics-show-note-include-stack -fmacro-backtrace-limit=0 -std=gnu11 -fobjc-arc -fmodules -gmodules -fmodules-cache-path=/Users/edz/Library/Developer/Xcode/DerivedData/ModuleCache.noindex -fmodules-prune-interval=86400 -fmodules-prune-after=345600 -fbuild-session-file=/Users/edz/Library/Developer/Xcode/DerivedData/ModuleCache.noindex/Session.modulevalidation -fmodules-validate-once-per-build-session -fmodule-name=XEngineSDK -Wno-trigraphs -fpascal-strings -Os -fno-common -Wno-missing-field-initializers -Wno-missing-prototypes -Werror=return-type -Wdocumentation -Wunreachable-code -Wno-implicit-atomic-properties -Werror=deprecated-objc-isa-usage -Wno-objc-interface-ivars -Werror=objc-root-class -Wno-arc-repeated-use-of-weak -Wimplicit-retain-self -Wduplicate-method-match -Wno-missing-braces -Wparentheses -Wswitch -Wunused-function -Wno-unused-label -Wno-unused-parameter -Wunused-variable -Wunused-value -Wempty-body -Wuninitialized -Wconditional-uninitialized -Wno-unknown-pragmas -Wno-shadow -Wno-four-char-constants -Wno-conversion -Wconstant-conversion -Wint-conversion -Wbool-conversion -Wenum-conversion -Wno-float-conversion -Wnon-literal-null-conversion -Wobjc-literal-conversion -Wshorten-64-to-32 -Wpointer-sign -Wno-newline-eof -Wno-selector -Wno-strict-selector-match -Wundeclared-selector -Wdeprecated-implementations -DPOD_CONFIGURATION_RELEASE=1 -DCOCOAPODS=1 -DNS_BLOCK_ASSERTIONS=1 -DOBJC_OLD_DISPATCH_PROTOTYPES=0 -isysroot /Applications/Xcode.app/Contents/Developer/Platforms/iPhoneSimulator.platform/Developer/SDKs/iPhoneSimulator13.5.sdk -fasm-blocks -fstrict-aliasing -Wprotocol -Wdeprecated-declarations -g -Wno-sign-conversion -Winfinite-recursion -Wcomma -Wblock-capture-autoreleasing -Wstrict-prototypes -Wno-semicolon-before-method-body -Wunguarded-availability -fobjc-abi-version=2 -fobjc-legacy-dispatch -iquote /Users/edz/Library/Developer/Xcode/DerivedData/App-bytlbhqqorqzqidyjovihkqwnkia/Build/Intermediates.noindex/Pods.build/Release-iphonesimulator/XEngineSDK.build/XEngineSDK-generated-files.hmap -I/Users/edz/Library/Developer/Xcode/DerivedData/App-bytlbhqqorqzqidyjovihkqwnkia/Build/Intermediates.noindex/Pods.build/Release-iphonesimulator/XEngineSDK.build/XEngineSDK-own-target-headers.hmap -I/Users/edz/Library/Developer/Xcode/DerivedData/App-bytlbhqqorqzqidyjovihkqwnkia/Build/Intermediates.noindex/Pods.build/Release-iphonesimulator/XEngineSDK.build/XEngineSDK-all-non-framework-target-headers.hmap -ivfsoverlay /Users/edz/Library/Developer/Xcode/DerivedData/App-bytlbhqqorqzqidyjovihkqwnkia/Build/Intermediates.noindex/Pods.build/Release-iphonesimulator/XEngineSDK.build/all-product-headers.yaml -iquote /Users/edz/Library/Developer/Xcode/DerivedData/App-bytlbhqqorqzqidyjovihkqwnkia/Build/Intermediates.noindex/Pods.build/Release-iphonesimulator/XEngineSDK.build/XEngineSDK-project-headers.hmap -I/Users/edz/Library/Developer/Xcode/DerivedData/App-bytlbhqqorqzqidyjovihkqwnkia/Build/Products/Release-iphonesimulator/XEngineSDK/include -I/Users/edz/Library/Developer/Xcode/DerivedData/App-bytlbhqqorqzqidyjovihkqwnkia/Build/Intermediates.noindex/Pods.build/Release-iphonesimulator/XEngineSDK.build/DerivedSources-normal/x86_64 -I/Users/edz/Library/Developer/Xcode/DerivedData/App-bytlbhqqorqzqidyjovihkqwnkia/Build/Intermediates.noindex/Pods.build/Release-iphonesimulator/XEngineSDK.build/DerivedSources/x86_64 -I/Users/edz/Library/Developer/Xcode/DerivedData/App-bytlbhqqorqzqidyjovihkqwnkia/Build/Intermediates.noindex/Pods.build/Release-iphonesimulator/XEngineSDK.build/DerivedSources -F/Users/edz/Library/Developer/Xcode/DerivedData/App-bytlbhqqorqzqidyjovihkqwnkia/Build/Products/Release-iphonesimulator/XEngineSDK -F/Users/edz/Library/Developer/Xcode/DerivedData/App-bytlbhqqorqzqidyjovihkqwnkia/Build/Products/Release-iphonesimulator/AFNetworking -F/Users/edz/Library/Developer/Xcode/DerivedData/App-bytlbhqqorqzqidyjovihkqwnkia/Build/Products/Release-iphonesimulator/JSONModel -F/Users/edz/Library/Developer/Xcode/DerivedData/App-bytlbhqqorqzqidyjovihkqwnkia/Build/Products/Release-iphonesimulator/LSRFramework -F/Users/edz/Library/Developer/Xcode/DerivedData/App-bytlbhqqorqzqidyjovihkqwnkia/Build/Products/Release-iphonesimulator/MBProgressHUD -F/Users/edz/Library/Developer/Xcode/DerivedData/App-bytlbhqqorqzqidyjovihkqwnkia/Build/Products/Release-iphonesimulator/Masonry -F/Users/edz/Library/Developer/Xcode/DerivedData/App-bytlbhqqorqzqidyjovihkqwnkia/Build/Products/Release-iphonesimulator/SSZipArchive -Wincomplete-umbrella -w -Xanalyzer -analyzer-disable-all-checks -include /var/folders/4h/hxvz7hb959j4pw0pvbq686x00000gn/T/CocoaPods-Lint-20200722-25225-196xw43-UIModule/Pods/Target\ Support\ Files/XEngineSDK/XEngineSDK-prefix.pch -MMD -MT dependencies -MF /Users/edz/Library/Developer/Xcode/DerivedData/App-bytlbhqqorqzqidyjovihkqwnkia/Build/Intermediates.noindex/Pods.build/Release-iphonesimulator/XEngineSDK.build/Objects-normal/x86_64/XEngineRequest.d --serialize-diagnostics /Users/edz/Library/Developer/Xcode/DerivedData/App-bytlbhqqorqzqidyjovihkqwnkia/Build/Intermediates.noindex/Pods.build/Release-iphonesimulator/XEngineSDK.build/Objects-normal/x86_64/XEngineRequest.dia -c /var/folders/4h/hxvz7hb959j4pw0pvbq686x00000gn/T/CocoaPods-Lint-20200722-25225-196xw43-UIModule/Pods/XEngineSDK/XEngineSDK/NetWorking/XEngineRequest.m -o /Users/edz/Library/Developer/Xcode/DerivedData/App-bytlbhqqorqzqidyjovihkqwnkia/Build/Intermediates.noindex/Pods.build/Release-iphonesimulator/XEngineSDK.build/Objects-normal/x86_64/XEngineRequest.o
    
    CompileC /Users/edz/Library/Developer/Xcode/DerivedData/App-bytlbhqqorqzqidyjovihkqwnkia/Build/Intermediates.noindex/Pods.build/Release-iphonesimulator/XEngineSDK.build/Objects-normal/x86_64/XEngineRequest+DownLoadZip.o /var/folders/4h/hxvz7hb959j4pw0pvbq686x00000gn/T/CocoaPods-Lint-20200722-25225-196xw43-UIModule/Pods/XEngineSDK/XEngineSDK/NetWorking/XEngineRequest+DownLoadZip.m normal x86_64 objective-c com.apple.compilers.llvm.clang.1_0.compiler (in target 'XEngineSDK' from project 'Pods')
        cd /var/folders/4h/hxvz7hb959j4pw0pvbq686x00000gn/T/CocoaPods-Lint-20200722-25225-196xw43-UIModule/Pods
        export LANG=en_US.US-ASCII
        /Applications/Xcode.app/Contents/Developer/Toolchains/XcodeDefault.xctoolchain/usr/bin/clang -x objective-c -target x86_64-apple-ios11.0-simulator -fmessage-length=0 -fdiagnostics-show-note-include-stack -fmacro-backtrace-limit=0 -std=gnu11 -fobjc-arc -fmodules -gmodules -fmodules-cache-path=/Users/edz/Library/Developer/Xcode/DerivedData/ModuleCache.noindex -fmodules-prune-interval=86400 -fmodules-prune-after=345600 -fbuild-session-file=/Users/edz/Library/Developer/Xcode/DerivedData/ModuleCache.noindex/Session.modulevalidation -fmodules-validate-once-per-build-session -fmodule-name=XEngineSDK -Wno-trigraphs -fpascal-strings -Os -fno-common -Wno-missing-field-initializers -Wno-missing-prototypes -Werror=return-type -Wdocumentation -Wunreachable-code -Wno-implicit-atomic-properties -Werror=deprecated-objc-isa-usage -Wno-objc-interface-ivars -Werror=objc-root-class -Wno-arc-repeated-use-of-weak -Wimplicit-retain-self -Wduplicate-method-match -Wno-missing-braces -Wparentheses -Wswitch -Wunused-function -Wno-unused-label -Wno-unused-parameter -Wunused-variable -Wunused-value -Wempty-body -Wuninitialized -Wconditional-uninitialized -Wno-unknown-pragmas -Wno-shadow -Wno-four-char-constants -Wno-conversion -Wconstant-conversion -Wint-conversion -Wbool-conversion -Wenum-conversion -Wno-float-conversion -Wnon-literal-null-conversion -Wobjc-literal-conversion -Wshorten-64-to-32 -Wpointer-sign -Wno-newline-eof -Wno-selector -Wno-strict-selector-match -Wundeclared-selector -Wdeprecated-implementations -DPOD_CONFIGURATION_RELEASE=1 -DCOCOAPODS=1 -DNS_BLOCK_ASSERTIONS=1 -DOBJC_OLD_DISPATCH_PROTOTYPES=0 -isysroot /Applications/Xcode.app/Contents/Developer/Platforms/iPhoneSimulator.platform/Developer/SDKs/iPhoneSimulator13.5.sdk -fasm-blocks -fstrict-aliasing -Wprotocol -Wdeprecated-declarations -g -Wno-sign-conversion -Winfinite-recursion -Wcomma -Wblock-capture-autoreleasing -Wstrict-prototypes -Wno-semicolon-before-method-body -Wunguarded-availability -fobjc-abi-version=2 -fobjc-legacy-dispatch -iquote /Users/edz/Library/Developer/Xcode/DerivedData/App-bytlbhqqorqzqidyjovihkqwnkia/Build/Intermediates.noindex/Pods.build/Release-iphonesimulator/XEngineSDK.build/XEngineSDK-generated-files.hmap -I/Users/edz/Library/Developer/Xcode/DerivedData/App-bytlbhqqorqzqidyjovihkqwnkia/Build/Intermediates.noindex/Pods.build/Release-iphonesimulator/XEngineSDK.build/XEngineSDK-own-target-headers.hmap -I/Users/edz/Library/Developer/Xcode/DerivedData/App-bytlbhqqorqzqidyjovihkqwnkia/Build/Intermediates.noindex/Pods.build/Release-iphonesimulator/XEngineSDK.build/XEngineSDK-all-non-framework-target-headers.hmap -ivfsoverlay /Users/edz/Library/Developer/Xcode/DerivedData/App-bytlbhqqorqzqidyjovihkqwnkia/Build/Intermediates.noindex/Pods.build/Release-iphonesimulator/XEngineSDK.build/all-product-headers.yaml -iquote /Users/edz/Library/Developer/Xcode/DerivedData/App-bytlbhqqorqzqidyjovihkqwnkia/Build/Intermediates.noindex/Pods.build/Release-iphonesimulator/XEngineSDK.build/XEngineSDK-project-headers.hmap -I/Users/edz/Library/Developer/Xcode/DerivedData/App-bytlbhqqorqzqidyjovihkqwnkia/Build/Products/Release-iphonesimulator/XEngineSDK/include -I/Users/edz/Library/Developer/Xcode/DerivedData/App-bytlbhqqorqzqidyjovihkqwnkia/Build/Intermediates.noindex/Pods.build/Release-iphonesimulator/XEngineSDK.build/DerivedSources-normal/x86_64 -I/Users/edz/Library/Developer/Xcode/DerivedData/App-bytlbhqqorqzqidyjovihkqwnkia/Build/Intermediates.noindex/Pods.build/Release-iphonesimulator/XEngineSDK.build/DerivedSources/x86_64 -I/Users/edz/Library/Developer/Xcode/DerivedData/App-bytlbhqqorqzqidyjovihkqwnkia/Build/Intermediates.noindex/Pods.build/Release-iphonesimulator/XEngineSDK.build/DerivedSources -F/Users/edz/Library/Developer/Xcode/DerivedData/App-bytlbhqqorqzqidyjovihkqwnkia/Build/Products/Release-iphonesimulator/XEngineSDK -F/Users/edz/Library/Developer/Xcode/DerivedData/App-bytlbhqqorqzqidyjovihkqwnkia/Build/Products/Release-iphonesimulator/AFNetworking -F/Users/edz/Library/Developer/Xcode/DerivedData/App-bytlbhqqorqzqidyjovihkqwnkia/Build/Products/Release-iphonesimulator/JSONModel -F/Users/edz/Library/Developer/Xcode/DerivedData/App-bytlbhqqorqzqidyjovihkqwnkia/Build/Products/Release-iphonesimulator/LSRFramework -F/Users/edz/Library/Developer/Xcode/DerivedData/App-bytlbhqqorqzqidyjovihkqwnkia/Build/Products/Release-iphonesimulator/MBProgressHUD -F/Users/edz/Library/Developer/Xcode/DerivedData/App-bytlbhqqorqzqidyjovihkqwnkia/Build/Products/Release-iphonesimulator/Masonry -F/Users/edz/Library/Developer/Xcode/DerivedData/App-bytlbhqqorqzqidyjovihkqwnkia/Build/Products/Release-iphonesimulator/SSZipArchive -Wincomplete-umbrella -w -Xanalyzer -analyzer-disable-all-checks -include /var/folders/4h/hxvz7hb959j4pw0pvbq686x00000gn/T/CocoaPods-Lint-20200722-25225-196xw43-UIModule/Pods/Target\ Support\ Files/XEngineSDK/XEngineSDK-prefix.pch -MMD -MT dependencies -MF /Users/edz/Library/Developer/Xcode/DerivedData/App-bytlbhqqorqzqidyjovihkqwnkia/Build/Intermediates.noindex/Pods.build/Release-iphonesimulator/XEngineSDK.build/Objects-normal/x86_64/XEngineRequest+DownLoadZip.d --serialize-diagnostics /Users/edz/Library/Developer/Xcode/DerivedData/App-bytlbhqqorqzqidyjovihkqwnkia/Build/Intermediates.noindex/Pods.build/Release-iphonesimulator/XEngineSDK.build/Objects-normal/x86_64/XEngineRequest+DownLoadZip.dia -c /var/folders/4h/hxvz7hb959j4pw0pvbq686x00000gn/T/CocoaPods-Lint-20200722-25225-196xw43-UIModule/Pods/XEngineSDK/XEngineSDK/NetWorking/XEngineRequest+DownLoadZip.m -o /Users/edz/Library/Developer/Xcode/DerivedData/App-bytlbhqqorqzqidyjovihkqwnkia/Build/Intermediates.noindex/Pods.build/Release-iphonesimulator/XEngineSDK.build/Objects-normal/x86_64/XEngineRequest+DownLoadZip.o
    
    CompileC /Users/edz/Library/Developer/Xcode/DerivedData/App-bytlbhqqorqzqidyjovihkqwnkia/Build/Intermediates.noindex/Pods.build/Release-iphonesimulator/XEngineSDK.build/Objects-normal/x86_64/WebViewPool.o /var/folders/4h/hxvz7hb959j4pw0pvbq686x00000gn/T/CocoaPods-Lint-20200722-25225-196xw43-UIModule/Pods/XEngineSDK/XEngineSDK/WebViewPool/WebViewPool.m normal x86_64 objective-c com.apple.compilers.llvm.clang.1_0.compiler (in target 'XEngineSDK' from project 'Pods')
        cd /var/folders/4h/hxvz7hb959j4pw0pvbq686x00000gn/T/CocoaPods-Lint-20200722-25225-196xw43-UIModule/Pods
        export LANG=en_US.US-ASCII
        /Applications/Xcode.app/Contents/Developer/Toolchains/XcodeDefault.xctoolchain/usr/bin/clang -x objective-c -target x86_64-apple-ios11.0-simulator -fmessage-length=0 -fdiagnostics-show-note-include-stack -fmacro-backtrace-limit=0 -std=gnu11 -fobjc-arc -fmodules -gmodules -fmodules-cache-path=/Users/edz/Library/Developer/Xcode/DerivedData/ModuleCache.noindex -fmodules-prune-interval=86400 -fmodules-prune-after=345600 -fbuild-session-file=/Users/edz/Library/Developer/Xcode/DerivedData/ModuleCache.noindex/Session.modulevalidation -fmodules-validate-once-per-build-session -fmodule-name=XEngineSDK -Wno-trigraphs -fpascal-strings -Os -fno-common -Wno-missing-field-initializers -Wno-missing-prototypes -Werror=return-type -Wdocumentation -Wunreachable-code -Wno-implicit-atomic-properties -Werror=deprecated-objc-isa-usage -Wno-objc-interface-ivars -Werror=objc-root-class -Wno-arc-repeated-use-of-weak -Wimplicit-retain-self -Wduplicate-method-match -Wno-missing-braces -Wparentheses -Wswitch -Wunused-function -Wno-unused-label -Wno-unused-parameter -Wunused-variable -Wunused-value -Wempty-body -Wuninitialized -Wconditional-uninitialized -Wno-unknown-pragmas -Wno-shadow -Wno-four-char-constants -Wno-conversion -Wconstant-conversion -Wint-conversion -Wbool-conversion -Wenum-conversion -Wno-float-conversion -Wnon-literal-null-conversion -Wobjc-literal-conversion -Wshorten-64-to-32 -Wpointer-sign -Wno-newline-eof -Wno-selector -Wno-strict-selector-match -Wundeclared-selector -Wdeprecated-implementations -DPOD_CONFIGURATION_RELEASE=1 -DCOCOAPODS=1 -DNS_BLOCK_ASSERTIONS=1 -DOBJC_OLD_DISPATCH_PROTOTYPES=0 -isysroot /Applications/Xcode.app/Contents/Developer/Platforms/iPhoneSimulator.platform/Developer/SDKs/iPhoneSimulator13.5.sdk -fasm-blocks -fstrict-aliasing -Wprotocol -Wdeprecated-declarations -g -Wno-sign-conversion -Winfinite-recursion -Wcomma -Wblock-capture-autoreleasing -Wstrict-prototypes -Wno-semicolon-before-method-body -Wunguarded-availability -fobjc-abi-version=2 -fobjc-legacy-dispatch -iquote /Users/edz/Library/Developer/Xcode/DerivedData/App-bytlbhqqorqzqidyjovihkqwnkia/Build/Intermediates.noindex/Pods.build/Release-iphonesimulator/XEngineSDK.build/XEngineSDK-generated-files.hmap -I/Users/edz/Library/Developer/Xcode/DerivedData/App-bytlbhqqorqzqidyjovihkqwnkia/Build/Intermediates.noindex/Pods.build/Release-iphonesimulator/XEngineSDK.build/XEngineSDK-own-target-headers.hmap -I/Users/edz/Library/Developer/Xcode/DerivedData/App-bytlbhqqorqzqidyjovihkqwnkia/Build/Intermediates.noindex/Pods.build/Release-iphonesimulator/XEngineSDK.build/XEngineSDK-all-non-framework-target-headers.hmap -ivfsoverlay /Users/edz/Library/Developer/Xcode/DerivedData/App-bytlbhqqorqzqidyjovihkqwnkia/Build/Intermediates.noindex/Pods.build/Release-iphonesimulator/XEngineSDK.build/all-product-headers.yaml -iquote /Users/edz/Library/Developer/Xcode/DerivedData/App-bytlbhqqorqzqidyjovihkqwnkia/Build/Intermediates.noindex/Pods.build/Release-iphonesimulator/XEngineSDK.build/XEngineSDK-project-headers.hmap -I/Users/edz/Library/Developer/Xcode/DerivedData/App-bytlbhqqorqzqidyjovihkqwnkia/Build/Products/Release-iphonesimulator/XEngineSDK/include -I/Users/edz/Library/Developer/Xcode/DerivedData/App-bytlbhqqorqzqidyjovihkqwnkia/Build/Intermediates.noindex/Pods.build/Release-iphonesimulator/XEngineSDK.build/DerivedSources-normal/x86_64 -I/Users/edz/Library/Developer/Xcode/DerivedData/App-bytlbhqqorqzqidyjovihkqwnkia/Build/Intermediates.noindex/Pods.build/Release-iphonesimulator/XEngineSDK.build/DerivedSources/x86_64 -I/Users/edz/Library/Developer/Xcode/DerivedData/App-bytlbhqqorqzqidyjovihkqwnkia/Build/Intermediates.noindex/Pods.build/Release-iphonesimulator/XEngineSDK.build/DerivedSources -F/Users/edz/Library/Developer/Xcode/DerivedData/App-bytlbhqqorqzqidyjovihkqwnkia/Build/Products/Release-iphonesimulator/XEngineSDK -F/Users/edz/Library/Developer/Xcode/DerivedData/App-bytlbhqqorqzqidyjovihkqwnkia/Build/Products/Release-iphonesimulator/AFNetworking -F/Users/edz/Library/Developer/Xcode/DerivedData/App-bytlbhqqorqzqidyjovihkqwnkia/Build/Products/Release-iphonesimulator/JSONModel -F/Users/edz/Library/Developer/Xcode/DerivedData/App-bytlbhqqorqzqidyjovihkqwnkia/Build/Products/Release-iphonesimulator/LSRFramework -F/Users/edz/Library/Developer/Xcode/DerivedData/App-bytlbhqqorqzqidyjovihkqwnkia/Build/Products/Release-iphonesimulator/MBProgressHUD -F/Users/edz/Library/Developer/Xcode/DerivedData/App-bytlbhqqorqzqidyjovihkqwnkia/Build/Products/Release-iphonesimulator/Masonry -F/Users/edz/Library/Developer/Xcode/DerivedData/App-bytlbhqqorqzqidyjovihkqwnkia/Build/Products/Release-iphonesimulator/SSZipArchive -Wincomplete-umbrella -w -Xanalyzer -analyzer-disable-all-checks -include /var/folders/4h/hxvz7hb959j4pw0pvbq686x00000gn/T/CocoaPods-Lint-20200722-25225-196xw43-UIModule/Pods/Target\ Support\ Files/XEngineSDK/XEngineSDK-prefix.pch -MMD -MT dependencies -MF /Users/edz/Library/Developer/Xcode/DerivedData/App-bytlbhqqorqzqidyjovihkqwnkia/Build/Intermediates.noindex/Pods.build/Release-iphonesimulator/XEngineSDK.build/Objects-normal/x86_64/WebViewPool.d --serialize-diagnostics /Users/edz/Library/Developer/Xcode/DerivedData/App-bytlbhqqorqzqidyjovihkqwnkia/Build/Intermediates.noindex/Pods.build/Release-iphonesimulator/XEngineSDK.build/Objects-normal/x86_64/WebViewPool.dia -c /var/folders/4h/hxvz7hb959j4pw0pvbq686x00000gn/T/CocoaPods-Lint-20200722-25225-196xw43-UIModule/Pods/XEngineSDK/XEngineSDK/WebViewPool/WebViewPool.m -o /Users/edz/Library/Developer/Xcode/DerivedData/App-bytlbhqqorqzqidyjovihkqwnkia/Build/Intermediates.noindex/Pods.build/Release-iphonesimulator/XEngineSDK.build/Objects-normal/x86_64/WebViewPool.o
    
    CompileC /Users/edz/Library/Developer/Xcode/DerivedData/App-bytlbhqqorqzqidyjovihkqwnkia/Build/Intermediates.noindex/Pods.build/Release-iphonesimulator/XEngineSDK.build/Objects-normal/x86_64/Unity.o /var/folders/4h/hxvz7hb959j4pw0pvbq686x00000gn/T/CocoaPods-Lint-20200722-25225-196xw43-UIModule/Pods/XEngineSDK/XEngineSDK/Tools/Unity.m normal x86_64 objective-c com.apple.compilers.llvm.clang.1_0.compiler (in target 'XEngineSDK' from project 'Pods')
        cd /var/folders/4h/hxvz7hb959j4pw0pvbq686x00000gn/T/CocoaPods-Lint-20200722-25225-196xw43-UIModule/Pods
        export LANG=en_US.US-ASCII
        /Applications/Xcode.app/Contents/Developer/Toolchains/XcodeDefault.xctoolchain/usr/bin/clang -x objective-c -target x86_64-apple-ios11.0-simulator -fmessage-length=0 -fdiagnostics-show-note-include-stack -fmacro-backtrace-limit=0 -std=gnu11 -fobjc-arc -fmodules -gmodules -fmodules-cache-path=/Users/edz/Library/Developer/Xcode/DerivedData/ModuleCache.noindex -fmodules-prune-interval=86400 -fmodules-prune-after=345600 -fbuild-session-file=/Users/edz/Library/Developer/Xcode/DerivedData/ModuleCache.noindex/Session.modulevalidation -fmodules-validate-once-per-build-session -fmodule-name=XEngineSDK -Wno-trigraphs -fpascal-strings -Os -fno-common -Wno-missing-field-initializers -Wno-missing-prototypes -Werror=return-type -Wdocumentation -Wunreachable-code -Wno-implicit-atomic-properties -Werror=deprecated-objc-isa-usage -Wno-objc-interface-ivars -Werror=objc-root-class -Wno-arc-repeated-use-of-weak -Wimplicit-retain-self -Wduplicate-method-match -Wno-missing-braces -Wparentheses -Wswitch -Wunused-function -Wno-unused-label -Wno-unused-parameter -Wunused-variable -Wunused-value -Wempty-body -Wuninitialized -Wconditional-uninitialized -Wno-unknown-pragmas -Wno-shadow -Wno-four-char-constants -Wno-conversion -Wconstant-conversion -Wint-conversion -Wbool-conversion -Wenum-conversion -Wno-float-conversion -Wnon-literal-null-conversion -Wobjc-literal-conversion -Wshorten-64-to-32 -Wpointer-sign -Wno-newline-eof -Wno-selector -Wno-strict-selector-match -Wundeclared-selector -Wdeprecated-implementations -DPOD_CONFIGURATION_RELEASE=1 -DCOCOAPODS=1 -DNS_BLOCK_ASSERTIONS=1 -DOBJC_OLD_DISPATCH_PROTOTYPES=0 -isysroot /Applications/Xcode.app/Contents/Developer/Platforms/iPhoneSimulator.platform/Developer/SDKs/iPhoneSimulator13.5.sdk -fasm-blocks -fstrict-aliasing -Wprotocol -Wdeprecated-declarations -g -Wno-sign-conversion -Winfinite-recursion -Wcomma -Wblock-capture-autoreleasing -Wstrict-prototypes -Wno-semicolon-before-method-body -Wunguarded-availability -fobjc-abi-version=2 -fobjc-legacy-dispatch -iquote /Users/edz/Library/Developer/Xcode/DerivedData/App-bytlbhqqorqzqidyjovihkqwnkia/Build/Intermediates.noindex/Pods.build/Release-iphonesimulator/XEngineSDK.build/XEngineSDK-generated-files.hmap -I/Users/edz/Library/Developer/Xcode/DerivedData/App-bytlbhqqorqzqidyjovihkqwnkia/Build/Intermediates.noindex/Pods.build/Release-iphonesimulator/XEngineSDK.build/XEngineSDK-own-target-headers.hmap -I/Users/edz/Library/Developer/Xcode/DerivedData/App-bytlbhqqorqzqidyjovihkqwnkia/Build/Intermediates.noindex/Pods.build/Release-iphonesimulator/XEngineSDK.build/XEngineSDK-all-non-framework-target-headers.hmap -ivfsoverlay /Users/edz/Library/Developer/Xcode/DerivedData/App-bytlbhqqorqzqidyjovihkqwnkia/Build/Intermediates.noindex/Pods.build/Release-iphonesimulator/XEngineSDK.build/all-product-headers.yaml -iquote /Users/edz/Library/Developer/Xcode/DerivedData/App-bytlbhqqorqzqidyjovihkqwnkia/Build/Intermediates.noindex/Pods.build/Release-iphonesimulator/XEngineSDK.build/XEngineSDK-project-headers.hmap -I/Users/edz/Library/Developer/Xcode/DerivedData/App-bytlbhqqorqzqidyjovihkqwnkia/Build/Products/Release-iphonesimulator/XEngineSDK/include -I/Users/edz/Library/Developer/Xcode/DerivedData/App-bytlbhqqorqzqidyjovihkqwnkia/Build/Intermediates.noindex/Pods.build/Release-iphonesimulator/XEngineSDK.build/DerivedSources-normal/x86_64 -I/Users/edz/Library/Developer/Xcode/DerivedData/App-bytlbhqqorqzqidyjovihkqwnkia/Build/Intermediates.noindex/Pods.build/Release-iphonesimulator/XEngineSDK.build/DerivedSources/x86_64 -I/Users/edz/Library/Developer/Xcode/DerivedData/App-bytlbhqqorqzqidyjovihkqwnkia/Build/Intermediates.noindex/Pods.build/Release-iphonesimulator/XEngineSDK.build/DerivedSources -F/Users/edz/Library/Developer/Xcode/DerivedData/App-bytlbhqqorqzqidyjovihkqwnkia/Build/Products/Release-iphonesimulator/XEngineSDK -F/Users/edz/Library/Developer/Xcode/DerivedData/App-bytlbhqqorqzqidyjovihkqwnkia/Build/Products/Release-iphonesimulator/AFNetworking -F/Users/edz/Library/Developer/Xcode/DerivedData/App-bytlbhqqorqzqidyjovihkqwnkia/Build/Products/Release-iphonesimulator/JSONModel -F/Users/edz/Library/Developer/Xcode/DerivedData/App-bytlbhqqorqzqidyjovihkqwnkia/Build/Products/Release-iphonesimulator/LSRFramework -F/Users/edz/Library/Developer/Xcode/DerivedData/App-bytlbhqqorqzqidyjovihkqwnkia/Build/Products/Release-iphonesimulator/MBProgressHUD -F/Users/edz/Library/Developer/Xcode/DerivedData/App-bytlbhqqorqzqidyjovihkqwnkia/Build/Products/Release-iphonesimulator/Masonry -F/Users/edz/Library/Developer/Xcode/DerivedData/App-bytlbhqqorqzqidyjovihkqwnkia/Build/Products/Release-iphonesimulator/SSZipArchive -Wincomplete-umbrella -w -Xanalyzer -analyzer-disable-all-checks -include /var/folders/4h/hxvz7hb959j4pw0pvbq686x00000gn/T/CocoaPods-Lint-20200722-25225-196xw43-UIModule/Pods/Target\ Support\ Files/XEngineSDK/XEngineSDK-prefix.pch -MMD -MT dependencies -MF /Users/edz/Library/Developer/Xcode/DerivedData/App-bytlbhqqorqzqidyjovihkqwnkia/Build/Intermediates.noindex/Pods.build/Release-iphonesimulator/XEngineSDK.build/Objects-normal/x86_64/Unity.d --serialize-diagnostics /Users/edz/Library/Developer/Xcode/DerivedData/App-bytlbhqqorqzqidyjovihkqwnkia/Build/Intermediates.noindex/Pods.build/Release-iphonesimulator/XEngineSDK.build/Objects-normal/x86_64/Unity.dia -c /var/folders/4h/hxvz7hb959j4pw0pvbq686x00000gn/T/CocoaPods-Lint-20200722-25225-196xw43-UIModule/Pods/XEngineSDK/XEngineSDK/Tools/Unity.m -o /Users/edz/Library/Developer/Xcode/DerivedData/App-bytlbhqqorqzqidyjovihkqwnkia/Build/Intermediates.noindex/Pods.build/Release-iphonesimulator/XEngineSDK.build/Objects-normal/x86_64/Unity.o
    
    CompileC /Users/edz/Library/Developer/Xcode/DerivedData/App-bytlbhqqorqzqidyjovihkqwnkia/Build/Intermediates.noindex/Pods.build/Release-iphonesimulator/XEngineSDK.build/Objects-normal/x86_64/Stack.o /var/folders/4h/hxvz7hb959j4pw0pvbq686x00000gn/T/CocoaPods-Lint-20200722-25225-196xw43-UIModule/Pods/XEngineSDK/XEngineSDK/WebViewPool/Stack.m normal x86_64 objective-c com.apple.compilers.llvm.clang.1_0.compiler (in target 'XEngineSDK' from project 'Pods')
        cd /var/folders/4h/hxvz7hb959j4pw0pvbq686x00000gn/T/CocoaPods-Lint-20200722-25225-196xw43-UIModule/Pods
        export LANG=en_US.US-ASCII
        /Applications/Xcode.app/Contents/Developer/Toolchains/XcodeDefault.xctoolchain/usr/bin/clang -x objective-c -target x86_64-apple-ios11.0-simulator -fmessage-length=0 -fdiagnostics-show-note-include-stack -fmacro-backtrace-limit=0 -std=gnu11 -fobjc-arc -fmodules -gmodules -fmodules-cache-path=/Users/edz/Library/Developer/Xcode/DerivedData/ModuleCache.noindex -fmodules-prune-interval=86400 -fmodules-prune-after=345600 -fbuild-session-file=/Users/edz/Library/Developer/Xcode/DerivedData/ModuleCache.noindex/Session.modulevalidation -fmodules-validate-once-per-build-session -fmodule-name=XEngineSDK -Wno-trigraphs -fpascal-strings -Os -fno-common -Wno-missing-field-initializers -Wno-missing-prototypes -Werror=return-type -Wdocumentation -Wunreachable-code -Wno-implicit-atomic-properties -Werror=deprecated-objc-isa-usage -Wno-objc-interface-ivars -Werror=objc-root-class -Wno-arc-repeated-use-of-weak -Wimplicit-retain-self -Wduplicate-method-match -Wno-missing-braces -Wparentheses -Wswitch -Wunused-function -Wno-unused-label -Wno-unused-parameter -Wunused-variable -Wunused-value -Wempty-body -Wuninitialized -Wconditional-uninitialized -Wno-unknown-pragmas -Wno-shadow -Wno-four-char-constants -Wno-conversion -Wconstant-conversion -Wint-conversion -Wbool-conversion -Wenum-conversion -Wno-float-conversion -Wnon-literal-null-conversion -Wobjc-literal-conversion -Wshorten-64-to-32 -Wpointer-sign -Wno-newline-eof -Wno-selector -Wno-strict-selector-match -Wundeclared-selector -Wdeprecated-implementations -DPOD_CONFIGURATION_RELEASE=1 -DCOCOAPODS=1 -DNS_BLOCK_ASSERTIONS=1 -DOBJC_OLD_DISPATCH_PROTOTYPES=0 -isysroot /Applications/Xcode.app/Contents/Developer/Platforms/iPhoneSimulator.platform/Developer/SDKs/iPhoneSimulator13.5.sdk -fasm-blocks -fstrict-aliasing -Wprotocol -Wdeprecated-declarations -g -Wno-sign-conversion -Winfinite-recursion -Wcomma -Wblock-capture-autoreleasing -Wstrict-prototypes -Wno-semicolon-before-method-body -Wunguarded-availability -fobjc-abi-version=2 -fobjc-legacy-dispatch -iquote /Users/edz/Library/Developer/Xcode/DerivedData/App-bytlbhqqorqzqidyjovihkqwnkia/Build/Intermediates.noindex/Pods.build/Release-iphonesimulator/XEngineSDK.build/XEngineSDK-generated-files.hmap -I/Users/edz/Library/Developer/Xcode/DerivedData/App-bytlbhqqorqzqidyjovihkqwnkia/Build/Intermediates.noindex/Pods.build/Release-iphonesimulator/XEngineSDK.build/XEngineSDK-own-target-headers.hmap -I/Users/edz/Library/Developer/Xcode/DerivedData/App-bytlbhqqorqzqidyjovihkqwnkia/Build/Intermediates.noindex/Pods.build/Release-iphonesimulator/XEngineSDK.build/XEngineSDK-all-non-framework-target-headers.hmap -ivfsoverlay /Users/edz/Library/Developer/Xcode/DerivedData/App-bytlbhqqorqzqidyjovihkqwnkia/Build/Intermediates.noindex/Pods.build/Release-iphonesimulator/XEngineSDK.build/all-product-headers.yaml -iquote /Users/edz/Library/Developer/Xcode/DerivedData/App-bytlbhqqorqzqidyjovihkqwnkia/Build/Intermediates.noindex/Pods.build/Release-iphonesimulator/XEngineSDK.build/XEngineSDK-project-headers.hmap -I/Users/edz/Library/Developer/Xcode/DerivedData/App-bytlbhqqorqzqidyjovihkqwnkia/Build/Products/Release-iphonesimulator/XEngineSDK/include -I/Users/edz/Library/Developer/Xcode/DerivedData/App-bytlbhqqorqzqidyjovihkqwnkia/Build/Intermediates.noindex/Pods.build/Release-iphonesimulator/XEngineSDK.build/DerivedSources-normal/x86_64 -I/Users/edz/Library/Developer/Xcode/DerivedData/App-bytlbhqqorqzqidyjovihkqwnkia/Build/Intermediates.noindex/Pods.build/Release-iphonesimulator/XEngineSDK.build/DerivedSources/x86_64 -I/Users/edz/Library/Developer/Xcode/DerivedData/App-bytlbhqqorqzqidyjovihkqwnkia/Build/Intermediates.noindex/Pods.build/Release-iphonesimulator/XEngineSDK.build/DerivedSources -F/Users/edz/Library/Developer/Xcode/DerivedData/App-bytlbhqqorqzqidyjovihkqwnkia/Build/Products/Release-iphonesimulator/XEngineSDK -F/Users/edz/Library/Developer/Xcode/DerivedData/App-bytlbhqqorqzqidyjovihkqwnkia/Build/Products/Release-iphonesimulator/AFNetworking -F/Users/edz/Library/Developer/Xcode/DerivedData/App-bytlbhqqorqzqidyjovihkqwnkia/Build/Products/Release-iphonesimulator/JSONModel -F/Users/edz/Library/Developer/Xcode/DerivedData/App-bytlbhqqorqzqidyjovihkqwnkia/Build/Products/Release-iphonesimulator/LSRFramework -F/Users/edz/Library/Developer/Xcode/DerivedData/App-bytlbhqqorqzqidyjovihkqwnkia/Build/Products/Release-iphonesimulator/MBProgressHUD -F/Users/edz/Library/Developer/Xcode/DerivedData/App-bytlbhqqorqzqidyjovihkqwnkia/Build/Products/Release-iphonesimulator/Masonry -F/Users/edz/Library/Developer/Xcode/DerivedData/App-bytlbhqqorqzqidyjovihkqwnkia/Build/Products/Release-iphonesimulator/SSZipArchive -Wincomplete-umbrella -w -Xanalyzer -analyzer-disable-all-checks -include /var/folders/4h/hxvz7hb959j4pw0pvbq686x00000gn/T/CocoaPods-Lint-20200722-25225-196xw43-UIModule/Pods/Target\ Support\ Files/XEngineSDK/XEngineSDK-prefix.pch -MMD -MT dependencies -MF /Users/edz/Library/Developer/Xcode/DerivedData/App-bytlbhqqorqzqidyjovihkqwnkia/Build/Intermediates.noindex/Pods.build/Release-iphonesimulator/XEngineSDK.build/Objects-normal/x86_64/Stack.d --serialize-diagnostics /Users/edz/Library/Developer/Xcode/DerivedData/App-bytlbhqqorqzqidyjovihkqwnkia/Build/Intermediates.noindex/Pods.build/Release-iphonesimulator/XEngineSDK.build/Objects-normal/x86_64/Stack.dia -c /var/folders/4h/hxvz7hb959j4pw0pvbq686x00000gn/T/CocoaPods-Lint-20200722-25225-196xw43-UIModule/Pods/XEngineSDK/XEngineSDK/WebViewPool/Stack.m -o /Users/edz/Library/Developer/Xcode/DerivedData/App-bytlbhqqorqzqidyjovihkqwnkia/Build/Intermediates.noindex/Pods.build/Release-iphonesimulator/XEngineSDK.build/Objects-normal/x86_64/Stack.o
    
    CompileC /Users/edz/Library/Developer/Xcode/DerivedData/App-bytlbhqqorqzqidyjovihkqwnkia/Build/Intermediates.noindex/Pods.build/Release-iphonesimulator/XEngineSDK.build/Objects-normal/x86_64/RequestFormDataModel.o /var/folders/4h/hxvz7hb959j4pw0pvbq686x00000gn/T/CocoaPods-Lint-20200722-25225-196xw43-UIModule/Pods/XEngineSDK/XEngineSDK/NetWorking/RequestFormDataModel.m normal x86_64 objective-c com.apple.compilers.llvm.clang.1_0.compiler (in target 'XEngineSDK' from project 'Pods')
        cd /var/folders/4h/hxvz7hb959j4pw0pvbq686x00000gn/T/CocoaPods-Lint-20200722-25225-196xw43-UIModule/Pods
        export LANG=en_US.US-ASCII
        /Applications/Xcode.app/Contents/Developer/Toolchains/XcodeDefault.xctoolchain/usr/bin/clang -x objective-c -target x86_64-apple-ios11.0-simulator -fmessage-length=0 -fdiagnostics-show-note-include-stack -fmacro-backtrace-limit=0 -std=gnu11 -fobjc-arc -fmodules -gmodules -fmodules-cache-path=/Users/edz/Library/Developer/Xcode/DerivedData/ModuleCache.noindex -fmodules-prune-interval=86400 -fmodules-prune-after=345600 -fbuild-session-file=/Users/edz/Library/Developer/Xcode/DerivedData/ModuleCache.noindex/Session.modulevalidation -fmodules-validate-once-per-build-session -fmodule-name=XEngineSDK -Wno-trigraphs -fpascal-strings -Os -fno-common -Wno-missing-field-initializers -Wno-missing-prototypes -Werror=return-type -Wdocumentation -Wunreachable-code -Wno-implicit-atomic-properties -Werror=deprecated-objc-isa-usage -Wno-objc-interface-ivars -Werror=objc-root-class -Wno-arc-repeated-use-of-weak -Wimplicit-retain-self -Wduplicate-method-match -Wno-missing-braces -Wparentheses -Wswitch -Wunused-function -Wno-unused-label -Wno-unused-parameter -Wunused-variable -Wunused-value -Wempty-body -Wuninitialized -Wconditional-uninitialized -Wno-unknown-pragmas -Wno-shadow -Wno-four-char-constants -Wno-conversion -Wconstant-conversion -Wint-conversion -Wbool-conversion -Wenum-conversion -Wno-float-conversion -Wnon-literal-null-conversion -Wobjc-literal-conversion -Wshorten-64-to-32 -Wpointer-sign -Wno-newline-eof -Wno-selector -Wno-strict-selector-match -Wundeclared-selector -Wdeprecated-implementations -DPOD_CONFIGURATION_RELEASE=1 -DCOCOAPODS=1 -DNS_BLOCK_ASSERTIONS=1 -DOBJC_OLD_DISPATCH_PROTOTYPES=0 -isysroot /Applications/Xcode.app/Contents/Developer/Platforms/iPhoneSimulator.platform/Developer/SDKs/iPhoneSimulator13.5.sdk -fasm-blocks -fstrict-aliasing -Wprotocol -Wdeprecated-declarations -g -Wno-sign-conversion -Winfinite-recursion -Wcomma -Wblock-capture-autoreleasing -Wstrict-prototypes -Wno-semicolon-before-method-body -Wunguarded-availability -fobjc-abi-version=2 -fobjc-legacy-dispatch -iquote /Users/edz/Library/Developer/Xcode/DerivedData/App-bytlbhqqorqzqidyjovihkqwnkia/Build/Intermediates.noindex/Pods.build/Release-iphonesimulator/XEngineSDK.build/XEngineSDK-generated-files.hmap -I/Users/edz/Library/Developer/Xcode/DerivedData/App-bytlbhqqorqzqidyjovihkqwnkia/Build/Intermediates.noindex/Pods.build/Release-iphonesimulator/XEngineSDK.build/XEngineSDK-own-target-headers.hmap -I/Users/edz/Library/Developer/Xcode/DerivedData/App-bytlbhqqorqzqidyjovihkqwnkia/Build/Intermediates.noindex/Pods.build/Release-iphonesimulator/XEngineSDK.build/XEngineSDK-all-non-framework-target-headers.hmap -ivfsoverlay /Users/edz/Library/Developer/Xcode/DerivedData/App-bytlbhqqorqzqidyjovihkqwnkia/Build/Intermediates.noindex/Pods.build/Release-iphonesimulator/XEngineSDK.build/all-product-headers.yaml -iquote /Users/edz/Library/Developer/Xcode/DerivedData/App-bytlbhqqorqzqidyjovihkqwnkia/Build/Intermediates.noindex/Pods.build/Release-iphonesimulator/XEngineSDK.build/XEngineSDK-project-headers.hmap -I/Users/edz/Library/Developer/Xcode/DerivedData/App-bytlbhqqorqzqidyjovihkqwnkia/Build/Products/Release-iphonesimulator/XEngineSDK/include -I/Users/edz/Library/Developer/Xcode/DerivedData/App-bytlbhqqorqzqidyjovihkqwnkia/Build/Intermediates.noindex/Pods.build/Release-iphonesimulator/XEngineSDK.build/DerivedSources-normal/x86_64 -I/Users/edz/Library/Developer/Xcode/DerivedData/App-bytlbhqqorqzqidyjovihkqwnkia/Build/Intermediates.noindex/Pods.build/Release-iphonesimulator/XEngineSDK.build/DerivedSources/x86_64 -I/Users/edz/Library/Developer/Xcode/DerivedData/App-bytlbhqqorqzqidyjovihkqwnkia/Build/Intermediates.noindex/Pods.build/Release-iphonesimulator/XEngineSDK.build/DerivedSources -F/Users/edz/Library/Developer/Xcode/DerivedData/App-bytlbhqqorqzqidyjovihkqwnkia/Build/Products/Release-iphonesimulator/XEngineSDK -F/Users/edz/Library/Developer/Xcode/DerivedData/App-bytlbhqqorqzqidyjovihkqwnkia/Build/Products/Release-iphonesimulator/AFNetworking -F/Users/edz/Library/Developer/Xcode/DerivedData/App-bytlbhqqorqzqidyjovihkqwnkia/Build/Products/Release-iphonesimulator/JSONModel -F/Users/edz/Library/Developer/Xcode/DerivedData/App-bytlbhqqorqzqidyjovihkqwnkia/Build/Products/Release-iphonesimulator/LSRFramework -F/Users/edz/Library/Developer/Xcode/DerivedData/App-bytlbhqqorqzqidyjovihkqwnkia/Build/Products/Release-iphonesimulator/MBProgressHUD -F/Users/edz/Library/Developer/Xcode/DerivedData/App-bytlbhqqorqzqidyjovihkqwnkia/Build/Products/Release-iphonesimulator/Masonry -F/Users/edz/Library/Developer/Xcode/DerivedData/App-bytlbhqqorqzqidyjovihkqwnkia/Build/Products/Release-iphonesimulator/SSZipArchive -Wincomplete-umbrella -w -Xanalyzer -analyzer-disable-all-checks -include /var/folders/4h/hxvz7hb959j4pw0pvbq686x00000gn/T/CocoaPods-Lint-20200722-25225-196xw43-UIModule/Pods/Target\ Support\ Files/XEngineSDK/XEngineSDK-prefix.pch -MMD -MT dependencies -MF /Users/edz/Library/Developer/Xcode/DerivedData/App-bytlbhqqorqzqidyjovihkqwnkia/Build/Intermediates.noindex/Pods.build/Release-iphonesimulator/XEngineSDK.build/Objects-normal/x86_64/RequestFormDataModel.d --serialize-diagnostics /Users/edz/Library/Developer/Xcode/DerivedData/App-bytlbhqqorqzqidyjovihkqwnkia/Build/Intermediates.noindex/Pods.build/Release-iphonesimulator/XEngineSDK.build/Objects-normal/x86_64/RequestFormDataModel.dia -c /var/folders/4h/hxvz7hb959j4pw0pvbq686x00000gn/T/CocoaPods-Lint-20200722-25225-196xw43-UIModule/Pods/XEngineSDK/XEngineSDK/NetWorking/RequestFormDataModel.m -o /Users/edz/Library/Developer/Xcode/DerivedData/App-bytlbhqqorqzqidyjovihkqwnkia/Build/Intermediates.noindex/Pods.build/Release-iphonesimulator/XEngineSDK.build/Objects-normal/x86_64/RequestFormDataModel.o
    
    CompileC /Users/edz/Library/Developer/Xcode/DerivedData/App-bytlbhqqorqzqidyjovihkqwnkia/Build/Intermediates.noindex/Pods.build/Release-iphonesimulator/XEngineSDK.build/Objects-normal/x86_64/RequestCore.o /var/folders/4h/hxvz7hb959j4pw0pvbq686x00000gn/T/CocoaPods-Lint-20200722-25225-196xw43-UIModule/Pods/XEngineSDK/XEngineSDK/NetWorking/RequestCore.m normal x86_64 objective-c com.apple.compilers.llvm.clang.1_0.compiler (in target 'XEngineSDK' from project 'Pods')
        cd /var/folders/4h/hxvz7hb959j4pw0pvbq686x00000gn/T/CocoaPods-Lint-20200722-25225-196xw43-UIModule/Pods
        export LANG=en_US.US-ASCII
        /Applications/Xcode.app/Contents/Developer/Toolchains/XcodeDefault.xctoolchain/usr/bin/clang -x objective-c -target x86_64-apple-ios11.0-simulator -fmessage-length=0 -fdiagnostics-show-note-include-stack -fmacro-backtrace-limit=0 -std=gnu11 -fobjc-arc -fmodules -gmodules -fmodules-cache-path=/Users/edz/Library/Developer/Xcode/DerivedData/ModuleCache.noindex -fmodules-prune-interval=86400 -fmodules-prune-after=345600 -fbuild-session-file=/Users/edz/Library/Developer/Xcode/DerivedData/ModuleCache.noindex/Session.modulevalidation -fmodules-validate-once-per-build-session -fmodule-name=XEngineSDK -Wno-trigraphs -fpascal-strings -Os -fno-common -Wno-missing-field-initializers -Wno-missing-prototypes -Werror=return-type -Wdocumentation -Wunreachable-code -Wno-implicit-atomic-properties -Werror=deprecated-objc-isa-usage -Wno-objc-interface-ivars -Werror=objc-root-class -Wno-arc-repeated-use-of-weak -Wimplicit-retain-self -Wduplicate-method-match -Wno-missing-braces -Wparentheses -Wswitch -Wunused-function -Wno-unused-label -Wno-unused-parameter -Wunused-variable -Wunused-value -Wempty-body -Wuninitialized -Wconditional-uninitialized -Wno-unknown-pragmas -Wno-shadow -Wno-four-char-constants -Wno-conversion -Wconstant-conversion -Wint-conversion -Wbool-conversion -Wenum-conversion -Wno-float-conversion -Wnon-literal-null-conversion -Wobjc-literal-conversion -Wshorten-64-to-32 -Wpointer-sign -Wno-newline-eof -Wno-selector -Wno-strict-selector-match -Wundeclared-selector -Wdeprecated-implementations -DPOD_CONFIGURATION_RELEASE=1 -DCOCOAPODS=1 -DNS_BLOCK_ASSERTIONS=1 -DOBJC_OLD_DISPATCH_PROTOTYPES=0 -isysroot /Applications/Xcode.app/Contents/Developer/Platforms/iPhoneSimulator.platform/Developer/SDKs/iPhoneSimulator13.5.sdk -fasm-blocks -fstrict-aliasing -Wprotocol -Wdeprecated-declarations -g -Wno-sign-conversion -Winfinite-recursion -Wcomma -Wblock-capture-autoreleasing -Wstrict-prototypes -Wno-semicolon-before-method-body -Wunguarded-availability -fobjc-abi-version=2 -fobjc-legacy-dispatch -iquote /Users/edz/Library/Developer/Xcode/DerivedData/App-bytlbhqqorqzqidyjovihkqwnkia/Build/Intermediates.noindex/Pods.build/Release-iphonesimulator/XEngineSDK.build/XEngineSDK-generated-files.hmap -I/Users/edz/Library/Developer/Xcode/DerivedData/App-bytlbhqqorqzqidyjovihkqwnkia/Build/Intermediates.noindex/Pods.build/Release-iphonesimulator/XEngineSDK.build/XEngineSDK-own-target-headers.hmap -I/Users/edz/Library/Developer/Xcode/DerivedData/App-bytlbhqqorqzqidyjovihkqwnkia/Build/Intermediates.noindex/Pods.build/Release-iphonesimulator/XEngineSDK.build/XEngineSDK-all-non-framework-target-headers.hmap -ivfsoverlay /Users/edz/Library/Developer/Xcode/DerivedData/App-bytlbhqqorqzqidyjovihkqwnkia/Build/Intermediates.noindex/Pods.build/Release-iphonesimulator/XEngineSDK.build/all-product-headers.yaml -iquote /Users/edz/Library/Developer/Xcode/DerivedData/App-bytlbhqqorqzqidyjovihkqwnkia/Build/Intermediates.noindex/Pods.build/Release-iphonesimulator/XEngineSDK.build/XEngineSDK-project-headers.hmap -I/Users/edz/Library/Developer/Xcode/DerivedData/App-bytlbhqqorqzqidyjovihkqwnkia/Build/Products/Release-iphonesimulator/XEngineSDK/include -I/Users/edz/Library/Developer/Xcode/DerivedData/App-bytlbhqqorqzqidyjovihkqwnkia/Build/Intermediates.noindex/Pods.build/Release-iphonesimulator/XEngineSDK.build/DerivedSources-normal/x86_64 -I/Users/edz/Library/Developer/Xcode/DerivedData/App-bytlbhqqorqzqidyjovihkqwnkia/Build/Intermediates.noindex/Pods.build/Release-iphonesimulator/XEngineSDK.build/DerivedSources/x86_64 -I/Users/edz/Library/Developer/Xcode/DerivedData/App-bytlbhqqorqzqidyjovihkqwnkia/Build/Intermediates.noindex/Pods.build/Release-iphonesimulator/XEngineSDK.build/DerivedSources -F/Users/edz/Library/Developer/Xcode/DerivedData/App-bytlbhqqorqzqidyjovihkqwnkia/Build/Products/Release-iphonesimulator/XEngineSDK -F/Users/edz/Library/Developer/Xcode/DerivedData/App-bytlbhqqorqzqidyjovihkqwnkia/Build/Products/Release-iphonesimulator/AFNetworking -F/Users/edz/Library/Developer/Xcode/DerivedData/App-bytlbhqqorqzqidyjovihkqwnkia/Build/Products/Release-iphonesimulator/JSONModel -F/Users/edz/Library/Developer/Xcode/DerivedData/App-bytlbhqqorqzqidyjovihkqwnkia/Build/Products/Release-iphonesimulator/LSRFramework -F/Users/edz/Library/Developer/Xcode/DerivedData/App-bytlbhqqorqzqidyjovihkqwnkia/Build/Products/Release-iphonesimulator/MBProgressHUD -F/Users/edz/Library/Developer/Xcode/DerivedData/App-bytlbhqqorqzqidyjovihkqwnkia/Build/Products/Release-iphonesimulator/Masonry -F/Users/edz/Library/Developer/Xcode/DerivedData/App-bytlbhqqorqzqidyjovihkqwnkia/Build/Products/Release-iphonesimulator/SSZipArchive -Wincomplete-umbrella -w -Xanalyzer -analyzer-disable-all-checks -include /var/folders/4h/hxvz7hb959j4pw0pvbq686x00000gn/T/CocoaPods-Lint-20200722-25225-196xw43-UIModule/Pods/Target\ Support\ Files/XEngineSDK/XEngineSDK-prefix.pch -MMD -MT dependencies -MF /Users/edz/Library/Developer/Xcode/DerivedData/App-bytlbhqqorqzqidyjovihkqwnkia/Build/Intermediates.noindex/Pods.build/Release-iphonesimulator/XEngineSDK.build/Objects-normal/x86_64/RequestCore.d --serialize-diagnostics /Users/edz/Library/Developer/Xcode/DerivedData/App-bytlbhqqorqzqidyjovihkqwnkia/Build/Intermediates.noindex/Pods.build/Release-iphonesimulator/XEngineSDK.build/Objects-normal/x86_64/RequestCore.dia -c /var/folders/4h/hxvz7hb959j4pw0pvbq686x00000gn/T/CocoaPods-Lint-20200722-25225-196xw43-UIModule/Pods/XEngineSDK/XEngineSDK/NetWorking/RequestCore.m -o /Users/edz/Library/Developer/Xcode/DerivedData/App-bytlbhqqorqzqidyjovihkqwnkia/Build/Intermediates.noindex/Pods.build/Release-iphonesimulator/XEngineSDK.build/Objects-normal/x86_64/RequestCore.o
    
    CompileC /Users/edz/Library/Developer/Xcode/DerivedData/App-bytlbhqqorqzqidyjovihkqwnkia/Build/Intermediates.noindex/Pods.build/Release-iphonesimulator/XEngineSDK.build/Objects-normal/x86_64/RequestCore+Protected.o /var/folders/4h/hxvz7hb959j4pw0pvbq686x00000gn/T/CocoaPods-Lint-20200722-25225-196xw43-UIModule/Pods/XEngineSDK/XEngineSDK/NetWorking/RequestCore+Protected.m normal x86_64 objective-c com.apple.compilers.llvm.clang.1_0.compiler (in target 'XEngineSDK' from project 'Pods')
        cd /var/folders/4h/hxvz7hb959j4pw0pvbq686x00000gn/T/CocoaPods-Lint-20200722-25225-196xw43-UIModule/Pods
        export LANG=en_US.US-ASCII
        /Applications/Xcode.app/Contents/Developer/Toolchains/XcodeDefault.xctoolchain/usr/bin/clang -x objective-c -target x86_64-apple-ios11.0-simulator -fmessage-length=0 -fdiagnostics-show-note-include-stack -fmacro-backtrace-limit=0 -std=gnu11 -fobjc-arc -fmodules -gmodules -fmodules-cache-path=/Users/edz/Library/Developer/Xcode/DerivedData/ModuleCache.noindex -fmodules-prune-interval=86400 -fmodules-prune-after=345600 -fbuild-session-file=/Users/edz/Library/Developer/Xcode/DerivedData/ModuleCache.noindex/Session.modulevalidation -fmodules-validate-once-per-build-session -fmodule-name=XEngineSDK -Wno-trigraphs -fpascal-strings -Os -fno-common -Wno-missing-field-initializers -Wno-missing-prototypes -Werror=return-type -Wdocumentation -Wunreachable-code -Wno-implicit-atomic-properties -Werror=deprecated-objc-isa-usage -Wno-objc-interface-ivars -Werror=objc-root-class -Wno-arc-repeated-use-of-weak -Wimplicit-retain-self -Wduplicate-method-match -Wno-missing-braces -Wparentheses -Wswitch -Wunused-function -Wno-unused-label -Wno-unused-parameter -Wunused-variable -Wunused-value -Wempty-body -Wuninitialized -Wconditional-uninitialized -Wno-unknown-pragmas -Wno-shadow -Wno-four-char-constants -Wno-conversion -Wconstant-conversion -Wint-conversion -Wbool-conversion -Wenum-conversion -Wno-float-conversion -Wnon-literal-null-conversion -Wobjc-literal-conversion -Wshorten-64-to-32 -Wpointer-sign -Wno-newline-eof -Wno-selector -Wno-strict-selector-match -Wundeclared-selector -Wdeprecated-implementations -DPOD_CONFIGURATION_RELEASE=1 -DCOCOAPODS=1 -DNS_BLOCK_ASSERTIONS=1 -DOBJC_OLD_DISPATCH_PROTOTYPES=0 -isysroot /Applications/Xcode.app/Contents/Developer/Platforms/iPhoneSimulator.platform/Developer/SDKs/iPhoneSimulator13.5.sdk -fasm-blocks -fstrict-aliasing -Wprotocol -Wdeprecated-declarations -g -Wno-sign-conversion -Winfinite-recursion -Wcomma -Wblock-capture-autoreleasing -Wstrict-prototypes -Wno-semicolon-before-method-body -Wunguarded-availability -fobjc-abi-version=2 -fobjc-legacy-dispatch -iquote /Users/edz/Library/Developer/Xcode/DerivedData/App-bytlbhqqorqzqidyjovihkqwnkia/Build/Intermediates.noindex/Pods.build/Release-iphonesimulator/XEngineSDK.build/XEngineSDK-generated-files.hmap -I/Users/edz/Library/Developer/Xcode/DerivedData/App-bytlbhqqorqzqidyjovihkqwnkia/Build/Intermediates.noindex/Pods.build/Release-iphonesimulator/XEngineSDK.build/XEngineSDK-own-target-headers.hmap -I/Users/edz/Library/Developer/Xcode/DerivedData/App-bytlbhqqorqzqidyjovihkqwnkia/Build/Intermediates.noindex/Pods.build/Release-iphonesimulator/XEngineSDK.build/XEngineSDK-all-non-framework-target-headers.hmap -ivfsoverlay /Users/edz/Library/Developer/Xcode/DerivedData/App-bytlbhqqorqzqidyjovihkqwnkia/Build/Intermediates.noindex/Pods.build/Release-iphonesimulator/XEngineSDK.build/all-product-headers.yaml -iquote /Users/edz/Library/Developer/Xcode/DerivedData/App-bytlbhqqorqzqidyjovihkqwnkia/Build/Intermediates.noindex/Pods.build/Release-iphonesimulator/XEngineSDK.build/XEngineSDK-project-headers.hmap -I/Users/edz/Library/Developer/Xcode/DerivedData/App-bytlbhqqorqzqidyjovihkqwnkia/Build/Products/Release-iphonesimulator/XEngineSDK/include -I/Users/edz/Library/Developer/Xcode/DerivedData/App-bytlbhqqorqzqidyjovihkqwnkia/Build/Intermediates.noindex/Pods.build/Release-iphonesimulator/XEngineSDK.build/DerivedSources-normal/x86_64 -I/Users/edz/Library/Developer/Xcode/DerivedData/App-bytlbhqqorqzqidyjovihkqwnkia/Build/Intermediates.noindex/Pods.build/Release-iphonesimulator/XEngineSDK.build/DerivedSources/x86_64 -I/Users/edz/Library/Developer/Xcode/DerivedData/App-bytlbhqqorqzqidyjovihkqwnkia/Build/Intermediates.noindex/Pods.build/Release-iphonesimulator/XEngineSDK.build/DerivedSources -F/Users/edz/Library/Developer/Xcode/DerivedData/App-bytlbhqqorqzqidyjovihkqwnkia/Build/Products/Release-iphonesimulator/XEngineSDK -F/Users/edz/Library/Developer/Xcode/DerivedData/App-bytlbhqqorqzqidyjovihkqwnkia/Build/Products/Release-iphonesimulator/AFNetworking -F/Users/edz/Library/Developer/Xcode/DerivedData/App-bytlbhqqorqzqidyjovihkqwnkia/Build/Products/Release-iphonesimulator/JSONModel -F/Users/edz/Library/Developer/Xcode/DerivedData/App-bytlbhqqorqzqidyjovihkqwnkia/Build/Products/Release-iphonesimulator/LSRFramework -F/Users/edz/Library/Developer/Xcode/DerivedData/App-bytlbhqqorqzqidyjovihkqwnkia/Build/Products/Release-iphonesimulator/MBProgressHUD -F/Users/edz/Library/Developer/Xcode/DerivedData/App-bytlbhqqorqzqidyjovihkqwnkia/Build/Products/Release-iphonesimulator/Masonry -F/Users/edz/Library/Developer/Xcode/DerivedData/App-bytlbhqqorqzqidyjovihkqwnkia/Build/Products/Release-iphonesimulator/SSZipArchive -Wincomplete-umbrella -w -Xanalyzer -analyzer-disable-all-checks -include /var/folders/4h/hxvz7hb959j4pw0pvbq686x00000gn/T/CocoaPods-Lint-20200722-25225-196xw43-UIModule/Pods/Target\ Support\ Files/XEngineSDK/XEngineSDK-prefix.pch -MMD -MT dependencies -MF /Users/edz/Library/Developer/Xcode/DerivedData/App-bytlbhqqorqzqidyjovihkqwnkia/Build/Intermediates.noindex/Pods.build/Release-iphonesimulator/XEngineSDK.build/Objects-normal/x86_64/RequestCore+Protected.d --serialize-diagnostics /Users/edz/Library/Developer/Xcode/DerivedData/App-bytlbhqqorqzqidyjovihkqwnkia/Build/Intermediates.noindex/Pods.build/Release-iphonesimulator/XEngineSDK.build/Objects-normal/x86_64/RequestCore+Protected.dia -c /var/folders/4h/hxvz7hb959j4pw0pvbq686x00000gn/T/CocoaPods-Lint-20200722-25225-196xw43-UIModule/Pods/XEngineSDK/XEngineSDK/NetWorking/RequestCore+Protected.m -o /Users/edz/Library/Developer/Xcode/DerivedData/App-bytlbhqqorqzqidyjovihkqwnkia/Build/Intermediates.noindex/Pods.build/Release-iphonesimulator/XEngineSDK.build/Objects-normal/x86_64/RequestCore+Protected.o
    
    CompileC /Users/edz/Library/Developer/Xcode/DerivedData/App-bytlbhqqorqzqidyjovihkqwnkia/Build/Intermediates.noindex/Pods.build/Release-iphonesimulator/XEngineSDK.build/Objects-normal/x86_64/RequestCore+Customized.o /var/folders/4h/hxvz7hb959j4pw0pvbq686x00000gn/T/CocoaPods-Lint-20200722-25225-196xw43-UIModule/Pods/XEngineSDK/XEngineSDK/NetWorking/RequestCore+Customized.m normal x86_64 objective-c com.apple.compilers.llvm.clang.1_0.compiler (in target 'XEngineSDK' from project 'Pods')
        cd /var/folders/4h/hxvz7hb959j4pw0pvbq686x00000gn/T/CocoaPods-Lint-20200722-25225-196xw43-UIModule/Pods
        export LANG=en_US.US-ASCII
        /Applications/Xcode.app/Contents/Developer/Toolchains/XcodeDefault.xctoolchain/usr/bin/clang -x objective-c -target x86_64-apple-ios11.0-simulator -fmessage-length=0 -fdiagnostics-show-note-include-stack -fmacro-backtrace-limit=0 -std=gnu11 -fobjc-arc -fmodules -gmodules -fmodules-cache-path=/Users/edz/Library/Developer/Xcode/DerivedData/ModuleCache.noindex -fmodules-prune-interval=86400 -fmodules-prune-after=345600 -fbuild-session-file=/Users/edz/Library/Developer/Xcode/DerivedData/ModuleCache.noindex/Session.modulevalidation -fmodules-validate-once-per-build-session -fmodule-name=XEngineSDK -Wno-trigraphs -fpascal-strings -Os -fno-common -Wno-missing-field-initializers -Wno-missing-prototypes -Werror=return-type -Wdocumentation -Wunreachable-code -Wno-implicit-atomic-properties -Werror=deprecated-objc-isa-usage -Wno-objc-interface-ivars -Werror=objc-root-class -Wno-arc-repeated-use-of-weak -Wimplicit-retain-self -Wduplicate-method-match -Wno-missing-braces -Wparentheses -Wswitch -Wunused-function -Wno-unused-label -Wno-unused-parameter -Wunused-variable -Wunused-value -Wempty-body -Wuninitialized -Wconditional-uninitialized -Wno-unknown-pragmas -Wno-shadow -Wno-four-char-constants -Wno-conversion -Wconstant-conversion -Wint-conversion -Wbool-conversion -Wenum-conversion -Wno-float-conversion -Wnon-literal-null-conversion -Wobjc-literal-conversion -Wshorten-64-to-32 -Wpointer-sign -Wno-newline-eof -Wno-selector -Wno-strict-selector-match -Wundeclared-selector -Wdeprecated-implementations -DPOD_CONFIGURATION_RELEASE=1 -DCOCOAPODS=1 -DNS_BLOCK_ASSERTIONS=1 -DOBJC_OLD_DISPATCH_PROTOTYPES=0 -isysroot /Applications/Xcode.app/Contents/Developer/Platforms/iPhoneSimulator.platform/Developer/SDKs/iPhoneSimulator13.5.sdk -fasm-blocks -fstrict-aliasing -Wprotocol -Wdeprecated-declarations -g -Wno-sign-conversion -Winfinite-recursion -Wcomma -Wblock-capture-autoreleasing -Wstrict-prototypes -Wno-semicolon-before-method-body -Wunguarded-availability -fobjc-abi-version=2 -fobjc-legacy-dispatch -iquote /Users/edz/Library/Developer/Xcode/DerivedData/App-bytlbhqqorqzqidyjovihkqwnkia/Build/Intermediates.noindex/Pods.build/Release-iphonesimulator/XEngineSDK.build/XEngineSDK-generated-files.hmap -I/Users/edz/Library/Developer/Xcode/DerivedData/App-bytlbhqqorqzqidyjovihkqwnkia/Build/Intermediates.noindex/Pods.build/Release-iphonesimulator/XEngineSDK.build/XEngineSDK-own-target-headers.hmap -I/Users/edz/Library/Developer/Xcode/DerivedData/App-bytlbhqqorqzqidyjovihkqwnkia/Build/Intermediates.noindex/Pods.build/Release-iphonesimulator/XEngineSDK.build/XEngineSDK-all-non-framework-target-headers.hmap -ivfsoverlay /Users/edz/Library/Developer/Xcode/DerivedData/App-bytlbhqqorqzqidyjovihkqwnkia/Build/Intermediates.noindex/Pods.build/Release-iphonesimulator/XEngineSDK.build/all-product-headers.yaml -iquote /Users/edz/Library/Developer/Xcode/DerivedData/App-bytlbhqqorqzqidyjovihkqwnkia/Build/Intermediates.noindex/Pods.build/Release-iphonesimulator/XEngineSDK.build/XEngineSDK-project-headers.hmap -I/Users/edz/Library/Developer/Xcode/DerivedData/App-bytlbhqqorqzqidyjovihkqwnkia/Build/Products/Release-iphonesimulator/XEngineSDK/include -I/Users/edz/Library/Developer/Xcode/DerivedData/App-bytlbhqqorqzqidyjovihkqwnkia/Build/Intermediates.noindex/Pods.build/Release-iphonesimulator/XEngineSDK.build/DerivedSources-normal/x86_64 -I/Users/edz/Library/Developer/Xcode/DerivedData/App-bytlbhqqorqzqidyjovihkqwnkia/Build/Intermediates.noindex/Pods.build/Release-iphonesimulator/XEngineSDK.build/DerivedSources/x86_64 -I/Users/edz/Library/Developer/Xcode/DerivedData/App-bytlbhqqorqzqidyjovihkqwnkia/Build/Intermediates.noindex/Pods.build/Release-iphonesimulator/XEngineSDK.build/DerivedSources -F/Users/edz/Library/Developer/Xcode/DerivedData/App-bytlbhqqorqzqidyjovihkqwnkia/Build/Products/Release-iphonesimulator/XEngineSDK -F/Users/edz/Library/Developer/Xcode/DerivedData/App-bytlbhqqorqzqidyjovihkqwnkia/Build/Products/Release-iphonesimulator/AFNetworking -F/Users/edz/Library/Developer/Xcode/DerivedData/App-bytlbhqqorqzqidyjovihkqwnkia/Build/Products/Release-iphonesimulator/JSONModel -F/Users/edz/Library/Developer/Xcode/DerivedData/App-bytlbhqqorqzqidyjovihkqwnkia/Build/Products/Release-iphonesimulator/LSRFramework -F/Users/edz/Library/Developer/Xcode/DerivedData/App-bytlbhqqorqzqidyjovihkqwnkia/Build/Products/Release-iphonesimulator/MBProgressHUD -F/Users/edz/Library/Developer/Xcode/DerivedData/App-bytlbhqqorqzqidyjovihkqwnkia/Build/Products/Release-iphonesimulator/Masonry -F/Users/edz/Library/Developer/Xcode/DerivedData/App-bytlbhqqorqzqidyjovihkqwnkia/Build/Products/Release-iphonesimulator/SSZipArchive -Wincomplete-umbrella -w -Xanalyzer -analyzer-disable-all-checks -include /var/folders/4h/hxvz7hb959j4pw0pvbq686x00000gn/T/CocoaPods-Lint-20200722-25225-196xw43-UIModule/Pods/Target\ Support\ Files/XEngineSDK/XEngineSDK-prefix.pch -MMD -MT dependencies -MF /Users/edz/Library/Developer/Xcode/DerivedData/App-bytlbhqqorqzqidyjovihkqwnkia/Build/Intermediates.noindex/Pods.build/Release-iphonesimulator/XEngineSDK.build/Objects-normal/x86_64/RequestCore+Customized.d --serialize-diagnostics /Users/edz/Library/Developer/Xcode/DerivedData/App-bytlbhqqorqzqidyjovihkqwnkia/Build/Intermediates.noindex/Pods.build/Release-iphonesimulator/XEngineSDK.build/Objects-normal/x86_64/RequestCore+Customized.dia -c /var/folders/4h/hxvz7hb959j4pw0pvbq686x00000gn/T/CocoaPods-Lint-20200722-25225-196xw43-UIModule/Pods/XEngineSDK/XEngineSDK/NetWorking/RequestCore+Customized.m -o /Users/edz/Library/Developer/Xcode/DerivedData/App-bytlbhqqorqzqidyjovihkqwnkia/Build/Intermediates.noindex/Pods.build/Release-iphonesimulator/XEngineSDK.build/Objects-normal/x86_64/RequestCore+Customized.o
    
    CompileC /Users/edz/Library/Developer/Xcode/DerivedData/App-bytlbhqqorqzqidyjovihkqwnkia/Build/Intermediates.noindex/Pods.build/Release-iphonesimulator/XEngineSDK.build/Objects-normal/x86_64/RecyleWebViewController.o /var/folders/4h/hxvz7hb959j4pw0pvbq686x00000gn/T/CocoaPods-Lint-20200722-25225-196xw43-UIModule/Pods/XEngineSDK/XEngineSDK/XEngineWebViewController/RecyleWebViewController.m normal x86_64 objective-c com.apple.compilers.llvm.clang.1_0.compiler (in target 'XEngineSDK' from project 'Pods')
        cd /var/folders/4h/hxvz7hb959j4pw0pvbq686x00000gn/T/CocoaPods-Lint-20200722-25225-196xw43-UIModule/Pods
        export LANG=en_US.US-ASCII
        /Applications/Xcode.app/Contents/Developer/Toolchains/XcodeDefault.xctoolchain/usr/bin/clang -x objective-c -target x86_64-apple-ios11.0-simulator -fmessage-length=0 -fdiagnostics-show-note-include-stack -fmacro-backtrace-limit=0 -std=gnu11 -fobjc-arc -fmodules -gmodules -fmodules-cache-path=/Users/edz/Library/Developer/Xcode/DerivedData/ModuleCache.noindex -fmodules-prune-interval=86400 -fmodules-prune-after=345600 -fbuild-session-file=/Users/edz/Library/Developer/Xcode/DerivedData/ModuleCache.noindex/Session.modulevalidation -fmodules-validate-once-per-build-session -fmodule-name=XEngineSDK -Wno-trigraphs -fpascal-strings -Os -fno-common -Wno-missing-field-initializers -Wno-missing-prototypes -Werror=return-type -Wdocumentation -Wunreachable-code -Wno-implicit-atomic-properties -Werror=deprecated-objc-isa-usage -Wno-objc-interface-ivars -Werror=objc-root-class -Wno-arc-repeated-use-of-weak -Wimplicit-retain-self -Wduplicate-method-match -Wno-missing-braces -Wparentheses -Wswitch -Wunused-function -Wno-unused-label -Wno-unused-parameter -Wunused-variable -Wunused-value -Wempty-body -Wuninitialized -Wconditional-uninitialized -Wno-unknown-pragmas -Wno-shadow -Wno-four-char-constants -Wno-conversion -Wconstant-conversion -Wint-conversion -Wbool-conversion -Wenum-conversion -Wno-float-conversion -Wnon-literal-null-conversion -Wobjc-literal-conversion -Wshorten-64-to-32 -Wpointer-sign -Wno-newline-eof -Wno-selector -Wno-strict-selector-match -Wundeclared-selector -Wdeprecated-implementations -DPOD_CONFIGURATION_RELEASE=1 -DCOCOAPODS=1 -DNS_BLOCK_ASSERTIONS=1 -DOBJC_OLD_DISPATCH_PROTOTYPES=0 -isysroot /Applications/Xcode.app/Contents/Developer/Platforms/iPhoneSimulator.platform/Developer/SDKs/iPhoneSimulator13.5.sdk -fasm-blocks -fstrict-aliasing -Wprotocol -Wdeprecated-declarations -g -Wno-sign-conversion -Winfinite-recursion -Wcomma -Wblock-capture-autoreleasing -Wstrict-prototypes -Wno-semicolon-before-method-body -Wunguarded-availability -fobjc-abi-version=2 -fobjc-legacy-dispatch -iquote /Users/edz/Library/Developer/Xcode/DerivedData/App-bytlbhqqorqzqidyjovihkqwnkia/Build/Intermediates.noindex/Pods.build/Release-iphonesimulator/XEngineSDK.build/XEngineSDK-generated-files.hmap -I/Users/edz/Library/Developer/Xcode/DerivedData/App-bytlbhqqorqzqidyjovihkqwnkia/Build/Intermediates.noindex/Pods.build/Release-iphonesimulator/XEngineSDK.build/XEngineSDK-own-target-headers.hmap -I/Users/edz/Library/Developer/Xcode/DerivedData/App-bytlbhqqorqzqidyjovihkqwnkia/Build/Intermediates.noindex/Pods.build/Release-iphonesimulator/XEngineSDK.build/XEngineSDK-all-non-framework-target-headers.hmap -ivfsoverlay /Users/edz/Library/Developer/Xcode/DerivedData/App-bytlbhqqorqzqidyjovihkqwnkia/Build/Intermediates.noindex/Pods.build/Release-iphonesimulator/XEngineSDK.build/all-product-headers.yaml -iquote /Users/edz/Library/Developer/Xcode/DerivedData/App-bytlbhqqorqzqidyjovihkqwnkia/Build/Intermediates.noindex/Pods.build/Release-iphonesimulator/XEngineSDK.build/XEngineSDK-project-headers.hmap -I/Users/edz/Library/Developer/Xcode/DerivedData/App-bytlbhqqorqzqidyjovihkqwnkia/Build/Products/Release-iphonesimulator/XEngineSDK/include -I/Users/edz/Library/Developer/Xcode/DerivedData/App-bytlbhqqorqzqidyjovihkqwnkia/Build/Intermediates.noindex/Pods.build/Release-iphonesimulator/XEngineSDK.build/DerivedSources-normal/x86_64 -I/Users/edz/Library/Developer/Xcode/DerivedData/App-bytlbhqqorqzqidyjovihkqwnkia/Build/Intermediates.noindex/Pods.build/Release-iphonesimulator/XEngineSDK.build/DerivedSources/x86_64 -I/Users/edz/Library/Developer/Xcode/DerivedData/App-bytlbhqqorqzqidyjovihkqwnkia/Build/Intermediates.noindex/Pods.build/Release-iphonesimulator/XEngineSDK.build/DerivedSources -F/Users/edz/Library/Developer/Xcode/DerivedData/App-bytlbhqqorqzqidyjovihkqwnkia/Build/Products/Release-iphonesimulator/XEngineSDK -F/Users/edz/Library/Developer/Xcode/DerivedData/App-bytlbhqqorqzqidyjovihkqwnkia/Build/Products/Release-iphonesimulator/AFNetworking -F/Users/edz/Library/Developer/Xcode/DerivedData/App-bytlbhqqorqzqidyjovihkqwnkia/Build/Products/Release-iphonesimulator/JSONModel -F/Users/edz/Library/Developer/Xcode/DerivedData/App-bytlbhqqorqzqidyjovihkqwnkia/Build/Products/Release-iphonesimulator/LSRFramework -F/Users/edz/Library/Developer/Xcode/DerivedData/App-bytlbhqqorqzqidyjovihkqwnkia/Build/Products/Release-iphonesimulator/MBProgressHUD -F/Users/edz/Library/Developer/Xcode/DerivedData/App-bytlbhqqorqzqidyjovihkqwnkia/Build/Products/Release-iphonesimulator/Masonry -F/Users/edz/Library/Developer/Xcode/DerivedData/App-bytlbhqqorqzqidyjovihkqwnkia/Build/Products/Release-iphonesimulator/SSZipArchive -Wincomplete-umbrella -w -Xanalyzer -analyzer-disable-all-checks -include /var/folders/4h/hxvz7hb959j4pw0pvbq686x00000gn/T/CocoaPods-Lint-20200722-25225-196xw43-UIModule/Pods/Target\ Support\ Files/XEngineSDK/XEngineSDK-prefix.pch -MMD -MT dependencies -MF /Users/edz/Library/Developer/Xcode/DerivedData/App-bytlbhqqorqzqidyjovihkqwnkia/Build/Intermediates.noindex/Pods.build/Release-iphonesimulator/XEngineSDK.build/Objects-normal/x86_64/RecyleWebViewController.d --serialize-diagnostics /Users/edz/Library/Developer/Xcode/DerivedData/App-bytlbhqqorqzqidyjovihkqwnkia/Build/Intermediates.noindex/Pods.build/Release-iphonesimulator/XEngineSDK.build/Objects-normal/x86_64/RecyleWebViewController.dia -c /var/folders/4h/hxvz7hb959j4pw0pvbq686x00000gn/T/CocoaPods-Lint-20200722-25225-196xw43-UIModule/Pods/XEngineSDK/XEngineSDK/XEngineWebViewController/RecyleWebViewController.m -o /Users/edz/Library/Developer/Xcode/DerivedData/App-bytlbhqqorqzqidyjovihkqwnkia/Build/Intermediates.noindex/Pods.build/Release-iphonesimulator/XEngineSDK.build/Objects-normal/x86_64/RecyleWebViewController.o
    
    CompileC /Users/edz/Library/Developer/Xcode/DerivedData/App-bytlbhqqorqzqidyjovihkqwnkia/Build/Intermediates.noindex/Pods.build/Release-iphonesimulator/XEngineSDK.build/Objects-normal/x86_64/Queue.o /var/folders/4h/hxvz7hb959j4pw0pvbq686x00000gn/T/CocoaPods-Lint-20200722-25225-196xw43-UIModule/Pods/XEngineSDK/XEngineSDK/WebViewPool/Queue.m normal x86_64 objective-c com.apple.compilers.llvm.clang.1_0.compiler (in target 'XEngineSDK' from project 'Pods')
        cd /var/folders/4h/hxvz7hb959j4pw0pvbq686x00000gn/T/CocoaPods-Lint-20200722-25225-196xw43-UIModule/Pods
        export LANG=en_US.US-ASCII
        /Applications/Xcode.app/Contents/Developer/Toolchains/XcodeDefault.xctoolchain/usr/bin/clang -x objective-c -target x86_64-apple-ios11.0-simulator -fmessage-length=0 -fdiagnostics-show-note-include-stack -fmacro-backtrace-limit=0 -std=gnu11 -fobjc-arc -fmodules -gmodules -fmodules-cache-path=/Users/edz/Library/Developer/Xcode/DerivedData/ModuleCache.noindex -fmodules-prune-interval=86400 -fmodules-prune-after=345600 -fbuild-session-file=/Users/edz/Library/Developer/Xcode/DerivedData/ModuleCache.noindex/Session.modulevalidation -fmodules-validate-once-per-build-session -fmodule-name=XEngineSDK -Wno-trigraphs -fpascal-strings -Os -fno-common -Wno-missing-field-initializers -Wno-missing-prototypes -Werror=return-type -Wdocumentation -Wunreachable-code -Wno-implicit-atomic-properties -Werror=deprecated-objc-isa-usage -Wno-objc-interface-ivars -Werror=objc-root-class -Wno-arc-repeated-use-of-weak -Wimplicit-retain-self -Wduplicate-method-match -Wno-missing-braces -Wparentheses -Wswitch -Wunused-function -Wno-unused-label -Wno-unused-parameter -Wunused-variable -Wunused-value -Wempty-body -Wuninitialized -Wconditional-uninitialized -Wno-unknown-pragmas -Wno-shadow -Wno-four-char-constants -Wno-conversion -Wconstant-conversion -Wint-conversion -Wbool-conversion -Wenum-conversion -Wno-float-conversion -Wnon-literal-null-conversion -Wobjc-literal-conversion -Wshorten-64-to-32 -Wpointer-sign -Wno-newline-eof -Wno-selector -Wno-strict-selector-match -Wundeclared-selector -Wdeprecated-implementations -DPOD_CONFIGURATION_RELEASE=1 -DCOCOAPODS=1 -DNS_BLOCK_ASSERTIONS=1 -DOBJC_OLD_DISPATCH_PROTOTYPES=0 -isysroot /Applications/Xcode.app/Contents/Developer/Platforms/iPhoneSimulator.platform/Developer/SDKs/iPhoneSimulator13.5.sdk -fasm-blocks -fstrict-aliasing -Wprotocol -Wdeprecated-declarations -g -Wno-sign-conversion -Winfinite-recursion -Wcomma -Wblock-capture-autoreleasing -Wstrict-prototypes -Wno-semicolon-before-method-body -Wunguarded-availability -fobjc-abi-version=2 -fobjc-legacy-dispatch -iquote /Users/edz/Library/Developer/Xcode/DerivedData/App-bytlbhqqorqzqidyjovihkqwnkia/Build/Intermediates.noindex/Pods.build/Release-iphonesimulator/XEngineSDK.build/XEngineSDK-generated-files.hmap -I/Users/edz/Library/Developer/Xcode/DerivedData/App-bytlbhqqorqzqidyjovihkqwnkia/Build/Intermediates.noindex/Pods.build/Release-iphonesimulator/XEngineSDK.build/XEngineSDK-own-target-headers.hmap -I/Users/edz/Library/Developer/Xcode/DerivedData/App-bytlbhqqorqzqidyjovihkqwnkia/Build/Intermediates.noindex/Pods.build/Release-iphonesimulator/XEngineSDK.build/XEngineSDK-all-non-framework-target-headers.hmap -ivfsoverlay /Users/edz/Library/Developer/Xcode/DerivedData/App-bytlbhqqorqzqidyjovihkqwnkia/Build/Intermediates.noindex/Pods.build/Release-iphonesimulator/XEngineSDK.build/all-product-headers.yaml -iquote /Users/edz/Library/Developer/Xcode/DerivedData/App-bytlbhqqorqzqidyjovihkqwnkia/Build/Intermediates.noindex/Pods.build/Release-iphonesimulator/XEngineSDK.build/XEngineSDK-project-headers.hmap -I/Users/edz/Library/Developer/Xcode/DerivedData/App-bytlbhqqorqzqidyjovihkqwnkia/Build/Products/Release-iphonesimulator/XEngineSDK/include -I/Users/edz/Library/Developer/Xcode/DerivedData/App-bytlbhqqorqzqidyjovihkqwnkia/Build/Intermediates.noindex/Pods.build/Release-iphonesimulator/XEngineSDK.build/DerivedSources-normal/x86_64 -I/Users/edz/Library/Developer/Xcode/DerivedData/App-bytlbhqqorqzqidyjovihkqwnkia/Build/Intermediates.noindex/Pods.build/Release-iphonesimulator/XEngineSDK.build/DerivedSources/x86_64 -I/Users/edz/Library/Developer/Xcode/DerivedData/App-bytlbhqqorqzqidyjovihkqwnkia/Build/Intermediates.noindex/Pods.build/Release-iphonesimulator/XEngineSDK.build/DerivedSources -F/Users/edz/Library/Developer/Xcode/DerivedData/App-bytlbhqqorqzqidyjovihkqwnkia/Build/Products/Release-iphonesimulator/XEngineSDK -F/Users/edz/Library/Developer/Xcode/DerivedData/App-bytlbhqqorqzqidyjovihkqwnkia/Build/Products/Release-iphonesimulator/AFNetworking -F/Users/edz/Library/Developer/Xcode/DerivedData/App-bytlbhqqorqzqidyjovihkqwnkia/Build/Products/Release-iphonesimulator/JSONModel -F/Users/edz/Library/Developer/Xcode/DerivedData/App-bytlbhqqorqzqidyjovihkqwnkia/Build/Products/Release-iphonesimulator/LSRFramework -F/Users/edz/Library/Developer/Xcode/DerivedData/App-bytlbhqqorqzqidyjovihkqwnkia/Build/Products/Release-iphonesimulator/MBProgressHUD -F/Users/edz/Library/Developer/Xcode/DerivedData/App-bytlbhqqorqzqidyjovihkqwnkia/Build/Products/Release-iphonesimulator/Masonry -F/Users/edz/Library/Developer/Xcode/DerivedData/App-bytlbhqqorqzqidyjovihkqwnkia/Build/Products/Release-iphonesimulator/SSZipArchive -Wincomplete-umbrella -w -Xanalyzer -analyzer-disable-all-checks -include /var/folders/4h/hxvz7hb959j4pw0pvbq686x00000gn/T/CocoaPods-Lint-20200722-25225-196xw43-UIModule/Pods/Target\ Support\ Files/XEngineSDK/XEngineSDK-prefix.pch -MMD -MT dependencies -MF /Users/edz/Library/Developer/Xcode/DerivedData/App-bytlbhqqorqzqidyjovihkqwnkia/Build/Intermediates.noindex/Pods.build/Release-iphonesimulator/XEngineSDK.build/Objects-normal/x86_64/Queue.d --serialize-diagnostics /Users/edz/Library/Developer/Xcode/DerivedData/App-bytlbhqqorqzqidyjovihkqwnkia/Build/Intermediates.noindex/Pods.build/Release-iphonesimulator/XEngineSDK.build/Objects-normal/x86_64/Queue.dia -c /var/folders/4h/hxvz7hb959j4pw0pvbq686x00000gn/T/CocoaPods-Lint-20200722-25225-196xw43-UIModule/Pods/XEngineSDK/XEngineSDK/WebViewPool/Queue.m -o /Users/edz/Library/Developer/Xcode/DerivedData/App-bytlbhqqorqzqidyjovihkqwnkia/Build/Intermediates.noindex/Pods.build/Release-iphonesimulator/XEngineSDK.build/Objects-normal/x86_64/Queue.o
    
    CompileC /Users/edz/Library/Developer/Xcode/DerivedData/App-bytlbhqqorqzqidyjovihkqwnkia/Build/Intermediates.noindex/Pods.build/Release-iphonesimulator/XEngineSDK.build/Objects-normal/x86_64/PublicData.o /var/folders/4h/hxvz7hb959j4pw0pvbq686x00000gn/T/CocoaPods-Lint-20200722-25225-196xw43-UIModule/Pods/XEngineSDK/XEngineSDK/UserData/PublicData.m normal x86_64 objective-c com.apple.compilers.llvm.clang.1_0.compiler (in target 'XEngineSDK' from project 'Pods')
        cd /var/folders/4h/hxvz7hb959j4pw0pvbq686x00000gn/T/CocoaPods-Lint-20200722-25225-196xw43-UIModule/Pods
        export LANG=en_US.US-ASCII
        /Applications/Xcode.app/Contents/Developer/Toolchains/XcodeDefault.xctoolchain/usr/bin/clang -x objective-c -target x86_64-apple-ios11.0-simulator -fmessage-length=0 -fdiagnostics-show-note-include-stack -fmacro-backtrace-limit=0 -std=gnu11 -fobjc-arc -fmodules -gmodules -fmodules-cache-path=/Users/edz/Library/Developer/Xcode/DerivedData/ModuleCache.noindex -fmodules-prune-interval=86400 -fmodules-prune-after=345600 -fbuild-session-file=/Users/edz/Library/Developer/Xcode/DerivedData/ModuleCache.noindex/Session.modulevalidation -fmodules-validate-once-per-build-session -fmodule-name=XEngineSDK -Wno-trigraphs -fpascal-strings -Os -fno-common -Wno-missing-field-initializers -Wno-missing-prototypes -Werror=return-type -Wdocumentation -Wunreachable-code -Wno-implicit-atomic-properties -Werror=deprecated-objc-isa-usage -Wno-objc-interface-ivars -Werror=objc-root-class -Wno-arc-repeated-use-of-weak -Wimplicit-retain-self -Wduplicate-method-match -Wno-missing-braces -Wparentheses -Wswitch -Wunused-function -Wno-unused-label -Wno-unused-parameter -Wunused-variable -Wunused-value -Wempty-body -Wuninitialized -Wconditional-uninitialized -Wno-unknown-pragmas -Wno-shadow -Wno-four-char-constants -Wno-conversion -Wconstant-conversion -Wint-conversion -Wbool-conversion -Wenum-conversion -Wno-float-conversion -Wnon-literal-null-conversion -Wobjc-literal-conversion -Wshorten-64-to-32 -Wpointer-sign -Wno-newline-eof -Wno-selector -Wno-strict-selector-match -Wundeclared-selector -Wdeprecated-implementations -DPOD_CONFIGURATION_RELEASE=1 -DCOCOAPODS=1 -DNS_BLOCK_ASSERTIONS=1 -DOBJC_OLD_DISPATCH_PROTOTYPES=0 -isysroot /Applications/Xcode.app/Contents/Developer/Platforms/iPhoneSimulator.platform/Developer/SDKs/iPhoneSimulator13.5.sdk -fasm-blocks -fstrict-aliasing -Wprotocol -Wdeprecated-declarations -g -Wno-sign-conversion -Winfinite-recursion -Wcomma -Wblock-capture-autoreleasing -Wstrict-prototypes -Wno-semicolon-before-method-body -Wunguarded-availability -fobjc-abi-version=2 -fobjc-legacy-dispatch -iquote /Users/edz/Library/Developer/Xcode/DerivedData/App-bytlbhqqorqzqidyjovihkqwnkia/Build/Intermediates.noindex/Pods.build/Release-iphonesimulator/XEngineSDK.build/XEngineSDK-generated-files.hmap -I/Users/edz/Library/Developer/Xcode/DerivedData/App-bytlbhqqorqzqidyjovihkqwnkia/Build/Intermediates.noindex/Pods.build/Release-iphonesimulator/XEngineSDK.build/XEngineSDK-own-target-headers.hmap -I/Users/edz/Library/Developer/Xcode/DerivedData/App-bytlbhqqorqzqidyjovihkqwnkia/Build/Intermediates.noindex/Pods.build/Release-iphonesimulator/XEngineSDK.build/XEngineSDK-all-non-framework-target-headers.hmap -ivfsoverlay /Users/edz/Library/Developer/Xcode/DerivedData/App-bytlbhqqorqzqidyjovihkqwnkia/Build/Intermediates.noindex/Pods.build/Release-iphonesimulator/XEngineSDK.build/all-product-headers.yaml -iquote /Users/edz/Library/Developer/Xcode/DerivedData/App-bytlbhqqorqzqidyjovihkqwnkia/Build/Intermediates.noindex/Pods.build/Release-iphonesimulator/XEngineSDK.build/XEngineSDK-project-headers.hmap -I/Users/edz/Library/Developer/Xcode/DerivedData/App-bytlbhqqorqzqidyjovihkqwnkia/Build/Products/Release-iphonesimulator/XEngineSDK/include -I/Users/edz/Library/Developer/Xcode/DerivedData/App-bytlbhqqorqzqidyjovihkqwnkia/Build/Intermediates.noindex/Pods.build/Release-iphonesimulator/XEngineSDK.build/DerivedSources-normal/x86_64 -I/Users/edz/Library/Developer/Xcode/DerivedData/App-bytlbhqqorqzqidyjovihkqwnkia/Build/Intermediates.noindex/Pods.build/Release-iphonesimulator/XEngineSDK.build/DerivedSources/x86_64 -I/Users/edz/Library/Developer/Xcode/DerivedData/App-bytlbhqqorqzqidyjovihkqwnkia/Build/Intermediates.noindex/Pods.build/Release-iphonesimulator/XEngineSDK.build/DerivedSources -F/Users/edz/Library/Developer/Xcode/DerivedData/App-bytlbhqqorqzqidyjovihkqwnkia/Build/Products/Release-iphonesimulator/XEngineSDK -F/Users/edz/Library/Developer/Xcode/DerivedData/App-bytlbhqqorqzqidyjovihkqwnkia/Build/Products/Release-iphonesimulator/AFNetworking -F/Users/edz/Library/Developer/Xcode/DerivedData/App-bytlbhqqorqzqidyjovihkqwnkia/Build/Products/Release-iphonesimulator/JSONModel -F/Users/edz/Library/Developer/Xcode/DerivedData/App-bytlbhqqorqzqidyjovihkqwnkia/Build/Products/Release-iphonesimulator/LSRFramework -F/Users/edz/Library/Developer/Xcode/DerivedData/App-bytlbhqqorqzqidyjovihkqwnkia/Build/Products/Release-iphonesimulator/MBProgressHUD -F/Users/edz/Library/Developer/Xcode/DerivedData/App-bytlbhqqorqzqidyjovihkqwnkia/Build/Products/Release-iphonesimulator/Masonry -F/Users/edz/Library/Developer/Xcode/DerivedData/App-bytlbhqqorqzqidyjovihkqwnkia/Build/Products/Release-iphonesimulator/SSZipArchive -Wincomplete-umbrella -w -Xanalyzer -analyzer-disable-all-checks -include /var/folders/4h/hxvz7hb959j4pw0pvbq686x00000gn/T/CocoaPods-Lint-20200722-25225-196xw43-UIModule/Pods/Target\ Support\ Files/XEngineSDK/XEngineSDK-prefix.pch -MMD -MT dependencies -MF /Users/edz/Library/Developer/Xcode/DerivedData/App-bytlbhqqorqzqidyjovihkqwnkia/Build/Intermediates.noindex/Pods.build/Release-iphonesimulator/XEngineSDK.build/Objects-normal/x86_64/PublicData.d --serialize-diagnostics /Users/edz/Library/Developer/Xcode/DerivedData/App-bytlbhqqorqzqidyjovihkqwnkia/Build/Intermediates.noindex/Pods.build/Release-iphonesimulator/XEngineSDK.build/Objects-normal/x86_64/PublicData.dia -c /var/folders/4h/hxvz7hb959j4pw0pvbq686x00000gn/T/CocoaPods-Lint-20200722-25225-196xw43-UIModule/Pods/XEngineSDK/XEngineSDK/UserData/PublicData.m -o /Users/edz/Library/Developer/Xcode/DerivedData/App-bytlbhqqorqzqidyjovihkqwnkia/Build/Intermediates.noindex/Pods.build/Release-iphonesimulator/XEngineSDK.build/Objects-normal/x86_64/PublicData.o
    
    CompileC /Users/edz/Library/Developer/Xcode/DerivedData/App-bytlbhqqorqzqidyjovihkqwnkia/Build/Intermediates.noindex/Pods.build/Release-iphonesimulator/XEngineSDK.build/Objects-normal/x86_64/PublicData+Update.o /var/folders/4h/hxvz7hb959j4pw0pvbq686x00000gn/T/CocoaPods-Lint-20200722-25225-196xw43-UIModule/Pods/XEngineSDK/XEngineSDK/UserData/PublicData+Update.m normal x86_64 objective-c com.apple.compilers.llvm.clang.1_0.compiler (in target 'XEngineSDK' from project 'Pods')
        cd /var/folders/4h/hxvz7hb959j4pw0pvbq686x00000gn/T/CocoaPods-Lint-20200722-25225-196xw43-UIModule/Pods
        export LANG=en_US.US-ASCII
        /Applications/Xcode.app/Contents/Developer/Toolchains/XcodeDefault.xctoolchain/usr/bin/clang -x objective-c -target x86_64-apple-ios11.0-simulator -fmessage-length=0 -fdiagnostics-show-note-include-stack -fmacro-backtrace-limit=0 -std=gnu11 -fobjc-arc -fmodules -gmodules -fmodules-cache-path=/Users/edz/Library/Developer/Xcode/DerivedData/ModuleCache.noindex -fmodules-prune-interval=86400 -fmodules-prune-after=345600 -fbuild-session-file=/Users/edz/Library/Developer/Xcode/DerivedData/ModuleCache.noindex/Session.modulevalidation -fmodules-validate-once-per-build-session -fmodule-name=XEngineSDK -Wno-trigraphs -fpascal-strings -Os -fno-common -Wno-missing-field-initializers -Wno-missing-prototypes -Werror=return-type -Wdocumentation -Wunreachable-code -Wno-implicit-atomic-properties -Werror=deprecated-objc-isa-usage -Wno-objc-interface-ivars -Werror=objc-root-class -Wno-arc-repeated-use-of-weak -Wimplicit-retain-self -Wduplicate-method-match -Wno-missing-braces -Wparentheses -Wswitch -Wunused-function -Wno-unused-label -Wno-unused-parameter -Wunused-variable -Wunused-value -Wempty-body -Wuninitialized -Wconditional-uninitialized -Wno-unknown-pragmas -Wno-shadow -Wno-four-char-constants -Wno-conversion -Wconstant-conversion -Wint-conversion -Wbool-conversion -Wenum-conversion -Wno-float-conversion -Wnon-literal-null-conversion -Wobjc-literal-conversion -Wshorten-64-to-32 -Wpointer-sign -Wno-newline-eof -Wno-selector -Wno-strict-selector-match -Wundeclared-selector -Wdeprecated-implementations -DPOD_CONFIGURATION_RELEASE=1 -DCOCOAPODS=1 -DNS_BLOCK_ASSERTIONS=1 -DOBJC_OLD_DISPATCH_PROTOTYPES=0 -isysroot /Applications/Xcode.app/Contents/Developer/Platforms/iPhoneSimulator.platform/Developer/SDKs/iPhoneSimulator13.5.sdk -fasm-blocks -fstrict-aliasing -Wprotocol -Wdeprecated-declarations -g -Wno-sign-conversion -Winfinite-recursion -Wcomma -Wblock-capture-autoreleasing -Wstrict-prototypes -Wno-semicolon-before-method-body -Wunguarded-availability -fobjc-abi-version=2 -fobjc-legacy-dispatch -iquote /Users/edz/Library/Developer/Xcode/DerivedData/App-bytlbhqqorqzqidyjovihkqwnkia/Build/Intermediates.noindex/Pods.build/Release-iphonesimulator/XEngineSDK.build/XEngineSDK-generated-files.hmap -I/Users/edz/Library/Developer/Xcode/DerivedData/App-bytlbhqqorqzqidyjovihkqwnkia/Build/Intermediates.noindex/Pods.build/Release-iphonesimulator/XEngineSDK.build/XEngineSDK-own-target-headers.hmap -I/Users/edz/Library/Developer/Xcode/DerivedData/App-bytlbhqqorqzqidyjovihkqwnkia/Build/Intermediates.noindex/Pods.build/Release-iphonesimulator/XEngineSDK.build/XEngineSDK-all-non-framework-target-headers.hmap -ivfsoverlay /Users/edz/Library/Developer/Xcode/DerivedData/App-bytlbhqqorqzqidyjovihkqwnkia/Build/Intermediates.noindex/Pods.build/Release-iphonesimulator/XEngineSDK.build/all-product-headers.yaml -iquote /Users/edz/Library/Developer/Xcode/DerivedData/App-bytlbhqqorqzqidyjovihkqwnkia/Build/Intermediates.noindex/Pods.build/Release-iphonesimulator/XEngineSDK.build/XEngineSDK-project-headers.hmap -I/Users/edz/Library/Developer/Xcode/DerivedData/App-bytlbhqqorqzqidyjovihkqwnkia/Build/Products/Release-iphonesimulator/XEngineSDK/include -I/Users/edz/Library/Developer/Xcode/DerivedData/App-bytlbhqqorqzqidyjovihkqwnkia/Build/Intermediates.noindex/Pods.build/Release-iphonesimulator/XEngineSDK.build/DerivedSources-normal/x86_64 -I/Users/edz/Library/Developer/Xcode/DerivedData/App-bytlbhqqorqzqidyjovihkqwnkia/Build/Intermediates.noindex/Pods.build/Release-iphonesimulator/XEngineSDK.build/DerivedSources/x86_64 -I/Users/edz/Library/Developer/Xcode/DerivedData/App-bytlbhqqorqzqidyjovihkqwnkia/Build/Intermediates.noindex/Pods.build/Release-iphonesimulator/XEngineSDK.build/DerivedSources -F/Users/edz/Library/Developer/Xcode/DerivedData/App-bytlbhqqorqzqidyjovihkqwnkia/Build/Products/Release-iphonesimulator/XEngineSDK -F/Users/edz/Library/Developer/Xcode/DerivedData/App-bytlbhqqorqzqidyjovihkqwnkia/Build/Products/Release-iphonesimulator/AFNetworking -F/Users/edz/Library/Developer/Xcode/DerivedData/App-bytlbhqqorqzqidyjovihkqwnkia/Build/Products/Release-iphonesimulator/JSONModel -F/Users/edz/Library/Developer/Xcode/DerivedData/App-bytlbhqqorqzqidyjovihkqwnkia/Build/Products/Release-iphonesimulator/LSRFramework -F/Users/edz/Library/Developer/Xcode/DerivedData/App-bytlbhqqorqzqidyjovihkqwnkia/Build/Products/Release-iphonesimulator/MBProgressHUD -F/Users/edz/Library/Developer/Xcode/DerivedData/App-bytlbhqqorqzqidyjovihkqwnkia/Build/Products/Release-iphonesimulator/Masonry -F/Users/edz/Library/Developer/Xcode/DerivedData/App-bytlbhqqorqzqidyjovihkqwnkia/Build/Products/Release-iphonesimulator/SSZipArchive -Wincomplete-umbrella -w -Xanalyzer -analyzer-disable-all-checks -include /var/folders/4h/hxvz7hb959j4pw0pvbq686x00000gn/T/CocoaPods-Lint-20200722-25225-196xw43-UIModule/Pods/Target\ Support\ Files/XEngineSDK/XEngineSDK-prefix.pch -MMD -MT dependencies -MF /Users/edz/Library/Developer/Xcode/DerivedData/App-bytlbhqqorqzqidyjovihkqwnkia/Build/Intermediates.noindex/Pods.build/Release-iphonesimulator/XEngineSDK.build/Objects-normal/x86_64/PublicData+Update.d --serialize-diagnostics /Users/edz/Library/Developer/Xcode/DerivedData/App-bytlbhqqorqzqidyjovihkqwnkia/Build/Intermediates.noindex/Pods.build/Release-iphonesimulator/XEngineSDK.build/Objects-normal/x86_64/PublicData+Update.dia -c /var/folders/4h/hxvz7hb959j4pw0pvbq686x00000gn/T/CocoaPods-Lint-20200722-25225-196xw43-UIModule/Pods/XEngineSDK/XEngineSDK/UserData/PublicData+Update.m -o /Users/edz/Library/Developer/Xcode/DerivedData/App-bytlbhqqorqzqidyjovihkqwnkia/Build/Intermediates.noindex/Pods.build/Release-iphonesimulator/XEngineSDK.build/Objects-normal/x86_64/PublicData+Update.o
    
    CompileC /Users/edz/Library/Developer/Xcode/DerivedData/App-bytlbhqqorqzqidyjovihkqwnkia/Build/Intermediates.noindex/Pods.build/Release-iphonesimulator/XEngineSDK.build/Objects-normal/x86_64/PoolingList.o /var/folders/4h/hxvz7hb959j4pw0pvbq686x00000gn/T/CocoaPods-Lint-20200722-25225-196xw43-UIModule/Pods/XEngineSDK/XEngineSDK/WebViewPool/PoolingList.m normal x86_64 objective-c com.apple.compilers.llvm.clang.1_0.compiler (in target 'XEngineSDK' from project 'Pods')
        cd /var/folders/4h/hxvz7hb959j4pw0pvbq686x00000gn/T/CocoaPods-Lint-20200722-25225-196xw43-UIModule/Pods
        export LANG=en_US.US-ASCII
        /Applications/Xcode.app/Contents/Developer/Toolchains/XcodeDefault.xctoolchain/usr/bin/clang -x objective-c -target x86_64-apple-ios11.0-simulator -fmessage-length=0 -fdiagnostics-show-note-include-stack -fmacro-backtrace-limit=0 -std=gnu11 -fobjc-arc -fmodules -gmodules -fmodules-cache-path=/Users/edz/Library/Developer/Xcode/DerivedData/ModuleCache.noindex -fmodules-prune-interval=86400 -fmodules-prune-after=345600 -fbuild-session-file=/Users/edz/Library/Developer/Xcode/DerivedData/ModuleCache.noindex/Session.modulevalidation -fmodules-validate-once-per-build-session -fmodule-name=XEngineSDK -Wno-trigraphs -fpascal-strings -Os -fno-common -Wno-missing-field-initializers -Wno-missing-prototypes -Werror=return-type -Wdocumentation -Wunreachable-code -Wno-implicit-atomic-properties -Werror=deprecated-objc-isa-usage -Wno-objc-interface-ivars -Werror=objc-root-class -Wno-arc-repeated-use-of-weak -Wimplicit-retain-self -Wduplicate-method-match -Wno-missing-braces -Wparentheses -Wswitch -Wunused-function -Wno-unused-label -Wno-unused-parameter -Wunused-variable -Wunused-value -Wempty-body -Wuninitialized -Wconditional-uninitialized -Wno-unknown-pragmas -Wno-shadow -Wno-four-char-constants -Wno-conversion -Wconstant-conversion -Wint-conversion -Wbool-conversion -Wenum-conversion -Wno-float-conversion -Wnon-literal-null-conversion -Wobjc-literal-conversion -Wshorten-64-to-32 -Wpointer-sign -Wno-newline-eof -Wno-selector -Wno-strict-selector-match -Wundeclared-selector -Wdeprecated-implementations -DPOD_CONFIGURATION_RELEASE=1 -DCOCOAPODS=1 -DNS_BLOCK_ASSERTIONS=1 -DOBJC_OLD_DISPATCH_PROTOTYPES=0 -isysroot /Applications/Xcode.app/Contents/Developer/Platforms/iPhoneSimulator.platform/Developer/SDKs/iPhoneSimulator13.5.sdk -fasm-blocks -fstrict-aliasing -Wprotocol -Wdeprecated-declarations -g -Wno-sign-conversion -Winfinite-recursion -Wcomma -Wblock-capture-autoreleasing -Wstrict-prototypes -Wno-semicolon-before-method-body -Wunguarded-availability -fobjc-abi-version=2 -fobjc-legacy-dispatch -iquote /Users/edz/Library/Developer/Xcode/DerivedData/App-bytlbhqqorqzqidyjovihkqwnkia/Build/Intermediates.noindex/Pods.build/Release-iphonesimulator/XEngineSDK.build/XEngineSDK-generated-files.hmap -I/Users/edz/Library/Developer/Xcode/DerivedData/App-bytlbhqqorqzqidyjovihkqwnkia/Build/Intermediates.noindex/Pods.build/Release-iphonesimulator/XEngineSDK.build/XEngineSDK-own-target-headers.hmap -I/Users/edz/Library/Developer/Xcode/DerivedData/App-bytlbhqqorqzqidyjovihkqwnkia/Build/Intermediates.noindex/Pods.build/Release-iphonesimulator/XEngineSDK.build/XEngineSDK-all-non-framework-target-headers.hmap -ivfsoverlay /Users/edz/Library/Developer/Xcode/DerivedData/App-bytlbhqqorqzqidyjovihkqwnkia/Build/Intermediates.noindex/Pods.build/Release-iphonesimulator/XEngineSDK.build/all-product-headers.yaml -iquote /Users/edz/Library/Developer/Xcode/DerivedData/App-bytlbhqqorqzqidyjovihkqwnkia/Build/Intermediates.noindex/Pods.build/Release-iphonesimulator/XEngineSDK.build/XEngineSDK-project-headers.hmap -I/Users/edz/Library/Developer/Xcode/DerivedData/App-bytlbhqqorqzqidyjovihkqwnkia/Build/Products/Release-iphonesimulator/XEngineSDK/include -I/Users/edz/Library/Developer/Xcode/DerivedData/App-bytlbhqqorqzqidyjovihkqwnkia/Build/Intermediates.noindex/Pods.build/Release-iphonesimulator/XEngineSDK.build/DerivedSources-normal/x86_64 -I/Users/edz/Library/Developer/Xcode/DerivedData/App-bytlbhqqorqzqidyjovihkqwnkia/Build/Intermediates.noindex/Pods.build/Release-iphonesimulator/XEngineSDK.build/DerivedSources/x86_64 -I/Users/edz/Library/Developer/Xcode/DerivedData/App-bytlbhqqorqzqidyjovihkqwnkia/Build/Intermediates.noindex/Pods.build/Release-iphonesimulator/XEngineSDK.build/DerivedSources -F/Users/edz/Library/Developer/Xcode/DerivedData/App-bytlbhqqorqzqidyjovihkqwnkia/Build/Products/Release-iphonesimulator/XEngineSDK -F/Users/edz/Library/Developer/Xcode/DerivedData/App-bytlbhqqorqzqidyjovihkqwnkia/Build/Products/Release-iphonesimulator/AFNetworking -F/Users/edz/Library/Developer/Xcode/DerivedData/App-bytlbhqqorqzqidyjovihkqwnkia/Build/Products/Release-iphonesimulator/JSONModel -F/Users/edz/Library/Developer/Xcode/DerivedData/App-bytlbhqqorqzqidyjovihkqwnkia/Build/Products/Release-iphonesimulator/LSRFramework -F/Users/edz/Library/Developer/Xcode/DerivedData/App-bytlbhqqorqzqidyjovihkqwnkia/Build/Products/Release-iphonesimulator/MBProgressHUD -F/Users/edz/Library/Developer/Xcode/DerivedData/App-bytlbhqqorqzqidyjovihkqwnkia/Build/Products/Release-iphonesimulator/Masonry -F/Users/edz/Library/Developer/Xcode/DerivedData/App-bytlbhqqorqzqidyjovihkqwnkia/Build/Products/Release-iphonesimulator/SSZipArchive -Wincomplete-umbrella -w -Xanalyzer -analyzer-disable-all-checks -include /var/folders/4h/hxvz7hb959j4pw0pvbq686x00000gn/T/CocoaPods-Lint-20200722-25225-196xw43-UIModule/Pods/Target\ Support\ Files/XEngineSDK/XEngineSDK-prefix.pch -MMD -MT dependencies -MF /Users/edz/Library/Developer/Xcode/DerivedData/App-bytlbhqqorqzqidyjovihkqwnkia/Build/Intermediates.noindex/Pods.build/Release-iphonesimulator/XEngineSDK.build/Objects-normal/x86_64/PoolingList.d --serialize-diagnostics /Users/edz/Library/Developer/Xcode/DerivedData/App-bytlbhqqorqzqidyjovihkqwnkia/Build/Intermediates.noindex/Pods.build/Release-iphonesimulator/XEngineSDK.build/Objects-normal/x86_64/PoolingList.dia -c /var/folders/4h/hxvz7hb959j4pw0pvbq686x00000gn/T/CocoaPods-Lint-20200722-25225-196xw43-UIModule/Pods/XEngineSDK/XEngineSDK/WebViewPool/PoolingList.m -o /Users/edz/Library/Developer/Xcode/DerivedData/App-bytlbhqqorqzqidyjovihkqwnkia/Build/Intermediates.noindex/Pods.build/Release-iphonesimulator/XEngineSDK.build/Objects-normal/x86_64/PoolingList.o
    
    CompileC /Users/edz/Library/Developer/Xcode/DerivedData/App-bytlbhqqorqzqidyjovihkqwnkia/Build/Intermediates.noindex/Pods.build/Release-iphonesimulator/XEngineSDK.build/Objects-normal/x86_64/NSUserDefaults+Extension.o /var/folders/4h/hxvz7hb959j4pw0pvbq686x00000gn/T/CocoaPods-Lint-20200722-25225-196xw43-UIModule/Pods/XEngineSDK/XEngineSDK/UserData/NSUserDefaults+Extension.m normal x86_64 objective-c com.apple.compilers.llvm.clang.1_0.compiler (in target 'XEngineSDK' from project 'Pods')
        cd /var/folders/4h/hxvz7hb959j4pw0pvbq686x00000gn/T/CocoaPods-Lint-20200722-25225-196xw43-UIModule/Pods
        export LANG=en_US.US-ASCII
        /Applications/Xcode.app/Contents/Developer/Toolchains/XcodeDefault.xctoolchain/usr/bin/clang -x objective-c -target x86_64-apple-ios11.0-simulator -fmessage-length=0 -fdiagnostics-show-note-include-stack -fmacro-backtrace-limit=0 -std=gnu11 -fobjc-arc -fmodules -gmodules -fmodules-cache-path=/Users/edz/Library/Developer/Xcode/DerivedData/ModuleCache.noindex -fmodules-prune-interval=86400 -fmodules-prune-after=345600 -fbuild-session-file=/Users/edz/Library/Developer/Xcode/DerivedData/ModuleCache.noindex/Session.modulevalidation -fmodules-validate-once-per-build-session -fmodule-name=XEngineSDK -Wno-trigraphs -fpascal-strings -Os -fno-common -Wno-missing-field-initializers -Wno-missing-prototypes -Werror=return-type -Wdocumentation -Wunreachable-code -Wno-implicit-atomic-properties -Werror=deprecated-objc-isa-usage -Wno-objc-interface-ivars -Werror=objc-root-class -Wno-arc-repeated-use-of-weak -Wimplicit-retain-self -Wduplicate-method-match -Wno-missing-braces -Wparentheses -Wswitch -Wunused-function -Wno-unused-label -Wno-unused-parameter -Wunused-variable -Wunused-value -Wempty-body -Wuninitialized -Wconditional-uninitialized -Wno-unknown-pragmas -Wno-shadow -Wno-four-char-constants -Wno-conversion -Wconstant-conversion -Wint-conversion -Wbool-conversion -Wenum-conversion -Wno-float-conversion -Wnon-literal-null-conversion -Wobjc-literal-conversion -Wshorten-64-to-32 -Wpointer-sign -Wno-newline-eof -Wno-selector -Wno-strict-selector-match -Wundeclared-selector -Wdeprecated-implementations -DPOD_CONFIGURATION_RELEASE=1 -DCOCOAPODS=1 -DNS_BLOCK_ASSERTIONS=1 -DOBJC_OLD_DISPATCH_PROTOTYPES=0 -isysroot /Applications/Xcode.app/Contents/Developer/Platforms/iPhoneSimulator.platform/Developer/SDKs/iPhoneSimulator13.5.sdk -fasm-blocks -fstrict-aliasing -Wprotocol -Wdeprecated-declarations -g -Wno-sign-conversion -Winfinite-recursion -Wcomma -Wblock-capture-autoreleasing -Wstrict-prototypes -Wno-semicolon-before-method-body -Wunguarded-availability -fobjc-abi-version=2 -fobjc-legacy-dispatch -iquote /Users/edz/Library/Developer/Xcode/DerivedData/App-bytlbhqqorqzqidyjovihkqwnkia/Build/Intermediates.noindex/Pods.build/Release-iphonesimulator/XEngineSDK.build/XEngineSDK-generated-files.hmap -I/Users/edz/Library/Developer/Xcode/DerivedData/App-bytlbhqqorqzqidyjovihkqwnkia/Build/Intermediates.noindex/Pods.build/Release-iphonesimulator/XEngineSDK.build/XEngineSDK-own-target-headers.hmap -I/Users/edz/Library/Developer/Xcode/DerivedData/App-bytlbhqqorqzqidyjovihkqwnkia/Build/Intermediates.noindex/Pods.build/Release-iphonesimulator/XEngineSDK.build/XEngineSDK-all-non-framework-target-headers.hmap -ivfsoverlay /Users/edz/Library/Developer/Xcode/DerivedData/App-bytlbhqqorqzqidyjovihkqwnkia/Build/Intermediates.noindex/Pods.build/Release-iphonesimulator/XEngineSDK.build/all-product-headers.yaml -iquote /Users/edz/Library/Developer/Xcode/DerivedData/App-bytlbhqqorqzqidyjovihkqwnkia/Build/Intermediates.noindex/Pods.build/Release-iphonesimulator/XEngineSDK.build/XEngineSDK-project-headers.hmap -I/Users/edz/Library/Developer/Xcode/DerivedData/App-bytlbhqqorqzqidyjovihkqwnkia/Build/Products/Release-iphonesimulator/XEngineSDK/include -I/Users/edz/Library/Developer/Xcode/DerivedData/App-bytlbhqqorqzqidyjovihkqwnkia/Build/Intermediates.noindex/Pods.build/Release-iphonesimulator/XEngineSDK.build/DerivedSources-normal/x86_64 -I/Users/edz/Library/Developer/Xcode/DerivedData/App-bytlbhqqorqzqidyjovihkqwnkia/Build/Intermediates.noindex/Pods.build/Release-iphonesimulator/XEngineSDK.build/DerivedSources/x86_64 -I/Users/edz/Library/Developer/Xcode/DerivedData/App-bytlbhqqorqzqidyjovihkqwnkia/Build/Intermediates.noindex/Pods.build/Release-iphonesimulator/XEngineSDK.build/DerivedSources -F/Users/edz/Library/Developer/Xcode/DerivedData/App-bytlbhqqorqzqidyjovihkqwnkia/Build/Products/Release-iphonesimulator/XEngineSDK -F/Users/edz/Library/Developer/Xcode/DerivedData/App-bytlbhqqorqzqidyjovihkqwnkia/Build/Products/Release-iphonesimulator/AFNetworking -F/Users/edz/Library/Developer/Xcode/DerivedData/App-bytlbhqqorqzqidyjovihkqwnkia/Build/Products/Release-iphonesimulator/JSONModel -F/Users/edz/Library/Developer/Xcode/DerivedData/App-bytlbhqqorqzqidyjovihkqwnkia/Build/Products/Release-iphonesimulator/LSRFramework -F/Users/edz/Library/Developer/Xcode/DerivedData/App-bytlbhqqorqzqidyjovihkqwnkia/Build/Products/Release-iphonesimulator/MBProgressHUD -F/Users/edz/Library/Developer/Xcode/DerivedData/App-bytlbhqqorqzqidyjovihkqwnkia/Build/Products/Release-iphonesimulator/Masonry -F/Users/edz/Library/Developer/Xcode/DerivedData/App-bytlbhqqorqzqidyjovihkqwnkia/Build/Products/Release-iphonesimulator/SSZipArchive -Wincomplete-umbrella -w -Xanalyzer -analyzer-disable-all-checks -include /var/folders/4h/hxvz7hb959j4pw0pvbq686x00000gn/T/CocoaPods-Lint-20200722-25225-196xw43-UIModule/Pods/Target\ Support\ Files/XEngineSDK/XEngineSDK-prefix.pch -MMD -MT dependencies -MF /Users/edz/Library/Developer/Xcode/DerivedData/App-bytlbhqqorqzqidyjovihkqwnkia/Build/Intermediates.noindex/Pods.build/Release-iphonesimulator/XEngineSDK.build/Objects-normal/x86_64/NSUserDefaults+Extension.d --serialize-diagnostics /Users/edz/Library/Developer/Xcode/DerivedData/App-bytlbhqqorqzqidyjovihkqwnkia/Build/Intermediates.noindex/Pods.build/Release-iphonesimulator/XEngineSDK.build/Objects-normal/x86_64/NSUserDefaults+Extension.dia -c /var/folders/4h/hxvz7hb959j4pw0pvbq686x00000gn/T/CocoaPods-Lint-20200722-25225-196xw43-UIModule/Pods/XEngineSDK/XEngineSDK/UserData/NSUserDefaults+Extension.m -o /Users/edz/Library/Developer/Xcode/DerivedData/App-bytlbhqqorqzqidyjovihkqwnkia/Build/Intermediates.noindex/Pods.build/Release-iphonesimulator/XEngineSDK.build/Objects-normal/x86_64/NSUserDefaults+Extension.o
    
    CompileC /Users/edz/Library/Developer/Xcode/DerivedData/App-bytlbhqqorqzqidyjovihkqwnkia/Build/Intermediates.noindex/Pods.build/Release-iphonesimulator/XEngineSDK.build/Objects-normal/x86_64/NSString+Extras.o /var/folders/4h/hxvz7hb959j4pw0pvbq686x00000gn/T/CocoaPods-Lint-20200722-25225-196xw43-UIModule/Pods/XEngineSDK/XEngineSDK/Tools/NSString+Extras.m normal x86_64 objective-c com.apple.compilers.llvm.clang.1_0.compiler (in target 'XEngineSDK' from project 'Pods')
        cd /var/folders/4h/hxvz7hb959j4pw0pvbq686x00000gn/T/CocoaPods-Lint-20200722-25225-196xw43-UIModule/Pods
        export LANG=en_US.US-ASCII
        /Applications/Xcode.app/Contents/Developer/Toolchains/XcodeDefault.xctoolchain/usr/bin/clang -x objective-c -target x86_64-apple-ios11.0-simulator -fmessage-length=0 -fdiagnostics-show-note-include-stack -fmacro-backtrace-limit=0 -std=gnu11 -fobjc-arc -fmodules -gmodules -fmodules-cache-path=/Users/edz/Library/Developer/Xcode/DerivedData/ModuleCache.noindex -fmodules-prune-interval=86400 -fmodules-prune-after=345600 -fbuild-session-file=/Users/edz/Library/Developer/Xcode/DerivedData/ModuleCache.noindex/Session.modulevalidation -fmodules-validate-once-per-build-session -fmodule-name=XEngineSDK -Wno-trigraphs -fpascal-strings -Os -fno-common -Wno-missing-field-initializers -Wno-missing-prototypes -Werror=return-type -Wdocumentation -Wunreachable-code -Wno-implicit-atomic-properties -Werror=deprecated-objc-isa-usage -Wno-objc-interface-ivars -Werror=objc-root-class -Wno-arc-repeated-use-of-weak -Wimplicit-retain-self -Wduplicate-method-match -Wno-missing-braces -Wparentheses -Wswitch -Wunused-function -Wno-unused-label -Wno-unused-parameter -Wunused-variable -Wunused-value -Wempty-body -Wuninitialized -Wconditional-uninitialized -Wno-unknown-pragmas -Wno-shadow -Wno-four-char-constants -Wno-conversion -Wconstant-conversion -Wint-conversion -Wbool-conversion -Wenum-conversion -Wno-float-conversion -Wnon-literal-null-conversion -Wobjc-literal-conversion -Wshorten-64-to-32 -Wpointer-sign -Wno-newline-eof -Wno-selector -Wno-strict-selector-match -Wundeclared-selector -Wdeprecated-implementations -DPOD_CONFIGURATION_RELEASE=1 -DCOCOAPODS=1 -DNS_BLOCK_ASSERTIONS=1 -DOBJC_OLD_DISPATCH_PROTOTYPES=0 -isysroot /Applications/Xcode.app/Contents/Developer/Platforms/iPhoneSimulator.platform/Developer/SDKs/iPhoneSimulator13.5.sdk -fasm-blocks -fstrict-aliasing -Wprotocol -Wdeprecated-declarations -g -Wno-sign-conversion -Winfinite-recursion -Wcomma -Wblock-capture-autoreleasing -Wstrict-prototypes -Wno-semicolon-before-method-body -Wunguarded-availability -fobjc-abi-version=2 -fobjc-legacy-dispatch -iquote /Users/edz/Library/Developer/Xcode/DerivedData/App-bytlbhqqorqzqidyjovihkqwnkia/Build/Intermediates.noindex/Pods.build/Release-iphonesimulator/XEngineSDK.build/XEngineSDK-generated-files.hmap -I/Users/edz/Library/Developer/Xcode/DerivedData/App-bytlbhqqorqzqidyjovihkqwnkia/Build/Intermediates.noindex/Pods.build/Release-iphonesimulator/XEngineSDK.build/XEngineSDK-own-target-headers.hmap -I/Users/edz/Library/Developer/Xcode/DerivedData/App-bytlbhqqorqzqidyjovihkqwnkia/Build/Intermediates.noindex/Pods.build/Release-iphonesimulator/XEngineSDK.build/XEngineSDK-all-non-framework-target-headers.hmap -ivfsoverlay /Users/edz/Library/Developer/Xcode/DerivedData/App-bytlbhqqorqzqidyjovihkqwnkia/Build/Intermediates.noindex/Pods.build/Release-iphonesimulator/XEngineSDK.build/all-product-headers.yaml -iquote /Users/edz/Library/Developer/Xcode/DerivedData/App-bytlbhqqorqzqidyjovihkqwnkia/Build/Intermediates.noindex/Pods.build/Release-iphonesimulator/XEngineSDK.build/XEngineSDK-project-headers.hmap -I/Users/edz/Library/Developer/Xcode/DerivedData/App-bytlbhqqorqzqidyjovihkqwnkia/Build/Products/Release-iphonesimulator/XEngineSDK/include -I/Users/edz/Library/Developer/Xcode/DerivedData/App-bytlbhqqorqzqidyjovihkqwnkia/Build/Intermediates.noindex/Pods.build/Release-iphonesimulator/XEngineSDK.build/DerivedSources-normal/x86_64 -I/Users/edz/Library/Developer/Xcode/DerivedData/App-bytlbhqqorqzqidyjovihkqwnkia/Build/Intermediates.noindex/Pods.build/Release-iphonesimulator/XEngineSDK.build/DerivedSources/x86_64 -I/Users/edz/Library/Developer/Xcode/DerivedData/App-bytlbhqqorqzqidyjovihkqwnkia/Build/Intermediates.noindex/Pods.build/Release-iphonesimulator/XEngineSDK.build/DerivedSources -F/Users/edz/Library/Developer/Xcode/DerivedData/App-bytlbhqqorqzqidyjovihkqwnkia/Build/Products/Release-iphonesimulator/XEngineSDK -F/Users/edz/Library/Developer/Xcode/DerivedData/App-bytlbhqqorqzqidyjovihkqwnkia/Build/Products/Release-iphonesimulator/AFNetworking -F/Users/edz/Library/Developer/Xcode/DerivedData/App-bytlbhqqorqzqidyjovihkqwnkia/Build/Products/Release-iphonesimulator/JSONModel -F/Users/edz/Library/Developer/Xcode/DerivedData/App-bytlbhqqorqzqidyjovihkqwnkia/Build/Products/Release-iphonesimulator/LSRFramework -F/Users/edz/Library/Developer/Xcode/DerivedData/App-bytlbhqqorqzqidyjovihkqwnkia/Build/Products/Release-iphonesimulator/MBProgressHUD -F/Users/edz/Library/Developer/Xcode/DerivedData/App-bytlbhqqorqzqidyjovihkqwnkia/Build/Products/Release-iphonesimulator/Masonry -F/Users/edz/Library/Developer/Xcode/DerivedData/App-bytlbhqqorqzqidyjovihkqwnkia/Build/Products/Release-iphonesimulator/SSZipArchive -Wincomplete-umbrella -w -Xanalyzer -analyzer-disable-all-checks -include /var/folders/4h/hxvz7hb959j4pw0pvbq686x00000gn/T/CocoaPods-Lint-20200722-25225-196xw43-UIModule/Pods/Target\ Support\ Files/XEngineSDK/XEngineSDK-prefix.pch -MMD -MT dependencies -MF /Users/edz/Library/Developer/Xcode/DerivedData/App-bytlbhqqorqzqidyjovihkqwnkia/Build/Intermediates.noindex/Pods.build/Release-iphonesimulator/XEngineSDK.build/Objects-normal/x86_64/NSString+Extras.d --serialize-diagnostics /Users/edz/Library/Developer/Xcode/DerivedData/App-bytlbhqqorqzqidyjovihkqwnkia/Build/Intermediates.noindex/Pods.build/Release-iphonesimulator/XEngineSDK.build/Objects-normal/x86_64/NSString+Extras.dia -c /var/folders/4h/hxvz7hb959j4pw0pvbq686x00000gn/T/CocoaPods-Lint-20200722-25225-196xw43-UIModule/Pods/XEngineSDK/XEngineSDK/Tools/NSString+Extras.m -o /Users/edz/Library/Developer/Xcode/DerivedData/App-bytlbhqqorqzqidyjovihkqwnkia/Build/Intermediates.noindex/Pods.build/Release-iphonesimulator/XEngineSDK.build/Objects-normal/x86_64/NSString+Extras.o
    
    CompileC /Users/edz/Library/Developer/Xcode/DerivedData/App-bytlbhqqorqzqidyjovihkqwnkia/Build/Intermediates.noindex/Pods.build/Release-iphonesimulator/XEngineSDK.build/Objects-normal/x86_64/NSObject+CacheLocalized.o /var/folders/4h/hxvz7hb959j4pw0pvbq686x00000gn/T/CocoaPods-Lint-20200722-25225-196xw43-UIModule/Pods/XEngineSDK/XEngineSDK/Tools/NSObject+CacheLocalized.m normal x86_64 objective-c com.apple.compilers.llvm.clang.1_0.compiler (in target 'XEngineSDK' from project 'Pods')
        cd /var/folders/4h/hxvz7hb959j4pw0pvbq686x00000gn/T/CocoaPods-Lint-20200722-25225-196xw43-UIModule/Pods
        export LANG=en_US.US-ASCII
        /Applications/Xcode.app/Contents/Developer/Toolchains/XcodeDefault.xctoolchain/usr/bin/clang -x objective-c -target x86_64-apple-ios11.0-simulator -fmessage-length=0 -fdiagnostics-show-note-include-stack -fmacro-backtrace-limit=0 -std=gnu11 -fobjc-arc -fmodules -gmodules -fmodules-cache-path=/Users/edz/Library/Developer/Xcode/DerivedData/ModuleCache.noindex -fmodules-prune-interval=86400 -fmodules-prune-after=345600 -fbuild-session-file=/Users/edz/Library/Developer/Xcode/DerivedData/ModuleCache.noindex/Session.modulevalidation -fmodules-validate-once-per-build-session -fmodule-name=XEngineSDK -Wno-trigraphs -fpascal-strings -Os -fno-common -Wno-missing-field-initializers -Wno-missing-prototypes -Werror=return-type -Wdocumentation -Wunreachable-code -Wno-implicit-atomic-properties -Werror=deprecated-objc-isa-usage -Wno-objc-interface-ivars -Werror=objc-root-class -Wno-arc-repeated-use-of-weak -Wimplicit-retain-self -Wduplicate-method-match -Wno-missing-braces -Wparentheses -Wswitch -Wunused-function -Wno-unused-label -Wno-unused-parameter -Wunused-variable -Wunused-value -Wempty-body -Wuninitialized -Wconditional-uninitialized -Wno-unknown-pragmas -Wno-shadow -Wno-four-char-constants -Wno-conversion -Wconstant-conversion -Wint-conversion -Wbool-conversion -Wenum-conversion -Wno-float-conversion -Wnon-literal-null-conversion -Wobjc-literal-conversion -Wshorten-64-to-32 -Wpointer-sign -Wno-newline-eof -Wno-selector -Wno-strict-selector-match -Wundeclared-selector -Wdeprecated-implementations -DPOD_CONFIGURATION_RELEASE=1 -DCOCOAPODS=1 -DNS_BLOCK_ASSERTIONS=1 -DOBJC_OLD_DISPATCH_PROTOTYPES=0 -isysroot /Applications/Xcode.app/Contents/Developer/Platforms/iPhoneSimulator.platform/Developer/SDKs/iPhoneSimulator13.5.sdk -fasm-blocks -fstrict-aliasing -Wprotocol -Wdeprecated-declarations -g -Wno-sign-conversion -Winfinite-recursion -Wcomma -Wblock-capture-autoreleasing -Wstrict-prototypes -Wno-semicolon-before-method-body -Wunguarded-availability -fobjc-abi-version=2 -fobjc-legacy-dispatch -iquote /Users/edz/Library/Developer/Xcode/DerivedData/App-bytlbhqqorqzqidyjovihkqwnkia/Build/Intermediates.noindex/Pods.build/Release-iphonesimulator/XEngineSDK.build/XEngineSDK-generated-files.hmap -I/Users/edz/Library/Developer/Xcode/DerivedData/App-bytlbhqqorqzqidyjovihkqwnkia/Build/Intermediates.noindex/Pods.build/Release-iphonesimulator/XEngineSDK.build/XEngineSDK-own-target-headers.hmap -I/Users/edz/Library/Developer/Xcode/DerivedData/App-bytlbhqqorqzqidyjovihkqwnkia/Build/Intermediates.noindex/Pods.build/Release-iphonesimulator/XEngineSDK.build/XEngineSDK-all-non-framework-target-headers.hmap -ivfsoverlay /Users/edz/Library/Developer/Xcode/DerivedData/App-bytlbhqqorqzqidyjovihkqwnkia/Build/Intermediates.noindex/Pods.build/Release-iphonesimulator/XEngineSDK.build/all-product-headers.yaml -iquote /Users/edz/Library/Developer/Xcode/DerivedData/App-bytlbhqqorqzqidyjovihkqwnkia/Build/Intermediates.noindex/Pods.build/Release-iphonesimulator/XEngineSDK.build/XEngineSDK-project-headers.hmap -I/Users/edz/Library/Developer/Xcode/DerivedData/App-bytlbhqqorqzqidyjovihkqwnkia/Build/Products/Release-iphonesimulator/XEngineSDK/include -I/Users/edz/Library/Developer/Xcode/DerivedData/App-bytlbhqqorqzqidyjovihkqwnkia/Build/Intermediates.noindex/Pods.build/Release-iphonesimulator/XEngineSDK.build/DerivedSources-normal/x86_64 -I/Users/edz/Library/Developer/Xcode/DerivedData/App-bytlbhqqorqzqidyjovihkqwnkia/Build/Intermediates.noindex/Pods.build/Release-iphonesimulator/XEngineSDK.build/DerivedSources/x86_64 -I/Users/edz/Library/Developer/Xcode/DerivedData/App-bytlbhqqorqzqidyjovihkqwnkia/Build/Intermediates.noindex/Pods.build/Release-iphonesimulator/XEngineSDK.build/DerivedSources -F/Users/edz/Library/Developer/Xcode/DerivedData/App-bytlbhqqorqzqidyjovihkqwnkia/Build/Products/Release-iphonesimulator/XEngineSDK -F/Users/edz/Library/Developer/Xcode/DerivedData/App-bytlbhqqorqzqidyjovihkqwnkia/Build/Products/Release-iphonesimulator/AFNetworking -F/Users/edz/Library/Developer/Xcode/DerivedData/App-bytlbhqqorqzqidyjovihkqwnkia/Build/Products/Release-iphonesimulator/JSONModel -F/Users/edz/Library/Developer/Xcode/DerivedData/App-bytlbhqqorqzqidyjovihkqwnkia/Build/Products/Release-iphonesimulator/LSRFramework -F/Users/edz/Library/Developer/Xcode/DerivedData/App-bytlbhqqorqzqidyjovihkqwnkia/Build/Products/Release-iphonesimulator/MBProgressHUD -F/Users/edz/Library/Developer/Xcode/DerivedData/App-bytlbhqqorqzqidyjovihkqwnkia/Build/Products/Release-iphonesimulator/Masonry -F/Users/edz/Library/Developer/Xcode/DerivedData/App-bytlbhqqorqzqidyjovihkqwnkia/Build/Products/Release-iphonesimulator/SSZipArchive -Wincomplete-umbrella -w -Xanalyzer -analyzer-disable-all-checks -include /var/folders/4h/hxvz7hb959j4pw0pvbq686x00000gn/T/CocoaPods-Lint-20200722-25225-196xw43-UIModule/Pods/Target\ Support\ Files/XEngineSDK/XEngineSDK-prefix.pch -MMD -MT dependencies -MF /Users/edz/Library/Developer/Xcode/DerivedData/App-bytlbhqqorqzqidyjovihkqwnkia/Build/Intermediates.noindex/Pods.build/Release-iphonesimulator/XEngineSDK.build/Objects-normal/x86_64/NSObject+CacheLocalized.d --serialize-diagnostics /Users/edz/Library/Developer/Xcode/DerivedData/App-bytlbhqqorqzqidyjovihkqwnkia/Build/Intermediates.noindex/Pods.build/Release-iphonesimulator/XEngineSDK.build/Objects-normal/x86_64/NSObject+CacheLocalized.dia -c /var/folders/4h/hxvz7hb959j4pw0pvbq686x00000gn/T/CocoaPods-Lint-20200722-25225-196xw43-UIModule/Pods/XEngineSDK/XEngineSDK/Tools/NSObject+CacheLocalized.m -o /Users/edz/Library/Developer/Xcode/DerivedData/App-bytlbhqqorqzqidyjovihkqwnkia/Build/Intermediates.noindex/Pods.build/Release-iphonesimulator/XEngineSDK.build/Objects-normal/x86_64/NSObject+CacheLocalized.o
    
    CompileC /Users/edz/Library/Developer/Xcode/DerivedData/App-bytlbhqqorqzqidyjovihkqwnkia/Build/Intermediates.noindex/Pods.build/Release-iphonesimulator/XEngineSDK.build/Objects-normal/x86_64/MicroConfigModel.o /var/folders/4h/hxvz7hb959j4pw0pvbq686x00000gn/T/CocoaPods-Lint-20200722-25225-196xw43-UIModule/Pods/XEngineSDK/XEngineSDK/UserData/MicroConfigModel.m normal x86_64 objective-c com.apple.compilers.llvm.clang.1_0.compiler (in target 'XEngineSDK' from project 'Pods')
        cd /var/folders/4h/hxvz7hb959j4pw0pvbq686x00000gn/T/CocoaPods-Lint-20200722-25225-196xw43-UIModule/Pods
        export LANG=en_US.US-ASCII
        /Applications/Xcode.app/Contents/Developer/Toolchains/XcodeDefault.xctoolchain/usr/bin/clang -x objective-c -target x86_64-apple-ios11.0-simulator -fmessage-length=0 -fdiagnostics-show-note-include-stack -fmacro-backtrace-limit=0 -std=gnu11 -fobjc-arc -fmodules -gmodules -fmodules-cache-path=/Users/edz/Library/Developer/Xcode/DerivedData/ModuleCache.noindex -fmodules-prune-interval=86400 -fmodules-prune-after=345600 -fbuild-session-file=/Users/edz/Library/Developer/Xcode/DerivedData/ModuleCache.noindex/Session.modulevalidation -fmodules-validate-once-per-build-session -fmodule-name=XEngineSDK -Wno-trigraphs -fpascal-strings -Os -fno-common -Wno-missing-field-initializers -Wno-missing-prototypes -Werror=return-type -Wdocumentation -Wunreachable-code -Wno-implicit-atomic-properties -Werror=deprecated-objc-isa-usage -Wno-objc-interface-ivars -Werror=objc-root-class -Wno-arc-repeated-use-of-weak -Wimplicit-retain-self -Wduplicate-method-match -Wno-missing-braces -Wparentheses -Wswitch -Wunused-function -Wno-unused-label -Wno-unused-parameter -Wunused-variable -Wunused-value -Wempty-body -Wuninitialized -Wconditional-uninitialized -Wno-unknown-pragmas -Wno-shadow -Wno-four-char-constants -Wno-conversion -Wconstant-conversion -Wint-conversion -Wbool-conversion -Wenum-conversion -Wno-float-conversion -Wnon-literal-null-conversion -Wobjc-literal-conversion -Wshorten-64-to-32 -Wpointer-sign -Wno-newline-eof -Wno-selector -Wno-strict-selector-match -Wundeclared-selector -Wdeprecated-implementations -DPOD_CONFIGURATION_RELEASE=1 -DCOCOAPODS=1 -DNS_BLOCK_ASSERTIONS=1 -DOBJC_OLD_DISPATCH_PROTOTYPES=0 -isysroot /Applications/Xcode.app/Contents/Developer/Platforms/iPhoneSimulator.platform/Developer/SDKs/iPhoneSimulator13.5.sdk -fasm-blocks -fstrict-aliasing -Wprotocol -Wdeprecated-declarations -g -Wno-sign-conversion -Winfinite-recursion -Wcomma -Wblock-capture-autoreleasing -Wstrict-prototypes -Wno-semicolon-before-method-body -Wunguarded-availability -fobjc-abi-version=2 -fobjc-legacy-dispatch -iquote /Users/edz/Library/Developer/Xcode/DerivedData/App-bytlbhqqorqzqidyjovihkqwnkia/Build/Intermediates.noindex/Pods.build/Release-iphonesimulator/XEngineSDK.build/XEngineSDK-generated-files.hmap -I/Users/edz/Library/Developer/Xcode/DerivedData/App-bytlbhqqorqzqidyjovihkqwnkia/Build/Intermediates.noindex/Pods.build/Release-iphonesimulator/XEngineSDK.build/XEngineSDK-own-target-headers.hmap -I/Users/edz/Library/Developer/Xcode/DerivedData/App-bytlbhqqorqzqidyjovihkqwnkia/Build/Intermediates.noindex/Pods.build/Release-iphonesimulator/XEngineSDK.build/XEngineSDK-all-non-framework-target-headers.hmap -ivfsoverlay /Users/edz/Library/Developer/Xcode/DerivedData/App-bytlbhqqorqzqidyjovihkqwnkia/Build/Intermediates.noindex/Pods.build/Release-iphonesimulator/XEngineSDK.build/all-product-headers.yaml -iquote /Users/edz/Library/Developer/Xcode/DerivedData/App-bytlbhqqorqzqidyjovihkqwnkia/Build/Intermediates.noindex/Pods.build/Release-iphonesimulator/XEngineSDK.build/XEngineSDK-project-headers.hmap -I/Users/edz/Library/Developer/Xcode/DerivedData/App-bytlbhqqorqzqidyjovihkqwnkia/Build/Products/Release-iphonesimulator/XEngineSDK/include -I/Users/edz/Library/Developer/Xcode/DerivedData/App-bytlbhqqorqzqidyjovihkqwnkia/Build/Intermediates.noindex/Pods.build/Release-iphonesimulator/XEngineSDK.build/DerivedSources-normal/x86_64 -I/Users/edz/Library/Developer/Xcode/DerivedData/App-bytlbhqqorqzqidyjovihkqwnkia/Build/Intermediates.noindex/Pods.build/Release-iphonesimulator/XEngineSDK.build/DerivedSources/x86_64 -I/Users/edz/Library/Developer/Xcode/DerivedData/App-bytlbhqqorqzqidyjovihkqwnkia/Build/Intermediates.noindex/Pods.build/Release-iphonesimulator/XEngineSDK.build/DerivedSources -F/Users/edz/Library/Developer/Xcode/DerivedData/App-bytlbhqqorqzqidyjovihkqwnkia/Build/Products/Release-iphonesimulator/XEngineSDK -F/Users/edz/Library/Developer/Xcode/DerivedData/App-bytlbhqqorqzqidyjovihkqwnkia/Build/Products/Release-iphonesimulator/AFNetworking -F/Users/edz/Library/Developer/Xcode/DerivedData/App-bytlbhqqorqzqidyjovihkqwnkia/Build/Products/Release-iphonesimulator/JSONModel -F/Users/edz/Library/Developer/Xcode/DerivedData/App-bytlbhqqorqzqidyjovihkqwnkia/Build/Products/Release-iphonesimulator/LSRFramework -F/Users/edz/Library/Developer/Xcode/DerivedData/App-bytlbhqqorqzqidyjovihkqwnkia/Build/Products/Release-iphonesimulator/MBProgressHUD -F/Users/edz/Library/Developer/Xcode/DerivedData/App-bytlbhqqorqzqidyjovihkqwnkia/Build/Products/Release-iphonesimulator/Masonry -F/Users/edz/Library/Developer/Xcode/DerivedData/App-bytlbhqqorqzqidyjovihkqwnkia/Build/Products/Release-iphonesimulator/SSZipArchive -Wincomplete-umbrella -w -Xanalyzer -analyzer-disable-all-checks -include /var/folders/4h/hxvz7hb959j4pw0pvbq686x00000gn/T/CocoaPods-Lint-20200722-25225-196xw43-UIModule/Pods/Target\ Support\ Files/XEngineSDK/XEngineSDK-prefix.pch -MMD -MT dependencies -MF /Users/edz/Library/Developer/Xcode/DerivedData/App-bytlbhqqorqzqidyjovihkqwnkia/Build/Intermediates.noindex/Pods.build/Release-iphonesimulator/XEngineSDK.build/Objects-normal/x86_64/MicroConfigModel.d --serialize-diagnostics /Users/edz/Library/Developer/Xcode/DerivedData/App-bytlbhqqorqzqidyjovihkqwnkia/Build/Intermediates.noindex/Pods.build/Release-iphonesimulator/XEngineSDK.build/Objects-normal/x86_64/MicroConfigModel.dia -c /var/folders/4h/hxvz7hb959j4pw0pvbq686x00000gn/T/CocoaPods-Lint-20200722-25225-196xw43-UIModule/Pods/XEngineSDK/XEngineSDK/UserData/MicroConfigModel.m -o /Users/edz/Library/Developer/Xcode/DerivedData/App-bytlbhqqorqzqidyjovihkqwnkia/Build/Intermediates.noindex/Pods.build/Release-iphonesimulator/XEngineSDK.build/Objects-normal/x86_64/MicroConfigModel.o
    
    CompileC /Users/edz/Library/Developer/Xcode/DerivedData/App-bytlbhqqorqzqidyjovihkqwnkia/Build/Intermediates.noindex/Pods.build/Release-iphonesimulator/XEngineSDK.build/Objects-normal/x86_64/MBProgressHUD+Toast.o /var/folders/4h/hxvz7hb959j4pw0pvbq686x00000gn/T/CocoaPods-Lint-20200722-25225-196xw43-UIModule/Pods/XEngineSDK/XEngineSDK/ThirdLib/MBProgressHUD+Toast.m normal x86_64 objective-c com.apple.compilers.llvm.clang.1_0.compiler (in target 'XEngineSDK' from project 'Pods')
        cd /var/folders/4h/hxvz7hb959j4pw0pvbq686x00000gn/T/CocoaPods-Lint-20200722-25225-196xw43-UIModule/Pods
        export LANG=en_US.US-ASCII
        /Applications/Xcode.app/Contents/Developer/Toolchains/XcodeDefault.xctoolchain/usr/bin/clang -x objective-c -target x86_64-apple-ios11.0-simulator -fmessage-length=0 -fdiagnostics-show-note-include-stack -fmacro-backtrace-limit=0 -std=gnu11 -fobjc-arc -fmodules -gmodules -fmodules-cache-path=/Users/edz/Library/Developer/Xcode/DerivedData/ModuleCache.noindex -fmodules-prune-interval=86400 -fmodules-prune-after=345600 -fbuild-session-file=/Users/edz/Library/Developer/Xcode/DerivedData/ModuleCache.noindex/Session.modulevalidation -fmodules-validate-once-per-build-session -fmodule-name=XEngineSDK -Wno-trigraphs -fpascal-strings -Os -fno-common -Wno-missing-field-initializers -Wno-missing-prototypes -Werror=return-type -Wdocumentation -Wunreachable-code -Wno-implicit-atomic-properties -Werror=deprecated-objc-isa-usage -Wno-objc-interface-ivars -Werror=objc-root-class -Wno-arc-repeated-use-of-weak -Wimplicit-retain-self -Wduplicate-method-match -Wno-missing-braces -Wparentheses -Wswitch -Wunused-function -Wno-unused-label -Wno-unused-parameter -Wunused-variable -Wunused-value -Wempty-body -Wuninitialized -Wconditional-uninitialized -Wno-unknown-pragmas -Wno-shadow -Wno-four-char-constants -Wno-conversion -Wconstant-conversion -Wint-conversion -Wbool-conversion -Wenum-conversion -Wno-float-conversion -Wnon-literal-null-conversion -Wobjc-literal-conversion -Wshorten-64-to-32 -Wpointer-sign -Wno-newline-eof -Wno-selector -Wno-strict-selector-match -Wundeclared-selector -Wdeprecated-implementations -DPOD_CONFIGURATION_RELEASE=1 -DCOCOAPODS=1 -DNS_BLOCK_ASSERTIONS=1 -DOBJC_OLD_DISPATCH_PROTOTYPES=0 -isysroot /Applications/Xcode.app/Contents/Developer/Platforms/iPhoneSimulator.platform/Developer/SDKs/iPhoneSimulator13.5.sdk -fasm-blocks -fstrict-aliasing -Wprotocol -Wdeprecated-declarations -g -Wno-sign-conversion -Winfinite-recursion -Wcomma -Wblock-capture-autoreleasing -Wstrict-prototypes -Wno-semicolon-before-method-body -Wunguarded-availability -fobjc-abi-version=2 -fobjc-legacy-dispatch -iquote /Users/edz/Library/Developer/Xcode/DerivedData/App-bytlbhqqorqzqidyjovihkqwnkia/Build/Intermediates.noindex/Pods.build/Release-iphonesimulator/XEngineSDK.build/XEngineSDK-generated-files.hmap -I/Users/edz/Library/Developer/Xcode/DerivedData/App-bytlbhqqorqzqidyjovihkqwnkia/Build/Intermediates.noindex/Pods.build/Release-iphonesimulator/XEngineSDK.build/XEngineSDK-own-target-headers.hmap -I/Users/edz/Library/Developer/Xcode/DerivedData/App-bytlbhqqorqzqidyjovihkqwnkia/Build/Intermediates.noindex/Pods.build/Release-iphonesimulator/XEngineSDK.build/XEngineSDK-all-non-framework-target-headers.hmap -ivfsoverlay /Users/edz/Library/Developer/Xcode/DerivedData/App-bytlbhqqorqzqidyjovihkqwnkia/Build/Intermediates.noindex/Pods.build/Release-iphonesimulator/XEngineSDK.build/all-product-headers.yaml -iquote /Users/edz/Library/Developer/Xcode/DerivedData/App-bytlbhqqorqzqidyjovihkqwnkia/Build/Intermediates.noindex/Pods.build/Release-iphonesimulator/XEngineSDK.build/XEngineSDK-project-headers.hmap -I/Users/edz/Library/Developer/Xcode/DerivedData/App-bytlbhqqorqzqidyjovihkqwnkia/Build/Products/Release-iphonesimulator/XEngineSDK/include -I/Users/edz/Library/Developer/Xcode/DerivedData/App-bytlbhqqorqzqidyjovihkqwnkia/Build/Intermediates.noindex/Pods.build/Release-iphonesimulator/XEngineSDK.build/DerivedSources-normal/x86_64 -I/Users/edz/Library/Developer/Xcode/DerivedData/App-bytlbhqqorqzqidyjovihkqwnkia/Build/Intermediates.noindex/Pods.build/Release-iphonesimulator/XEngineSDK.build/DerivedSources/x86_64 -I/Users/edz/Library/Developer/Xcode/DerivedData/App-bytlbhqqorqzqidyjovihkqwnkia/Build/Intermediates.noindex/Pods.build/Release-iphonesimulator/XEngineSDK.build/DerivedSources -F/Users/edz/Library/Developer/Xcode/DerivedData/App-bytlbhqqorqzqidyjovihkqwnkia/Build/Products/Release-iphonesimulator/XEngineSDK -F/Users/edz/Library/Developer/Xcode/DerivedData/App-bytlbhqqorqzqidyjovihkqwnkia/Build/Products/Release-iphonesimulator/AFNetworking -F/Users/edz/Library/Developer/Xcode/DerivedData/App-bytlbhqqorqzqidyjovihkqwnkia/Build/Products/Release-iphonesimulator/JSONModel -F/Users/edz/Library/Developer/Xcode/DerivedData/App-bytlbhqqorqzqidyjovihkqwnkia/Build/Products/Release-iphonesimulator/LSRFramework -F/Users/edz/Library/Developer/Xcode/DerivedData/App-bytlbhqqorqzqidyjovihkqwnkia/Build/Products/Release-iphonesimulator/MBProgressHUD -F/Users/edz/Library/Developer/Xcode/DerivedData/App-bytlbhqqorqzqidyjovihkqwnkia/Build/Products/Release-iphonesimulator/Masonry -F/Users/edz/Library/Developer/Xcode/DerivedData/App-bytlbhqqorqzqidyjovihkqwnkia/Build/Products/Release-iphonesimulator/SSZipArchive -Wincomplete-umbrella -w -Xanalyzer -analyzer-disable-all-checks -include /var/folders/4h/hxvz7hb959j4pw0pvbq686x00000gn/T/CocoaPods-Lint-20200722-25225-196xw43-UIModule/Pods/Target\ Support\ Files/XEngineSDK/XEngineSDK-prefix.pch -MMD -MT dependencies -MF /Users/edz/Library/Developer/Xcode/DerivedData/App-bytlbhqqorqzqidyjovihkqwnkia/Build/Intermediates.noindex/Pods.build/Release-iphonesimulator/XEngineSDK.build/Objects-normal/x86_64/MBProgressHUD+Toast.d --serialize-diagnostics /Users/edz/Library/Developer/Xcode/DerivedData/App-bytlbhqqorqzqidyjovihkqwnkia/Build/Intermediates.noindex/Pods.build/Release-iphonesimulator/XEngineSDK.build/Objects-normal/x86_64/MBProgressHUD+Toast.dia -c /var/folders/4h/hxvz7hb959j4pw0pvbq686x00000gn/T/CocoaPods-Lint-20200722-25225-196xw43-UIModule/Pods/XEngineSDK/XEngineSDK/ThirdLib/MBProgressHUD+Toast.m -o /Users/edz/Library/Developer/Xcode/DerivedData/App-bytlbhqqorqzqidyjovihkqwnkia/Build/Intermediates.noindex/Pods.build/Release-iphonesimulator/XEngineSDK.build/Objects-normal/x86_64/MBProgressHUD+Toast.o
    
    CompileC /Users/edz/Library/Developer/Xcode/DerivedData/App-bytlbhqqorqzqidyjovihkqwnkia/Build/Intermediates.noindex/Pods.build/Release-iphonesimulator/XEngineSDK.build/Objects-normal/x86_64/JSONToDictionary.o /var/folders/4h/hxvz7hb959j4pw0pvbq686x00000gn/T/CocoaPods-Lint-20200722-25225-196xw43-UIModule/Pods/XEngineSDK/XEngineSDK/Tools/JSONToDictionary.m normal x86_64 objective-c com.apple.compilers.llvm.clang.1_0.compiler (in target 'XEngineSDK' from project 'Pods')
        cd /var/folders/4h/hxvz7hb959j4pw0pvbq686x00000gn/T/CocoaPods-Lint-20200722-25225-196xw43-UIModule/Pods
        export LANG=en_US.US-ASCII
        /Applications/Xcode.app/Contents/Developer/Toolchains/XcodeDefault.xctoolchain/usr/bin/clang -x objective-c -target x86_64-apple-ios11.0-simulator -fmessage-length=0 -fdiagnostics-show-note-include-stack -fmacro-backtrace-limit=0 -std=gnu11 -fobjc-arc -fmodules -gmodules -fmodules-cache-path=/Users/edz/Library/Developer/Xcode/DerivedData/ModuleCache.noindex -fmodules-prune-interval=86400 -fmodules-prune-after=345600 -fbuild-session-file=/Users/edz/Library/Developer/Xcode/DerivedData/ModuleCache.noindex/Session.modulevalidation -fmodules-validate-once-per-build-session -fmodule-name=XEngineSDK -Wno-trigraphs -fpascal-strings -Os -fno-common -Wno-missing-field-initializers -Wno-missing-prototypes -Werror=return-type -Wdocumentation -Wunreachable-code -Wno-implicit-atomic-properties -Werror=deprecated-objc-isa-usage -Wno-objc-interface-ivars -Werror=objc-root-class -Wno-arc-repeated-use-of-weak -Wimplicit-retain-self -Wduplicate-method-match -Wno-missing-braces -Wparentheses -Wswitch -Wunused-function -Wno-unused-label -Wno-unused-parameter -Wunused-variable -Wunused-value -Wempty-body -Wuninitialized -Wconditional-uninitialized -Wno-unknown-pragmas -Wno-shadow -Wno-four-char-constants -Wno-conversion -Wconstant-conversion -Wint-conversion -Wbool-conversion -Wenum-conversion -Wno-float-conversion -Wnon-literal-null-conversion -Wobjc-literal-conversion -Wshorten-64-to-32 -Wpointer-sign -Wno-newline-eof -Wno-selector -Wno-strict-selector-match -Wundeclared-selector -Wdeprecated-implementations -DPOD_CONFIGURATION_RELEASE=1 -DCOCOAPODS=1 -DNS_BLOCK_ASSERTIONS=1 -DOBJC_OLD_DISPATCH_PROTOTYPES=0 -isysroot /Applications/Xcode.app/Contents/Developer/Platforms/iPhoneSimulator.platform/Developer/SDKs/iPhoneSimulator13.5.sdk -fasm-blocks -fstrict-aliasing -Wprotocol -Wdeprecated-declarations -g -Wno-sign-conversion -Winfinite-recursion -Wcomma -Wblock-capture-autoreleasing -Wstrict-prototypes -Wno-semicolon-before-method-body -Wunguarded-availability -fobjc-abi-version=2 -fobjc-legacy-dispatch -iquote /Users/edz/Library/Developer/Xcode/DerivedData/App-bytlbhqqorqzqidyjovihkqwnkia/Build/Intermediates.noindex/Pods.build/Release-iphonesimulator/XEngineSDK.build/XEngineSDK-generated-files.hmap -I/Users/edz/Library/Developer/Xcode/DerivedData/App-bytlbhqqorqzqidyjovihkqwnkia/Build/Intermediates.noindex/Pods.build/Release-iphonesimulator/XEngineSDK.build/XEngineSDK-own-target-headers.hmap -I/Users/edz/Library/Developer/Xcode/DerivedData/App-bytlbhqqorqzqidyjovihkqwnkia/Build/Intermediates.noindex/Pods.build/Release-iphonesimulator/XEngineSDK.build/XEngineSDK-all-non-framework-target-headers.hmap -ivfsoverlay /Users/edz/Library/Developer/Xcode/DerivedData/App-bytlbhqqorqzqidyjovihkqwnkia/Build/Intermediates.noindex/Pods.build/Release-iphonesimulator/XEngineSDK.build/all-product-headers.yaml -iquote /Users/edz/Library/Developer/Xcode/DerivedData/App-bytlbhqqorqzqidyjovihkqwnkia/Build/Intermediates.noindex/Pods.build/Release-iphonesimulator/XEngineSDK.build/XEngineSDK-project-headers.hmap -I/Users/edz/Library/Developer/Xcode/DerivedData/App-bytlbhqqorqzqidyjovihkqwnkia/Build/Products/Release-iphonesimulator/XEngineSDK/include -I/Users/edz/Library/Developer/Xcode/DerivedData/App-bytlbhqqorqzqidyjovihkqwnkia/Build/Intermediates.noindex/Pods.build/Release-iphonesimulator/XEngineSDK.build/DerivedSources-normal/x86_64 -I/Users/edz/Library/Developer/Xcode/DerivedData/App-bytlbhqqorqzqidyjovihkqwnkia/Build/Intermediates.noindex/Pods.build/Release-iphonesimulator/XEngineSDK.build/DerivedSources/x86_64 -I/Users/edz/Library/Developer/Xcode/DerivedData/App-bytlbhqqorqzqidyjovihkqwnkia/Build/Intermediates.noindex/Pods.build/Release-iphonesimulator/XEngineSDK.build/DerivedSources -F/Users/edz/Library/Developer/Xcode/DerivedData/App-bytlbhqqorqzqidyjovihkqwnkia/Build/Products/Release-iphonesimulator/XEngineSDK -F/Users/edz/Library/Developer/Xcode/DerivedData/App-bytlbhqqorqzqidyjovihkqwnkia/Build/Products/Release-iphonesimulator/AFNetworking -F/Users/edz/Library/Developer/Xcode/DerivedData/App-bytlbhqqorqzqidyjovihkqwnkia/Build/Products/Release-iphonesimulator/JSONModel -F/Users/edz/Library/Developer/Xcode/DerivedData/App-bytlbhqqorqzqidyjovihkqwnkia/Build/Products/Release-iphonesimulator/LSRFramework -F/Users/edz/Library/Developer/Xcode/DerivedData/App-bytlbhqqorqzqidyjovihkqwnkia/Build/Products/Release-iphonesimulator/MBProgressHUD -F/Users/edz/Library/Developer/Xcode/DerivedData/App-bytlbhqqorqzqidyjovihkqwnkia/Build/Products/Release-iphonesimulator/Masonry -F/Users/edz/Library/Developer/Xcode/DerivedData/App-bytlbhqqorqzqidyjovihkqwnkia/Build/Products/Release-iphonesimulator/SSZipArchive -Wincomplete-umbrella -w -Xanalyzer -analyzer-disable-all-checks -include /var/folders/4h/hxvz7hb959j4pw0pvbq686x00000gn/T/CocoaPods-Lint-20200722-25225-196xw43-UIModule/Pods/Target\ Support\ Files/XEngineSDK/XEngineSDK-prefix.pch -MMD -MT dependencies -MF /Users/edz/Library/Developer/Xcode/DerivedData/App-bytlbhqqorqzqidyjovihkqwnkia/Build/Intermediates.noindex/Pods.build/Release-iphonesimulator/XEngineSDK.build/Objects-normal/x86_64/JSONToDictionary.d --serialize-diagnostics /Users/edz/Library/Developer/Xcode/DerivedData/App-bytlbhqqorqzqidyjovihkqwnkia/Build/Intermediates.noindex/Pods.build/Release-iphonesimulator/XEngineSDK.build/Objects-normal/x86_64/JSONToDictionary.dia -c /var/folders/4h/hxvz7hb959j4pw0pvbq686x00000gn/T/CocoaPods-Lint-20200722-25225-196xw43-UIModule/Pods/XEngineSDK/XEngineSDK/Tools/JSONToDictionary.m -o /Users/edz/Library/Developer/Xcode/DerivedData/App-bytlbhqqorqzqidyjovihkqwnkia/Build/Intermediates.noindex/Pods.build/Release-iphonesimulator/XEngineSDK.build/Objects-normal/x86_64/JSONToDictionary.o
    
    CompileC /Users/edz/Library/Developer/Xcode/DerivedData/App-bytlbhqqorqzqidyjovihkqwnkia/Build/Intermediates.noindex/Pods.build/Release-iphonesimulator/XEngineSDK.build/Objects-normal/x86_64/JSBUtil.o /var/folders/4h/hxvz7hb959j4pw0pvbq686x00000gn/T/CocoaPods-Lint-20200722-25225-196xw43-UIModule/Pods/XEngineSDK/XEngineSDK/dsbridge/JSBUtil.m normal x86_64 objective-c com.apple.compilers.llvm.clang.1_0.compiler (in target 'XEngineSDK' from project 'Pods')
        cd /var/folders/4h/hxvz7hb959j4pw0pvbq686x00000gn/T/CocoaPods-Lint-20200722-25225-196xw43-UIModule/Pods
        export LANG=en_US.US-ASCII
        /Applications/Xcode.app/Contents/Developer/Toolchains/XcodeDefault.xctoolchain/usr/bin/clang -x objective-c -target x86_64-apple-ios11.0-simulator -fmessage-length=0 -fdiagnostics-show-note-include-stack -fmacro-backtrace-limit=0 -std=gnu11 -fobjc-arc -fmodules -gmodules -fmodules-cache-path=/Users/edz/Library/Developer/Xcode/DerivedData/ModuleCache.noindex -fmodules-prune-interval=86400 -fmodules-prune-after=345600 -fbuild-session-file=/Users/edz/Library/Developer/Xcode/DerivedData/ModuleCache.noindex/Session.modulevalidation -fmodules-validate-once-per-build-session -fmodule-name=XEngineSDK -Wno-trigraphs -fpascal-strings -Os -fno-common -Wno-missing-field-initializers -Wno-missing-prototypes -Werror=return-type -Wdocumentation -Wunreachable-code -Wno-implicit-atomic-properties -Werror=deprecated-objc-isa-usage -Wno-objc-interface-ivars -Werror=objc-root-class -Wno-arc-repeated-use-of-weak -Wimplicit-retain-self -Wduplicate-method-match -Wno-missing-braces -Wparentheses -Wswitch -Wunused-function -Wno-unused-label -Wno-unused-parameter -Wunused-variable -Wunused-value -Wempty-body -Wuninitialized -Wconditional-uninitialized -Wno-unknown-pragmas -Wno-shadow -Wno-four-char-constants -Wno-conversion -Wconstant-conversion -Wint-conversion -Wbool-conversion -Wenum-conversion -Wno-float-conversion -Wnon-literal-null-conversion -Wobjc-literal-conversion -Wshorten-64-to-32 -Wpointer-sign -Wno-newline-eof -Wno-selector -Wno-strict-selector-match -Wundeclared-selector -Wdeprecated-implementations -DPOD_CONFIGURATION_RELEASE=1 -DCOCOAPODS=1 -DNS_BLOCK_ASSERTIONS=1 -DOBJC_OLD_DISPATCH_PROTOTYPES=0 -isysroot /Applications/Xcode.app/Contents/Developer/Platforms/iPhoneSimulator.platform/Developer/SDKs/iPhoneSimulator13.5.sdk -fasm-blocks -fstrict-aliasing -Wprotocol -Wdeprecated-declarations -g -Wno-sign-conversion -Winfinite-recursion -Wcomma -Wblock-capture-autoreleasing -Wstrict-prototypes -Wno-semicolon-before-method-body -Wunguarded-availability -fobjc-abi-version=2 -fobjc-legacy-dispatch -iquote /Users/edz/Library/Developer/Xcode/DerivedData/App-bytlbhqqorqzqidyjovihkqwnkia/Build/Intermediates.noindex/Pods.build/Release-iphonesimulator/XEngineSDK.build/XEngineSDK-generated-files.hmap -I/Users/edz/Library/Developer/Xcode/DerivedData/App-bytlbhqqorqzqidyjovihkqwnkia/Build/Intermediates.noindex/Pods.build/Release-iphonesimulator/XEngineSDK.build/XEngineSDK-own-target-headers.hmap -I/Users/edz/Library/Developer/Xcode/DerivedData/App-bytlbhqqorqzqidyjovihkqwnkia/Build/Intermediates.noindex/Pods.build/Release-iphonesimulator/XEngineSDK.build/XEngineSDK-all-non-framework-target-headers.hmap -ivfsoverlay /Users/edz/Library/Developer/Xcode/DerivedData/App-bytlbhqqorqzqidyjovihkqwnkia/Build/Intermediates.noindex/Pods.build/Release-iphonesimulator/XEngineSDK.build/all-product-headers.yaml -iquote /Users/edz/Library/Developer/Xcode/DerivedData/App-bytlbhqqorqzqidyjovihkqwnkia/Build/Intermediates.noindex/Pods.build/Release-iphonesimulator/XEngineSDK.build/XEngineSDK-project-headers.hmap -I/Users/edz/Library/Developer/Xcode/DerivedData/App-bytlbhqqorqzqidyjovihkqwnkia/Build/Products/Release-iphonesimulator/XEngineSDK/include -I/Users/edz/Library/Developer/Xcode/DerivedData/App-bytlbhqqorqzqidyjovihkqwnkia/Build/Intermediates.noindex/Pods.build/Release-iphonesimulator/XEngineSDK.build/DerivedSources-normal/x86_64 -I/Users/edz/Library/Developer/Xcode/DerivedData/App-bytlbhqqorqzqidyjovihkqwnkia/Build/Intermediates.noindex/Pods.build/Release-iphonesimulator/XEngineSDK.build/DerivedSources/x86_64 -I/Users/edz/Library/Developer/Xcode/DerivedData/App-bytlbhqqorqzqidyjovihkqwnkia/Build/Intermediates.noindex/Pods.build/Release-iphonesimulator/XEngineSDK.build/DerivedSources -F/Users/edz/Library/Developer/Xcode/DerivedData/App-bytlbhqqorqzqidyjovihkqwnkia/Build/Products/Release-iphonesimulator/XEngineSDK -F/Users/edz/Library/Developer/Xcode/DerivedData/App-bytlbhqqorqzqidyjovihkqwnkia/Build/Products/Release-iphonesimulator/AFNetworking -F/Users/edz/Library/Developer/Xcode/DerivedData/App-bytlbhqqorqzqidyjovihkqwnkia/Build/Products/Release-iphonesimulator/JSONModel -F/Users/edz/Library/Developer/Xcode/DerivedData/App-bytlbhqqorqzqidyjovihkqwnkia/Build/Products/Release-iphonesimulator/LSRFramework -F/Users/edz/Library/Developer/Xcode/DerivedData/App-bytlbhqqorqzqidyjovihkqwnkia/Build/Products/Release-iphonesimulator/MBProgressHUD -F/Users/edz/Library/Developer/Xcode/DerivedData/App-bytlbhqqorqzqidyjovihkqwnkia/Build/Products/Release-iphonesimulator/Masonry -F/Users/edz/Library/Developer/Xcode/DerivedData/App-bytlbhqqorqzqidyjovihkqwnkia/Build/Products/Release-iphonesimulator/SSZipArchive -Wincomplete-umbrella -w -Xanalyzer -analyzer-disable-all-checks -include /var/folders/4h/hxvz7hb959j4pw0pvbq686x00000gn/T/CocoaPods-Lint-20200722-25225-196xw43-UIModule/Pods/Target\ Support\ Files/XEngineSDK/XEngineSDK-prefix.pch -MMD -MT dependencies -MF /Users/edz/Library/Developer/Xcode/DerivedData/App-bytlbhqqorqzqidyjovihkqwnkia/Build/Intermediates.noindex/Pods.build/Release-iphonesimulator/XEngineSDK.build/Objects-normal/x86_64/JSBUtil.d --serialize-diagnostics /Users/edz/Library/Developer/Xcode/DerivedData/App-bytlbhqqorqzqidyjovihkqwnkia/Build/Intermediates.noindex/Pods.build/Release-iphonesimulator/XEngineSDK.build/Objects-normal/x86_64/JSBUtil.dia -c /var/folders/4h/hxvz7hb959j4pw0pvbq686x00000gn/T/CocoaPods-Lint-20200722-25225-196xw43-UIModule/Pods/XEngineSDK/XEngineSDK/dsbridge/JSBUtil.m -o /Users/edz/Library/Developer/Xcode/DerivedData/App-bytlbhqqorqzqidyjovihkqwnkia/Build/Intermediates.noindex/Pods.build/Release-iphonesimulator/XEngineSDK.build/Objects-normal/x86_64/JSBUtil.o
    
    CompileC /Users/edz/Library/Developer/Xcode/DerivedData/App-bytlbhqqorqzqidyjovihkqwnkia/Build/Intermediates.noindex/Pods.build/Release-iphonesimulator/XEngineSDK.build/Objects-normal/x86_64/JSAPIRequest.o /var/folders/4h/hxvz7hb959j4pw0pvbq686x00000gn/T/CocoaPods-Lint-20200722-25225-196xw43-UIModule/Pods/XEngineSDK/XEngineSDK/NetWorking/JSAPIRequest.m normal x86_64 objective-c com.apple.compilers.llvm.clang.1_0.compiler (in target 'XEngineSDK' from project 'Pods')
        cd /var/folders/4h/hxvz7hb959j4pw0pvbq686x00000gn/T/CocoaPods-Lint-20200722-25225-196xw43-UIModule/Pods
        export LANG=en_US.US-ASCII
        /Applications/Xcode.app/Contents/Developer/Toolchains/XcodeDefault.xctoolchain/usr/bin/clang -x objective-c -target x86_64-apple-ios11.0-simulator -fmessage-length=0 -fdiagnostics-show-note-include-stack -fmacro-backtrace-limit=0 -std=gnu11 -fobjc-arc -fmodules -gmodules -fmodules-cache-path=/Users/edz/Library/Developer/Xcode/DerivedData/ModuleCache.noindex -fmodules-prune-interval=86400 -fmodules-prune-after=345600 -fbuild-session-file=/Users/edz/Library/Developer/Xcode/DerivedData/ModuleCache.noindex/Session.modulevalidation -fmodules-validate-once-per-build-session -fmodule-name=XEngineSDK -Wno-trigraphs -fpascal-strings -Os -fno-common -Wno-missing-field-initializers -Wno-missing-prototypes -Werror=return-type -Wdocumentation -Wunreachable-code -Wno-implicit-atomic-properties -Werror=deprecated-objc-isa-usage -Wno-objc-interface-ivars -Werror=objc-root-class -Wno-arc-repeated-use-of-weak -Wimplicit-retain-self -Wduplicate-method-match -Wno-missing-braces -Wparentheses -Wswitch -Wunused-function -Wno-unused-label -Wno-unused-parameter -Wunused-variable -Wunused-value -Wempty-body -Wuninitialized -Wconditional-uninitialized -Wno-unknown-pragmas -Wno-shadow -Wno-four-char-constants -Wno-conversion -Wconstant-conversion -Wint-conversion -Wbool-conversion -Wenum-conversion -Wno-float-conversion -Wnon-literal-null-conversion -Wobjc-literal-conversion -Wshorten-64-to-32 -Wpointer-sign -Wno-newline-eof -Wno-selector -Wno-strict-selector-match -Wundeclared-selector -Wdeprecated-implementations -DPOD_CONFIGURATION_RELEASE=1 -DCOCOAPODS=1 -DNS_BLOCK_ASSERTIONS=1 -DOBJC_OLD_DISPATCH_PROTOTYPES=0 -isysroot /Applications/Xcode.app/Contents/Developer/Platforms/iPhoneSimulator.platform/Developer/SDKs/iPhoneSimulator13.5.sdk -fasm-blocks -fstrict-aliasing -Wprotocol -Wdeprecated-declarations -g -Wno-sign-conversion -Winfinite-recursion -Wcomma -Wblock-capture-autoreleasing -Wstrict-prototypes -Wno-semicolon-before-method-body -Wunguarded-availability -fobjc-abi-version=2 -fobjc-legacy-dispatch -iquote /Users/edz/Library/Developer/Xcode/DerivedData/App-bytlbhqqorqzqidyjovihkqwnkia/Build/Intermediates.noindex/Pods.build/Release-iphonesimulator/XEngineSDK.build/XEngineSDK-generated-files.hmap -I/Users/edz/Library/Developer/Xcode/DerivedData/App-bytlbhqqorqzqidyjovihkqwnkia/Build/Intermediates.noindex/Pods.build/Release-iphonesimulator/XEngineSDK.build/XEngineSDK-own-target-headers.hmap -I/Users/edz/Library/Developer/Xcode/DerivedData/App-bytlbhqqorqzqidyjovihkqwnkia/Build/Intermediates.noindex/Pods.build/Release-iphonesimulator/XEngineSDK.build/XEngineSDK-all-non-framework-target-headers.hmap -ivfsoverlay /Users/edz/Library/Developer/Xcode/DerivedData/App-bytlbhqqorqzqidyjovihkqwnkia/Build/Intermediates.noindex/Pods.build/Release-iphonesimulator/XEngineSDK.build/all-product-headers.yaml -iquote /Users/edz/Library/Developer/Xcode/DerivedData/App-bytlbhqqorqzqidyjovihkqwnkia/Build/Intermediates.noindex/Pods.build/Release-iphonesimulator/XEngineSDK.build/XEngineSDK-project-headers.hmap -I/Users/edz/Library/Developer/Xcode/DerivedData/App-bytlbhqqorqzqidyjovihkqwnkia/Build/Products/Release-iphonesimulator/XEngineSDK/include -I/Users/edz/Library/Developer/Xcode/DerivedData/App-bytlbhqqorqzqidyjovihkqwnkia/Build/Intermediates.noindex/Pods.build/Release-iphonesimulator/XEngineSDK.build/DerivedSources-normal/x86_64 -I/Users/edz/Library/Developer/Xcode/DerivedData/App-bytlbhqqorqzqidyjovihkqwnkia/Build/Intermediates.noindex/Pods.build/Release-iphonesimulator/XEngineSDK.build/DerivedSources/x86_64 -I/Users/edz/Library/Developer/Xcode/DerivedData/App-bytlbhqqorqzqidyjovihkqwnkia/Build/Intermediates.noindex/Pods.build/Release-iphonesimulator/XEngineSDK.build/DerivedSources -F/Users/edz/Library/Developer/Xcode/DerivedData/App-bytlbhqqorqzqidyjovihkqwnkia/Build/Products/Release-iphonesimulator/XEngineSDK -F/Users/edz/Library/Developer/Xcode/DerivedData/App-bytlbhqqorqzqidyjovihkqwnkia/Build/Products/Release-iphonesimulator/AFNetworking -F/Users/edz/Library/Developer/Xcode/DerivedData/App-bytlbhqqorqzqidyjovihkqwnkia/Build/Products/Release-iphonesimulator/JSONModel -F/Users/edz/Library/Developer/Xcode/DerivedData/App-bytlbhqqorqzqidyjovihkqwnkia/Build/Products/Release-iphonesimulator/LSRFramework -F/Users/edz/Library/Developer/Xcode/DerivedData/App-bytlbhqqorqzqidyjovihkqwnkia/Build/Products/Release-iphonesimulator/MBProgressHUD -F/Users/edz/Library/Developer/Xcode/DerivedData/App-bytlbhqqorqzqidyjovihkqwnkia/Build/Products/Release-iphonesimulator/Masonry -F/Users/edz/Library/Developer/Xcode/DerivedData/App-bytlbhqqorqzqidyjovihkqwnkia/Build/Products/Release-iphonesimulator/SSZipArchive -Wincomplete-umbrella -w -Xanalyzer -analyzer-disable-all-checks -include /var/folders/4h/hxvz7hb959j4pw0pvbq686x00000gn/T/CocoaPods-Lint-20200722-25225-196xw43-UIModule/Pods/Target\ Support\ Files/XEngineSDK/XEngineSDK-prefix.pch -MMD -MT dependencies -MF /Users/edz/Library/Developer/Xcode/DerivedData/App-bytlbhqqorqzqidyjovihkqwnkia/Build/Intermediates.noindex/Pods.build/Release-iphonesimulator/XEngineSDK.build/Objects-normal/x86_64/JSAPIRequest.d --serialize-diagnostics /Users/edz/Library/Developer/Xcode/DerivedData/App-bytlbhqqorqzqidyjovihkqwnkia/Build/Intermediates.noindex/Pods.build/Release-iphonesimulator/XEngineSDK.build/Objects-normal/x86_64/JSAPIRequest.dia -c /var/folders/4h/hxvz7hb959j4pw0pvbq686x00000gn/T/CocoaPods-Lint-20200722-25225-196xw43-UIModule/Pods/XEngineSDK/XEngineSDK/NetWorking/JSAPIRequest.m -o /Users/edz/Library/Developer/Xcode/DerivedData/App-bytlbhqqorqzqidyjovihkqwnkia/Build/Intermediates.noindex/Pods.build/Release-iphonesimulator/XEngineSDK.build/Objects-normal/x86_64/JSAPIRequest.o
    
    CompileC /Users/edz/Library/Developer/Xcode/DerivedData/App-bytlbhqqorqzqidyjovihkqwnkia/Build/Intermediates.noindex/Pods.build/Release-iphonesimulator/XEngineSDK.build/Objects-normal/x86_64/InternalApis.o /var/folders/4h/hxvz7hb959j4pw0pvbq686x00000gn/T/CocoaPods-Lint-20200722-25225-196xw43-UIModule/Pods/XEngineSDK/XEngineSDK/dsbridge/InternalApis.m normal x86_64 objective-c com.apple.compilers.llvm.clang.1_0.compiler (in target 'XEngineSDK' from project 'Pods')
        cd /var/folders/4h/hxvz7hb959j4pw0pvbq686x00000gn/T/CocoaPods-Lint-20200722-25225-196xw43-UIModule/Pods
        export LANG=en_US.US-ASCII
        /Applications/Xcode.app/Contents/Developer/Toolchains/XcodeDefault.xctoolchain/usr/bin/clang -x objective-c -target x86_64-apple-ios11.0-simulator -fmessage-length=0 -fdiagnostics-show-note-include-stack -fmacro-backtrace-limit=0 -std=gnu11 -fobjc-arc -fmodules -gmodules -fmodules-cache-path=/Users/edz/Library/Developer/Xcode/DerivedData/ModuleCache.noindex -fmodules-prune-interval=86400 -fmodules-prune-after=345600 -fbuild-session-file=/Users/edz/Library/Developer/Xcode/DerivedData/ModuleCache.noindex/Session.modulevalidation -fmodules-validate-once-per-build-session -fmodule-name=XEngineSDK -Wno-trigraphs -fpascal-strings -Os -fno-common -Wno-missing-field-initializers -Wno-missing-prototypes -Werror=return-type -Wdocumentation -Wunreachable-code -Wno-implicit-atomic-properties -Werror=deprecated-objc-isa-usage -Wno-objc-interface-ivars -Werror=objc-root-class -Wno-arc-repeated-use-of-weak -Wimplicit-retain-self -Wduplicate-method-match -Wno-missing-braces -Wparentheses -Wswitch -Wunused-function -Wno-unused-label -Wno-unused-parameter -Wunused-variable -Wunused-value -Wempty-body -Wuninitialized -Wconditional-uninitialized -Wno-unknown-pragmas -Wno-shadow -Wno-four-char-constants -Wno-conversion -Wconstant-conversion -Wint-conversion -Wbool-conversion -Wenum-conversion -Wno-float-conversion -Wnon-literal-null-conversion -Wobjc-literal-conversion -Wshorten-64-to-32 -Wpointer-sign -Wno-newline-eof -Wno-selector -Wno-strict-selector-match -Wundeclared-selector -Wdeprecated-implementations -DPOD_CONFIGURATION_RELEASE=1 -DCOCOAPODS=1 -DNS_BLOCK_ASSERTIONS=1 -DOBJC_OLD_DISPATCH_PROTOTYPES=0 -isysroot /Applications/Xcode.app/Contents/Developer/Platforms/iPhoneSimulator.platform/Developer/SDKs/iPhoneSimulator13.5.sdk -fasm-blocks -fstrict-aliasing -Wprotocol -Wdeprecated-declarations -g -Wno-sign-conversion -Winfinite-recursion -Wcomma -Wblock-capture-autoreleasing -Wstrict-prototypes -Wno-semicolon-before-method-body -Wunguarded-availability -fobjc-abi-version=2 -fobjc-legacy-dispatch -iquote /Users/edz/Library/Developer/Xcode/DerivedData/App-bytlbhqqorqzqidyjovihkqwnkia/Build/Intermediates.noindex/Pods.build/Release-iphonesimulator/XEngineSDK.build/XEngineSDK-generated-files.hmap -I/Users/edz/Library/Developer/Xcode/DerivedData/App-bytlbhqqorqzqidyjovihkqwnkia/Build/Intermediates.noindex/Pods.build/Release-iphonesimulator/XEngineSDK.build/XEngineSDK-own-target-headers.hmap -I/Users/edz/Library/Developer/Xcode/DerivedData/App-bytlbhqqorqzqidyjovihkqwnkia/Build/Intermediates.noindex/Pods.build/Release-iphonesimulator/XEngineSDK.build/XEngineSDK-all-non-framework-target-headers.hmap -ivfsoverlay /Users/edz/Library/Developer/Xcode/DerivedData/App-bytlbhqqorqzqidyjovihkqwnkia/Build/Intermediates.noindex/Pods.build/Release-iphonesimulator/XEngineSDK.build/all-product-headers.yaml -iquote /Users/edz/Library/Developer/Xcode/DerivedData/App-bytlbhqqorqzqidyjovihkqwnkia/Build/Intermediates.noindex/Pods.build/Release-iphonesimulator/XEngineSDK.build/XEngineSDK-project-headers.hmap -I/Users/edz/Library/Developer/Xcode/DerivedData/App-bytlbhqqorqzqidyjovihkqwnkia/Build/Products/Release-iphonesimulator/XEngineSDK/include -I/Users/edz/Library/Developer/Xcode/DerivedData/App-bytlbhqqorqzqidyjovihkqwnkia/Build/Intermediates.noindex/Pods.build/Release-iphonesimulator/XEngineSDK.build/DerivedSources-normal/x86_64 -I/Users/edz/Library/Developer/Xcode/DerivedData/App-bytlbhqqorqzqidyjovihkqwnkia/Build/Intermediates.noindex/Pods.build/Release-iphonesimulator/XEngineSDK.build/DerivedSources/x86_64 -I/Users/edz/Library/Developer/Xcode/DerivedData/App-bytlbhqqorqzqidyjovihkqwnkia/Build/Intermediates.noindex/Pods.build/Release-iphonesimulator/XEngineSDK.build/DerivedSources -F/Users/edz/Library/Developer/Xcode/DerivedData/App-bytlbhqqorqzqidyjovihkqwnkia/Build/Products/Release-iphonesimulator/XEngineSDK -F/Users/edz/Library/Developer/Xcode/DerivedData/App-bytlbhqqorqzqidyjovihkqwnkia/Build/Products/Release-iphonesimulator/AFNetworking -F/Users/edz/Library/Developer/Xcode/DerivedData/App-bytlbhqqorqzqidyjovihkqwnkia/Build/Products/Release-iphonesimulator/JSONModel -F/Users/edz/Library/Developer/Xcode/DerivedData/App-bytlbhqqorqzqidyjovihkqwnkia/Build/Products/Release-iphonesimulator/LSRFramework -F/Users/edz/Library/Developer/Xcode/DerivedData/App-bytlbhqqorqzqidyjovihkqwnkia/Build/Products/Release-iphonesimulator/MBProgressHUD -F/Users/edz/Library/Developer/Xcode/DerivedData/App-bytlbhqqorqzqidyjovihkqwnkia/Build/Products/Release-iphonesimulator/Masonry -F/Users/edz/Library/Developer/Xcode/DerivedData/App-bytlbhqqorqzqidyjovihkqwnkia/Build/Products/Release-iphonesimulator/SSZipArchive -Wincomplete-umbrella -w -Xanalyzer -analyzer-disable-all-checks -include /var/folders/4h/hxvz7hb959j4pw0pvbq686x00000gn/T/CocoaPods-Lint-20200722-25225-196xw43-UIModule/Pods/Target\ Support\ Files/XEngineSDK/XEngineSDK-prefix.pch -MMD -MT dependencies -MF /Users/edz/Library/Developer/Xcode/DerivedData/App-bytlbhqqorqzqidyjovihkqwnkia/Build/Intermediates.noindex/Pods.build/Release-iphonesimulator/XEngineSDK.build/Objects-normal/x86_64/InternalApis.d --serialize-diagnostics /Users/edz/Library/Developer/Xcode/DerivedData/App-bytlbhqqorqzqidyjovihkqwnkia/Build/Intermediates.noindex/Pods.build/Release-iphonesimulator/XEngineSDK.build/Objects-normal/x86_64/InternalApis.dia -c /var/folders/4h/hxvz7hb959j4pw0pvbq686x00000gn/T/CocoaPods-Lint-20200722-25225-196xw43-UIModule/Pods/XEngineSDK/XEngineSDK/dsbridge/InternalApis.m -o /Users/edz/Library/Developer/Xcode/DerivedData/App-bytlbhqqorqzqidyjovihkqwnkia/Build/Intermediates.noindex/Pods.build/Release-iphonesimulator/XEngineSDK.build/Objects-normal/x86_64/InternalApis.o
    
    CompileC /Users/edz/Library/Developer/Xcode/DerivedData/App-bytlbhqqorqzqidyjovihkqwnkia/Build/Intermediates.noindex/Pods.build/Release-iphonesimulator/XEngineSDK.build/Objects-normal/x86_64/DWKWebView.o /var/folders/4h/hxvz7hb959j4pw0pvbq686x00000gn/T/CocoaPods-Lint-20200722-25225-196xw43-UIModule/Pods/XEngineSDK/XEngineSDK/dsbridge/DWKWebView.m normal x86_64 objective-c com.apple.compilers.llvm.clang.1_0.compiler (in target 'XEngineSDK' from project 'Pods')
        cd /var/folders/4h/hxvz7hb959j4pw0pvbq686x00000gn/T/CocoaPods-Lint-20200722-25225-196xw43-UIModule/Pods
        export LANG=en_US.US-ASCII
        /Applications/Xcode.app/Contents/Developer/Toolchains/XcodeDefault.xctoolchain/usr/bin/clang -x objective-c -target x86_64-apple-ios11.0-simulator -fmessage-length=0 -fdiagnostics-show-note-include-stack -fmacro-backtrace-limit=0 -std=gnu11 -fobjc-arc -fmodules -gmodules -fmodules-cache-path=/Users/edz/Library/Developer/Xcode/DerivedData/ModuleCache.noindex -fmodules-prune-interval=86400 -fmodules-prune-after=345600 -fbuild-session-file=/Users/edz/Library/Developer/Xcode/DerivedData/ModuleCache.noindex/Session.modulevalidation -fmodules-validate-once-per-build-session -fmodule-name=XEngineSDK -Wno-trigraphs -fpascal-strings -Os -fno-common -Wno-missing-field-initializers -Wno-missing-prototypes -Werror=return-type -Wdocumentation -Wunreachable-code -Wno-implicit-atomic-properties -Werror=deprecated-objc-isa-usage -Wno-objc-interface-ivars -Werror=objc-root-class -Wno-arc-repeated-use-of-weak -Wimplicit-retain-self -Wduplicate-method-match -Wno-missing-braces -Wparentheses -Wswitch -Wunused-function -Wno-unused-label -Wno-unused-parameter -Wunused-variable -Wunused-value -Wempty-body -Wuninitialized -Wconditional-uninitialized -Wno-unknown-pragmas -Wno-shadow -Wno-four-char-constants -Wno-conversion -Wconstant-conversion -Wint-conversion -Wbool-conversion -Wenum-conversion -Wno-float-conversion -Wnon-literal-null-conversion -Wobjc-literal-conversion -Wshorten-64-to-32 -Wpointer-sign -Wno-newline-eof -Wno-selector -Wno-strict-selector-match -Wundeclared-selector -Wdeprecated-implementations -DPOD_CONFIGURATION_RELEASE=1 -DCOCOAPODS=1 -DNS_BLOCK_ASSERTIONS=1 -DOBJC_OLD_DISPATCH_PROTOTYPES=0 -isysroot /Applications/Xcode.app/Contents/Developer/Platforms/iPhoneSimulator.platform/Developer/SDKs/iPhoneSimulator13.5.sdk -fasm-blocks -fstrict-aliasing -Wprotocol -Wdeprecated-declarations -g -Wno-sign-conversion -Winfinite-recursion -Wcomma -Wblock-capture-autoreleasing -Wstrict-prototypes -Wno-semicolon-before-method-body -Wunguarded-availability -fobjc-abi-version=2 -fobjc-legacy-dispatch -iquote /Users/edz/Library/Developer/Xcode/DerivedData/App-bytlbhqqorqzqidyjovihkqwnkia/Build/Intermediates.noindex/Pods.build/Release-iphonesimulator/XEngineSDK.build/XEngineSDK-generated-files.hmap -I/Users/edz/Library/Developer/Xcode/DerivedData/App-bytlbhqqorqzqidyjovihkqwnkia/Build/Intermediates.noindex/Pods.build/Release-iphonesimulator/XEngineSDK.build/XEngineSDK-own-target-headers.hmap -I/Users/edz/Library/Developer/Xcode/DerivedData/App-bytlbhqqorqzqidyjovihkqwnkia/Build/Intermediates.noindex/Pods.build/Release-iphonesimulator/XEngineSDK.build/XEngineSDK-all-non-framework-target-headers.hmap -ivfsoverlay /Users/edz/Library/Developer/Xcode/DerivedData/App-bytlbhqqorqzqidyjovihkqwnkia/Build/Intermediates.noindex/Pods.build/Release-iphonesimulator/XEngineSDK.build/all-product-headers.yaml -iquote /Users/edz/Library/Developer/Xcode/DerivedData/App-bytlbhqqorqzqidyjovihkqwnkia/Build/Intermediates.noindex/Pods.build/Release-iphonesimulator/XEngineSDK.build/XEngineSDK-project-headers.hmap -I/Users/edz/Library/Developer/Xcode/DerivedData/App-bytlbhqqorqzqidyjovihkqwnkia/Build/Products/Release-iphonesimulator/XEngineSDK/include -I/Users/edz/Library/Developer/Xcode/DerivedData/App-bytlbhqqorqzqidyjovihkqwnkia/Build/Intermediates.noindex/Pods.build/Release-iphonesimulator/XEngineSDK.build/DerivedSources-normal/x86_64 -I/Users/edz/Library/Developer/Xcode/DerivedData/App-bytlbhqqorqzqidyjovihkqwnkia/Build/Intermediates.noindex/Pods.build/Release-iphonesimulator/XEngineSDK.build/DerivedSources/x86_64 -I/Users/edz/Library/Developer/Xcode/DerivedData/App-bytlbhqqorqzqidyjovihkqwnkia/Build/Intermediates.noindex/Pods.build/Release-iphonesimulator/XEngineSDK.build/DerivedSources -F/Users/edz/Library/Developer/Xcode/DerivedData/App-bytlbhqqorqzqidyjovihkqwnkia/Build/Products/Release-iphonesimulator/XEngineSDK -F/Users/edz/Library/Developer/Xcode/DerivedData/App-bytlbhqqorqzqidyjovihkqwnkia/Build/Products/Release-iphonesimulator/AFNetworking -F/Users/edz/Library/Developer/Xcode/DerivedData/App-bytlbhqqorqzqidyjovihkqwnkia/Build/Products/Release-iphonesimulator/JSONModel -F/Users/edz/Library/Developer/Xcode/DerivedData/App-bytlbhqqorqzqidyjovihkqwnkia/Build/Products/Release-iphonesimulator/LSRFramework -F/Users/edz/Library/Developer/Xcode/DerivedData/App-bytlbhqqorqzqidyjovihkqwnkia/Build/Products/Release-iphonesimulator/MBProgressHUD -F/Users/edz/Library/Developer/Xcode/DerivedData/App-bytlbhqqorqzqidyjovihkqwnkia/Build/Products/Release-iphonesimulator/Masonry -F/Users/edz/Library/Developer/Xcode/DerivedData/App-bytlbhqqorqzqidyjovihkqwnkia/Build/Products/Release-iphonesimulator/SSZipArchive -Wincomplete-umbrella -w -Xanalyzer -analyzer-disable-all-checks -include /var/folders/4h/hxvz7hb959j4pw0pvbq686x00000gn/T/CocoaPods-Lint-20200722-25225-196xw43-UIModule/Pods/Target\ Support\ Files/XEngineSDK/XEngineSDK-prefix.pch -MMD -MT dependencies -MF /Users/edz/Library/Developer/Xcode/DerivedData/App-bytlbhqqorqzqidyjovihkqwnkia/Build/Intermediates.noindex/Pods.build/Release-iphonesimulator/XEngineSDK.build/Objects-normal/x86_64/DWKWebView.d --serialize-diagnostics /Users/edz/Library/Developer/Xcode/DerivedData/App-bytlbhqqorqzqidyjovihkqwnkia/Build/Intermediates.noindex/Pods.build/Release-iphonesimulator/XEngineSDK.build/Objects-normal/x86_64/DWKWebView.dia -c /var/folders/4h/hxvz7hb959j4pw0pvbq686x00000gn/T/CocoaPods-Lint-20200722-25225-196xw43-UIModule/Pods/XEngineSDK/XEngineSDK/dsbridge/DWKWebView.m -o /Users/edz/Library/Developer/Xcode/DerivedData/App-bytlbhqqorqzqidyjovihkqwnkia/Build/Intermediates.noindex/Pods.build/Release-iphonesimulator/XEngineSDK.build/Objects-normal/x86_64/DWKWebView.o
    
    CompileC /Users/edz/Library/Developer/Xcode/DerivedData/App-bytlbhqqorqzqidyjovihkqwnkia/Build/Intermediates.noindex/Pods.build/Release-iphonesimulator/XEngineSDK.build/Objects-normal/x86_64/DSCallInfo.o /var/folders/4h/hxvz7hb959j4pw0pvbq686x00000gn/T/CocoaPods-Lint-20200722-25225-196xw43-UIModule/Pods/XEngineSDK/XEngineSDK/dsbridge/DSCallInfo.m normal x86_64 objective-c com.apple.compilers.llvm.clang.1_0.compiler (in target 'XEngineSDK' from project 'Pods')
        cd /var/folders/4h/hxvz7hb959j4pw0pvbq686x00000gn/T/CocoaPods-Lint-20200722-25225-196xw43-UIModule/Pods
        export LANG=en_US.US-ASCII
        /Applications/Xcode.app/Contents/Developer/Toolchains/XcodeDefault.xctoolchain/usr/bin/clang -x objective-c -target x86_64-apple-ios11.0-simulator -fmessage-length=0 -fdiagnostics-show-note-include-stack -fmacro-backtrace-limit=0 -std=gnu11 -fobjc-arc -fmodules -gmodules -fmodules-cache-path=/Users/edz/Library/Developer/Xcode/DerivedData/ModuleCache.noindex -fmodules-prune-interval=86400 -fmodules-prune-after=345600 -fbuild-session-file=/Users/edz/Library/Developer/Xcode/DerivedData/ModuleCache.noindex/Session.modulevalidation -fmodules-validate-once-per-build-session -fmodule-name=XEngineSDK -Wno-trigraphs -fpascal-strings -Os -fno-common -Wno-missing-field-initializers -Wno-missing-prototypes -Werror=return-type -Wdocumentation -Wunreachable-code -Wno-implicit-atomic-properties -Werror=deprecated-objc-isa-usage -Wno-objc-interface-ivars -Werror=objc-root-class -Wno-arc-repeated-use-of-weak -Wimplicit-retain-self -Wduplicate-method-match -Wno-missing-braces -Wparentheses -Wswitch -Wunused-function -Wno-unused-label -Wno-unused-parameter -Wunused-variable -Wunused-value -Wempty-body -Wuninitialized -Wconditional-uninitialized -Wno-unknown-pragmas -Wno-shadow -Wno-four-char-constants -Wno-conversion -Wconstant-conversion -Wint-conversion -Wbool-conversion -Wenum-conversion -Wno-float-conversion -Wnon-literal-null-conversion -Wobjc-literal-conversion -Wshorten-64-to-32 -Wpointer-sign -Wno-newline-eof -Wno-selector -Wno-strict-selector-match -Wundeclared-selector -Wdeprecated-implementations -DPOD_CONFIGURATION_RELEASE=1 -DCOCOAPODS=1 -DNS_BLOCK_ASSERTIONS=1 -DOBJC_OLD_DISPATCH_PROTOTYPES=0 -isysroot /Applications/Xcode.app/Contents/Developer/Platforms/iPhoneSimulator.platform/Developer/SDKs/iPhoneSimulator13.5.sdk -fasm-blocks -fstrict-aliasing -Wprotocol -Wdeprecated-declarations -g -Wno-sign-conversion -Winfinite-recursion -Wcomma -Wblock-capture-autoreleasing -Wstrict-prototypes -Wno-semicolon-before-method-body -Wunguarded-availability -fobjc-abi-version=2 -fobjc-legacy-dispatch -iquote /Users/edz/Library/Developer/Xcode/DerivedData/App-bytlbhqqorqzqidyjovihkqwnkia/Build/Intermediates.noindex/Pods.build/Release-iphonesimulator/XEngineSDK.build/XEngineSDK-generated-files.hmap -I/Users/edz/Library/Developer/Xcode/DerivedData/App-bytlbhqqorqzqidyjovihkqwnkia/Build/Intermediates.noindex/Pods.build/Release-iphonesimulator/XEngineSDK.build/XEngineSDK-own-target-headers.hmap -I/Users/edz/Library/Developer/Xcode/DerivedData/App-bytlbhqqorqzqidyjovihkqwnkia/Build/Intermediates.noindex/Pods.build/Release-iphonesimulator/XEngineSDK.build/XEngineSDK-all-non-framework-target-headers.hmap -ivfsoverlay /Users/edz/Library/Developer/Xcode/DerivedData/App-bytlbhqqorqzqidyjovihkqwnkia/Build/Intermediates.noindex/Pods.build/Release-iphonesimulator/XEngineSDK.build/all-product-headers.yaml -iquote /Users/edz/Library/Developer/Xcode/DerivedData/App-bytlbhqqorqzqidyjovihkqwnkia/Build/Intermediates.noindex/Pods.build/Release-iphonesimulator/XEngineSDK.build/XEngineSDK-project-headers.hmap -I/Users/edz/Library/Developer/Xcode/DerivedData/App-bytlbhqqorqzqidyjovihkqwnkia/Build/Products/Release-iphonesimulator/XEngineSDK/include -I/Users/edz/Library/Developer/Xcode/DerivedData/App-bytlbhqqorqzqidyjovihkqwnkia/Build/Intermediates.noindex/Pods.build/Release-iphonesimulator/XEngineSDK.build/DerivedSources-normal/x86_64 -I/Users/edz/Library/Developer/Xcode/DerivedData/App-bytlbhqqorqzqidyjovihkqwnkia/Build/Intermediates.noindex/Pods.build/Release-iphonesimulator/XEngineSDK.build/DerivedSources/x86_64 -I/Users/edz/Library/Developer/Xcode/DerivedData/App-bytlbhqqorqzqidyjovihkqwnkia/Build/Intermediates.noindex/Pods.build/Release-iphonesimulator/XEngineSDK.build/DerivedSources -F/Users/edz/Library/Developer/Xcode/DerivedData/App-bytlbhqqorqzqidyjovihkqwnkia/Build/Products/Release-iphonesimulator/XEngineSDK -F/Users/edz/Library/Developer/Xcode/DerivedData/App-bytlbhqqorqzqidyjovihkqwnkia/Build/Products/Release-iphonesimulator/AFNetworking -F/Users/edz/Library/Developer/Xcode/DerivedData/App-bytlbhqqorqzqidyjovihkqwnkia/Build/Products/Release-iphonesimulator/JSONModel -F/Users/edz/Library/Developer/Xcode/DerivedData/App-bytlbhqqorqzqidyjovihkqwnkia/Build/Products/Release-iphonesimulator/LSRFramework -F/Users/edz/Library/Developer/Xcode/DerivedData/App-bytlbhqqorqzqidyjovihkqwnkia/Build/Products/Release-iphonesimulator/MBProgressHUD -F/Users/edz/Library/Developer/Xcode/DerivedData/App-bytlbhqqorqzqidyjovihkqwnkia/Build/Products/Release-iphonesimulator/Masonry -F/Users/edz/Library/Developer/Xcode/DerivedData/App-bytlbhqqorqzqidyjovihkqwnkia/Build/Products/Release-iphonesimulator/SSZipArchive -Wincomplete-umbrella -w -Xanalyzer -analyzer-disable-all-checks -include /var/folders/4h/hxvz7hb959j4pw0pvbq686x00000gn/T/CocoaPods-Lint-20200722-25225-196xw43-UIModule/Pods/Target\ Support\ Files/XEngineSDK/XEngineSDK-prefix.pch -MMD -MT dependencies -MF /Users/edz/Library/Developer/Xcode/DerivedData/App-bytlbhqqorqzqidyjovihkqwnkia/Build/Intermediates.noindex/Pods.build/Release-iphonesimulator/XEngineSDK.build/Objects-normal/x86_64/DSCallInfo.d --serialize-diagnostics /Users/edz/Library/Developer/Xcode/DerivedData/App-bytlbhqqorqzqidyjovihkqwnkia/Build/Intermediates.noindex/Pods.build/Release-iphonesimulator/XEngineSDK.build/Objects-normal/x86_64/DSCallInfo.dia -c /var/folders/4h/hxvz7hb959j4pw0pvbq686x00000gn/T/CocoaPods-Lint-20200722-25225-196xw43-UIModule/Pods/XEngineSDK/XEngineSDK/dsbridge/DSCallInfo.m -o /Users/edz/Library/Developer/Xcode/DerivedData/App-bytlbhqqorqzqidyjovihkqwnkia/Build/Intermediates.noindex/Pods.build/Release-iphonesimulator/XEngineSDK.build/Objects-normal/x86_64/DSCallInfo.o
    
    CompileC /Users/edz/Library/Developer/Xcode/DerivedData/App-bytlbhqqorqzqidyjovihkqwnkia/Build/Intermediates.noindex/Pods.build/Release-iphonesimulator/XEngineSDK.build/Objects-normal/x86_64/CircleList.o /var/folders/4h/hxvz7hb959j4pw0pvbq686x00000gn/T/CocoaPods-Lint-20200722-25225-196xw43-UIModule/Pods/XEngineSDK/XEngineSDK/WebViewPool/CircleList.m normal x86_64 objective-c com.apple.compilers.llvm.clang.1_0.compiler (in target 'XEngineSDK' from project 'Pods')
        cd /var/folders/4h/hxvz7hb959j4pw0pvbq686x00000gn/T/CocoaPods-Lint-20200722-25225-196xw43-UIModule/Pods
        export LANG=en_US.US-ASCII
        /Applications/Xcode.app/Contents/Developer/Toolchains/XcodeDefault.xctoolchain/usr/bin/clang -x objective-c -target x86_64-apple-ios11.0-simulator -fmessage-length=0 -fdiagnostics-show-note-include-stack -fmacro-backtrace-limit=0 -std=gnu11 -fobjc-arc -fmodules -gmodules -fmodules-cache-path=/Users/edz/Library/Developer/Xcode/DerivedData/ModuleCache.noindex -fmodules-prune-interval=86400 -fmodules-prune-after=345600 -fbuild-session-file=/Users/edz/Library/Developer/Xcode/DerivedData/ModuleCache.noindex/Session.modulevalidation -fmodules-validate-once-per-build-session -fmodule-name=XEngineSDK -Wno-trigraphs -fpascal-strings -Os -fno-common -Wno-missing-field-initializers -Wno-missing-prototypes -Werror=return-type -Wdocumentation -Wunreachable-code -Wno-implicit-atomic-properties -Werror=deprecated-objc-isa-usage -Wno-objc-interface-ivars -Werror=objc-root-class -Wno-arc-repeated-use-of-weak -Wimplicit-retain-self -Wduplicate-method-match -Wno-missing-braces -Wparentheses -Wswitch -Wunused-function -Wno-unused-label -Wno-unused-parameter -Wunused-variable -Wunused-value -Wempty-body -Wuninitialized -Wconditional-uninitialized -Wno-unknown-pragmas -Wno-shadow -Wno-four-char-constants -Wno-conversion -Wconstant-conversion -Wint-conversion -Wbool-conversion -Wenum-conversion -Wno-float-conversion -Wnon-literal-null-conversion -Wobjc-literal-conversion -Wshorten-64-to-32 -Wpointer-sign -Wno-newline-eof -Wno-selector -Wno-strict-selector-match -Wundeclared-selector -Wdeprecated-implementations -DPOD_CONFIGURATION_RELEASE=1 -DCOCOAPODS=1 -DNS_BLOCK_ASSERTIONS=1 -DOBJC_OLD_DISPATCH_PROTOTYPES=0 -isysroot /Applications/Xcode.app/Contents/Developer/Platforms/iPhoneSimulator.platform/Developer/SDKs/iPhoneSimulator13.5.sdk -fasm-blocks -fstrict-aliasing -Wprotocol -Wdeprecated-declarations -g -Wno-sign-conversion -Winfinite-recursion -Wcomma -Wblock-capture-autoreleasing -Wstrict-prototypes -Wno-semicolon-before-method-body -Wunguarded-availability -fobjc-abi-version=2 -fobjc-legacy-dispatch -iquote /Users/edz/Library/Developer/Xcode/DerivedData/App-bytlbhqqorqzqidyjovihkqwnkia/Build/Intermediates.noindex/Pods.build/Release-iphonesimulator/XEngineSDK.build/XEngineSDK-generated-files.hmap -I/Users/edz/Library/Developer/Xcode/DerivedData/App-bytlbhqqorqzqidyjovihkqwnkia/Build/Intermediates.noindex/Pods.build/Release-iphonesimulator/XEngineSDK.build/XEngineSDK-own-target-headers.hmap -I/Users/edz/Library/Developer/Xcode/DerivedData/App-bytlbhqqorqzqidyjovihkqwnkia/Build/Intermediates.noindex/Pods.build/Release-iphonesimulator/XEngineSDK.build/XEngineSDK-all-non-framework-target-headers.hmap -ivfsoverlay /Users/edz/Library/Developer/Xcode/DerivedData/App-bytlbhqqorqzqidyjovihkqwnkia/Build/Intermediates.noindex/Pods.build/Release-iphonesimulator/XEngineSDK.build/all-product-headers.yaml -iquote /Users/edz/Library/Developer/Xcode/DerivedData/App-bytlbhqqorqzqidyjovihkqwnkia/Build/Intermediates.noindex/Pods.build/Release-iphonesimulator/XEngineSDK.build/XEngineSDK-project-headers.hmap -I/Users/edz/Library/Developer/Xcode/DerivedData/App-bytlbhqqorqzqidyjovihkqwnkia/Build/Products/Release-iphonesimulator/XEngineSDK/include -I/Users/edz/Library/Developer/Xcode/DerivedData/App-bytlbhqqorqzqidyjovihkqwnkia/Build/Intermediates.noindex/Pods.build/Release-iphonesimulator/XEngineSDK.build/DerivedSources-normal/x86_64 -I/Users/edz/Library/Developer/Xcode/DerivedData/App-bytlbhqqorqzqidyjovihkqwnkia/Build/Intermediates.noindex/Pods.build/Release-iphonesimulator/XEngineSDK.build/DerivedSources/x86_64 -I/Users/edz/Library/Developer/Xcode/DerivedData/App-bytlbhqqorqzqidyjovihkqwnkia/Build/Intermediates.noindex/Pods.build/Release-iphonesimulator/XEngineSDK.build/DerivedSources -F/Users/edz/Library/Developer/Xcode/DerivedData/App-bytlbhqqorqzqidyjovihkqwnkia/Build/Products/Release-iphonesimulator/XEngineSDK -F/Users/edz/Library/Developer/Xcode/DerivedData/App-bytlbhqqorqzqidyjovihkqwnkia/Build/Products/Release-iphonesimulator/AFNetworking -F/Users/edz/Library/Developer/Xcode/DerivedData/App-bytlbhqqorqzqidyjovihkqwnkia/Build/Products/Release-iphonesimulator/JSONModel -F/Users/edz/Library/Developer/Xcode/DerivedData/App-bytlbhqqorqzqidyjovihkqwnkia/Build/Products/Release-iphonesimulator/LSRFramework -F/Users/edz/Library/Developer/Xcode/DerivedData/App-bytlbhqqorqzqidyjovihkqwnkia/Build/Products/Release-iphonesimulator/MBProgressHUD -F/Users/edz/Library/Developer/Xcode/DerivedData/App-bytlbhqqorqzqidyjovihkqwnkia/Build/Products/Release-iphonesimulator/Masonry -F/Users/edz/Library/Developer/Xcode/DerivedData/App-bytlbhqqorqzqidyjovihkqwnkia/Build/Products/Release-iphonesimulator/SSZipArchive -Wincomplete-umbrella -w -Xanalyzer -analyzer-disable-all-checks -include /var/folders/4h/hxvz7hb959j4pw0pvbq686x00000gn/T/CocoaPods-Lint-20200722-25225-196xw43-UIModule/Pods/Target\ Support\ Files/XEngineSDK/XEngineSDK-prefix.pch -MMD -MT dependencies -MF /Users/edz/Library/Developer/Xcode/DerivedData/App-bytlbhqqorqzqidyjovihkqwnkia/Build/Intermediates.noindex/Pods.build/Release-iphonesimulator/XEngineSDK.build/Objects-normal/x86_64/CircleList.d --serialize-diagnostics /Users/edz/Library/Developer/Xcode/DerivedData/App-bytlbhqqorqzqidyjovihkqwnkia/Build/Intermediates.noindex/Pods.build/Release-iphonesimulator/XEngineSDK.build/Objects-normal/x86_64/CircleList.dia -c /var/folders/4h/hxvz7hb959j4pw0pvbq686x00000gn/T/CocoaPods-Lint-20200722-25225-196xw43-UIModule/Pods/XEngineSDK/XEngineSDK/WebViewPool/CircleList.m -o /Users/edz/Library/Developer/Xcode/DerivedData/App-bytlbhqqorqzqidyjovihkqwnkia/Build/Intermediates.noindex/Pods.build/Release-iphonesimulator/XEngineSDK.build/Objects-normal/x86_64/CircleList.o
    
    CompileC /Users/edz/Library/Developer/Xcode/DerivedData/App-bytlbhqqorqzqidyjovihkqwnkia/Build/Intermediates.noindex/Pods.build/Release-iphonesimulator/XEngineSDK.build/Objects-normal/x86_64/BaseRequest.o /var/folders/4h/hxvz7hb959j4pw0pvbq686x00000gn/T/CocoaPods-Lint-20200722-25225-196xw43-UIModule/Pods/XEngineSDK/XEngineSDK/NetWorking/BaseRequest.m normal x86_64 objective-c com.apple.compilers.llvm.clang.1_0.compiler (in target 'XEngineSDK' from project 'Pods')
        cd /var/folders/4h/hxvz7hb959j4pw0pvbq686x00000gn/T/CocoaPods-Lint-20200722-25225-196xw43-UIModule/Pods
        export LANG=en_US.US-ASCII
        /Applications/Xcode.app/Contents/Developer/Toolchains/XcodeDefault.xctoolchain/usr/bin/clang -x objective-c -target x86_64-apple-ios11.0-simulator -fmessage-length=0 -fdiagnostics-show-note-include-stack -fmacro-backtrace-limit=0 -std=gnu11 -fobjc-arc -fmodules -gmodules -fmodules-cache-path=/Users/edz/Library/Developer/Xcode/DerivedData/ModuleCache.noindex -fmodules-prune-interval=86400 -fmodules-prune-after=345600 -fbuild-session-file=/Users/edz/Library/Developer/Xcode/DerivedData/ModuleCache.noindex/Session.modulevalidation -fmodules-validate-once-per-build-session -fmodule-name=XEngineSDK -Wno-trigraphs -fpascal-strings -Os -fno-common -Wno-missing-field-initializers -Wno-missing-prototypes -Werror=return-type -Wdocumentation -Wunreachable-code -Wno-implicit-atomic-properties -Werror=deprecated-objc-isa-usage -Wno-objc-interface-ivars -Werror=objc-root-class -Wno-arc-repeated-use-of-weak -Wimplicit-retain-self -Wduplicate-method-match -Wno-missing-braces -Wparentheses -Wswitch -Wunused-function -Wno-unused-label -Wno-unused-parameter -Wunused-variable -Wunused-value -Wempty-body -Wuninitialized -Wconditional-uninitialized -Wno-unknown-pragmas -Wno-shadow -Wno-four-char-constants -Wno-conversion -Wconstant-conversion -Wint-conversion -Wbool-conversion -Wenum-conversion -Wno-float-conversion -Wnon-literal-null-conversion -Wobjc-literal-conversion -Wshorten-64-to-32 -Wpointer-sign -Wno-newline-eof -Wno-selector -Wno-strict-selector-match -Wundeclared-selector -Wdeprecated-implementations -DPOD_CONFIGURATION_RELEASE=1 -DCOCOAPODS=1 -DNS_BLOCK_ASSERTIONS=1 -DOBJC_OLD_DISPATCH_PROTOTYPES=0 -isysroot /Applications/Xcode.app/Contents/Developer/Platforms/iPhoneSimulator.platform/Developer/SDKs/iPhoneSimulator13.5.sdk -fasm-blocks -fstrict-aliasing -Wprotocol -Wdeprecated-declarations -g -Wno-sign-conversion -Winfinite-recursion -Wcomma -Wblock-capture-autoreleasing -Wstrict-prototypes -Wno-semicolon-before-method-body -Wunguarded-availability -fobjc-abi-version=2 -fobjc-legacy-dispatch -iquote /Users/edz/Library/Developer/Xcode/DerivedData/App-bytlbhqqorqzqidyjovihkqwnkia/Build/Intermediates.noindex/Pods.build/Release-iphonesimulator/XEngineSDK.build/XEngineSDK-generated-files.hmap -I/Users/edz/Library/Developer/Xcode/DerivedData/App-bytlbhqqorqzqidyjovihkqwnkia/Build/Intermediates.noindex/Pods.build/Release-iphonesimulator/XEngineSDK.build/XEngineSDK-own-target-headers.hmap -I/Users/edz/Library/Developer/Xcode/DerivedData/App-bytlbhqqorqzqidyjovihkqwnkia/Build/Intermediates.noindex/Pods.build/Release-iphonesimulator/XEngineSDK.build/XEngineSDK-all-non-framework-target-headers.hmap -ivfsoverlay /Users/edz/Library/Developer/Xcode/DerivedData/App-bytlbhqqorqzqidyjovihkqwnkia/Build/Intermediates.noindex/Pods.build/Release-iphonesimulator/XEngineSDK.build/all-product-headers.yaml -iquote /Users/edz/Library/Developer/Xcode/DerivedData/App-bytlbhqqorqzqidyjovihkqwnkia/Build/Intermediates.noindex/Pods.build/Release-iphonesimulator/XEngineSDK.build/XEngineSDK-project-headers.hmap -I/Users/edz/Library/Developer/Xcode/DerivedData/App-bytlbhqqorqzqidyjovihkqwnkia/Build/Products/Release-iphonesimulator/XEngineSDK/include -I/Users/edz/Library/Developer/Xcode/DerivedData/App-bytlbhqqorqzqidyjovihkqwnkia/Build/Intermediates.noindex/Pods.build/Release-iphonesimulator/XEngineSDK.build/DerivedSources-normal/x86_64 -I/Users/edz/Library/Developer/Xcode/DerivedData/App-bytlbhqqorqzqidyjovihkqwnkia/Build/Intermediates.noindex/Pods.build/Release-iphonesimulator/XEngineSDK.build/DerivedSources/x86_64 -I/Users/edz/Library/Developer/Xcode/DerivedData/App-bytlbhqqorqzqidyjovihkqwnkia/Build/Intermediates.noindex/Pods.build/Release-iphonesimulator/XEngineSDK.build/DerivedSources -F/Users/edz/Library/Developer/Xcode/DerivedData/App-bytlbhqqorqzqidyjovihkqwnkia/Build/Products/Release-iphonesimulator/XEngineSDK -F/Users/edz/Library/Developer/Xcode/DerivedData/App-bytlbhqqorqzqidyjovihkqwnkia/Build/Products/Release-iphonesimulator/AFNetworking -F/Users/edz/Library/Developer/Xcode/DerivedData/App-bytlbhqqorqzqidyjovihkqwnkia/Build/Products/Release-iphonesimulator/JSONModel -F/Users/edz/Library/Developer/Xcode/DerivedData/App-bytlbhqqorqzqidyjovihkqwnkia/Build/Products/Release-iphonesimulator/LSRFramework -F/Users/edz/Library/Developer/Xcode/DerivedData/App-bytlbhqqorqzqidyjovihkqwnkia/Build/Products/Release-iphonesimulator/MBProgressHUD -F/Users/edz/Library/Developer/Xcode/DerivedData/App-bytlbhqqorqzqidyjovihkqwnkia/Build/Products/Release-iphonesimulator/Masonry -F/Users/edz/Library/Developer/Xcode/DerivedData/App-bytlbhqqorqzqidyjovihkqwnkia/Build/Products/Release-iphonesimulator/SSZipArchive -Wincomplete-umbrella -w -Xanalyzer -analyzer-disable-all-checks -include /var/folders/4h/hxvz7hb959j4pw0pvbq686x00000gn/T/CocoaPods-Lint-20200722-25225-196xw43-UIModule/Pods/Target\ Support\ Files/XEngineSDK/XEngineSDK-prefix.pch -MMD -MT dependencies -MF /Users/edz/Library/Developer/Xcode/DerivedData/App-bytlbhqqorqzqidyjovihkqwnkia/Build/Intermediates.noindex/Pods.build/Release-iphonesimulator/XEngineSDK.build/Objects-normal/x86_64/BaseRequest.d --serialize-diagnostics /Users/edz/Library/Developer/Xcode/DerivedData/App-bytlbhqqorqzqidyjovihkqwnkia/Build/Intermediates.noindex/Pods.build/Release-iphonesimulator/XEngineSDK.build/Objects-normal/x86_64/BaseRequest.dia -c /var/folders/4h/hxvz7hb959j4pw0pvbq686x00000gn/T/CocoaPods-Lint-20200722-25225-196xw43-UIModule/Pods/XEngineSDK/XEngineSDK/NetWorking/BaseRequest.m -o /Users/edz/Library/Developer/Xcode/DerivedData/App-bytlbhqqorqzqidyjovihkqwnkia/Build/Intermediates.noindex/Pods.build/Release-iphonesimulator/XEngineSDK.build/Objects-normal/x86_64/BaseRequest.o
    
    CompileC /Users/edz/Library/Developer/Xcode/DerivedData/App-bytlbhqqorqzqidyjovihkqwnkia/Build/Intermediates.noindex/Pods.build/Release-iphonesimulator/XEngineSDK.build/Objects-normal/x86_64/BaseRequest+Protected.o /var/folders/4h/hxvz7hb959j4pw0pvbq686x00000gn/T/CocoaPods-Lint-20200722-25225-196xw43-UIModule/Pods/XEngineSDK/XEngineSDK/NetWorking/BaseRequest+Protected.m normal x86_64 objective-c com.apple.compilers.llvm.clang.1_0.compiler (in target 'XEngineSDK' from project 'Pods')
        cd /var/folders/4h/hxvz7hb959j4pw0pvbq686x00000gn/T/CocoaPods-Lint-20200722-25225-196xw43-UIModule/Pods
        export LANG=en_US.US-ASCII
        /Applications/Xcode.app/Contents/Developer/Toolchains/XcodeDefault.xctoolchain/usr/bin/clang -x objective-c -target x86_64-apple-ios11.0-simulator -fmessage-length=0 -fdiagnostics-show-note-include-stack -fmacro-backtrace-limit=0 -std=gnu11 -fobjc-arc -fmodules -gmodules -fmodules-cache-path=/Users/edz/Library/Developer/Xcode/DerivedData/ModuleCache.noindex -fmodules-prune-interval=86400 -fmodules-prune-after=345600 -fbuild-session-file=/Users/edz/Library/Developer/Xcode/DerivedData/ModuleCache.noindex/Session.modulevalidation -fmodules-validate-once-per-build-session -fmodule-name=XEngineSDK -Wno-trigraphs -fpascal-strings -Os -fno-common -Wno-missing-field-initializers -Wno-missing-prototypes -Werror=return-type -Wdocumentation -Wunreachable-code -Wno-implicit-atomic-properties -Werror=deprecated-objc-isa-usage -Wno-objc-interface-ivars -Werror=objc-root-class -Wno-arc-repeated-use-of-weak -Wimplicit-retain-self -Wduplicate-method-match -Wno-missing-braces -Wparentheses -Wswitch -Wunused-function -Wno-unused-label -Wno-unused-parameter -Wunused-variable -Wunused-value -Wempty-body -Wuninitialized -Wconditional-uninitialized -Wno-unknown-pragmas -Wno-shadow -Wno-four-char-constants -Wno-conversion -Wconstant-conversion -Wint-conversion -Wbool-conversion -Wenum-conversion -Wno-float-conversion -Wnon-literal-null-conversion -Wobjc-literal-conversion -Wshorten-64-to-32 -Wpointer-sign -Wno-newline-eof -Wno-selector -Wno-strict-selector-match -Wundeclared-selector -Wdeprecated-implementations -DPOD_CONFIGURATION_RELEASE=1 -DCOCOAPODS=1 -DNS_BLOCK_ASSERTIONS=1 -DOBJC_OLD_DISPATCH_PROTOTYPES=0 -isysroot /Applications/Xcode.app/Contents/Developer/Platforms/iPhoneSimulator.platform/Developer/SDKs/iPhoneSimulator13.5.sdk -fasm-blocks -fstrict-aliasing -Wprotocol -Wdeprecated-declarations -g -Wno-sign-conversion -Winfinite-recursion -Wcomma -Wblock-capture-autoreleasing -Wstrict-prototypes -Wno-semicolon-before-method-body -Wunguarded-availability -fobjc-abi-version=2 -fobjc-legacy-dispatch -iquote /Users/edz/Library/Developer/Xcode/DerivedData/App-bytlbhqqorqzqidyjovihkqwnkia/Build/Intermediates.noindex/Pods.build/Release-iphonesimulator/XEngineSDK.build/XEngineSDK-generated-files.hmap -I/Users/edz/Library/Developer/Xcode/DerivedData/App-bytlbhqqorqzqidyjovihkqwnkia/Build/Intermediates.noindex/Pods.build/Release-iphonesimulator/XEngineSDK.build/XEngineSDK-own-target-headers.hmap -I/Users/edz/Library/Developer/Xcode/DerivedData/App-bytlbhqqorqzqidyjovihkqwnkia/Build/Intermediates.noindex/Pods.build/Release-iphonesimulator/XEngineSDK.build/XEngineSDK-all-non-framework-target-headers.hmap -ivfsoverlay /Users/edz/Library/Developer/Xcode/DerivedData/App-bytlbhqqorqzqidyjovihkqwnkia/Build/Intermediates.noindex/Pods.build/Release-iphonesimulator/XEngineSDK.build/all-product-headers.yaml -iquote /Users/edz/Library/Developer/Xcode/DerivedData/App-bytlbhqqorqzqidyjovihkqwnkia/Build/Intermediates.noindex/Pods.build/Release-iphonesimulator/XEngineSDK.build/XEngineSDK-project-headers.hmap -I/Users/edz/Library/Developer/Xcode/DerivedData/App-bytlbhqqorqzqidyjovihkqwnkia/Build/Products/Release-iphonesimulator/XEngineSDK/include -I/Users/edz/Library/Developer/Xcode/DerivedData/App-bytlbhqqorqzqidyjovihkqwnkia/Build/Intermediates.noindex/Pods.build/Release-iphonesimulator/XEngineSDK.build/DerivedSources-normal/x86_64 -I/Users/edz/Library/Developer/Xcode/DerivedData/App-bytlbhqqorqzqidyjovihkqwnkia/Build/Intermediates.noindex/Pods.build/Release-iphonesimulator/XEngineSDK.build/DerivedSources/x86_64 -I/Users/edz/Library/Developer/Xcode/DerivedData/App-bytlbhqqorqzqidyjovihkqwnkia/Build/Intermediates.noindex/Pods.build/Release-iphonesimulator/XEngineSDK.build/DerivedSources -F/Users/edz/Library/Developer/Xcode/DerivedData/App-bytlbhqqorqzqidyjovihkqwnkia/Build/Products/Release-iphonesimulator/XEngineSDK -F/Users/edz/Library/Developer/Xcode/DerivedData/App-bytlbhqqorqzqidyjovihkqwnkia/Build/Products/Release-iphonesimulator/AFNetworking -F/Users/edz/Library/Developer/Xcode/DerivedData/App-bytlbhqqorqzqidyjovihkqwnkia/Build/Products/Release-iphonesimulator/JSONModel -F/Users/edz/Library/Developer/Xcode/DerivedData/App-bytlbhqqorqzqidyjovihkqwnkia/Build/Products/Release-iphonesimulator/LSRFramework -F/Users/edz/Library/Developer/Xcode/DerivedData/App-bytlbhqqorqzqidyjovihkqwnkia/Build/Products/Release-iphonesimulator/MBProgressHUD -F/Users/edz/Library/Developer/Xcode/DerivedData/App-bytlbhqqorqzqidyjovihkqwnkia/Build/Products/Release-iphonesimulator/Masonry -F/Users/edz/Library/Developer/Xcode/DerivedData/App-bytlbhqqorqzqidyjovihkqwnkia/Build/Products/Release-iphonesimulator/SSZipArchive -Wincomplete-umbrella -w -Xanalyzer -analyzer-disable-all-checks -include /var/folders/4h/hxvz7hb959j4pw0pvbq686x00000gn/T/CocoaPods-Lint-20200722-25225-196xw43-UIModule/Pods/Target\ Support\ Files/XEngineSDK/XEngineSDK-prefix.pch -MMD -MT dependencies -MF /Users/edz/Library/Developer/Xcode/DerivedData/App-bytlbhqqorqzqidyjovihkqwnkia/Build/Intermediates.noindex/Pods.build/Release-iphonesimulator/XEngineSDK.build/Objects-normal/x86_64/BaseRequest+Protected.d --serialize-diagnostics /Users/edz/Library/Developer/Xcode/DerivedData/App-bytlbhqqorqzqidyjovihkqwnkia/Build/Intermediates.noindex/Pods.build/Release-iphonesimulator/XEngineSDK.build/Objects-normal/x86_64/BaseRequest+Protected.dia -c /var/folders/4h/hxvz7hb959j4pw0pvbq686x00000gn/T/CocoaPods-Lint-20200722-25225-196xw43-UIModule/Pods/XEngineSDK/XEngineSDK/NetWorking/BaseRequest+Protected.m -o /Users/edz/Library/Developer/Xcode/DerivedData/App-bytlbhqqorqzqidyjovihkqwnkia/Build/Intermediates.noindex/Pods.build/Release-iphonesimulator/XEngineSDK.build/Objects-normal/x86_64/BaseRequest+Protected.o
    
    CompileC /Users/edz/Library/Developer/Xcode/DerivedData/App-bytlbhqqorqzqidyjovihkqwnkia/Build/Intermediates.noindex/Pods.build/Release-iphonesimulator/XEngineSDK.build/Objects-normal/x86_64/BaseRequest+Customized.o /var/folders/4h/hxvz7hb959j4pw0pvbq686x00000gn/T/CocoaPods-Lint-20200722-25225-196xw43-UIModule/Pods/XEngineSDK/XEngineSDK/NetWorking/BaseRequest+Customized.m normal x86_64 objective-c com.apple.compilers.llvm.clang.1_0.compiler (in target 'XEngineSDK' from project 'Pods')
        cd /var/folders/4h/hxvz7hb959j4pw0pvbq686x00000gn/T/CocoaPods-Lint-20200722-25225-196xw43-UIModule/Pods
        export LANG=en_US.US-ASCII
        /Applications/Xcode.app/Contents/Developer/Toolchains/XcodeDefault.xctoolchain/usr/bin/clang -x objective-c -target x86_64-apple-ios11.0-simulator -fmessage-length=0 -fdiagnostics-show-note-include-stack -fmacro-backtrace-limit=0 -std=gnu11 -fobjc-arc -fmodules -gmodules -fmodules-cache-path=/Users/edz/Library/Developer/Xcode/DerivedData/ModuleCache.noindex -fmodules-prune-interval=86400 -fmodules-prune-after=345600 -fbuild-session-file=/Users/edz/Library/Developer/Xcode/DerivedData/ModuleCache.noindex/Session.modulevalidation -fmodules-validate-once-per-build-session -fmodule-name=XEngineSDK -Wno-trigraphs -fpascal-strings -Os -fno-common -Wno-missing-field-initializers -Wno-missing-prototypes -Werror=return-type -Wdocumentation -Wunreachable-code -Wno-implicit-atomic-properties -Werror=deprecated-objc-isa-usage -Wno-objc-interface-ivars -Werror=objc-root-class -Wno-arc-repeated-use-of-weak -Wimplicit-retain-self -Wduplicate-method-match -Wno-missing-braces -Wparentheses -Wswitch -Wunused-function -Wno-unused-label -Wno-unused-parameter -Wunused-variable -Wunused-value -Wempty-body -Wuninitialized -Wconditional-uninitialized -Wno-unknown-pragmas -Wno-shadow -Wno-four-char-constants -Wno-conversion -Wconstant-conversion -Wint-conversion -Wbool-conversion -Wenum-conversion -Wno-float-conversion -Wnon-literal-null-conversion -Wobjc-literal-conversion -Wshorten-64-to-32 -Wpointer-sign -Wno-newline-eof -Wno-selector -Wno-strict-selector-match -Wundeclared-selector -Wdeprecated-implementations -DPOD_CONFIGURATION_RELEASE=1 -DCOCOAPODS=1 -DNS_BLOCK_ASSERTIONS=1 -DOBJC_OLD_DISPATCH_PROTOTYPES=0 -isysroot /Applications/Xcode.app/Contents/Developer/Platforms/iPhoneSimulator.platform/Developer/SDKs/iPhoneSimulator13.5.sdk -fasm-blocks -fstrict-aliasing -Wprotocol -Wdeprecated-declarations -g -Wno-sign-conversion -Winfinite-recursion -Wcomma -Wblock-capture-autoreleasing -Wstrict-prototypes -Wno-semicolon-before-method-body -Wunguarded-availability -fobjc-abi-version=2 -fobjc-legacy-dispatch -iquote /Users/edz/Library/Developer/Xcode/DerivedData/App-bytlbhqqorqzqidyjovihkqwnkia/Build/Intermediates.noindex/Pods.build/Release-iphonesimulator/XEngineSDK.build/XEngineSDK-generated-files.hmap -I/Users/edz/Library/Developer/Xcode/DerivedData/App-bytlbhqqorqzqidyjovihkqwnkia/Build/Intermediates.noindex/Pods.build/Release-iphonesimulator/XEngineSDK.build/XEngineSDK-own-target-headers.hmap -I/Users/edz/Library/Developer/Xcode/DerivedData/App-bytlbhqqorqzqidyjovihkqwnkia/Build/Intermediates.noindex/Pods.build/Release-iphonesimulator/XEngineSDK.build/XEngineSDK-all-non-framework-target-headers.hmap -ivfsoverlay /Users/edz/Library/Developer/Xcode/DerivedData/App-bytlbhqqorqzqidyjovihkqwnkia/Build/Intermediates.noindex/Pods.build/Release-iphonesimulator/XEngineSDK.build/all-product-headers.yaml -iquote /Users/edz/Library/Developer/Xcode/DerivedData/App-bytlbhqqorqzqidyjovihkqwnkia/Build/Intermediates.noindex/Pods.build/Release-iphonesimulator/XEngineSDK.build/XEngineSDK-project-headers.hmap -I/Users/edz/Library/Developer/Xcode/DerivedData/App-bytlbhqqorqzqidyjovihkqwnkia/Build/Products/Release-iphonesimulator/XEngineSDK/include -I/Users/edz/Library/Developer/Xcode/DerivedData/App-bytlbhqqorqzqidyjovihkqwnkia/Build/Intermediates.noindex/Pods.build/Release-iphonesimulator/XEngineSDK.build/DerivedSources-normal/x86_64 -I/Users/edz/Library/Developer/Xcode/DerivedData/App-bytlbhqqorqzqidyjovihkqwnkia/Build/Intermediates.noindex/Pods.build/Release-iphonesimulator/XEngineSDK.build/DerivedSources/x86_64 -I/Users/edz/Library/Developer/Xcode/DerivedData/App-bytlbhqqorqzqidyjovihkqwnkia/Build/Intermediates.noindex/Pods.build/Release-iphonesimulator/XEngineSDK.build/DerivedSources -F/Users/edz/Library/Developer/Xcode/DerivedData/App-bytlbhqqorqzqidyjovihkqwnkia/Build/Products/Release-iphonesimulator/XEngineSDK -F/Users/edz/Library/Developer/Xcode/DerivedData/App-bytlbhqqorqzqidyjovihkqwnkia/Build/Products/Release-iphonesimulator/AFNetworking -F/Users/edz/Library/Developer/Xcode/DerivedData/App-bytlbhqqorqzqidyjovihkqwnkia/Build/Products/Release-iphonesimulator/JSONModel -F/Users/edz/Library/Developer/Xcode/DerivedData/App-bytlbhqqorqzqidyjovihkqwnkia/Build/Products/Release-iphonesimulator/LSRFramework -F/Users/edz/Library/Developer/Xcode/DerivedData/App-bytlbhqqorqzqidyjovihkqwnkia/Build/Products/Release-iphonesimulator/MBProgressHUD -F/Users/edz/Library/Developer/Xcode/DerivedData/App-bytlbhqqorqzqidyjovihkqwnkia/Build/Products/Release-iphonesimulator/Masonry -F/Users/edz/Library/Developer/Xcode/DerivedData/App-bytlbhqqorqzqidyjovihkqwnkia/Build/Products/Release-iphonesimulator/SSZipArchive -Wincomplete-umbrella -w -Xanalyzer -analyzer-disable-all-checks -include /var/folders/4h/hxvz7hb959j4pw0pvbq686x00000gn/T/CocoaPods-Lint-20200722-25225-196xw43-UIModule/Pods/Target\ Support\ Files/XEngineSDK/XEngineSDK-prefix.pch -MMD -MT dependencies -MF /Users/edz/Library/Developer/Xcode/DerivedData/App-bytlbhqqorqzqidyjovihkqwnkia/Build/Intermediates.noindex/Pods.build/Release-iphonesimulator/XEngineSDK.build/Objects-normal/x86_64/BaseRequest+Customized.d --serialize-diagnostics /Users/edz/Library/Developer/Xcode/DerivedData/App-bytlbhqqorqzqidyjovihkqwnkia/Build/Intermediates.noindex/Pods.build/Release-iphonesimulator/XEngineSDK.build/Objects-normal/x86_64/BaseRequest+Customized.dia -c /var/folders/4h/hxvz7hb959j4pw0pvbq686x00000gn/T/CocoaPods-Lint-20200722-25225-196xw43-UIModule/Pods/XEngineSDK/XEngineSDK/NetWorking/BaseRequest+Customized.m -o /Users/edz/Library/Developer/Xcode/DerivedData/App-bytlbhqqorqzqidyjovihkqwnkia/Build/Intermediates.noindex/Pods.build/Release-iphonesimulator/XEngineSDK.build/Objects-normal/x86_64/BaseRequest+Customized.o
    
    Ld /Users/edz/Library/Developer/Xcode/DerivedData/App-bytlbhqqorqzqidyjovihkqwnkia/Build/Products/Release-iphonesimulator/XEngineSDK/XEngineSDK.framework/XEngineSDK normal x86_64 (in target 'XEngineSDK' from project 'Pods')
        cd /var/folders/4h/hxvz7hb959j4pw0pvbq686x00000gn/T/CocoaPods-Lint-20200722-25225-196xw43-UIModule/Pods
        /Applications/Xcode.app/Contents/Developer/Toolchains/XcodeDefault.xctoolchain/usr/bin/clang -target x86_64-apple-ios11.0-simulator -dynamiclib -isysroot /Applications/Xcode.app/Contents/Developer/Platforms/iPhoneSimulator.platform/Developer/SDKs/iPhoneSimulator13.5.sdk -L/Users/edz/Library/Developer/Xcode/DerivedData/App-bytlbhqqorqzqidyjovihkqwnkia/Build/Products/Release-iphonesimulator/XEngineSDK -F/Users/edz/Library/Developer/Xcode/DerivedData/App-bytlbhqqorqzqidyjovihkqwnkia/Build/Products/Release-iphonesimulator/XEngineSDK -F/Users/edz/Library/Developer/Xcode/DerivedData/App-bytlbhqqorqzqidyjovihkqwnkia/Build/Products/Release-iphonesimulator/AFNetworking -F/Users/edz/Library/Developer/Xcode/DerivedData/App-bytlbhqqorqzqidyjovihkqwnkia/Build/Products/Release-iphonesimulator/JSONModel -F/Users/edz/Library/Developer/Xcode/DerivedData/App-bytlbhqqorqzqidyjovihkqwnkia/Build/Products/Release-iphonesimulator/LSRFramework -F/Users/edz/Library/Developer/Xcode/DerivedData/App-bytlbhqqorqzqidyjovihkqwnkia/Build/Products/Release-iphonesimulator/MBProgressHUD -F/Users/edz/Library/Developer/Xcode/DerivedData/App-bytlbhqqorqzqidyjovihkqwnkia/Build/Products/Release-iphonesimulator/Masonry -F/Users/edz/Library/Developer/Xcode/DerivedData/App-bytlbhqqorqzqidyjovihkqwnkia/Build/Products/Release-iphonesimulator/SSZipArchive -filelist /Users/edz/Library/Developer/Xcode/DerivedData/App-bytlbhqqorqzqidyjovihkqwnkia/Build/Intermediates.noindex/Pods.build/Release-iphonesimulator/XEngineSDK.build/Objects-normal/x86_64/XEngineSDK.LinkFileList -install_name @rpath/XEngineSDK.framework/XEngineSDK -Xlinker -rpath -Xlinker @executable_path/Frameworks -Xlinker -rpath -Xlinker @loader_path/Frameworks -dead_strip -Xlinker -object_path_lto -Xlinker /Users/edz/Library/Developer/Xcode/DerivedData/App-bytlbhqqorqzqidyjovihkqwnkia/Build/Intermediates.noindex/Pods.build/Release-iphonesimulator/XEngineSDK.build/Objects-normal/x86_64/XEngineSDK_lto.o -Xlinker -objc_abi_version -Xlinker 2 -fobjc-arc -fobjc-link-runtime -framework CoreServices -framework AFNetworking -framework CoreServices -framework Foundation -framework JSONModel -framework LSRFramework -framework SSZipArchive -compatibility_version 1 -current_version 1 -Xlinker -dependency_info -Xlinker /Users/edz/Library/Developer/Xcode/DerivedData/App-bytlbhqqorqzqidyjovihkqwnkia/Build/Intermediates.noindex/Pods.build/Release-iphonesimulator/XEngineSDK.build/Objects-normal/x86_64/XEngineSDK_dependency_info.dat -o /Users/edz/Library/Developer/Xcode/DerivedData/App-bytlbhqqorqzqidyjovihkqwnkia/Build/Products/Release-iphonesimulator/XEngineSDK/XEngineSDK.framework/XEngineSDK
    
    GenerateDSYMFile /Users/edz/Library/Developer/Xcode/DerivedData/App-bytlbhqqorqzqidyjovihkqwnkia/Build/Products/Release-iphonesimulator/XEngineSDK/XEngineSDK.framework.dSYM /Users/edz/Library/Developer/Xcode/DerivedData/App-bytlbhqqorqzqidyjovihkqwnkia/Build/Products/Release-iphonesimulator/XEngineSDK/XEngineSDK.framework/XEngineSDK (in target 'XEngineSDK' from project 'Pods')
        cd /var/folders/4h/hxvz7hb959j4pw0pvbq686x00000gn/T/CocoaPods-Lint-20200722-25225-196xw43-UIModule/Pods
        /Applications/Xcode.app/Contents/Developer/Toolchains/XcodeDefault.xctoolchain/usr/bin/dsymutil /Users/edz/Library/Developer/Xcode/DerivedData/App-bytlbhqqorqzqidyjovihkqwnkia/Build/Products/Release-iphonesimulator/XEngineSDK/XEngineSDK.framework/XEngineSDK -o /Users/edz/Library/Developer/Xcode/DerivedData/App-bytlbhqqorqzqidyjovihkqwnkia/Build/Products/Release-iphonesimulator/XEngineSDK/XEngineSDK.framework.dSYM
    
    CodeSign /Users/edz/Library/Developer/Xcode/DerivedData/App-bytlbhqqorqzqidyjovihkqwnkia/Build/Products/Release-iphonesimulator/XEngineSDK/XEngineSDK.framework (in target 'XEngineSDK' from project 'Pods')
        cd /var/folders/4h/hxvz7hb959j4pw0pvbq686x00000gn/T/CocoaPods-Lint-20200722-25225-196xw43-UIModule/Pods
        export CODESIGN_ALLOCATE=/Applications/Xcode.app/Contents/Developer/Toolchains/XcodeDefault.xctoolchain/usr/bin/codesign_allocate
        
    Signing Identity:     "-"
    
        /usr/bin/codesign --force --sign - --timestamp=none /Users/edz/Library/Developer/Xcode/DerivedData/App-bytlbhqqorqzqidyjovihkqwnkia/Build/Products/Release-iphonesimulator/XEngineSDK/XEngineSDK.framework
    
    RegisterExecutionPolicyException /Users/edz/Library/Developer/Xcode/DerivedData/App-bytlbhqqorqzqidyjovihkqwnkia/Build/Products/Release-iphonesimulator/XEngineSDK/XEngineSDK.framework (in target 'XEngineSDK' from project 'Pods')
        cd /var/folders/4h/hxvz7hb959j4pw0pvbq686x00000gn/T/CocoaPods-Lint-20200722-25225-196xw43-UIModule/Pods
        builtin-RegisterExecutionPolicyException /Users/edz/Library/Developer/Xcode/DerivedData/App-bytlbhqqorqzqidyjovihkqwnkia/Build/Products/Release-iphonesimulator/XEngineSDK/XEngineSDK.framework
    note: Execution policy exception registration failed and was skipped: Error Domain=NSPOSIXErrorDomain Code=1 "Operation not permitted" (in target 'XEngineSDK' from project 'Pods')
    
    Touch /Users/edz/Library/Developer/Xcode/DerivedData/App-bytlbhqqorqzqidyjovihkqwnkia/Build/Products/Release-iphonesimulator/XEngineSDK/XEngineSDK.framework (in target 'XEngineSDK' from project 'Pods')
        cd /var/folders/4h/hxvz7hb959j4pw0pvbq686x00000gn/T/CocoaPods-Lint-20200722-25225-196xw43-UIModule/Pods
        /usr/bin/touch -c /Users/edz/Library/Developer/Xcode/DerivedData/App-bytlbhqqorqzqidyjovihkqwnkia/Build/Products/Release-iphonesimulator/XEngineSDK/XEngineSDK.framework
    
    WriteAuxiliaryFile /Users/edz/Library/Developer/Xcode/DerivedData/App-bytlbhqqorqzqidyjovihkqwnkia/Build/Intermediates.noindex/Pods.build/Release-iphonesimulator/UIModule.build/UIModule.hmap (in target 'UIModule' from project 'Pods')
        cd /var/folders/4h/hxvz7hb959j4pw0pvbq686x00000gn/T/CocoaPods-Lint-20200722-25225-196xw43-UIModule/Pods
        write-file /Users/edz/Library/Developer/Xcode/DerivedData/App-bytlbhqqorqzqidyjovihkqwnkia/Build/Intermediates.noindex/Pods.build/Release-iphonesimulator/UIModule.build/UIModule.hmap
    
    WriteAuxiliaryFile /Users/edz/Library/Developer/Xcode/DerivedData/App-bytlbhqqorqzqidyjovihkqwnkia/Build/Intermediates.noindex/Pods.build/Release-iphonesimulator/UIModule.build/UIModule-project-headers.hmap (in target 'UIModule' from project 'Pods')
        cd /var/folders/4h/hxvz7hb959j4pw0pvbq686x00000gn/T/CocoaPods-Lint-20200722-25225-196xw43-UIModule/Pods
        write-file /Users/edz/Library/Developer/Xcode/DerivedData/App-bytlbhqqorqzqidyjovihkqwnkia/Build/Intermediates.noindex/Pods.build/Release-iphonesimulator/UIModule.build/UIModule-project-headers.hmap
    
    WriteAuxiliaryFile /Users/edz/Library/Developer/Xcode/DerivedData/App-bytlbhqqorqzqidyjovihkqwnkia/Build/Intermediates.noindex/Pods.build/Release-iphonesimulator/UIModule.build/UIModule-own-target-headers.hmap (in target 'UIModule' from project 'Pods')
        cd /var/folders/4h/hxvz7hb959j4pw0pvbq686x00000gn/T/CocoaPods-Lint-20200722-25225-196xw43-UIModule/Pods
        write-file /Users/edz/Library/Developer/Xcode/DerivedData/App-bytlbhqqorqzqidyjovihkqwnkia/Build/Intermediates.noindex/Pods.build/Release-iphonesimulator/UIModule.build/UIModule-own-target-headers.hmap
    
    WriteAuxiliaryFile /Users/edz/Library/Developer/Xcode/DerivedData/App-bytlbhqqorqzqidyjovihkqwnkia/Build/Intermediates.noindex/Pods.build/Release-iphonesimulator/UIModule.build/all-product-headers.yaml (in target 'UIModule' from project 'Pods')
        cd /var/folders/4h/hxvz7hb959j4pw0pvbq686x00000gn/T/CocoaPods-Lint-20200722-25225-196xw43-UIModule/Pods
        write-file /Users/edz/Library/Developer/Xcode/DerivedData/App-bytlbhqqorqzqidyjovihkqwnkia/Build/Intermediates.noindex/Pods.build/Release-iphonesimulator/UIModule.build/all-product-headers.yaml
    
    WriteAuxiliaryFile /Users/edz/Library/Developer/Xcode/DerivedData/App-bytlbhqqorqzqidyjovihkqwnkia/Build/Intermediates.noindex/Pods.build/Release-iphonesimulator/UIModule.build/UIModule-generated-files.hmap (in target 'UIModule' from project 'Pods')
        cd /var/folders/4h/hxvz7hb959j4pw0pvbq686x00000gn/T/CocoaPods-Lint-20200722-25225-196xw43-UIModule/Pods
        write-file /Users/edz/Library/Developer/Xcode/DerivedData/App-bytlbhqqorqzqidyjovihkqwnkia/Build/Intermediates.noindex/Pods.build/Release-iphonesimulator/UIModule.build/UIModule-generated-files.hmap
    
    WriteAuxiliaryFile /Users/edz/Library/Developer/Xcode/DerivedData/App-bytlbhqqorqzqidyjovihkqwnkia/Build/Intermediates.noindex/Pods.build/Release-iphonesimulator/UIModule.build/UIModule-all-target-headers.hmap (in target 'UIModule' from project 'Pods')
        cd /var/folders/4h/hxvz7hb959j4pw0pvbq686x00000gn/T/CocoaPods-Lint-20200722-25225-196xw43-UIModule/Pods
        write-file /Users/edz/Library/Developer/Xcode/DerivedData/App-bytlbhqqorqzqidyjovihkqwnkia/Build/Intermediates.noindex/Pods.build/Release-iphonesimulator/UIModule.build/UIModule-all-target-headers.hmap
    
    WriteAuxiliaryFile /Users/edz/Library/Developer/Xcode/DerivedData/App-bytlbhqqorqzqidyjovihkqwnkia/Build/Intermediates.noindex/Pods.build/Release-iphonesimulator/UIModule.build/UIModule-all-non-framework-target-headers.hmap (in target 'UIModule' from project 'Pods')
        cd /var/folders/4h/hxvz7hb959j4pw0pvbq686x00000gn/T/CocoaPods-Lint-20200722-25225-196xw43-UIModule/Pods
        write-file /Users/edz/Library/Developer/Xcode/DerivedData/App-bytlbhqqorqzqidyjovihkqwnkia/Build/Intermediates.noindex/Pods.build/Release-iphonesimulator/UIModule.build/UIModule-all-non-framework-target-headers.hmap
    
    WriteAuxiliaryFile /Users/edz/Library/Developer/Xcode/DerivedData/App-bytlbhqqorqzqidyjovihkqwnkia/Build/Intermediates.noindex/Pods.build/Release-iphonesimulator/UIModule.build/module.modulemap (in target 'UIModule' from project 'Pods')
        cd /var/folders/4h/hxvz7hb959j4pw0pvbq686x00000gn/T/CocoaPods-Lint-20200722-25225-196xw43-UIModule/Pods
        write-file /Users/edz/Library/Developer/Xcode/DerivedData/App-bytlbhqqorqzqidyjovihkqwnkia/Build/Intermediates.noindex/Pods.build/Release-iphonesimulator/UIModule.build/module.modulemap
    
    ProcessInfoPlistFile /Users/edz/Library/Developer/Xcode/DerivedData/App-bytlbhqqorqzqidyjovihkqwnkia/Build/Products/Release-iphonesimulator/UIModule/UIModule.framework/Info.plist /var/folders/4h/hxvz7hb959j4pw0pvbq686x00000gn/T/CocoaPods-Lint-20200722-25225-196xw43-UIModule/Pods/Target\ Support\ Files/UIModule/UIModule-Info.plist (in target 'UIModule' from project 'Pods')
        cd /var/folders/4h/hxvz7hb959j4pw0pvbq686x00000gn/T/CocoaPods-Lint-20200722-25225-196xw43-UIModule/Pods
        builtin-infoPlistUtility /var/folders/4h/hxvz7hb959j4pw0pvbq686x00000gn/T/CocoaPods-Lint-20200722-25225-196xw43-UIModule/Pods/Target\ Support\ Files/UIModule/UIModule-Info.plist -producttype com.apple.product-type.framework -expandbuildsettings -format binary -platform iphonesimulator -o /Users/edz/Library/Developer/Xcode/DerivedData/App-bytlbhqqorqzqidyjovihkqwnkia/Build/Products/Release-iphonesimulator/UIModule/UIModule.framework/Info.plist
    
    CpHeader /private/var/folders/4h/hxvz7hb959j4pw0pvbq686x00000gn/T/CocoaPods-Lint-20200722-25225-196xw43-UIModule/Pods/Target\ Support\ Files/UIModule/UIModule-umbrella.h /Users/edz/Library/Developer/Xcode/DerivedData/App-bytlbhqqorqzqidyjovihkqwnkia/Build/Products/Release-iphonesimulator/UIModule/UIModule.framework/Headers/UIModule-umbrella.h (in target 'UIModule' from project 'Pods')
        cd /var/folders/4h/hxvz7hb959j4pw0pvbq686x00000gn/T/CocoaPods-Lint-20200722-25225-196xw43-UIModule/Pods
        builtin-copy -exclude .DS_Store -exclude CVS -exclude .svn -exclude .git -exclude .hg -resolve-src-symlinks /private/var/folders/4h/hxvz7hb959j4pw0pvbq686x00000gn/T/CocoaPods-Lint-20200722-25225-196xw43-UIModule/Pods/Target\ Support\ Files/UIModule/UIModule-umbrella.h /Users/edz/Library/Developer/Xcode/DerivedData/App-bytlbhqqorqzqidyjovihkqwnkia/Build/Products/Release-iphonesimulator/UIModule/UIModule.framework/Headers
    
    CpHeader /Users/edz/Desktop/XEngineModule/UIModule/UIModuleClass/__xengine__module_UIModule.h /Users/edz/Library/Developer/Xcode/DerivedData/App-bytlbhqqorqzqidyjovihkqwnkia/Build/Products/Release-iphonesimulator/UIModule/UIModule.framework/Headers/__xengine__module_UIModule.h (in target 'UIModule' from project 'Pods')
        cd /var/folders/4h/hxvz7hb959j4pw0pvbq686x00000gn/T/CocoaPods-Lint-20200722-25225-196xw43-UIModule/Pods
        builtin-copy -exclude .DS_Store -exclude CVS -exclude .svn -exclude .git -exclude .hg -resolve-src-symlinks /Users/edz/Desktop/XEngineModule/UIModule/UIModuleClass/__xengine__module_UIModule.h /Users/edz/Library/Developer/Xcode/DerivedData/App-bytlbhqqorqzqidyjovihkqwnkia/Build/Products/Release-iphonesimulator/UIModule/UIModule.framework/Headers
    
    Ditto /Users/edz/Library/Developer/Xcode/DerivedData/App-bytlbhqqorqzqidyjovihkqwnkia/Build/Intermediates.noindex/Pods.build/Release-iphonesimulator/UIModule.build/module.modulemap /Users/edz/Library/Developer/Xcode/DerivedData/App-bytlbhqqorqzqidyjovihkqwnkia/Build/Products/Release-iphonesimulator/UIModule/UIModule.framework/Modules/module.modulemap (in target 'UIModule' from project 'Pods')
        cd /var/folders/4h/hxvz7hb959j4pw0pvbq686x00000gn/T/CocoaPods-Lint-20200722-25225-196xw43-UIModule/Pods
        builtin-copy -exclude .DS_Store -exclude CVS -exclude .svn -exclude .git -exclude .hg -resolve-src-symlinks /Users/edz/Library/Developer/Xcode/DerivedData/App-bytlbhqqorqzqidyjovihkqwnkia/Build/Intermediates.noindex/Pods.build/Release-iphonesimulator/UIModule.build/module.modulemap /Users/edz/Library/Developer/Xcode/DerivedData/App-bytlbhqqorqzqidyjovihkqwnkia/Build/Products/Release-iphonesimulator/UIModule/UIModule.framework/Modules
    
    WriteAuxiliaryFile /Users/edz/Library/Developer/Xcode/DerivedData/App-bytlbhqqorqzqidyjovihkqwnkia/Build/Intermediates.noindex/Pods.build/Release-iphonesimulator/UIModule.build/DerivedSources/UIModule_vers.c (in target 'UIModule' from project 'Pods')
        cd /var/folders/4h/hxvz7hb959j4pw0pvbq686x00000gn/T/CocoaPods-Lint-20200722-25225-196xw43-UIModule/Pods
        write-file /Users/edz/Library/Developer/Xcode/DerivedData/App-bytlbhqqorqzqidyjovihkqwnkia/Build/Intermediates.noindex/Pods.build/Release-iphonesimulator/UIModule.build/DerivedSources/UIModule_vers.c
    
    CompileC /Users/edz/Library/Developer/Xcode/DerivedData/App-bytlbhqqorqzqidyjovihkqwnkia/Build/Intermediates.noindex/Pods.build/Release-iphonesimulator/UIModule.build/Objects-normal/x86_64/__xengine__module_UIModule.o /Users/edz/Desktop/XEngineModule/UIModule/UIModuleClass/__xengine__module_UIModule.m normal x86_64 objective-c com.apple.compilers.llvm.clang.1_0.compiler (in target 'UIModule' from project 'Pods')
        cd /var/folders/4h/hxvz7hb959j4pw0pvbq686x00000gn/T/CocoaPods-Lint-20200722-25225-196xw43-UIModule/Pods
        export LANG=en_US.US-ASCII
        /Applications/Xcode.app/Contents/Developer/Toolchains/XcodeDefault.xctoolchain/usr/bin/clang -x objective-c -target x86_64-apple-ios11.0-simulator -fmessage-length=0 -fdiagnostics-show-note-include-stack -fmacro-backtrace-limit=0 -std=gnu11 -fobjc-arc -fmodules -gmodules -fmodules-cache-path=/Users/edz/Library/Developer/Xcode/DerivedData/ModuleCache.noindex -fmodules-prune-interval=86400 -fmodules-prune-after=345600 -fbuild-session-file=/Users/edz/Library/Developer/Xcode/DerivedData/ModuleCache.noindex/Session.modulevalidation -fmodules-validate-once-per-build-session -fmodule-name=UIModule -Wno-trigraphs -fpascal-strings -Os -fno-common -Wno-missing-field-initializers -Wno-missing-prototypes -Werror=return-type -Wdocumentation -Wunreachable-code -Wno-implicit-atomic-properties -Werror=deprecated-objc-isa-usage -Wno-objc-interface-ivars -Werror=objc-root-class -Wno-arc-repeated-use-of-weak -Wimplicit-retain-self -Wduplicate-method-match -Wno-missing-braces -Wparentheses -Wswitch -Wunused-function -Wno-unused-label -Wno-unused-parameter -Wunused-variable -Wunused-value -Wempty-body -Wuninitialized -Wconditional-uninitialized -Wno-unknown-pragmas -Wno-shadow -Wno-four-char-constants -Wno-conversion -Wconstant-conversion -Wint-conversion -Wbool-conversion -Wenum-conversion -Wno-float-conversion -Wnon-literal-null-conversion -Wobjc-literal-conversion -Wshorten-64-to-32 -Wpointer-sign -Wno-newline-eof -Wno-selector -Wno-strict-selector-match -Wundeclared-selector -Wdeprecated-implementations -DPOD_CONFIGURATION_RELEASE=1 -DCOCOAPODS=1 -DNS_BLOCK_ASSERTIONS=1 -DOBJC_OLD_DISPATCH_PROTOTYPES=0 -isysroot /Applications/Xcode.app/Contents/Developer/Platforms/iPhoneSimulator.platform/Developer/SDKs/iPhoneSimulator13.5.sdk -fasm-blocks -fstrict-aliasing -Wprotocol -Wdeprecated-declarations -g -Wno-sign-conversion -Winfinite-recursion -Wcomma -Wblock-capture-autoreleasing -Wstrict-prototypes -Wno-semicolon-before-method-body -Wunguarded-availability -fobjc-abi-version=2 -fobjc-legacy-dispatch -iquote /Users/edz/Library/Developer/Xcode/DerivedData/App-bytlbhqqorqzqidyjovihkqwnkia/Build/Intermediates.noindex/Pods.build/Release-iphonesimulator/UIModule.build/UIModule-generated-files.hmap -I/Users/edz/Library/Developer/Xcode/DerivedData/App-bytlbhqqorqzqidyjovihkqwnkia/Build/Intermediates.noindex/Pods.build/Release-iphonesimulator/UIModule.build/UIModule-own-target-headers.hmap -I/Users/edz/Library/Developer/Xcode/DerivedData/App-bytlbhqqorqzqidyjovihkqwnkia/Build/Intermediates.noindex/Pods.build/Release-iphonesimulator/UIModule.build/UIModule-all-non-framework-target-headers.hmap -ivfsoverlay /Users/edz/Library/Developer/Xcode/DerivedData/App-bytlbhqqorqzqidyjovihkqwnkia/Build/Intermediates.noindex/Pods.build/Release-iphonesimulator/UIModule.build/all-product-headers.yaml -iquote /Users/edz/Library/Developer/Xcode/DerivedData/App-bytlbhqqorqzqidyjovihkqwnkia/Build/Intermediates.noindex/Pods.build/Release-iphonesimulator/UIModule.build/UIModule-project-headers.hmap -I/Users/edz/Library/Developer/Xcode/DerivedData/App-bytlbhqqorqzqidyjovihkqwnkia/Build/Products/Release-iphonesimulator/UIModule/include -I/Users/edz/Library/Developer/Xcode/DerivedData/App-bytlbhqqorqzqidyjovihkqwnkia/Build/Intermediates.noindex/Pods.build/Release-iphonesimulator/UIModule.build/DerivedSources-normal/x86_64 -I/Users/edz/Library/Developer/Xcode/DerivedData/App-bytlbhqqorqzqidyjovihkqwnkia/Build/Intermediates.noindex/Pods.build/Release-iphonesimulator/UIModule.build/DerivedSources/x86_64 -I/Users/edz/Library/Developer/Xcode/DerivedData/App-bytlbhqqorqzqidyjovihkqwnkia/Build/Intermediates.noindex/Pods.build/Release-iphonesimulator/UIModule.build/DerivedSources -F/Users/edz/Library/Developer/Xcode/DerivedData/App-bytlbhqqorqzqidyjovihkqwnkia/Build/Products/Release-iphonesimulator/UIModule -F/Users/edz/Library/Developer/Xcode/DerivedData/App-bytlbhqqorqzqidyjovihkqwnkia/Build/Products/Release-iphonesimulator/AFNetworking -F/Users/edz/Library/Developer/Xcode/DerivedData/App-bytlbhqqorqzqidyjovihkqwnkia/Build/Products/Release-iphonesimulator/JSONModel -F/Users/edz/Library/Developer/Xcode/DerivedData/App-bytlbhqqorqzqidyjovihkqwnkia/Build/Products/Release-iphonesimulator/LSRFramework -F/Users/edz/Library/Developer/Xcode/DerivedData/App-bytlbhqqorqzqidyjovihkqwnkia/Build/Products/Release-iphonesimulator/MBProgressHUD -F/Users/edz/Library/Developer/Xcode/DerivedData/App-bytlbhqqorqzqidyjovihkqwnkia/Build/Products/Release-iphonesimulator/Masonry -F/Users/edz/Library/Developer/Xcode/DerivedData/App-bytlbhqqorqzqidyjovihkqwnkia/Build/Products/Release-iphonesimulator/SSZipArchive -F/Users/edz/Library/Developer/Xcode/DerivedData/App-bytlbhqqorqzqidyjovihkqwnkia/Build/Products/Release-iphonesimulator/XEngineSDK -Wincomplete-umbrella -include /var/folders/4h/hxvz7hb959j4pw0pvbq686x00000gn/T/CocoaPods-Lint-20200722-25225-196xw43-UIModule/Pods/Target\ Support\ Files/UIModule/UIModule-prefix.pch -MMD -MT dependencies -MF /Users/edz/Library/Developer/Xcode/DerivedData/App-bytlbhqqorqzqidyjovihkqwnkia/Build/Intermediates.noindex/Pods.build/Release-iphonesimulator/UIModule.build/Objects-normal/x86_64/__xengine__module_UIModule.d --serialize-diagnostics /Users/edz/Library/Developer/Xcode/DerivedData/App-bytlbhqqorqzqidyjovihkqwnkia/Build/Intermediates.noindex/Pods.build/Release-iphonesimulator/UIModule.build/Objects-normal/x86_64/__xengine__module_UIModule.dia -c /Users/edz/Desktop/XEngineModule/UIModule/UIModuleClass/__xengine__module_UIModule.m -o /Users/edz/Library/Developer/Xcode/DerivedData/App-bytlbhqqorqzqidyjovihkqwnkia/Build/Intermediates.noindex/Pods.build/Release-iphonesimulator/UIModule.build/Objects-normal/x86_64/__xengine__module_UIModule.o
    
    WriteAuxiliaryFile /Users/edz/Library/Developer/Xcode/DerivedData/App-bytlbhqqorqzqidyjovihkqwnkia/Build/Intermediates.noindex/Pods.build/Release-iphonesimulator/UIModule.build/Objects-normal/x86_64/UIModule.LinkFileList (in target 'UIModule' from project 'Pods')
        cd /var/folders/4h/hxvz7hb959j4pw0pvbq686x00000gn/T/CocoaPods-Lint-20200722-25225-196xw43-UIModule/Pods
        write-file /Users/edz/Library/Developer/Xcode/DerivedData/App-bytlbhqqorqzqidyjovihkqwnkia/Build/Intermediates.noindex/Pods.build/Release-iphonesimulator/UIModule.build/Objects-normal/x86_64/UIModule.LinkFileList
    
    CompileC /Users/edz/Library/Developer/Xcode/DerivedData/App-bytlbhqqorqzqidyjovihkqwnkia/Build/Intermediates.noindex/Pods.build/Release-iphonesimulator/UIModule.build/Objects-normal/x86_64/UIModule-dummy.o /private/var/folders/4h/hxvz7hb959j4pw0pvbq686x00000gn/T/CocoaPods-Lint-20200722-25225-196xw43-UIModule/Pods/Target\ Support\ Files/UIModule/UIModule-dummy.m normal x86_64 objective-c com.apple.compilers.llvm.clang.1_0.compiler (in target 'UIModule' from project 'Pods')
        cd /var/folders/4h/hxvz7hb959j4pw0pvbq686x00000gn/T/CocoaPods-Lint-20200722-25225-196xw43-UIModule/Pods
        export LANG=en_US.US-ASCII
        /Applications/Xcode.app/Contents/Developer/Toolchains/XcodeDefault.xctoolchain/usr/bin/clang -x objective-c -target x86_64-apple-ios11.0-simulator -fmessage-length=0 -fdiagnostics-show-note-include-stack -fmacro-backtrace-limit=0 -std=gnu11 -fobjc-arc -fmodules -gmodules -fmodules-cache-path=/Users/edz/Library/Developer/Xcode/DerivedData/ModuleCache.noindex -fmodules-prune-interval=86400 -fmodules-prune-after=345600 -fbuild-session-file=/Users/edz/Library/Developer/Xcode/DerivedData/ModuleCache.noindex/Session.modulevalidation -fmodules-validate-once-per-build-session -fmodule-name=UIModule -Wno-trigraphs -fpascal-strings -Os -fno-common -Wno-missing-field-initializers -Wno-missing-prototypes -Werror=return-type -Wdocumentation -Wunreachable-code -Wno-implicit-atomic-properties -Werror=deprecated-objc-isa-usage -Wno-objc-interface-ivars -Werror=objc-root-class -Wno-arc-repeated-use-of-weak -Wimplicit-retain-self -Wduplicate-method-match -Wno-missing-braces -Wparentheses -Wswitch -Wunused-function -Wno-unused-label -Wno-unused-parameter -Wunused-variable -Wunused-value -Wempty-body -Wuninitialized -Wconditional-uninitialized -Wno-unknown-pragmas -Wno-shadow -Wno-four-char-constants -Wno-conversion -Wconstant-conversion -Wint-conversion -Wbool-conversion -Wenum-conversion -Wno-float-conversion -Wnon-literal-null-conversion -Wobjc-literal-conversion -Wshorten-64-to-32 -Wpointer-sign -Wno-newline-eof -Wno-selector -Wno-strict-selector-match -Wundeclared-selector -Wdeprecated-implementations -DPOD_CONFIGURATION_RELEASE=1 -DCOCOAPODS=1 -DNS_BLOCK_ASSERTIONS=1 -DOBJC_OLD_DISPATCH_PROTOTYPES=0 -isysroot /Applications/Xcode.app/Contents/Developer/Platforms/iPhoneSimulator.platform/Developer/SDKs/iPhoneSimulator13.5.sdk -fasm-blocks -fstrict-aliasing -Wprotocol -Wdeprecated-declarations -g -Wno-sign-conversion -Winfinite-recursion -Wcomma -Wblock-capture-autoreleasing -Wstrict-prototypes -Wno-semicolon-before-method-body -Wunguarded-availability -fobjc-abi-version=2 -fobjc-legacy-dispatch -iquote /Users/edz/Library/Developer/Xcode/DerivedData/App-bytlbhqqorqzqidyjovihkqwnkia/Build/Intermediates.noindex/Pods.build/Release-iphonesimulator/UIModule.build/UIModule-generated-files.hmap -I/Users/edz/Library/Developer/Xcode/DerivedData/App-bytlbhqqorqzqidyjovihkqwnkia/Build/Intermediates.noindex/Pods.build/Release-iphonesimulator/UIModule.build/UIModule-own-target-headers.hmap -I/Users/edz/Library/Developer/Xcode/DerivedData/App-bytlbhqqorqzqidyjovihkqwnkia/Build/Intermediates.noindex/Pods.build/Release-iphonesimulator/UIModule.build/UIModule-all-non-framework-target-headers.hmap -ivfsoverlay /Users/edz/Library/Developer/Xcode/DerivedData/App-bytlbhqqorqzqidyjovihkqwnkia/Build/Intermediates.noindex/Pods.build/Release-iphonesimulator/UIModule.build/all-product-headers.yaml -iquote /Users/edz/Library/Developer/Xcode/DerivedData/App-bytlbhqqorqzqidyjovihkqwnkia/Build/Intermediates.noindex/Pods.build/Release-iphonesimulator/UIModule.build/UIModule-project-headers.hmap -I/Users/edz/Library/Developer/Xcode/DerivedData/App-bytlbhqqorqzqidyjovihkqwnkia/Build/Products/Release-iphonesimulator/UIModule/include -I/Users/edz/Library/Developer/Xcode/DerivedData/App-bytlbhqqorqzqidyjovihkqwnkia/Build/Intermediates.noindex/Pods.build/Release-iphonesimulator/UIModule.build/DerivedSources-normal/x86_64 -I/Users/edz/Library/Developer/Xcode/DerivedData/App-bytlbhqqorqzqidyjovihkqwnkia/Build/Intermediates.noindex/Pods.build/Release-iphonesimulator/UIModule.build/DerivedSources/x86_64 -I/Users/edz/Library/Developer/Xcode/DerivedData/App-bytlbhqqorqzqidyjovihkqwnkia/Build/Intermediates.noindex/Pods.build/Release-iphonesimulator/UIModule.build/DerivedSources -F/Users/edz/Library/Developer/Xcode/DerivedData/App-bytlbhqqorqzqidyjovihkqwnkia/Build/Products/Release-iphonesimulator/UIModule -F/Users/edz/Library/Developer/Xcode/DerivedData/App-bytlbhqqorqzqidyjovihkqwnkia/Build/Products/Release-iphonesimulator/AFNetworking -F/Users/edz/Library/Developer/Xcode/DerivedData/App-bytlbhqqorqzqidyjovihkqwnkia/Build/Products/Release-iphonesimulator/JSONModel -F/Users/edz/Library/Developer/Xcode/DerivedData/App-bytlbhqqorqzqidyjovihkqwnkia/Build/Products/Release-iphonesimulator/LSRFramework -F/Users/edz/Library/Developer/Xcode/DerivedData/App-bytlbhqqorqzqidyjovihkqwnkia/Build/Products/Release-iphonesimulator/MBProgressHUD -F/Users/edz/Library/Developer/Xcode/DerivedData/App-bytlbhqqorqzqidyjovihkqwnkia/Build/Products/Release-iphonesimulator/Masonry -F/Users/edz/Library/Developer/Xcode/DerivedData/App-bytlbhqqorqzqidyjovihkqwnkia/Build/Products/Release-iphonesimulator/SSZipArchive -F/Users/edz/Library/Developer/Xcode/DerivedData/App-bytlbhqqorqzqidyjovihkqwnkia/Build/Products/Release-iphonesimulator/XEngineSDK -Wincomplete-umbrella -include /var/folders/4h/hxvz7hb959j4pw0pvbq686x00000gn/T/CocoaPods-Lint-20200722-25225-196xw43-UIModule/Pods/Target\ Support\ Files/UIModule/UIModule-prefix.pch -MMD -MT dependencies -MF /Users/edz/Library/Developer/Xcode/DerivedData/App-bytlbhqqorqzqidyjovihkqwnkia/Build/Intermediates.noindex/Pods.build/Release-iphonesimulator/UIModule.build/Objects-normal/x86_64/UIModule-dummy.d --serialize-diagnostics /Users/edz/Library/Developer/Xcode/DerivedData/App-bytlbhqqorqzqidyjovihkqwnkia/Build/Intermediates.noindex/Pods.build/Release-iphonesimulator/UIModule.build/Objects-normal/x86_64/UIModule-dummy.dia -c /private/var/folders/4h/hxvz7hb959j4pw0pvbq686x00000gn/T/CocoaPods-Lint-20200722-25225-196xw43-UIModule/Pods/Target\ Support\ Files/UIModule/UIModule-dummy.m -o /Users/edz/Library/Developer/Xcode/DerivedData/App-bytlbhqqorqzqidyjovihkqwnkia/Build/Intermediates.noindex/Pods.build/Release-iphonesimulator/UIModule.build/Objects-normal/x86_64/UIModule-dummy.o
    
    CompileC /Users/edz/Library/Developer/Xcode/DerivedData/App-bytlbhqqorqzqidyjovihkqwnkia/Build/Intermediates.noindex/Pods.build/Release-iphonesimulator/UIModule.build/Objects-normal/x86_64/UIModule_vers.o /Users/edz/Library/Developer/Xcode/DerivedData/App-bytlbhqqorqzqidyjovihkqwnkia/Build/Intermediates.noindex/Pods.build/Release-iphonesimulator/UIModule.build/DerivedSources/UIModule_vers.c normal x86_64 c com.apple.compilers.llvm.clang.1_0.compiler (in target 'UIModule' from project 'Pods')
        cd /var/folders/4h/hxvz7hb959j4pw0pvbq686x00000gn/T/CocoaPods-Lint-20200722-25225-196xw43-UIModule/Pods
        export LANG=en_US.US-ASCII
        /Applications/Xcode.app/Contents/Developer/Toolchains/XcodeDefault.xctoolchain/usr/bin/clang -x c -target x86_64-apple-ios11.0-simulator -fmessage-length=0 -fdiagnostics-show-note-include-stack -fmacro-backtrace-limit=0 -std=gnu11 -fmodules -gmodules -fmodules-cache-path=/Users/edz/Library/Developer/Xcode/DerivedData/ModuleCache.noindex -fmodules-prune-interval=86400 -fmodules-prune-after=345600 -fbuild-session-file=/Users/edz/Library/Developer/Xcode/DerivedData/ModuleCache.noindex/Session.modulevalidation -fmodules-validate-once-per-build-session -fmodule-name=UIModule -Wno-trigraphs -fpascal-strings -Os -fno-common -Wno-missing-field-initializers -Wno-missing-prototypes -Werror=return-type -Wdocumentation -Wunreachable-code -Werror=deprecated-objc-isa-usage -Werror=objc-root-class -Wno-missing-braces -Wparentheses -Wswitch -Wunused-function -Wno-unused-label -Wno-unused-parameter -Wunused-variable -Wunused-value -Wempty-body -Wuninitialized -Wconditional-uninitialized -Wno-unknown-pragmas -Wno-shadow -Wno-four-char-constants -Wno-conversion -Wconstant-conversion -Wint-conversion -Wbool-conversion -Wenum-conversion -Wno-float-conversion -Wnon-literal-null-conversion -Wobjc-literal-conversion -Wshorten-64-to-32 -Wpointer-sign -Wno-newline-eof -DPOD_CONFIGURATION_RELEASE=1 -DCOCOAPODS=1 -isysroot /Applications/Xcode.app/Contents/Developer/Platforms/iPhoneSimulator.platform/Developer/SDKs/iPhoneSimulator13.5.sdk -fasm-blocks -fstrict-aliasing -Wdeprecated-declarations -g -Wno-sign-conversion -Winfinite-recursion -Wcomma -Wblock-capture-autoreleasing -Wstrict-prototypes -Wno-semicolon-before-method-body -Wunguarded-availability -iquote /Users/edz/Library/Developer/Xcode/DerivedData/App-bytlbhqqorqzqidyjovihkqwnkia/Build/Intermediates.noindex/Pods.build/Release-iphonesimulator/UIModule.build/UIModule-generated-files.hmap -I/Users/edz/Library/Developer/Xcode/DerivedData/App-bytlbhqqorqzqidyjovihkqwnkia/Build/Intermediates.noindex/Pods.build/Release-iphonesimulator/UIModule.build/UIModule-own-target-headers.hmap -I/Users/edz/Library/Developer/Xcode/DerivedData/App-bytlbhqqorqzqidyjovihkqwnkia/Build/Intermediates.noindex/Pods.build/Release-iphonesimulator/UIModule.build/UIModule-all-non-framework-target-headers.hmap -ivfsoverlay /Users/edz/Library/Developer/Xcode/DerivedData/App-bytlbhqqorqzqidyjovihkqwnkia/Build/Intermediates.noindex/Pods.build/Release-iphonesimulator/UIModule.build/all-product-headers.yaml -iquote /Users/edz/Library/Developer/Xcode/DerivedData/App-bytlbhqqorqzqidyjovihkqwnkia/Build/Intermediates.noindex/Pods.build/Release-iphonesimulator/UIModule.build/UIModule-project-headers.hmap -I/Users/edz/Library/Developer/Xcode/DerivedData/App-bytlbhqqorqzqidyjovihkqwnkia/Build/Products/Release-iphonesimulator/UIModule/include -I/Users/edz/Library/Developer/Xcode/DerivedData/App-bytlbhqqorqzqidyjovihkqwnkia/Build/Intermediates.noindex/Pods.build/Release-iphonesimulator/UIModule.build/DerivedSources-normal/x86_64 -I/Users/edz/Library/Developer/Xcode/DerivedData/App-bytlbhqqorqzqidyjovihkqwnkia/Build/Intermediates.noindex/Pods.build/Release-iphonesimulator/UIModule.build/DerivedSources/x86_64 -I/Users/edz/Library/Developer/Xcode/DerivedData/App-bytlbhqqorqzqidyjovihkqwnkia/Build/Intermediates.noindex/Pods.build/Release-iphonesimulator/UIModule.build/DerivedSources -F/Users/edz/Library/Developer/Xcode/DerivedData/App-bytlbhqqorqzqidyjovihkqwnkia/Build/Products/Release-iphonesimulator/UIModule -F/Users/edz/Library/Developer/Xcode/DerivedData/App-bytlbhqqorqzqidyjovihkqwnkia/Build/Products/Release-iphonesimulator/AFNetworking -F/Users/edz/Library/Developer/Xcode/DerivedData/App-bytlbhqqorqzqidyjovihkqwnkia/Build/Products/Release-iphonesimulator/JSONModel -F/Users/edz/Library/Developer/Xcode/DerivedData/App-bytlbhqqorqzqidyjovihkqwnkia/Build/Products/Release-iphonesimulator/LSRFramework -F/Users/edz/Library/Developer/Xcode/DerivedData/App-bytlbhqqorqzqidyjovihkqwnkia/Build/Products/Release-iphonesimulator/MBProgressHUD -F/Users/edz/Library/Developer/Xcode/DerivedData/App-bytlbhqqorqzqidyjovihkqwnkia/Build/Products/Release-iphonesimulator/Masonry -F/Users/edz/Library/Developer/Xcode/DerivedData/App-bytlbhqqorqzqidyjovihkqwnkia/Build/Products/Release-iphonesimulator/SSZipArchive -F/Users/edz/Library/Developer/Xcode/DerivedData/App-bytlbhqqorqzqidyjovihkqwnkia/Build/Products/Release-iphonesimulator/XEngineSDK -Wincomplete-umbrella -MMD -MT dependencies -MF /Users/edz/Library/Developer/Xcode/DerivedData/App-bytlbhqqorqzqidyjovihkqwnkia/Build/Intermediates.noindex/Pods.build/Release-iphonesimulator/UIModule.build/Objects-normal/x86_64/UIModule_vers.d --serialize-diagnostics /Users/edz/Library/Developer/Xcode/DerivedData/App-bytlbhqqorqzqidyjovihkqwnkia/Build/Intermediates.noindex/Pods.build/Release-iphonesimulator/UIModule.build/Objects-normal/x86_64/UIModule_vers.dia -c /Users/edz/Library/Developer/Xcode/DerivedData/App-bytlbhqqorqzqidyjovihkqwnkia/Build/Intermediates.noindex/Pods.build/Release-iphonesimulator/UIModule.build/DerivedSources/UIModule_vers.c -o /Users/edz/Library/Developer/Xcode/DerivedData/App-bytlbhqqorqzqidyjovihkqwnkia/Build/Intermediates.noindex/Pods.build/Release-iphonesimulator/UIModule.build/Objects-normal/x86_64/UIModule_vers.o
    
    Ld /Users/edz/Library/Developer/Xcode/DerivedData/App-bytlbhqqorqzqidyjovihkqwnkia/Build/Products/Release-iphonesimulator/UIModule/UIModule.framework/UIModule normal x86_64 (in target 'UIModule' from project 'Pods')
        cd /var/folders/4h/hxvz7hb959j4pw0pvbq686x00000gn/T/CocoaPods-Lint-20200722-25225-196xw43-UIModule/Pods
        /Applications/Xcode.app/Contents/Developer/Toolchains/XcodeDefault.xctoolchain/usr/bin/clang -target x86_64-apple-ios11.0-simulator -dynamiclib -isysroot /Applications/Xcode.app/Contents/Developer/Platforms/iPhoneSimulator.platform/Developer/SDKs/iPhoneSimulator13.5.sdk -L/Users/edz/Library/Developer/Xcode/DerivedData/App-bytlbhqqorqzqidyjovihkqwnkia/Build/Products/Release-iphonesimulator/UIModule -F/Users/edz/Library/Developer/Xcode/DerivedData/App-bytlbhqqorqzqidyjovihkqwnkia/Build/Products/Release-iphonesimulator/UIModule -F/Users/edz/Library/Developer/Xcode/DerivedData/App-bytlbhqqorqzqidyjovihkqwnkia/Build/Products/Release-iphonesimulator/AFNetworking -F/Users/edz/Library/Developer/Xcode/DerivedData/App-bytlbhqqorqzqidyjovihkqwnkia/Build/Products/Release-iphonesimulator/JSONModel -F/Users/edz/Library/Developer/Xcode/DerivedData/App-bytlbhqqorqzqidyjovihkqwnkia/Build/Products/Release-iphonesimulator/LSRFramework -F/Users/edz/Library/Developer/Xcode/DerivedData/App-bytlbhqqorqzqidyjovihkqwnkia/Build/Products/Release-iphonesimulator/MBProgressHUD -F/Users/edz/Library/Developer/Xcode/DerivedData/App-bytlbhqqorqzqidyjovihkqwnkia/Build/Products/Release-iphonesimulator/Masonry -F/Users/edz/Library/Developer/Xcode/DerivedData/App-bytlbhqqorqzqidyjovihkqwnkia/Build/Products/Release-iphonesimulator/SSZipArchive -F/Users/edz/Library/Developer/Xcode/DerivedData/App-bytlbhqqorqzqidyjovihkqwnkia/Build/Products/Release-iphonesimulator/XEngineSDK -filelist /Users/edz/Library/Developer/Xcode/DerivedData/App-bytlbhqqorqzqidyjovihkqwnkia/Build/Intermediates.noindex/Pods.build/Release-iphonesimulator/UIModule.build/Objects-normal/x86_64/UIModule.LinkFileList -install_name @rpath/UIModule.framework/UIModule -Xlinker -rpath -Xlinker @executable_path/Frameworks -Xlinker -rpath -Xlinker @loader_path/Frameworks -dead_strip -Xlinker -object_path_lto -Xlinker /Users/edz/Library/Developer/Xcode/DerivedData/App-bytlbhqqorqzqidyjovihkqwnkia/Build/Intermediates.noindex/Pods.build/Release-iphonesimulator/UIModule.build/Objects-normal/x86_64/UIModule_lto.o -Xlinker -objc_abi_version -Xlinker 2 -fobjc-arc -fobjc-link-runtime -framework UIKit -framework Foundation -framework LSRFramework -framework UIKit -framework XEngineSDK -compatibility_version 1 -current_version 1 -Xlinker -dependency_info -Xlinker /Users/edz/Library/Developer/Xcode/DerivedData/App-bytlbhqqorqzqidyjovihkqwnkia/Build/Intermediates.noindex/Pods.build/Release-iphonesimulator/UIModule.build/Objects-normal/x86_64/UIModule_dependency_info.dat -o /Users/edz/Library/Developer/Xcode/DerivedData/App-bytlbhqqorqzqidyjovihkqwnkia/Build/Products/Release-iphonesimulator/UIModule/UIModule.framework/UIModule
    
    GenerateDSYMFile /Users/edz/Library/Developer/Xcode/DerivedData/App-bytlbhqqorqzqidyjovihkqwnkia/Build/Products/Release-iphonesimulator/UIModule/UIModule.framework.dSYM /Users/edz/Library/Developer/Xcode/DerivedData/App-bytlbhqqorqzqidyjovihkqwnkia/Build/Products/Release-iphonesimulator/UIModule/UIModule.framework/UIModule (in target 'UIModule' from project 'Pods')
        cd /var/folders/4h/hxvz7hb959j4pw0pvbq686x00000gn/T/CocoaPods-Lint-20200722-25225-196xw43-UIModule/Pods
        /Applications/Xcode.app/Contents/Developer/Toolchains/XcodeDefault.xctoolchain/usr/bin/dsymutil /Users/edz/Library/Developer/Xcode/DerivedData/App-bytlbhqqorqzqidyjovihkqwnkia/Build/Products/Release-iphonesimulator/UIModule/UIModule.framework/UIModule -o /Users/edz/Library/Developer/Xcode/DerivedData/App-bytlbhqqorqzqidyjovihkqwnkia/Build/Products/Release-iphonesimulator/UIModule/UIModule.framework.dSYM
    
    CodeSign /Users/edz/Library/Developer/Xcode/DerivedData/App-bytlbhqqorqzqidyjovihkqwnkia/Build/Products/Release-iphonesimulator/UIModule/UIModule.framework (in target 'UIModule' from project 'Pods')
        cd /var/folders/4h/hxvz7hb959j4pw0pvbq686x00000gn/T/CocoaPods-Lint-20200722-25225-196xw43-UIModule/Pods
        export CODESIGN_ALLOCATE=/Applications/Xcode.app/Contents/Developer/Toolchains/XcodeDefault.xctoolchain/usr/bin/codesign_allocate
        
    Signing Identity:     "-"
    
        /usr/bin/codesign --force --sign - --timestamp=none /Users/edz/Library/Developer/Xcode/DerivedData/App-bytlbhqqorqzqidyjovihkqwnkia/Build/Products/Release-iphonesimulator/UIModule/UIModule.framework
    
    RegisterExecutionPolicyException /Users/edz/Library/Developer/Xcode/DerivedData/App-bytlbhqqorqzqidyjovihkqwnkia/Build/Products/Release-iphonesimulator/UIModule/UIModule.framework (in target 'UIModule' from project 'Pods')
        cd /var/folders/4h/hxvz7hb959j4pw0pvbq686x00000gn/T/CocoaPods-Lint-20200722-25225-196xw43-UIModule/Pods
        builtin-RegisterExecutionPolicyException /Users/edz/Library/Developer/Xcode/DerivedData/App-bytlbhqqorqzqidyjovihkqwnkia/Build/Products/Release-iphonesimulator/UIModule/UIModule.framework
    note: Execution policy exception registration failed and was skipped: Error Domain=NSPOSIXErrorDomain Code=1 "Operation not permitted" (in target 'UIModule' from project 'Pods')
    
    Touch /Users/edz/Library/Developer/Xcode/DerivedData/App-bytlbhqqorqzqidyjovihkqwnkia/Build/Products/Release-iphonesimulator/UIModule/UIModule.framework (in target 'UIModule' from project 'Pods')
        cd /var/folders/4h/hxvz7hb959j4pw0pvbq686x00000gn/T/CocoaPods-Lint-20200722-25225-196xw43-UIModule/Pods
        /usr/bin/touch -c /Users/edz/Library/Developer/Xcode/DerivedData/App-bytlbhqqorqzqidyjovihkqwnkia/Build/Products/Release-iphonesimulator/UIModule/UIModule.framework
    
    WriteAuxiliaryFile /Users/edz/Library/Developer/Xcode/DerivedData/App-bytlbhqqorqzqidyjovihkqwnkia/Build/Intermediates.noindex/Pods.build/Release-iphonesimulator/Pods-App.build/Pods_App-own-target-headers.hmap (in target 'Pods-App' from project 'Pods')
        cd /var/folders/4h/hxvz7hb959j4pw0pvbq686x00000gn/T/CocoaPods-Lint-20200722-25225-196xw43-UIModule/Pods
        write-file /Users/edz/Library/Developer/Xcode/DerivedData/App-bytlbhqqorqzqidyjovihkqwnkia/Build/Intermediates.noindex/Pods.build/Release-iphonesimulator/Pods-App.build/Pods_App-own-target-headers.hmap
    
    WriteAuxiliaryFile /Users/edz/Library/Developer/Xcode/DerivedData/App-bytlbhqqorqzqidyjovihkqwnkia/Build/Intermediates.noindex/Pods.build/Release-iphonesimulator/Pods-App.build/Pods_App-project-headers.hmap (in target 'Pods-App' from project 'Pods')
        cd /var/folders/4h/hxvz7hb959j4pw0pvbq686x00000gn/T/CocoaPods-Lint-20200722-25225-196xw43-UIModule/Pods
        write-file /Users/edz/Library/Developer/Xcode/DerivedData/App-bytlbhqqorqzqidyjovihkqwnkia/Build/Intermediates.noindex/Pods.build/Release-iphonesimulator/Pods-App.build/Pods_App-project-headers.hmap
    
    WriteAuxiliaryFile /Users/edz/Library/Developer/Xcode/DerivedData/App-bytlbhqqorqzqidyjovihkqwnkia/Build/Intermediates.noindex/Pods.build/Release-iphonesimulator/Pods-App.build/all-product-headers.yaml (in target 'Pods-App' from project 'Pods')
        cd /var/folders/4h/hxvz7hb959j4pw0pvbq686x00000gn/T/CocoaPods-Lint-20200722-25225-196xw43-UIModule/Pods
        write-file /Users/edz/Library/Developer/Xcode/DerivedData/App-bytlbhqqorqzqidyjovihkqwnkia/Build/Intermediates.noindex/Pods.build/Release-iphonesimulator/Pods-App.build/all-product-headers.yaml
    
    WriteAuxiliaryFile /Users/edz/Library/Developer/Xcode/DerivedData/App-bytlbhqqorqzqidyjovihkqwnkia/Build/Intermediates.noindex/Pods.build/Release-iphonesimulator/Pods-App.build/Pods_App.hmap (in target 'Pods-App' from project 'Pods')
        cd /var/folders/4h/hxvz7hb959j4pw0pvbq686x00000gn/T/CocoaPods-Lint-20200722-25225-196xw43-UIModule/Pods
        write-file /Users/edz/Library/Developer/Xcode/DerivedData/App-bytlbhqqorqzqidyjovihkqwnkia/Build/Intermediates.noindex/Pods.build/Release-iphonesimulator/Pods-App.build/Pods_App.hmap
    
    WriteAuxiliaryFile /Users/edz/Library/Developer/Xcode/DerivedData/App-bytlbhqqorqzqidyjovihkqwnkia/Build/Intermediates.noindex/Pods.build/Release-iphonesimulator/Pods-App.build/Pods_App-generated-files.hmap (in target 'Pods-App' from project 'Pods')
        cd /var/folders/4h/hxvz7hb959j4pw0pvbq686x00000gn/T/CocoaPods-Lint-20200722-25225-196xw43-UIModule/Pods
        write-file /Users/edz/Library/Developer/Xcode/DerivedData/App-bytlbhqqorqzqidyjovihkqwnkia/Build/Intermediates.noindex/Pods.build/Release-iphonesimulator/Pods-App.build/Pods_App-generated-files.hmap
    
    WriteAuxiliaryFile /Users/edz/Library/Developer/Xcode/DerivedData/App-bytlbhqqorqzqidyjovihkqwnkia/Build/Intermediates.noindex/Pods.build/Release-iphonesimulator/Pods-App.build/Pods_App-all-target-headers.hmap (in target 'Pods-App' from project 'Pods')
        cd /var/folders/4h/hxvz7hb959j4pw0pvbq686x00000gn/T/CocoaPods-Lint-20200722-25225-196xw43-UIModule/Pods
        write-file /Users/edz/Library/Developer/Xcode/DerivedData/App-bytlbhqqorqzqidyjovihkqwnkia/Build/Intermediates.noindex/Pods.build/Release-iphonesimulator/Pods-App.build/Pods_App-all-target-headers.hmap
    
    WriteAuxiliaryFile /Users/edz/Library/Developer/Xcode/DerivedData/App-bytlbhqqorqzqidyjovihkqwnkia/Build/Intermediates.noindex/Pods.build/Release-iphonesimulator/Pods-App.build/Pods_App-all-non-framework-target-headers.hmap (in target 'Pods-App' from project 'Pods')
        cd /var/folders/4h/hxvz7hb959j4pw0pvbq686x00000gn/T/CocoaPods-Lint-20200722-25225-196xw43-UIModule/Pods
        write-file /Users/edz/Library/Developer/Xcode/DerivedData/App-bytlbhqqorqzqidyjovihkqwnkia/Build/Intermediates.noindex/Pods.build/Release-iphonesimulator/Pods-App.build/Pods_App-all-non-framework-target-headers.hmap
    
    CpHeader /var/folders/4h/hxvz7hb959j4pw0pvbq686x00000gn/T/CocoaPods-Lint-20200722-25225-196xw43-UIModule/Pods/Target\ Support\ Files/Pods-App/Pods-App-umbrella.h /Users/edz/Library/Developer/Xcode/DerivedData/App-bytlbhqqorqzqidyjovihkqwnkia/Build/Products/Release-iphonesimulator/Pods_App.framework/Headers/Pods-App-umbrella.h (in target 'Pods-App' from project 'Pods')
        cd /var/folders/4h/hxvz7hb959j4pw0pvbq686x00000gn/T/CocoaPods-Lint-20200722-25225-196xw43-UIModule/Pods
        builtin-copy -exclude .DS_Store -exclude CVS -exclude .svn -exclude .git -exclude .hg -resolve-src-symlinks /var/folders/4h/hxvz7hb959j4pw0pvbq686x00000gn/T/CocoaPods-Lint-20200722-25225-196xw43-UIModule/Pods/Target\ Support\ Files/Pods-App/Pods-App-umbrella.h /Users/edz/Library/Developer/Xcode/DerivedData/App-bytlbhqqorqzqidyjovihkqwnkia/Build/Products/Release-iphonesimulator/Pods_App.framework/Headers
    
    WriteAuxiliaryFile /Users/edz/Library/Developer/Xcode/DerivedData/App-bytlbhqqorqzqidyjovihkqwnkia/Build/Intermediates.noindex/Pods.build/Release-iphonesimulator/Pods-App.build/module.modulemap (in target 'Pods-App' from project 'Pods')
        cd /var/folders/4h/hxvz7hb959j4pw0pvbq686x00000gn/T/CocoaPods-Lint-20200722-25225-196xw43-UIModule/Pods
        write-file /Users/edz/Library/Developer/Xcode/DerivedData/App-bytlbhqqorqzqidyjovihkqwnkia/Build/Intermediates.noindex/Pods.build/Release-iphonesimulator/Pods-App.build/module.modulemap
    
    ProcessInfoPlistFile /Users/edz/Library/Developer/Xcode/DerivedData/App-bytlbhqqorqzqidyjovihkqwnkia/Build/Products/Release-iphonesimulator/Pods_App.framework/Info.plist /var/folders/4h/hxvz7hb959j4pw0pvbq686x00000gn/T/CocoaPods-Lint-20200722-25225-196xw43-UIModule/Pods/Target\ Support\ Files/Pods-App/Pods-App-Info.plist (in target 'Pods-App' from project 'Pods')
        cd /var/folders/4h/hxvz7hb959j4pw0pvbq686x00000gn/T/CocoaPods-Lint-20200722-25225-196xw43-UIModule/Pods
        builtin-infoPlistUtility /var/folders/4h/hxvz7hb959j4pw0pvbq686x00000gn/T/CocoaPods-Lint-20200722-25225-196xw43-UIModule/Pods/Target\ Support\ Files/Pods-App/Pods-App-Info.plist -producttype com.apple.product-type.framework -expandbuildsettings -format binary -platform iphonesimulator -o /Users/edz/Library/Developer/Xcode/DerivedData/App-bytlbhqqorqzqidyjovihkqwnkia/Build/Products/Release-iphonesimulator/Pods_App.framework/Info.plist
    
    Ditto /Users/edz/Library/Developer/Xcode/DerivedData/App-bytlbhqqorqzqidyjovihkqwnkia/Build/Intermediates.noindex/Pods.build/Release-iphonesimulator/Pods-App.build/module.modulemap /Users/edz/Library/Developer/Xcode/DerivedData/App-bytlbhqqorqzqidyjovihkqwnkia/Build/Products/Release-iphonesimulator/Pods_App.framework/Modules/module.modulemap (in target 'Pods-App' from project 'Pods')
        cd /var/folders/4h/hxvz7hb959j4pw0pvbq686x00000gn/T/CocoaPods-Lint-20200722-25225-196xw43-UIModule/Pods
        builtin-copy -exclude .DS_Store -exclude CVS -exclude .svn -exclude .git -exclude .hg -resolve-src-symlinks /Users/edz/Library/Developer/Xcode/DerivedData/App-bytlbhqqorqzqidyjovihkqwnkia/Build/Intermediates.noindex/Pods.build/Release-iphonesimulator/Pods-App.build/module.modulemap /Users/edz/Library/Developer/Xcode/DerivedData/App-bytlbhqqorqzqidyjovihkqwnkia/Build/Products/Release-iphonesimulator/Pods_App.framework/Modules
    
    WriteAuxiliaryFile /Users/edz/Library/Developer/Xcode/DerivedData/App-bytlbhqqorqzqidyjovihkqwnkia/Build/Intermediates.noindex/Pods.build/Release-iphonesimulator/Pods-App.build/DerivedSources/Pods_App_vers.c (in target 'Pods-App' from project 'Pods')
        cd /var/folders/4h/hxvz7hb959j4pw0pvbq686x00000gn/T/CocoaPods-Lint-20200722-25225-196xw43-UIModule/Pods
        write-file /Users/edz/Library/Developer/Xcode/DerivedData/App-bytlbhqqorqzqidyjovihkqwnkia/Build/Intermediates.noindex/Pods.build/Release-iphonesimulator/Pods-App.build/DerivedSources/Pods_App_vers.c
    
    WriteAuxiliaryFile /Users/edz/Library/Developer/Xcode/DerivedData/App-bytlbhqqorqzqidyjovihkqwnkia/Build/Intermediates.noindex/Pods.build/Release-iphonesimulator/Pods-App.build/Objects-normal/x86_64/Pods_App.LinkFileList (in target 'Pods-App' from project 'Pods')
        cd /var/folders/4h/hxvz7hb959j4pw0pvbq686x00000gn/T/CocoaPods-Lint-20200722-25225-196xw43-UIModule/Pods
        write-file /Users/edz/Library/Developer/Xcode/DerivedData/App-bytlbhqqorqzqidyjovihkqwnkia/Build/Intermediates.noindex/Pods.build/Release-iphonesimulator/Pods-App.build/Objects-normal/x86_64/Pods_App.LinkFileList
    
    CompileC /Users/edz/Library/Developer/Xcode/DerivedData/App-bytlbhqqorqzqidyjovihkqwnkia/Build/Intermediates.noindex/Pods.build/Release-iphonesimulator/Pods-App.build/Objects-normal/x86_64/Pods-App-dummy.o /var/folders/4h/hxvz7hb959j4pw0pvbq686x00000gn/T/CocoaPods-Lint-20200722-25225-196xw43-UIModule/Pods/Target\ Support\ Files/Pods-App/Pods-App-dummy.m normal x86_64 objective-c com.apple.compilers.llvm.clang.1_0.compiler (in target 'Pods-App' from project 'Pods')
        cd /var/folders/4h/hxvz7hb959j4pw0pvbq686x00000gn/T/CocoaPods-Lint-20200722-25225-196xw43-UIModule/Pods
        export LANG=en_US.US-ASCII
        /Applications/Xcode.app/Contents/Developer/Toolchains/XcodeDefault.xctoolchain/usr/bin/clang -x objective-c -target x86_64-apple-ios11.0-simulator -fmessage-length=0 -fdiagnostics-show-note-include-stack -fmacro-backtrace-limit=0 -std=gnu11 -fobjc-arc -fmodules -gmodules -fmodules-cache-path=/Users/edz/Library/Developer/Xcode/DerivedData/ModuleCache.noindex -fmodules-prune-interval=86400 -fmodules-prune-after=345600 -fbuild-session-file=/Users/edz/Library/Developer/Xcode/DerivedData/ModuleCache.noindex/Session.modulevalidation -fmodules-validate-once-per-build-session -Wnon-modular-include-in-framework-module -Werror=non-modular-include-in-framework-module -fmodule-name=Pods_App -Wno-trigraphs -fpascal-strings -Os -fno-common -Wno-missing-field-initializers -Wno-missing-prototypes -Werror=return-type -Wdocumentation -Wunreachable-code -Wno-implicit-atomic-properties -Werror=deprecated-objc-isa-usage -Wno-objc-interface-ivars -Werror=objc-root-class -Wno-arc-repeated-use-of-weak -Wimplicit-retain-self -Wduplicate-method-match -Wno-missing-braces -Wparentheses -Wswitch -Wunused-function -Wno-unused-label -Wno-unused-parameter -Wunused-variable -Wunused-value -Wempty-body -Wuninitialized -Wconditional-uninitialized -Wno-unknown-pragmas -Wno-shadow -Wno-four-char-constants -Wno-conversion -Wconstant-conversion -Wint-conversion -Wbool-conversion -Wenum-conversion -Wno-float-conversion -Wnon-literal-null-conversion -Wobjc-literal-conversion -Wshorten-64-to-32 -Wpointer-sign -Wno-newline-eof -Wno-selector -Wno-strict-selector-match -Wundeclared-selector -Wdeprecated-implementations -DPOD_CONFIGURATION_RELEASE=1 -DCOCOAPODS=1 -DTTTFRAMEWORK=1 -DNS_BLOCK_ASSERTIONS=1 -DOBJC_OLD_DISPATCH_PROTOTYPES=0 -isysroot /Applications/Xcode.app/Contents/Developer/Platforms/iPhoneSimulator.platform/Developer/SDKs/iPhoneSimulator13.5.sdk -fasm-blocks -fstrict-aliasing -Wprotocol -Wdeprecated-declarations -g -Wno-sign-conversion -Winfinite-recursion -Wcomma -Wblock-capture-autoreleasing -Wstrict-prototypes -Wno-semicolon-before-method-body -Wunguarded-availability -fobjc-abi-version=2 -fobjc-legacy-dispatch -iquote /Users/edz/Library/Developer/Xcode/DerivedData/App-bytlbhqqorqzqidyjovihkqwnkia/Build/Intermediates.noindex/Pods.build/Release-iphonesimulator/Pods-App.build/Pods_App-generated-files.hmap -I/Users/edz/Library/Developer/Xcode/DerivedData/App-bytlbhqqorqzqidyjovihkqwnkia/Build/Intermediates.noindex/Pods.build/Release-iphonesimulator/Pods-App.build/Pods_App-own-target-headers.hmap -I/Users/edz/Library/Developer/Xcode/DerivedData/App-bytlbhqqorqzqidyjovihkqwnkia/Build/Intermediates.noindex/Pods.build/Release-iphonesimulator/Pods-App.build/Pods_App-all-non-framework-target-headers.hmap -ivfsoverlay /Users/edz/Library/Developer/Xcode/DerivedData/App-bytlbhqqorqzqidyjovihkqwnkia/Build/Intermediates.noindex/Pods.build/Release-iphonesimulator/Pods-App.build/all-product-headers.yaml -iquote /Users/edz/Library/Developer/Xcode/DerivedData/App-bytlbhqqorqzqidyjovihkqwnkia/Build/Intermediates.noindex/Pods.build/Release-iphonesimulator/Pods-App.build/Pods_App-project-headers.hmap -I/Users/edz/Library/Developer/Xcode/DerivedData/App-bytlbhqqorqzqidyjovihkqwnkia/Build/Products/Release-iphonesimulator/include -I/Users/edz/Library/Developer/Xcode/DerivedData/App-bytlbhqqorqzqidyjovihkqwnkia/Build/Products/Release-iphonesimulator/AFNetworking/AFNetworking.framework/Headers -I/Users/edz/Library/Developer/Xcode/DerivedData/App-bytlbhqqorqzqidyjovihkqwnkia/Build/Products/Release-iphonesimulator/JSONModel/JSONModel.framework/Headers -I/Users/edz/Library/Developer/Xcode/DerivedData/App-bytlbhqqorqzqidyjovihkqwnkia/Build/Products/Release-iphonesimulator/LSRFramework/LSRFramework.framework/Headers -I/Users/edz/Library/Developer/Xcode/DerivedData/App-bytlbhqqorqzqidyjovihkqwnkia/Build/Products/Release-iphonesimulator/MBProgressHUD/MBProgressHUD.framework/Headers -I/Users/edz/Library/Developer/Xcode/DerivedData/App-bytlbhqqorqzqidyjovihkqwnkia/Build/Products/Release-iphonesimulator/Masonry/Masonry.framework/Headers -I/Users/edz/Library/Developer/Xcode/DerivedData/App-bytlbhqqorqzqidyjovihkqwnkia/Build/Products/Release-iphonesimulator/SSZipArchive/SSZipArchive.framework/Headers -I/Users/edz/Library/Developer/Xcode/DerivedData/App-bytlbhqqorqzqidyjovihkqwnkia/Build/Products/Release-iphonesimulator/UIModule/UIModule.framework/Headers -I/Users/edz/Library/Developer/Xcode/DerivedData/App-bytlbhqqorqzqidyjovihkqwnkia/Build/Products/Release-iphonesimulator/XEngineSDK/XEngineSDK.framework/Headers -I/Users/edz/Library/Developer/Xcode/DerivedData/App-bytlbhqqorqzqidyjovihkqwnkia/Build/Intermediates.noindex/Pods.build/Release-iphonesimulator/Pods-App.build/DerivedSources-normal/x86_64 -I/Users/edz/Library/Developer/Xcode/DerivedData/App-bytlbhqqorqzqidyjovihkqwnkia/Build/Intermediates.noindex/Pods.build/Release-iphonesimulator/Pods-App.build/DerivedSources/x86_64 -I/Users/edz/Library/Developer/Xcode/DerivedData/App-bytlbhqqorqzqidyjovihkqwnkia/Build/Intermediates.noindex/Pods.build/Release-iphonesimulator/Pods-App.build/DerivedSources -F/Users/edz/Library/Developer/Xcode/DerivedData/App-bytlbhqqorqzqidyjovihkqwnkia/Build/Products/Release-iphonesimulator -F/Users/edz/Library/Developer/Xcode/DerivedData/App-bytlbhqqorqzqidyjovihkqwnkia/Build/Products/Release-iphonesimulator/AFNetworking -F/Users/edz/Library/Developer/Xcode/DerivedData/App-bytlbhqqorqzqidyjovihkqwnkia/Build/Products/Release-iphonesimulator/JSONModel -F/Users/edz/Library/Developer/Xcode/DerivedData/App-bytlbhqqorqzqidyjovihkqwnkia/Build/Products/Release-iphonesimulator/LSRFramework -F/Users/edz/Library/Developer/Xcode/DerivedData/App-bytlbhqqorqzqidyjovihkqwnkia/Build/Products/Release-iphonesimulator/MBProgressHUD -F/Users/edz/Library/Developer/Xcode/DerivedData/App-bytlbhqqorqzqidyjovihkqwnkia/Build/Products/Release-iphonesimulator/Masonry -F/Users/edz/Library/Developer/Xcode/DerivedData/App-bytlbhqqorqzqidyjovihkqwnkia/Build/Products/Release-iphonesimulator/SSZipArchive -F/Users/edz/Library/Developer/Xcode/DerivedData/App-bytlbhqqorqzqidyjovihkqwnkia/Build/Products/Release-iphonesimulator/UIModule -F/Users/edz/Library/Developer/Xcode/DerivedData/App-bytlbhqqorqzqidyjovihkqwnkia/Build/Products/Release-iphonesimulator/XEngineSDK -isystem /Users/edz/Library/Developer/Xcode/DerivedData/App-bytlbhqqorqzqidyjovihkqwnkia/Build/Products/Release-iphonesimulator/AFNetworking/AFNetworking.framework/Headers -isystem /Users/edz/Library/Developer/Xcode/DerivedData/App-bytlbhqqorqzqidyjovihkqwnkia/Build/Products/Release-iphonesimulator/JSONModel/JSONModel.framework/Headers -isystem /Users/edz/Library/Developer/Xcode/DerivedData/App-bytlbhqqorqzqidyjovihkqwnkia/Build/Products/Release-iphonesimulator/LSRFramework/LSRFramework.framework/Headers -isystem /Users/edz/Library/Developer/Xcode/DerivedData/App-bytlbhqqorqzqidyjovihkqwnkia/Build/Products/Release-iphonesimulator/MBProgressHUD/MBProgressHUD.framework/Headers -isystem /Users/edz/Library/Developer/Xcode/DerivedData/App-bytlbhqqorqzqidyjovihkqwnkia/Build/Products/Release-iphonesimulator/Masonry/Masonry.framework/Headers -isystem /Users/edz/Library/Developer/Xcode/DerivedData/App-bytlbhqqorqzqidyjovihkqwnkia/Build/Products/Release-iphonesimulator/SSZipArchive/SSZipArchive.framework/Headers -isystem /Users/edz/Library/Developer/Xcode/DerivedData/App-bytlbhqqorqzqidyjovihkqwnkia/Build/Products/Release-iphonesimulator/XEngineSDK/XEngineSDK.framework/Headers -iframework /Users/edz/Library/Developer/Xcode/DerivedData/App-bytlbhqqorqzqidyjovihkqwnkia/Build/Products/Release-iphonesimulator/AFNetworking -iframework /Users/edz/Library/Developer/Xcode/DerivedData/App-bytlbhqqorqzqidyjovihkqwnkia/Build/Products/Release-iphonesimulator/JSONModel -iframework /Users/edz/Library/Developer/Xcode/DerivedData/App-bytlbhqqorqzqidyjovihkqwnkia/Build/Products/Release-iphonesimulator/LSRFramework -iframework /Users/edz/Library/Developer/Xcode/DerivedData/App-bytlbhqqorqzqidyjovihkqwnkia/Build/Products/Release-iphonesimulator/MBProgressHUD -iframework /Users/edz/Library/Developer/Xcode/DerivedData/App-bytlbhqqorqzqidyjovihkqwnkia/Build/Products/Release-iphonesimulator/Masonry -iframework /Users/edz/Library/Developer/Xcode/DerivedData/App-bytlbhqqorqzqidyjovihkqwnkia/Build/Products/Release-iphonesimulator/SSZipArchive -iframework /Users/edz/Library/Developer/Xcode/DerivedData/App-bytlbhqqorqzqidyjovihkqwnkia/Build/Products/Release-iphonesimulator/XEngineSDK -MMD -MT dependencies -MF /Users/edz/Library/Developer/Xcode/DerivedData/App-bytlbhqqorqzqidyjovihkqwnkia/Build/Intermediates.noindex/Pods.build/Release-iphonesimulator/Pods-App.build/Objects-normal/x86_64/Pods-App-dummy.d --serialize-diagnostics /Users/edz/Library/Developer/Xcode/DerivedData/App-bytlbhqqorqzqidyjovihkqwnkia/Build/Intermediates.noindex/Pods.build/Release-iphonesimulator/Pods-App.build/Objects-normal/x86_64/Pods-App-dummy.dia -c /var/folders/4h/hxvz7hb959j4pw0pvbq686x00000gn/T/CocoaPods-Lint-20200722-25225-196xw43-UIModule/Pods/Target\ Support\ Files/Pods-App/Pods-App-dummy.m -o /Users/edz/Library/Developer/Xcode/DerivedData/App-bytlbhqqorqzqidyjovihkqwnkia/Build/Intermediates.noindex/Pods.build/Release-iphonesimulator/Pods-App.build/Objects-normal/x86_64/Pods-App-dummy.o
    
    CompileC /Users/edz/Library/Developer/Xcode/DerivedData/App-bytlbhqqorqzqidyjovihkqwnkia/Build/Intermediates.noindex/Pods.build/Release-iphonesimulator/Pods-App.build/Objects-normal/x86_64/Pods_App_vers.o /Users/edz/Library/Developer/Xcode/DerivedData/App-bytlbhqqorqzqidyjovihkqwnkia/Build/Intermediates.noindex/Pods.build/Release-iphonesimulator/Pods-App.build/DerivedSources/Pods_App_vers.c normal x86_64 c com.apple.compilers.llvm.clang.1_0.compiler (in target 'Pods-App' from project 'Pods')
        cd /var/folders/4h/hxvz7hb959j4pw0pvbq686x00000gn/T/CocoaPods-Lint-20200722-25225-196xw43-UIModule/Pods
        export LANG=en_US.US-ASCII
        /Applications/Xcode.app/Contents/Developer/Toolchains/XcodeDefault.xctoolchain/usr/bin/clang -x c -target x86_64-apple-ios11.0-simulator -fmessage-length=0 -fdiagnostics-show-note-include-stack -fmacro-backtrace-limit=0 -std=gnu11 -fmodules -gmodules -fmodules-cache-path=/Users/edz/Library/Developer/Xcode/DerivedData/ModuleCache.noindex -fmodules-prune-interval=86400 -fmodules-prune-after=345600 -fbuild-session-file=/Users/edz/Library/Developer/Xcode/DerivedData/ModuleCache.noindex/Session.modulevalidation -fmodules-validate-once-per-build-session -Wnon-modular-include-in-framework-module -Werror=non-modular-include-in-framework-module -fmodule-name=Pods_App -Wno-trigraphs -fpascal-strings -Os -fno-common -Wno-missing-field-initializers -Wno-missing-prototypes -Werror=return-type -Wdocumentation -Wunreachable-code -Werror=deprecated-objc-isa-usage -Werror=objc-root-class -Wno-missing-braces -Wparentheses -Wswitch -Wunused-function -Wno-unused-label -Wno-unused-parameter -Wunused-variable -Wunused-value -Wempty-body -Wuninitialized -Wconditional-uninitialized -Wno-unknown-pragmas -Wno-shadow -Wno-four-char-constants -Wno-conversion -Wconstant-conversion -Wint-conversion -Wbool-conversion -Wenum-conversion -Wno-float-conversion -Wnon-literal-null-conversion -Wobjc-literal-conversion -Wshorten-64-to-32 -Wpointer-sign -Wno-newline-eof -DPOD_CONFIGURATION_RELEASE=1 -DCOCOAPODS=1 -DTTTFRAMEWORK=1 -isysroot /Applications/Xcode.app/Contents/Developer/Platforms/iPhoneSimulator.platform/Developer/SDKs/iPhoneSimulator13.5.sdk -fasm-blocks -fstrict-aliasing -Wdeprecated-declarations -g -Wno-sign-conversion -Winfinite-recursion -Wcomma -Wblock-capture-autoreleasing -Wstrict-prototypes -Wno-semicolon-before-method-body -Wunguarded-availability -iquote /Users/edz/Library/Developer/Xcode/DerivedData/App-bytlbhqqorqzqidyjovihkqwnkia/Build/Intermediates.noindex/Pods.build/Release-iphonesimulator/Pods-App.build/Pods_App-generated-files.hmap -I/Users/edz/Library/Developer/Xcode/DerivedData/App-bytlbhqqorqzqidyjovihkqwnkia/Build/Intermediates.noindex/Pods.build/Release-iphonesimulator/Pods-App.build/Pods_App-own-target-headers.hmap -I/Users/edz/Library/Developer/Xcode/DerivedData/App-bytlbhqqorqzqidyjovihkqwnkia/Build/Intermediates.noindex/Pods.build/Release-iphonesimulator/Pods-App.build/Pods_App-all-non-framework-target-headers.hmap -ivfsoverlay /Users/edz/Library/Developer/Xcode/DerivedData/App-bytlbhqqorqzqidyjovihkqwnkia/Build/Intermediates.noindex/Pods.build/Release-iphonesimulator/Pods-App.build/all-product-headers.yaml -iquote /Users/edz/Library/Developer/Xcode/DerivedData/App-bytlbhqqorqzqidyjovihkqwnkia/Build/Intermediates.noindex/Pods.build/Release-iphonesimulator/Pods-App.build/Pods_App-project-headers.hmap -I/Users/edz/Library/Developer/Xcode/DerivedData/App-bytlbhqqorqzqidyjovihkqwnkia/Build/Products/Release-iphonesimulator/include -I/Users/edz/Library/Developer/Xcode/DerivedData/App-bytlbhqqorqzqidyjovihkqwnkia/Build/Products/Release-iphonesimulator/AFNetworking/AFNetworking.framework/Headers -I/Users/edz/Library/Developer/Xcode/DerivedData/App-bytlbhqqorqzqidyjovihkqwnkia/Build/Products/Release-iphonesimulator/JSONModel/JSONModel.framework/Headers -I/Users/edz/Library/Developer/Xcode/DerivedData/App-bytlbhqqorqzqidyjovihkqwnkia/Build/Products/Release-iphonesimulator/LSRFramework/LSRFramework.framework/Headers -I/Users/edz/Library/Developer/Xcode/DerivedData/App-bytlbhqqorqzqidyjovihkqwnkia/Build/Products/Release-iphonesimulator/MBProgressHUD/MBProgressHUD.framework/Headers -I/Users/edz/Library/Developer/Xcode/DerivedData/App-bytlbhqqorqzqidyjovihkqwnkia/Build/Products/Release-iphonesimulator/Masonry/Masonry.framework/Headers -I/Users/edz/Library/Developer/Xcode/DerivedData/App-bytlbhqqorqzqidyjovihkqwnkia/Build/Products/Release-iphonesimulator/SSZipArchive/SSZipArchive.framework/Headers -I/Users/edz/Library/Developer/Xcode/DerivedData/App-bytlbhqqorqzqidyjovihkqwnkia/Build/Products/Release-iphonesimulator/UIModule/UIModule.framework/Headers -I/Users/edz/Library/Developer/Xcode/DerivedData/App-bytlbhqqorqzqidyjovihkqwnkia/Build/Products/Release-iphonesimulator/XEngineSDK/XEngineSDK.framework/Headers -I/Users/edz/Library/Developer/Xcode/DerivedData/App-bytlbhqqorqzqidyjovihkqwnkia/Build/Intermediates.noindex/Pods.build/Release-iphonesimulator/Pods-App.build/DerivedSources-normal/x86_64 -I/Users/edz/Library/Developer/Xcode/DerivedData/App-bytlbhqqorqzqidyjovihkqwnkia/Build/Intermediates.noindex/Pods.build/Release-iphonesimulator/Pods-App.build/DerivedSources/x86_64 -I/Users/edz/Library/Developer/Xcode/DerivedData/App-bytlbhqqorqzqidyjovihkqwnkia/Build/Intermediates.noindex/Pods.build/Release-iphonesimulator/Pods-App.build/DerivedSources -F/Users/edz/Library/Developer/Xcode/DerivedData/App-bytlbhqqorqzqidyjovihkqwnkia/Build/Products/Release-iphonesimulator -F/Users/edz/Library/Developer/Xcode/DerivedData/App-bytlbhqqorqzqidyjovihkqwnkia/Build/Products/Release-iphonesimulator/AFNetworking -F/Users/edz/Library/Developer/Xcode/DerivedData/App-bytlbhqqorqzqidyjovihkqwnkia/Build/Products/Release-iphonesimulator/JSONModel -F/Users/edz/Library/Developer/Xcode/DerivedData/App-bytlbhqqorqzqidyjovihkqwnkia/Build/Products/Release-iphonesimulator/LSRFramework -F/Users/edz/Library/Developer/Xcode/DerivedData/App-bytlbhqqorqzqidyjovihkqwnkia/Build/Products/Release-iphonesimulator/MBProgressHUD -F/Users/edz/Library/Developer/Xcode/DerivedData/App-bytlbhqqorqzqidyjovihkqwnkia/Build/Products/Release-iphonesimulator/Masonry -F/Users/edz/Library/Developer/Xcode/DerivedData/App-bytlbhqqorqzqidyjovihkqwnkia/Build/Products/Release-iphonesimulator/SSZipArchive -F/Users/edz/Library/Developer/Xcode/DerivedData/App-bytlbhqqorqzqidyjovihkqwnkia/Build/Products/Release-iphonesimulator/UIModule -F/Users/edz/Library/Developer/Xcode/DerivedData/App-bytlbhqqorqzqidyjovihkqwnkia/Build/Products/Release-iphonesimulator/XEngineSDK -isystem /Users/edz/Library/Developer/Xcode/DerivedData/App-bytlbhqqorqzqidyjovihkqwnkia/Build/Products/Release-iphonesimulator/AFNetworking/AFNetworking.framework/Headers -isystem /Users/edz/Library/Developer/Xcode/DerivedData/App-bytlbhqqorqzqidyjovihkqwnkia/Build/Products/Release-iphonesimulator/JSONModel/JSONModel.framework/Headers -isystem /Users/edz/Library/Developer/Xcode/DerivedData/App-bytlbhqqorqzqidyjovihkqwnkia/Build/Products/Release-iphonesimulator/LSRFramework/LSRFramework.framework/Headers -isystem /Users/edz/Library/Developer/Xcode/DerivedData/App-bytlbhqqorqzqidyjovihkqwnkia/Build/Products/Release-iphonesimulator/MBProgressHUD/MBProgressHUD.framework/Headers -isystem /Users/edz/Library/Developer/Xcode/DerivedData/App-bytlbhqqorqzqidyjovihkqwnkia/Build/Products/Release-iphonesimulator/Masonry/Masonry.framework/Headers -isystem /Users/edz/Library/Developer/Xcode/DerivedData/App-bytlbhqqorqzqidyjovihkqwnkia/Build/Products/Release-iphonesimulator/SSZipArchive/SSZipArchive.framework/Headers -isystem /Users/edz/Library/Developer/Xcode/DerivedData/App-bytlbhqqorqzqidyjovihkqwnkia/Build/Products/Release-iphonesimulator/XEngineSDK/XEngineSDK.framework/Headers -iframework /Users/edz/Library/Developer/Xcode/DerivedData/App-bytlbhqqorqzqidyjovihkqwnkia/Build/Products/Release-iphonesimulator/AFNetworking -iframework /Users/edz/Library/Developer/Xcode/DerivedData/App-bytlbhqqorqzqidyjovihkqwnkia/Build/Products/Release-iphonesimulator/JSONModel -iframework /Users/edz/Library/Developer/Xcode/DerivedData/App-bytlbhqqorqzqidyjovihkqwnkia/Build/Products/Release-iphonesimulator/LSRFramework -iframework /Users/edz/Library/Developer/Xcode/DerivedData/App-bytlbhqqorqzqidyjovihkqwnkia/Build/Products/Release-iphonesimulator/MBProgressHUD -iframework /Users/edz/Library/Developer/Xcode/DerivedData/App-bytlbhqqorqzqidyjovihkqwnkia/Build/Products/Release-iphonesimulator/Masonry -iframework /Users/edz/Library/Developer/Xcode/DerivedData/App-bytlbhqqorqzqidyjovihkqwnkia/Build/Products/Release-iphonesimulator/SSZipArchive -iframework /Users/edz/Library/Developer/Xcode/DerivedData/App-bytlbhqqorqzqidyjovihkqwnkia/Build/Products/Release-iphonesimulator/XEngineSDK -MMD -MT dependencies -MF /Users/edz/Library/Developer/Xcode/DerivedData/App-bytlbhqqorqzqidyjovihkqwnkia/Build/Intermediates.noindex/Pods.build/Release-iphonesimulator/Pods-App.build/Objects-normal/x86_64/Pods_App_vers.d --serialize-diagnostics /Users/edz/Library/Developer/Xcode/DerivedData/App-bytlbhqqorqzqidyjovihkqwnkia/Build/Intermediates.noindex/Pods.build/Release-iphonesimulator/Pods-App.build/Objects-normal/x86_64/Pods_App_vers.dia -c /Users/edz/Library/Developer/Xcode/DerivedData/App-bytlbhqqorqzqidyjovihkqwnkia/Build/Intermediates.noindex/Pods.build/Release-iphonesimulator/Pods-App.build/DerivedSources/Pods_App_vers.c -o /Users/edz/Library/Developer/Xcode/DerivedData/App-bytlbhqqorqzqidyjovihkqwnkia/Build/Intermediates.noindex/Pods.build/Release-iphonesimulator/Pods-App.build/Objects-normal/x86_64/Pods_App_vers.o
    
    Libtool /Users/edz/Library/Developer/Xcode/DerivedData/App-bytlbhqqorqzqidyjovihkqwnkia/Build/Products/Release-iphonesimulator/Pods_App.framework/Pods_App normal x86_64 (in target 'Pods-App' from project 'Pods')
        cd /var/folders/4h/hxvz7hb959j4pw0pvbq686x00000gn/T/CocoaPods-Lint-20200722-25225-196xw43-UIModule/Pods
        export IPHONEOS_DEPLOYMENT_TARGET=11.0
        /Applications/Xcode.app/Contents/Developer/Toolchains/XcodeDefault.xctoolchain/usr/bin/libtool -static -arch_only x86_64 -D -syslibroot /Applications/Xcode.app/Contents/Developer/Platforms/iPhoneSimulator.platform/Developer/SDKs/iPhoneSimulator13.5.sdk -L/Users/edz/Library/Developer/Xcode/DerivedData/App-bytlbhqqorqzqidyjovihkqwnkia/Build/Products/Release-iphonesimulator -filelist /Users/edz/Library/Developer/Xcode/DerivedData/App-bytlbhqqorqzqidyjovihkqwnkia/Build/Intermediates.noindex/Pods.build/Release-iphonesimulator/Pods-App.build/Objects-normal/x86_64/Pods_App.LinkFileList -framework Foundation -dependency_info /Users/edz/Library/Developer/Xcode/DerivedData/App-bytlbhqqorqzqidyjovihkqwnkia/Build/Intermediates.noindex/Pods.build/Release-iphonesimulator/Pods-App.build/Objects-normal/x86_64/Pods_App_libtool_dependency_info.dat -o /Users/edz/Library/Developer/Xcode/DerivedData/App-bytlbhqqorqzqidyjovihkqwnkia/Build/Products/Release-iphonesimulator/Pods_App.framework/Pods_App
    
    WriteAuxiliaryFile /Users/edz/Library/Developer/Xcode/DerivedData/App-bytlbhqqorqzqidyjovihkqwnkia/Build/Intermediates.noindex/App.build/Release-iphonesimulator/App.build/DerivedSources/Entitlements.plist (in target 'App' from project 'App')
        cd /var/folders/4h/hxvz7hb959j4pw0pvbq686x00000gn/T/CocoaPods-Lint-20200722-25225-196xw43-UIModule
        write-file /Users/edz/Library/Developer/Xcode/DerivedData/App-bytlbhqqorqzqidyjovihkqwnkia/Build/Intermediates.noindex/App.build/Release-iphonesimulator/App.build/DerivedSources/Entitlements.plist
    
    WriteAuxiliaryFile /Users/edz/Library/Developer/Xcode/DerivedData/App-bytlbhqqorqzqidyjovihkqwnkia/Build/Intermediates.noindex/App.build/Release-iphonesimulator/App.build/DerivedSources/Entitlements-Simulated.plist (in target 'App' from project 'App')
        cd /var/folders/4h/hxvz7hb959j4pw0pvbq686x00000gn/T/CocoaPods-Lint-20200722-25225-196xw43-UIModule
        write-file /Users/edz/Library/Developer/Xcode/DerivedData/App-bytlbhqqorqzqidyjovihkqwnkia/Build/Intermediates.noindex/App.build/Release-iphonesimulator/App.build/DerivedSources/Entitlements-Simulated.plist
    
    ProcessProductPackaging "" /Users/edz/Library/Developer/Xcode/DerivedData/App-bytlbhqqorqzqidyjovihkqwnkia/Build/Intermediates.noindex/App.build/Release-iphonesimulator/App.build/App.app.xcent (in target 'App' from project 'App')
        cd /var/folders/4h/hxvz7hb959j4pw0pvbq686x00000gn/T/CocoaPods-Lint-20200722-25225-196xw43-UIModule
        
    
    Entitlements:
    
    {
        "com.apple.security.get-task-allow" = 1;
    }
    
    
        builtin-productPackagingUtility -entitlements -format xml -o /Users/edz/Library/Developer/Xcode/DerivedData/App-bytlbhqqorqzqidyjovihkqwnkia/Build/Intermediates.noindex/App.build/Release-iphonesimulator/App.build/App.app.xcent
    
    ProcessProductPackaging "" /Users/edz/Library/Developer/Xcode/DerivedData/App-bytlbhqqorqzqidyjovihkqwnkia/Build/Intermediates.noindex/App.build/Release-iphonesimulator/App.build/App.app-Simulated.xcent (in target 'App' from project 'App')
        cd /var/folders/4h/hxvz7hb959j4pw0pvbq686x00000gn/T/CocoaPods-Lint-20200722-25225-196xw43-UIModule
        
    
    Entitlements:
    
    {
        "application-identifier" = "82N6A4RYQ5.";
        "keychain-access-groups" =     (
            "82N6A4RYQ5."
        );
    }
    
    
        builtin-productPackagingUtility -entitlements -format xml -o /Users/edz/Library/Developer/Xcode/DerivedData/App-bytlbhqqorqzqidyjovihkqwnkia/Build/Intermediates.noindex/App.build/Release-iphonesimulator/App.build/App.app-Simulated.xcent
    
    WriteAuxiliaryFile /Users/edz/Library/Developer/Xcode/DerivedData/App-bytlbhqqorqzqidyjovihkqwnkia/Build/Intermediates.noindex/App.build/Release-iphonesimulator/App.build/all-product-headers.yaml (in target 'App' from project 'App')
        cd /var/folders/4h/hxvz7hb959j4pw0pvbq686x00000gn/T/CocoaPods-Lint-20200722-25225-196xw43-UIModule
        write-file /Users/edz/Library/Developer/Xcode/DerivedData/App-bytlbhqqorqzqidyjovihkqwnkia/Build/Intermediates.noindex/App.build/Release-iphonesimulator/App.build/all-product-headers.yaml
    
    WriteAuxiliaryFile /Users/edz/Library/Developer/Xcode/DerivedData/App-bytlbhqqorqzqidyjovihkqwnkia/Build/Intermediates.noindex/App.build/Release-iphonesimulator/App.build/App.hmap (in target 'App' from project 'App')
        cd /var/folders/4h/hxvz7hb959j4pw0pvbq686x00000gn/T/CocoaPods-Lint-20200722-25225-196xw43-UIModule
        write-file /Users/edz/Library/Developer/Xcode/DerivedData/App-bytlbhqqorqzqidyjovihkqwnkia/Build/Intermediates.noindex/App.build/Release-iphonesimulator/App.build/App.hmap
    
    WriteAuxiliaryFile /Users/edz/Library/Developer/Xcode/DerivedData/App-bytlbhqqorqzqidyjovihkqwnkia/Build/Intermediates.noindex/App.build/Release-iphonesimulator/App.build/App-project-headers.hmap (in target 'App' from project 'App')
        cd /var/folders/4h/hxvz7hb959j4pw0pvbq686x00000gn/T/CocoaPods-Lint-20200722-25225-196xw43-UIModule
        write-file /Users/edz/Library/Developer/Xcode/DerivedData/App-bytlbhqqorqzqidyjovihkqwnkia/Build/Intermediates.noindex/App.build/Release-iphonesimulator/App.build/App-project-headers.hmap
    
    WriteAuxiliaryFile /Users/edz/Library/Developer/Xcode/DerivedData/App-bytlbhqqorqzqidyjovihkqwnkia/Build/Intermediates.noindex/App.build/Release-iphonesimulator/App.build/App-generated-files.hmap (in target 'App' from project 'App')
        cd /var/folders/4h/hxvz7hb959j4pw0pvbq686x00000gn/T/CocoaPods-Lint-20200722-25225-196xw43-UIModule
        write-file /Users/edz/Library/Developer/Xcode/DerivedData/App-bytlbhqqorqzqidyjovihkqwnkia/Build/Intermediates.noindex/App.build/Release-iphonesimulator/App.build/App-generated-files.hmap
    
    WriteAuxiliaryFile /Users/edz/Library/Developer/Xcode/DerivedData/App-bytlbhqqorqzqidyjovihkqwnkia/Build/Intermediates.noindex/App.build/Release-iphonesimulator/App.build/App-own-target-headers.hmap (in target 'App' from project 'App')
        cd /var/folders/4h/hxvz7hb959j4pw0pvbq686x00000gn/T/CocoaPods-Lint-20200722-25225-196xw43-UIModule
        write-file /Users/edz/Library/Developer/Xcode/DerivedData/App-bytlbhqqorqzqidyjovihkqwnkia/Build/Intermediates.noindex/App.build/Release-iphonesimulator/App.build/App-own-target-headers.hmap
    
    WriteAuxiliaryFile /Users/edz/Library/Developer/Xcode/DerivedData/App-bytlbhqqorqzqidyjovihkqwnkia/Build/Intermediates.noindex/App.build/Release-iphonesimulator/App.build/App-all-target-headers.hmap (in target 'App' from project 'App')
        cd /var/folders/4h/hxvz7hb959j4pw0pvbq686x00000gn/T/CocoaPods-Lint-20200722-25225-196xw43-UIModule
        write-file /Users/edz/Library/Developer/Xcode/DerivedData/App-bytlbhqqorqzqidyjovihkqwnkia/Build/Intermediates.noindex/App.build/Release-iphonesimulator/App.build/App-all-target-headers.hmap
    
    WriteAuxiliaryFile /Users/edz/Library/Developer/Xcode/DerivedData/App-bytlbhqqorqzqidyjovihkqwnkia/Build/Intermediates.noindex/App.build/Release-iphonesimulator/App.build/App-all-non-framework-target-headers.hmap (in target 'App' from project 'App')
        cd /var/folders/4h/hxvz7hb959j4pw0pvbq686x00000gn/T/CocoaPods-Lint-20200722-25225-196xw43-UIModule
        write-file /Users/edz/Library/Developer/Xcode/DerivedData/App-bytlbhqqorqzqidyjovihkqwnkia/Build/Intermediates.noindex/App.build/Release-iphonesimulator/App.build/App-all-non-framework-target-headers.hmap
    
    CodeSign /Users/edz/Library/Developer/Xcode/DerivedData/App-bytlbhqqorqzqidyjovihkqwnkia/Build/Products/Release-iphonesimulator/Pods_App.framework (in target 'Pods-App' from project 'Pods')
        cd /var/folders/4h/hxvz7hb959j4pw0pvbq686x00000gn/T/CocoaPods-Lint-20200722-25225-196xw43-UIModule/Pods
        export CODESIGN_ALLOCATE=/Applications/Xcode.app/Contents/Developer/Toolchains/XcodeDefault.xctoolchain/usr/bin/codesign_allocate
        
    Signing Identity:     "-"
    
        /usr/bin/codesign --force --sign - --timestamp=none /Users/edz/Library/Developer/Xcode/DerivedData/App-bytlbhqqorqzqidyjovihkqwnkia/Build/Products/Release-iphonesimulator/Pods_App.framework
    
    RegisterExecutionPolicyException /Users/edz/Library/Developer/Xcode/DerivedData/App-bytlbhqqorqzqidyjovihkqwnkia/Build/Products/Release-iphonesimulator/Pods_App.framework (in target 'Pods-App' from project 'Pods')
        cd /var/folders/4h/hxvz7hb959j4pw0pvbq686x00000gn/T/CocoaPods-Lint-20200722-25225-196xw43-UIModule/Pods
        builtin-RegisterExecutionPolicyException /Users/edz/Library/Developer/Xcode/DerivedData/App-bytlbhqqorqzqidyjovihkqwnkia/Build/Products/Release-iphonesimulator/Pods_App.framework
    note: Execution policy exception registration failed and was skipped: Error Domain=NSPOSIXErrorDomain Code=1 "Operation not permitted" (in target 'Pods-App' from project 'Pods')
    
    Touch /Users/edz/Library/Developer/Xcode/DerivedData/App-bytlbhqqorqzqidyjovihkqwnkia/Build/Products/Release-iphonesimulator/Pods_App.framework (in target 'Pods-App' from project 'Pods')
        cd /var/folders/4h/hxvz7hb959j4pw0pvbq686x00000gn/T/CocoaPods-Lint-20200722-25225-196xw43-UIModule/Pods
        /usr/bin/touch -c /Users/edz/Library/Developer/Xcode/DerivedData/App-bytlbhqqorqzqidyjovihkqwnkia/Build/Products/Release-iphonesimulator/Pods_App.framework
    
    WriteAuxiliaryFile /Users/edz/Library/Developer/Xcode/DerivedData/App-bytlbhqqorqzqidyjovihkqwnkia/Build/Intermediates.noindex/App.build/Release-iphonesimulator/App.build/Script-4FCBFBE2DF4C256CCED2E647.sh (in target 'App' from project 'App')
        cd /var/folders/4h/hxvz7hb959j4pw0pvbq686x00000gn/T/CocoaPods-Lint-20200722-25225-196xw43-UIModule
        write-file /Users/edz/Library/Developer/Xcode/DerivedData/App-bytlbhqqorqzqidyjovihkqwnkia/Build/Intermediates.noindex/App.build/Release-iphonesimulator/App.build/Script-4FCBFBE2DF4C256CCED2E647.sh
    
    PhaseScriptExecution [CP]\ Check\ Pods\ Manifest.lock /Users/edz/Library/Developer/Xcode/DerivedData/App-bytlbhqqorqzqidyjovihkqwnkia/Build/Intermediates.noindex/App.build/Release-iphonesimulator/App.build/Script-4FCBFBE2DF4C256CCED2E647.sh (in target 'App' from project 'App')
        cd /var/folders/4h/hxvz7hb959j4pw0pvbq686x00000gn/T/CocoaPods-Lint-20200722-25225-196xw43-UIModule
        /bin/sh -c /Users/edz/Library/Developer/Xcode/DerivedData/App-bytlbhqqorqzqidyjovihkqwnkia/Build/Intermediates.noindex/App.build/Release-iphonesimulator/App.build/Script-4FCBFBE2DF4C256CCED2E647.sh
    
    WriteAuxiliaryFile /Users/edz/Library/Developer/Xcode/DerivedData/App-bytlbhqqorqzqidyjovihkqwnkia/Build/Intermediates.noindex/App.build/Release-iphonesimulator/App.build/Objects-normal/x86_64/App.LinkFileList (in target 'App' from project 'App')
        cd /var/folders/4h/hxvz7hb959j4pw0pvbq686x00000gn/T/CocoaPods-Lint-20200722-25225-196xw43-UIModule
        write-file /Users/edz/Library/Developer/Xcode/DerivedData/App-bytlbhqqorqzqidyjovihkqwnkia/Build/Intermediates.noindex/App.build/Release-iphonesimulator/App.build/Objects-normal/x86_64/App.LinkFileList
    
    CompileC /Users/edz/Library/Developer/Xcode/DerivedData/App-bytlbhqqorqzqidyjovihkqwnkia/Build/Intermediates.noindex/App.build/Release-iphonesimulator/App.build/Objects-normal/x86_64/main.o /var/folders/4h/hxvz7hb959j4pw0pvbq686x00000gn/T/CocoaPods-Lint-20200722-25225-196xw43-UIModule/App/main.m normal x86_64 objective-c com.apple.compilers.llvm.clang.1_0.compiler (in target 'App' from project 'App')
        cd /var/folders/4h/hxvz7hb959j4pw0pvbq686x00000gn/T/CocoaPods-Lint-20200722-25225-196xw43-UIModule
        export LANG=en_US.US-ASCII
        /Applications/Xcode.app/Contents/Developer/Toolchains/XcodeDefault.xctoolchain/usr/bin/clang -x objective-c -target x86_64-apple-ios11.0-simulator -fmessage-length=0 -fdiagnostics-show-note-include-stack -fmacro-backtrace-limit=0 -std=gnu11 -fobjc-arc -fmodules -gmodules -fmodules-cache-path=/Users/edz/Library/Developer/Xcode/DerivedData/ModuleCache.noindex -fmodules-prune-interval=86400 -fmodules-prune-after=345600 -fbuild-session-file=/Users/edz/Library/Developer/Xcode/DerivedData/ModuleCache.noindex/Session.modulevalidation -fmodules-validate-once-per-build-session -Wnon-modular-include-in-framework-module -Werror=non-modular-include-in-framework-module -Wno-trigraphs -fpascal-strings -Os -fno-common -Wno-missing-field-initializers -Wno-missing-prototypes -Werror=return-type -Wdocumentation -Wunreachable-code -Wno-implicit-atomic-properties -Werror=deprecated-objc-isa-usage -Wno-objc-interface-ivars -Werror=objc-root-class -Wno-arc-repeated-use-of-weak -Wimplicit-retain-self -Wduplicate-method-match -Wno-missing-braces -Wparentheses -Wswitch -Wunused-function -Wno-unused-label -Wno-unused-parameter -Wunused-variable -Wunused-value -Wempty-body -Wuninitialized -Wconditional-uninitialized -Wno-unknown-pragmas -Wno-shadow -Wno-four-char-constants -Wno-conversion -Wconstant-conversion -Wint-conversion -Wbool-conversion -Wenum-conversion -Wno-float-conversion -Wnon-literal-null-conversion -Wobjc-literal-conversion -Wshorten-64-to-32 -Wpointer-sign -Wno-newline-eof -Wno-selector -Wno-strict-selector-match -Wundeclared-selector -Wdeprecated-implementations -DCOCOAPODS=1 -DTTTFRAMEWORK=1 -DNS_BLOCK_ASSERTIONS=1 -DOBJC_OLD_DISPATCH_PROTOTYPES=0 -isysroot /Applications/Xcode.app/Contents/Developer/Platforms/iPhoneSimulator.platform/Developer/SDKs/iPhoneSimulator13.5.sdk -fasm-blocks -fstrict-aliasing -Wprotocol -Wdeprecated-declarations -g -fvisibility=hidden -Wno-sign-conversion -Winfinite-recursion -Wcomma -Wblock-capture-autoreleasing -Wstrict-prototypes -Wno-semicolon-before-method-body -Wunguarded-availability -fobjc-abi-version=2 -fobjc-legacy-dispatch -iquote /Users/edz/Library/Developer/Xcode/DerivedData/App-bytlbhqqorqzqidyjovihkqwnkia/Build/Intermediates.noindex/App.build/Release-iphonesimulator/App.build/App-generated-files.hmap -I/Users/edz/Library/Developer/Xcode/DerivedData/App-bytlbhqqorqzqidyjovihkqwnkia/Build/Intermediates.noindex/App.build/Release-iphonesimulator/App.build/App-own-target-headers.hmap -I/Users/edz/Library/Developer/Xcode/DerivedData/App-bytlbhqqorqzqidyjovihkqwnkia/Build/Intermediates.noindex/App.build/Release-iphonesimulator/App.build/App-all-non-framework-target-headers.hmap -ivfsoverlay /Users/edz/Library/Developer/Xcode/DerivedData/App-bytlbhqqorqzqidyjovihkqwnkia/Build/Intermediates.noindex/App.build/Release-iphonesimulator/App.build/all-product-headers.yaml -iquote /Users/edz/Library/Developer/Xcode/DerivedData/App-bytlbhqqorqzqidyjovihkqwnkia/Build/Intermediates.noindex/App.build/Release-iphonesimulator/App.build/App-project-headers.hmap -I/Users/edz/Library/Developer/Xcode/DerivedData/App-bytlbhqqorqzqidyjovihkqwnkia/Build/Products/Release-iphonesimulator/include -I/Users/edz/Library/Developer/Xcode/DerivedData/App-bytlbhqqorqzqidyjovihkqwnkia/Build/Products/Release-iphonesimulator/AFNetworking/AFNetworking.framework/Headers -I/Users/edz/Library/Developer/Xcode/DerivedData/App-bytlbhqqorqzqidyjovihkqwnkia/Build/Products/Release-iphonesimulator/JSONModel/JSONModel.framework/Headers -I/Users/edz/Library/Developer/Xcode/DerivedData/App-bytlbhqqorqzqidyjovihkqwnkia/Build/Products/Release-iphonesimulator/LSRFramework/LSRFramework.framework/Headers -I/Users/edz/Library/Developer/Xcode/DerivedData/App-bytlbhqqorqzqidyjovihkqwnkia/Build/Products/Release-iphonesimulator/MBProgressHUD/MBProgressHUD.framework/Headers -I/Users/edz/Library/Developer/Xcode/DerivedData/App-bytlbhqqorqzqidyjovihkqwnkia/Build/Products/Release-iphonesimulator/Masonry/Masonry.framework/Headers -I/Users/edz/Library/Developer/Xcode/DerivedData/App-bytlbhqqorqzqidyjovihkqwnkia/Build/Products/Release-iphonesimulator/SSZipArchive/SSZipArchive.framework/Headers -I/Users/edz/Library/Developer/Xcode/DerivedData/App-bytlbhqqorqzqidyjovihkqwnkia/Build/Products/Release-iphonesimulator/UIModule/UIModule.framework/Headers -I/Users/edz/Library/Developer/Xcode/DerivedData/App-bytlbhqqorqzqidyjovihkqwnkia/Build/Products/Release-iphonesimulator/XEngineSDK/XEngineSDK.framework/Headers -I/Users/edz/Library/Developer/Xcode/DerivedData/App-bytlbhqqorqzqidyjovihkqwnkia/Build/Intermediates.noindex/App.build/Release-iphonesimulator/App.build/DerivedSources-normal/x86_64 -I/Users/edz/Library/Developer/Xcode/DerivedData/App-bytlbhqqorqzqidyjovihkqwnkia/Build/Intermediates.noindex/App.build/Release-iphonesimulator/App.build/DerivedSources/x86_64 -I/Users/edz/Library/Developer/Xcode/DerivedData/App-bytlbhqqorqzqidyjovihkqwnkia/Build/Intermediates.noindex/App.build/Release-iphonesimulator/App.build/DerivedSources -F/Users/edz/Library/Developer/Xcode/DerivedData/App-bytlbhqqorqzqidyjovihkqwnkia/Build/Products/Release-iphonesimulator -F/Users/edz/Library/Developer/Xcode/DerivedData/App-bytlbhqqorqzqidyjovihkqwnkia/Build/Products/Release-iphonesimulator/AFNetworking -F/Users/edz/Library/Developer/Xcode/DerivedData/App-bytlbhqqorqzqidyjovihkqwnkia/Build/Products/Release-iphonesimulator/JSONModel -F/Users/edz/Library/Developer/Xcode/DerivedData/App-bytlbhqqorqzqidyjovihkqwnkia/Build/Products/Release-iphonesimulator/LSRFramework -F/Users/edz/Library/Developer/Xcode/DerivedData/App-bytlbhqqorqzqidyjovihkqwnkia/Build/Products/Release-iphonesimulator/MBProgressHUD -F/Users/edz/Library/Developer/Xcode/DerivedData/App-bytlbhqqorqzqidyjovihkqwnkia/Build/Products/Release-iphonesimulator/Masonry -F/Users/edz/Library/Developer/Xcode/DerivedData/App-bytlbhqqorqzqidyjovihkqwnkia/Build/Products/Release-iphonesimulator/SSZipArchive -F/Users/edz/Library/Developer/Xcode/DerivedData/App-bytlbhqqorqzqidyjovihkqwnkia/Build/Products/Release-iphonesimulator/UIModule -F/Users/edz/Library/Developer/Xcode/DerivedData/App-bytlbhqqorqzqidyjovihkqwnkia/Build/Products/Release-iphonesimulator/XEngineSDK -isystem /Users/edz/Library/Developer/Xcode/DerivedData/App-bytlbhqqorqzqidyjovihkqwnkia/Build/Products/Release-iphonesimulator/AFNetworking/AFNetworking.framework/Headers -isystem /Users/edz/Library/Developer/Xcode/DerivedData/App-bytlbhqqorqzqidyjovihkqwnkia/Build/Products/Release-iphonesimulator/JSONModel/JSONModel.framework/Headers -isystem /Users/edz/Library/Developer/Xcode/DerivedData/App-bytlbhqqorqzqidyjovihkqwnkia/Build/Products/Release-iphonesimulator/LSRFramework/LSRFramework.framework/Headers -isystem /Users/edz/Library/Developer/Xcode/DerivedData/App-bytlbhqqorqzqidyjovihkqwnkia/Build/Products/Release-iphonesimulator/MBProgressHUD/MBProgressHUD.framework/Headers -isystem /Users/edz/Library/Developer/Xcode/DerivedData/App-bytlbhqqorqzqidyjovihkqwnkia/Build/Products/Release-iphonesimulator/Masonry/Masonry.framework/Headers -isystem /Users/edz/Library/Developer/Xcode/DerivedData/App-bytlbhqqorqzqidyjovihkqwnkia/Build/Products/Release-iphonesimulator/SSZipArchive/SSZipArchive.framework/Headers -isystem /Users/edz/Library/Developer/Xcode/DerivedData/App-bytlbhqqorqzqidyjovihkqwnkia/Build/Products/Release-iphonesimulator/XEngineSDK/XEngineSDK.framework/Headers -iframework /Users/edz/Library/Developer/Xcode/DerivedData/App-bytlbhqqorqzqidyjovihkqwnkia/Build/Products/Release-iphonesimulator/AFNetworking -iframework /Users/edz/Library/Developer/Xcode/DerivedData/App-bytlbhqqorqzqidyjovihkqwnkia/Build/Products/Release-iphonesimulator/JSONModel -iframework /Users/edz/Library/Developer/Xcode/DerivedData/App-bytlbhqqorqzqidyjovihkqwnkia/Build/Products/Release-iphonesimulator/LSRFramework -iframework /Users/edz/Library/Developer/Xcode/DerivedData/App-bytlbhqqorqzqidyjovihkqwnkia/Build/Products/Release-iphonesimulator/MBProgressHUD -iframework /Users/edz/Library/Developer/Xcode/DerivedData/App-bytlbhqqorqzqidyjovihkqwnkia/Build/Products/Release-iphonesimulator/Masonry -iframework /Users/edz/Library/Developer/Xcode/DerivedData/App-bytlbhqqorqzqidyjovihkqwnkia/Build/Products/Release-iphonesimulator/SSZipArchive -iframework /Users/edz/Library/Developer/Xcode/DerivedData/App-bytlbhqqorqzqidyjovihkqwnkia/Build/Products/Release-iphonesimulator/XEngineSDK -MMD -MT dependencies -MF /Users/edz/Library/Developer/Xcode/DerivedData/App-bytlbhqqorqzqidyjovihkqwnkia/Build/Intermediates.noindex/App.build/Release-iphonesimulator/App.build/Objects-normal/x86_64/main.d --serialize-diagnostics /Users/edz/Library/Developer/Xcode/DerivedData/App-bytlbhqqorqzqidyjovihkqwnkia/Build/Intermediates.noindex/App.build/Release-iphonesimulator/App.build/Objects-normal/x86_64/main.dia -c /var/folders/4h/hxvz7hb959j4pw0pvbq686x00000gn/T/CocoaPods-Lint-20200722-25225-196xw43-UIModule/App/main.m -o /Users/edz/Library/Developer/Xcode/DerivedData/App-bytlbhqqorqzqidyjovihkqwnkia/Build/Intermediates.noindex/App.build/Release-iphonesimulator/App.build/Objects-normal/x86_64/main.o
    While building module 'UIModule' imported from /var/folders/4h/hxvz7hb959j4pw0pvbq686x00000gn/T/CocoaPods-Lint-20200722-25225-196xw43-UIModule/App/main.m:3:
    In file included from <module-includes>:1:
    In file included from /Users/edz/Library/Developer/Xcode/DerivedData/App-bytlbhqqorqzqidyjovihkqwnkia/Build/Products/Release-iphonesimulator/UIModule/UIModule.framework/Headers/UIModule-umbrella.h:13:
    /Users/edz/Library/Developer/Xcode/DerivedData/App-bytlbhqqorqzqidyjovihkqwnkia/Build/Products/Release-iphonesimulator/UIModule/UIModule.framework/Headers/__xengine__module_UIModule.h:9:9: error: include of non-modular header inside framework module 'UIModule.__xengine__module_UIModule': '/Users/edz/Library/Developer/Xcode/DerivedData/App-bytlbhqqorqzqidyjovihkqwnkia/Build/Products/Release-iphonesimulator/XEngineSDK/XEngineSDK.framework/Headers/xengine__module_BaseModule.h' [-Werror,-Wnon-modular-include-in-framework-module]
    #import "xengine__module_BaseModule.h"
            ^
    1 error generated.
    /var/folders/4h/hxvz7hb959j4pw0pvbq686x00000gn/T/CocoaPods-Lint-20200722-25225-196xw43-UIModule/App/main.m:3:9: fatal error: could not build module 'UIModule'
    @import UIModule;
     ~~~~~~~^~~~~~~~
    2 errors generated.
    
    warning: Skipping code signing because the target does not have an Info.plist file and one is not being generated automatically. (in target 'App' from project 'App')
  Testing with `xcodebuild`.
 -> UIModule (1.0.0)
    - WARN  | url: The URL (https://github.com/UIModule) is not reachable.
    - ERROR | [iOS] xcodebuild: Returned an unsuccessful exit code.
    - NOTE  | xcodebuild:  note: Using new build system
    - NOTE  | xcodebuild:  note: Building targets in parallel
    - NOTE  | [iOS] xcodebuild:  note: Planning build
    - NOTE  | [iOS] xcodebuild:  note: Constructing build description
    - NOTE  | [iOS] xcodebuild:  note: Execution policy exception registration failed and was skipped: Error Domain=NSPOSIXErrorDomain Code=1 "Operation not permitted" (in target 'SSZipArchive' from project 'Pods')
    - NOTE  | [iOS] xcodebuild:  note: Execution policy exception registration failed and was skipped: Error Domain=NSPOSIXErrorDomain Code=1 "Operation not permitted" (in target 'Masonry' from project 'Pods')
    - NOTE  | [iOS] xcodebuild:  note: Execution policy exception registration failed and was skipped: Error Domain=NSPOSIXErrorDomain Code=1 "Operation not permitted" (in target 'MBProgressHUD' from project 'Pods')
    - NOTE  | [iOS] xcodebuild:  note: Execution policy exception registration failed and was skipped: Error Domain=NSPOSIXErrorDomain Code=1 "Operation not permitted" (in target 'JSONModel' from project 'Pods')
    - NOTE  | [iOS] xcodebuild:  note: Execution policy exception registration failed and was skipped: Error Domain=NSPOSIXErrorDomain Code=1 "Operation not permitted" (in target 'AFNetworking' from project 'Pods')
    - NOTE  | [iOS] xcodebuild:  note: Execution policy exception registration failed and was skipped: Error Domain=NSPOSIXErrorDomain Code=1 "Operation not permitted" (in target 'LSRFramework' from project 'Pods')
    - NOTE  | [iOS] xcodebuild:  note: Execution policy exception registration failed and was skipped: Error Domain=NSPOSIXErrorDomain Code=1 "Operation not permitted" (in target 'XEngineSDK' from project 'Pods')
    - NOTE  | [iOS] xcodebuild:  note: Execution policy exception registration failed and was skipped: Error Domain=NSPOSIXErrorDomain Code=1 "Operation not permitted" (in target 'UIModule' from project 'Pods')
    - NOTE  | [iOS] xcodebuild:  note: Execution policy exception registration failed and was skipped: Error Domain=NSPOSIXErrorDomain Code=1 "Operation not permitted" (in target 'Pods-App' from project 'Pods')
    - ERROR | [iOS] xcodebuild:  /Users/edz/Library/Developer/Xcode/DerivedData/App-bytlbhqqorqzqidyjovihkqwnkia/Build/Products/Release-iphonesimulator/UIModule/UIModule.framework/Headers/__xengine__module_UIModule.h:9:9: error: include of non-modular header inside framework module 'UIModule.__xengine__module_UIModule': '/Users/edz/Library/Developer/Xcode/DerivedData/App-bytlbhqqorqzqidyjovihkqwnkia/Build/Products/Release-iphonesimulator/XEngineSDK/XEngineSDK.framework/Headers/xengine__module_BaseModule.h' [-Werror,-Wnon-modular-include-in-framework-module]
    - NOTE  | [iOS] xcodebuild:  /var/folders/4h/hxvz7hb959j4pw0pvbq686x00000gn/T/CocoaPods-Lint-20200722-25225-196xw43-UIModule/App/main.m:3:9: fatal error: could not build module 'UIModule'
    - NOTE  | [iOS] xcodebuild:  warning: Skipping code signing because the target does not have an Info.plist file and one is not being generated automatically. (in target 'App' from project 'App')

Pods workspace available at `/var/folders/4h/hxvz7hb959j4pw0pvbq686x00000gn/T/CocoaPods-Lint-20200722-25225-196xw43-UIModule/App.xcworkspace` for inspection.

[!] UIModule did not pass validation, due to 2 errors and 1 warning.

/Library/Ruby/Gems/2.6.0/gems/cocoapods-1.9.3/lib/cocoapods/command/lib/lint.rb:104:in `block in run'
/Library/Ruby/Gems/2.6.0/gems/cocoapods-1.9.3/lib/cocoapods/command/lib/lint.rb:69:in `each'
/Library/Ruby/Gems/2.6.0/gems/cocoapods-1.9.3/lib/cocoapods/command/lib/lint.rb:69:in `run'
/Library/Ruby/Gems/2.6.0/gems/claide-1.0.3/lib/claide/command.rb:334:in `run'
/Library/Ruby/Gems/2.6.0/gems/cocoapods-1.9.3/lib/cocoapods/command.rb:52:in `run'
/Library/Ruby/Gems/2.6.0/gems/cocoapods-1.9.3/bin/pod:55:in `<top (required)>'
/usr/local/bin/pod:23:in `load'
/usr/local/bin/pod:23:in `<main>'
